Archive member included to satisfy reference by file (symbol)

/usr/lib/gcc/arm-none-eabi/13.2.1/../../../arm-none-eabi/lib/thumb/v7e-m+dp/hard/libc_nano.a(libc_a-memcpy.o)
                              /tmp/ccGc1ODA.o (memcpy)

Discarded input sections

 .group         0x00000000        0xc /tmp/cctKPxF2.o
 .group         0x00000000        0xc /tmp/cctKPxF2.o
 .group         0x00000000        0xc /tmp/cctKPxF2.o
 .group         0x00000000        0xc /tmp/cctKPxF2.o
 .group         0x00000000        0xc /tmp/cctKPxF2.o
 .group         0x00000000        0xc /tmp/cctKPxF2.o
 .group         0x00000000        0xc /tmp/cctKPxF2.o
 .group         0x00000000        0xc /tmp/cctKPxF2.o
 .group         0x00000000        0xc /tmp/cctKPxF2.o
 .group         0x00000000        0xc /tmp/cctKPxF2.o
 .group         0x00000000        0xc /tmp/cctKPxF2.o
 .group         0x00000000        0xc /tmp/cctKPxF2.o
 .group         0x00000000        0xc /tmp/cctKPxF2.o
 .group         0x00000000        0xc /tmp/cctKPxF2.o
 .group         0x00000000        0xc /tmp/cctKPxF2.o
 .group         0x00000000        0xc /tmp/cctKPxF2.o
 .group         0x00000000        0xc /tmp/cctKPxF2.o
 .group         0x00000000        0xc /tmp/cctKPxF2.o
 .group         0x00000000        0xc /tmp/cctKPxF2.o
 .group         0x00000000        0xc /tmp/cctKPxF2.o
 .group         0x00000000        0xc /tmp/cctKPxF2.o
 .group         0x00000000        0xc /tmp/cctKPxF2.o
 .group         0x00000000        0xc /tmp/cctKPxF2.o
 .group         0x00000000        0xc /tmp/cctKPxF2.o
 .group         0x00000000        0xc /tmp/cctKPxF2.o
 .group         0x00000000        0xc /tmp/cctKPxF2.o
 .group         0x00000000        0xc /tmp/cctKPxF2.o
 .group         0x00000000        0xc /tmp/cctKPxF2.o
 .group         0x00000000        0xc /tmp/cctKPxF2.o
 .group         0x00000000        0xc /tmp/cctKPxF2.o
 .group         0x00000000        0xc /tmp/cctKPxF2.o
 .group         0x00000000        0xc /tmp/cctKPxF2.o
 .group         0x00000000        0xc /tmp/cctKPxF2.o
 .group         0x00000000        0xc /tmp/cctKPxF2.o
 .group         0x00000000        0xc /tmp/cctKPxF2.o
 .group         0x00000000        0xc /tmp/cctKPxF2.o
 .text          0x00000000        0x0 /tmp/cctKPxF2.o
 .data          0x00000000        0x0 /tmp/cctKPxF2.o
 .bss           0x00000000        0x0 /tmp/cctKPxF2.o
 .bss.flash_status
                0x00000000        0x4 /tmp/cctKPxF2.o
 .bss.temp      0x00000000       0x40 /tmp/cctKPxF2.o
 .group         0x00000000        0xc /tmp/ccwUhIsP.o
 .group         0x00000000        0xc /tmp/ccwUhIsP.o
 .text          0x00000000        0x0 /tmp/ccwUhIsP.o
 .data          0x00000000        0x0 /tmp/ccwUhIsP.o
 .bss           0x00000000        0x0 /tmp/ccwUhIsP.o
 .text.SysTick_IRQHandler
                0x00000000        0x8 /tmp/ccwUhIsP.o
 .text.FDCAN1_IT0_IRQHandler
                0x00000000        0x8 /tmp/ccwUhIsP.o
 .text.SPI4_IRQHandler
                0x00000000        0x8 /tmp/ccwUhIsP.o
 .debug_macro   0x00000000      0xade /tmp/ccwUhIsP.o
 .debug_macro   0x00000000      0x34e /tmp/ccwUhIsP.o
 .group         0x00000000        0xc /tmp/cc3SFrin.o
 .group         0x00000000        0xc /tmp/cc3SFrin.o
 .group         0x00000000        0xc /tmp/cc3SFrin.o
 .group         0x00000000        0xc /tmp/cc3SFrin.o
 .group         0x00000000        0xc /tmp/cc3SFrin.o
 .group         0x00000000        0xc /tmp/cc3SFrin.o
 .group         0x00000000        0xc /tmp/cc3SFrin.o
 .group         0x00000000        0xc /tmp/cc3SFrin.o
 .group         0x00000000        0xc /tmp/cc3SFrin.o
 .group         0x00000000        0xc /tmp/cc3SFrin.o
 .group         0x00000000        0xc /tmp/cc3SFrin.o
 .group         0x00000000        0xc /tmp/cc3SFrin.o
 .group         0x00000000        0xc /tmp/cc3SFrin.o
 .group         0x00000000        0xc /tmp/cc3SFrin.o
 .group         0x00000000        0xc /tmp/cc3SFrin.o
 .group         0x00000000        0xc /tmp/cc3SFrin.o
 .group         0x00000000        0xc /tmp/cc3SFrin.o
 .group         0x00000000        0xc /tmp/cc3SFrin.o
 .group         0x00000000        0xc /tmp/cc3SFrin.o
 .group         0x00000000        0xc /tmp/cc3SFrin.o
 .group         0x00000000        0xc /tmp/cc3SFrin.o
 .group         0x00000000        0xc /tmp/cc3SFrin.o
 .group         0x00000000        0xc /tmp/cc3SFrin.o
 .group         0x00000000        0xc /tmp/cc3SFrin.o
 .group         0x00000000        0xc /tmp/cc3SFrin.o
 .group         0x00000000        0xc /tmp/cc3SFrin.o
 .group         0x00000000        0xc /tmp/cc3SFrin.o
 .group         0x00000000        0xc /tmp/cc3SFrin.o
 .text          0x00000000        0x0 /tmp/cc3SFrin.o
 .data          0x00000000        0x0 /tmp/cc3SFrin.o
 .bss           0x00000000        0x0 /tmp/cc3SFrin.o
 .debug_macro   0x00000000      0xade /tmp/cc3SFrin.o
 .debug_macro   0x00000000       0x29 /tmp/cc3SFrin.o
 .debug_macro   0x00000000       0x22 /tmp/cc3SFrin.o
 .debug_macro   0x00000000       0x54 /tmp/cc3SFrin.o
 .debug_macro   0x00000000       0x94 /tmp/cc3SFrin.o
 .debug_macro   0x00000000       0x43 /tmp/cc3SFrin.o
 .debug_macro   0x00000000       0x16 /tmp/cc3SFrin.o
 .debug_macro   0x00000000       0x9b /tmp/cc3SFrin.o
 .debug_macro   0x00000000       0x57 /tmp/cc3SFrin.o
 .debug_macro   0x00000000      0x370 /tmp/cc3SFrin.o
 .debug_macro   0x00000000       0x16 /tmp/cc3SFrin.o
 .debug_macro   0x00000000       0x4a /tmp/cc3SFrin.o
 .debug_macro   0x00000000       0x34 /tmp/cc3SFrin.o
 .debug_macro   0x00000000       0x10 /tmp/cc3SFrin.o
 .debug_macro   0x00000000       0x52 /tmp/cc3SFrin.o
 .debug_macro   0x00000000       0x8e /tmp/cc3SFrin.o
 .debug_macro   0x00000000       0x1c /tmp/cc3SFrin.o
 .debug_macro   0x00000000      0x177 /tmp/cc3SFrin.o
 .debug_macro   0x00000000       0x16 /tmp/cc3SFrin.o
 .debug_macro   0x00000000       0x29 /tmp/cc3SFrin.o
 .debug_macro   0x00000000      0x103 /tmp/cc3SFrin.o
 .debug_macro   0x00000000      0x34e /tmp/cc3SFrin.o
 .debug_macro   0x00000000       0x3c /tmp/cc3SFrin.o
 .debug_macro   0x00000000       0x22 /tmp/cc3SFrin.o
 .debug_macro   0x00000000      0x151 /tmp/cc3SFrin.o
 .group         0x00000000        0xc /tmp/ccaCmFcf.o
 .group         0x00000000        0xc /tmp/ccaCmFcf.o
 .group         0x00000000        0xc /tmp/ccaCmFcf.o
 .group         0x00000000        0xc /tmp/ccaCmFcf.o
 .group         0x00000000        0xc /tmp/ccaCmFcf.o
 .group         0x00000000        0xc /tmp/ccaCmFcf.o
 .group         0x00000000        0xc /tmp/ccaCmFcf.o
 .group         0x00000000        0xc /tmp/ccaCmFcf.o
 .group         0x00000000        0xc /tmp/ccaCmFcf.o
 .group         0x00000000        0xc /tmp/ccaCmFcf.o
 .group         0x00000000        0xc /tmp/ccaCmFcf.o
 .group         0x00000000        0xc /tmp/ccaCmFcf.o
 .group         0x00000000        0xc /tmp/ccaCmFcf.o
 .group         0x00000000        0xc /tmp/ccaCmFcf.o
 .group         0x00000000        0xc /tmp/ccaCmFcf.o
 .group         0x00000000        0xc /tmp/ccaCmFcf.o
 .group         0x00000000        0xc /tmp/ccaCmFcf.o
 .group         0x00000000        0xc /tmp/ccaCmFcf.o
 .group         0x00000000        0xc /tmp/ccaCmFcf.o
 .group         0x00000000        0xc /tmp/ccaCmFcf.o
 .group         0x00000000        0xc /tmp/ccaCmFcf.o
 .group         0x00000000        0xc /tmp/ccaCmFcf.o
 .group         0x00000000        0xc /tmp/ccaCmFcf.o
 .group         0x00000000        0xc /tmp/ccaCmFcf.o
 .group         0x00000000        0xc /tmp/ccaCmFcf.o
 .group         0x00000000        0xc /tmp/ccaCmFcf.o
 .group         0x00000000        0xc /tmp/ccaCmFcf.o
 .group         0x00000000        0xc /tmp/ccaCmFcf.o
 .group         0x00000000        0xc /tmp/ccaCmFcf.o
 .group         0x00000000        0xc /tmp/ccaCmFcf.o
 .text          0x00000000        0x0 /tmp/ccaCmFcf.o
 .data          0x00000000        0x0 /tmp/ccaCmFcf.o
 .bss           0x00000000        0x0 /tmp/ccaCmFcf.o
 .data.chargevoltage
                0x00000000        0x2 /tmp/ccaCmFcf.o
 .data.chargecurrent
                0x00000000        0x2 /tmp/ccaCmFcf.o
 .data.disvoltage
                0x00000000        0x2 /tmp/ccaCmFcf.o
 .data.discurrent
                0x00000000        0x2 /tmp/ccaCmFcf.o
 .bss.mes       0x00000000        0x8 /tmp/ccaCmFcf.o
 .data.bmsname  0x00000000        0x8 /tmp/ccaCmFcf.o
 .data.bmsmanu  0x00000000        0x8 /tmp/ccaCmFcf.o
 .data.SOC      0x00000000        0x4 /tmp/ccaCmFcf.o
 .data.PackVoltage
                0x00000000        0x8 /tmp/ccaCmFcf.o
 .data.AvgTemperature
                0x00000000        0x4 /tmp/ccaCmFcf.o
 .bss.currentact
                0x00000000        0x2 /tmp/ccaCmFcf.o
 .debug_macro   0x00000000      0xade /tmp/ccaCmFcf.o
 .debug_macro   0x00000000       0x22 /tmp/ccaCmFcf.o
 .debug_macro   0x00000000       0x54 /tmp/ccaCmFcf.o
 .debug_macro   0x00000000       0x29 /tmp/ccaCmFcf.o
 .debug_macro   0x00000000       0x94 /tmp/ccaCmFcf.o
 .debug_macro   0x00000000       0x43 /tmp/ccaCmFcf.o
 .debug_macro   0x00000000      0x103 /tmp/ccaCmFcf.o
 .debug_macro   0x00000000       0x3a /tmp/ccaCmFcf.o
 .debug_macro   0x00000000      0x34e /tmp/ccaCmFcf.o
 .debug_macro   0x00000000       0x89 /tmp/ccaCmFcf.o
 .debug_macro   0x00000000      0x379 /tmp/ccaCmFcf.o
 .debug_macro   0x00000000       0x16 /tmp/ccaCmFcf.o
 .debug_macro   0x00000000       0xa5 /tmp/ccaCmFcf.o
 .debug_macro   0x00000000       0x9b /tmp/ccaCmFcf.o
 .debug_macro   0x00000000       0x57 /tmp/ccaCmFcf.o
 .debug_macro   0x00000000      0x370 /tmp/ccaCmFcf.o
 .debug_macro   0x00000000       0x16 /tmp/ccaCmFcf.o
 .debug_macro   0x00000000       0x4a /tmp/ccaCmFcf.o
 .debug_macro   0x00000000       0x34 /tmp/ccaCmFcf.o
 .debug_macro   0x00000000       0x10 /tmp/ccaCmFcf.o
 .debug_macro   0x00000000       0x52 /tmp/ccaCmFcf.o
 .debug_macro   0x00000000       0x8e /tmp/ccaCmFcf.o
 .debug_macro   0x00000000       0x1c /tmp/ccaCmFcf.o
 .debug_macro   0x00000000      0x177 /tmp/ccaCmFcf.o
 .debug_macro   0x00000000       0x16 /tmp/ccaCmFcf.o
 .debug_macro   0x00000000       0x29 /tmp/ccaCmFcf.o
 .debug_macro   0x00000000       0x22 /tmp/ccaCmFcf.o
 .debug_macro   0x00000000       0x16 /tmp/ccaCmFcf.o
 .debug_macro   0x00000000       0x3c /tmp/ccaCmFcf.o
 .debug_macro   0x00000000      0x151 /tmp/ccaCmFcf.o
 .group         0x00000000        0xc /tmp/ccGc1ODA.o
 .group         0x00000000        0xc /tmp/ccGc1ODA.o
 .group         0x00000000        0xc /tmp/ccGc1ODA.o
 .group         0x00000000        0xc /tmp/ccGc1ODA.o
 .group         0x00000000        0xc /tmp/ccGc1ODA.o
 .group         0x00000000        0xc /tmp/ccGc1ODA.o
 .group         0x00000000        0xc /tmp/ccGc1ODA.o
 .group         0x00000000        0xc /tmp/ccGc1ODA.o
 .group         0x00000000        0xc /tmp/ccGc1ODA.o
 .group         0x00000000        0xc /tmp/ccGc1ODA.o
 .group         0x00000000        0xc /tmp/ccGc1ODA.o
 .group         0x00000000        0xc /tmp/ccGc1ODA.o
 .group         0x00000000        0xc /tmp/ccGc1ODA.o
 .group         0x00000000        0xc /tmp/ccGc1ODA.o
 .group         0x00000000        0xc /tmp/ccGc1ODA.o
 .group         0x00000000        0xc /tmp/ccGc1ODA.o
 .group         0x00000000        0xc /tmp/ccGc1ODA.o
 .group         0x00000000        0xc /tmp/ccGc1ODA.o
 .group         0x00000000        0xc /tmp/ccGc1ODA.o
 .group         0x00000000        0xc /tmp/ccGc1ODA.o
 .group         0x00000000        0xc /tmp/ccGc1ODA.o
 .group         0x00000000        0xc /tmp/ccGc1ODA.o
 .group         0x00000000        0xc /tmp/ccGc1ODA.o
 .group         0x00000000        0xc /tmp/ccGc1ODA.o
 .group         0x00000000        0xc /tmp/ccGc1ODA.o
 .group         0x00000000        0xc /tmp/ccGc1ODA.o
 .group         0x00000000        0xc /tmp/ccGc1ODA.o
 .group         0x00000000        0xc /tmp/ccGc1ODA.o
 .group         0x00000000        0xc /tmp/ccGc1ODA.o
 .text          0x00000000        0x0 /tmp/ccGc1ODA.o
 .data          0x00000000        0x0 /tmp/ccGc1ODA.o
 .bss           0x00000000        0x0 /tmp/ccGc1ODA.o
 .debug_macro   0x00000000      0xade /tmp/ccGc1ODA.o
 .debug_macro   0x00000000       0x29 /tmp/ccGc1ODA.o
 .debug_macro   0x00000000       0x22 /tmp/ccGc1ODA.o
 .debug_macro   0x00000000       0x54 /tmp/ccGc1ODA.o
 .debug_macro   0x00000000       0x94 /tmp/ccGc1ODA.o
 .debug_macro   0x00000000       0x43 /tmp/ccGc1ODA.o
 .debug_macro   0x00000000       0x34 /tmp/ccGc1ODA.o
 .debug_macro   0x00000000       0x16 /tmp/ccGc1ODA.o
 .debug_macro   0x00000000      0x11c /tmp/ccGc1ODA.o
 .debug_macro   0x00000000       0x9b /tmp/ccGc1ODA.o
 .debug_macro   0x00000000       0x57 /tmp/ccGc1ODA.o
 .debug_macro   0x00000000      0x370 /tmp/ccGc1ODA.o
 .debug_macro   0x00000000       0x16 /tmp/ccGc1ODA.o
 .debug_macro   0x00000000       0x4a /tmp/ccGc1ODA.o
 .debug_macro   0x00000000       0x34 /tmp/ccGc1ODA.o
 .debug_macro   0x00000000       0x10 /tmp/ccGc1ODA.o
 .debug_macro   0x00000000       0x52 /tmp/ccGc1ODA.o
 .debug_macro   0x00000000       0x8e /tmp/ccGc1ODA.o
 .debug_macro   0x00000000       0x1c /tmp/ccGc1ODA.o
 .debug_macro   0x00000000      0x177 /tmp/ccGc1ODA.o
 .debug_macro   0x00000000       0x16 /tmp/ccGc1ODA.o
 .debug_macro   0x00000000       0x29 /tmp/ccGc1ODA.o
 .debug_macro   0x00000000      0x103 /tmp/ccGc1ODA.o
 .debug_macro   0x00000000      0x34e /tmp/ccGc1ODA.o
 .debug_macro   0x00000000       0x3c /tmp/ccGc1ODA.o
 .debug_macro   0x00000000      0x379 /tmp/ccGc1ODA.o
 .debug_macro   0x00000000       0x22 /tmp/ccGc1ODA.o
 .debug_macro   0x00000000       0x16 /tmp/ccGc1ODA.o
 .debug_macro   0x00000000      0x151 /tmp/ccGc1ODA.o
 .group         0x00000000        0xc /tmp/ccS5xLvN.o
 .group         0x00000000        0xc /tmp/ccS5xLvN.o
 .group         0x00000000        0xc /tmp/ccS5xLvN.o
 .group         0x00000000        0xc /tmp/ccS5xLvN.o
 .group         0x00000000        0xc /tmp/ccS5xLvN.o
 .group         0x00000000        0xc /tmp/ccS5xLvN.o
 .group         0x00000000        0xc /tmp/ccS5xLvN.o
 .group         0x00000000        0xc /tmp/ccS5xLvN.o
 .group         0x00000000        0xc /tmp/ccS5xLvN.o
 .group         0x00000000        0xc /tmp/ccS5xLvN.o
 .group         0x00000000        0xc /tmp/ccS5xLvN.o
 .group         0x00000000        0xc /tmp/ccS5xLvN.o
 .group         0x00000000        0xc /tmp/ccS5xLvN.o
 .group         0x00000000        0xc /tmp/ccS5xLvN.o
 .group         0x00000000        0xc /tmp/ccS5xLvN.o
 .group         0x00000000        0xc /tmp/ccS5xLvN.o
 .group         0x00000000        0xc /tmp/ccS5xLvN.o
 .group         0x00000000        0xc /tmp/ccS5xLvN.o
 .group         0x00000000        0xc /tmp/ccS5xLvN.o
 .group         0x00000000        0xc /tmp/ccS5xLvN.o
 .group         0x00000000        0xc /tmp/ccS5xLvN.o
 .group         0x00000000        0xc /tmp/ccS5xLvN.o
 .group         0x00000000        0xc /tmp/ccS5xLvN.o
 .group         0x00000000        0xc /tmp/ccS5xLvN.o
 .group         0x00000000        0xc /tmp/ccS5xLvN.o
 .group         0x00000000        0xc /tmp/ccS5xLvN.o
 .group         0x00000000        0xc /tmp/ccS5xLvN.o
 .group         0x00000000        0xc /tmp/ccS5xLvN.o
 .text          0x00000000        0x0 /tmp/ccS5xLvN.o
 .data          0x00000000        0x0 /tmp/ccS5xLvN.o
 .bss           0x00000000        0x0 /tmp/ccS5xLvN.o
 .debug_macro   0x00000000      0xade /tmp/ccS5xLvN.o
 .debug_macro   0x00000000       0x22 /tmp/ccS5xLvN.o
 .debug_macro   0x00000000       0x54 /tmp/ccS5xLvN.o
 .debug_macro   0x00000000       0x29 /tmp/ccS5xLvN.o
 .debug_macro   0x00000000       0x94 /tmp/ccS5xLvN.o
 .debug_macro   0x00000000       0x43 /tmp/ccS5xLvN.o
 .debug_macro   0x00000000      0x103 /tmp/ccS5xLvN.o
 .debug_macro   0x00000000       0x3a /tmp/ccS5xLvN.o
 .debug_macro   0x00000000      0x34e /tmp/ccS5xLvN.o
 .debug_macro   0x00000000       0x89 /tmp/ccS5xLvN.o
 .debug_macro   0x00000000      0x379 /tmp/ccS5xLvN.o
 .debug_macro   0x00000000       0x1c /tmp/ccS5xLvN.o
 .debug_macro   0x00000000       0x57 /tmp/ccS5xLvN.o
 .debug_macro   0x00000000      0x370 /tmp/ccS5xLvN.o
 .debug_macro   0x00000000       0x9b /tmp/ccS5xLvN.o
 .debug_macro   0x00000000       0x10 /tmp/ccS5xLvN.o
 .debug_macro   0x00000000       0x16 /tmp/ccS5xLvN.o
 .debug_macro   0x00000000       0x4a /tmp/ccS5xLvN.o
 .debug_macro   0x00000000       0x34 /tmp/ccS5xLvN.o
 .debug_macro   0x00000000       0x10 /tmp/ccS5xLvN.o
 .debug_macro   0x00000000       0x52 /tmp/ccS5xLvN.o
 .debug_macro   0x00000000       0x8e /tmp/ccS5xLvN.o
 .debug_macro   0x00000000       0x1c /tmp/ccS5xLvN.o
 .debug_macro   0x00000000      0x177 /tmp/ccS5xLvN.o
 .debug_macro   0x00000000       0x16 /tmp/ccS5xLvN.o
 .debug_macro   0x00000000      0x146 /tmp/ccS5xLvN.o
 .group         0x00000000        0xc /tmp/ccUgyIbr.o
 .group         0x00000000        0xc /tmp/ccUgyIbr.o
 .group         0x00000000        0xc /tmp/ccUgyIbr.o
 .group         0x00000000        0xc /tmp/ccUgyIbr.o
 .group         0x00000000        0xc /tmp/ccUgyIbr.o
 .group         0x00000000        0xc /tmp/ccUgyIbr.o
 .group         0x00000000        0xc /tmp/ccUgyIbr.o
 .group         0x00000000        0xc /tmp/ccUgyIbr.o
 .group         0x00000000        0xc /tmp/ccUgyIbr.o
 .group         0x00000000        0xc /tmp/ccUgyIbr.o
 .group         0x00000000        0xc /tmp/ccUgyIbr.o
 .text          0x00000000        0x0 /tmp/ccUgyIbr.o
 .data          0x00000000        0x0 /tmp/ccUgyIbr.o
 .bss           0x00000000        0x0 /tmp/ccUgyIbr.o
 .text.lenghtofarray
                0x00000000       0x2e /tmp/ccUgyIbr.o
 .text.int2char
                0x00000000       0xb8 /tmp/ccUgyIbr.o
 .debug_info    0x00000000      0x115 /tmp/ccUgyIbr.o
 .debug_abbrev  0x00000000       0xc4 /tmp/ccUgyIbr.o
 .debug_aranges
                0x00000000       0x28 /tmp/ccUgyIbr.o
 .debug_rnglists
                0x00000000       0x1a /tmp/ccUgyIbr.o
 .debug_macro   0x00000000       0x97 /tmp/ccUgyIbr.o
 .debug_macro   0x00000000      0xade /tmp/ccUgyIbr.o
 .debug_macro   0x00000000       0x22 /tmp/ccUgyIbr.o
 .debug_macro   0x00000000       0x54 /tmp/ccUgyIbr.o
 .debug_macro   0x00000000       0x29 /tmp/ccUgyIbr.o
 .debug_macro   0x00000000       0x94 /tmp/ccUgyIbr.o
 .debug_macro   0x00000000       0x43 /tmp/ccUgyIbr.o
 .debug_macro   0x00000000      0x103 /tmp/ccUgyIbr.o
 .debug_macro   0x00000000       0x3a /tmp/ccUgyIbr.o
 .debug_macro   0x00000000      0x34e /tmp/ccUgyIbr.o
 .debug_macro   0x00000000       0x89 /tmp/ccUgyIbr.o
 .debug_macro   0x00000000      0x379 /tmp/ccUgyIbr.o
 .debug_line    0x00000000      0x202 /tmp/ccUgyIbr.o
 .debug_str     0x00000000     0x4e44 /tmp/ccUgyIbr.o
 .comment       0x00000000       0x27 /tmp/ccUgyIbr.o
 .debug_frame   0x00000000       0x60 /tmp/ccUgyIbr.o
 .ARM.attributes
                0x00000000       0x32 /tmp/ccUgyIbr.o
 .group         0x00000000        0xc /tmp/ccRpZ4Hz.o
 .group         0x00000000        0xc /tmp/ccRpZ4Hz.o
 .group         0x00000000        0xc /tmp/ccRpZ4Hz.o
 .group         0x00000000        0xc /tmp/ccRpZ4Hz.o
 .group         0x00000000        0xc /tmp/ccRpZ4Hz.o
 .group         0x00000000        0xc /tmp/ccRpZ4Hz.o
 .group         0x00000000        0xc /tmp/ccRpZ4Hz.o
 .group         0x00000000        0xc /tmp/ccRpZ4Hz.o
 .group         0x00000000        0xc /tmp/ccRpZ4Hz.o
 .group         0x00000000        0xc /tmp/ccRpZ4Hz.o
 .group         0x00000000        0xc /tmp/ccRpZ4Hz.o
 .group         0x00000000        0xc /tmp/ccRpZ4Hz.o
 .group         0x00000000        0xc /tmp/ccRpZ4Hz.o
 .group         0x00000000        0xc /tmp/ccRpZ4Hz.o
 .group         0x00000000        0xc /tmp/ccRpZ4Hz.o
 .group         0x00000000        0xc /tmp/ccRpZ4Hz.o
 .group         0x00000000        0xc /tmp/ccRpZ4Hz.o
 .group         0x00000000        0xc /tmp/ccRpZ4Hz.o
 .group         0x00000000        0xc /tmp/ccRpZ4Hz.o
 .group         0x00000000        0xc /tmp/ccRpZ4Hz.o
 .group         0x00000000        0xc /tmp/ccRpZ4Hz.o
 .group         0x00000000        0xc /tmp/ccRpZ4Hz.o
 .group         0x00000000        0xc /tmp/ccRpZ4Hz.o
 .group         0x00000000        0xc /tmp/ccRpZ4Hz.o
 .group         0x00000000        0xc /tmp/ccRpZ4Hz.o
 .group         0x00000000        0xc /tmp/ccRpZ4Hz.o
 .group         0x00000000        0xc /tmp/ccRpZ4Hz.o
 .group         0x00000000        0xc /tmp/ccRpZ4Hz.o
 .group         0x00000000        0xc /tmp/ccRpZ4Hz.o
 .text          0x00000000        0x0 /tmp/ccRpZ4Hz.o
 .data          0x00000000        0x0 /tmp/ccRpZ4Hz.o
 .bss           0x00000000        0x0 /tmp/ccRpZ4Hz.o
 .debug_macro   0x00000000      0xade /tmp/ccRpZ4Hz.o
 .debug_macro   0x00000000       0x22 /tmp/ccRpZ4Hz.o
 .debug_macro   0x00000000       0x54 /tmp/ccRpZ4Hz.o
 .debug_macro   0x00000000       0x29 /tmp/ccRpZ4Hz.o
 .debug_macro   0x00000000       0x94 /tmp/ccRpZ4Hz.o
 .debug_macro   0x00000000       0x43 /tmp/ccRpZ4Hz.o
 .debug_macro   0x00000000      0x103 /tmp/ccRpZ4Hz.o
 .debug_macro   0x00000000       0x3a /tmp/ccRpZ4Hz.o
 .debug_macro   0x00000000      0x34e /tmp/ccRpZ4Hz.o
 .debug_macro   0x00000000       0x89 /tmp/ccRpZ4Hz.o
 .debug_macro   0x00000000      0x379 /tmp/ccRpZ4Hz.o
 .debug_macro   0x00000000       0x22 /tmp/ccRpZ4Hz.o
 .debug_macro   0x00000000       0x16 /tmp/ccRpZ4Hz.o
 .debug_macro   0x00000000       0xa5 /tmp/ccRpZ4Hz.o
 .debug_macro   0x00000000       0x9b /tmp/ccRpZ4Hz.o
 .debug_macro   0x00000000       0x57 /tmp/ccRpZ4Hz.o
 .debug_macro   0x00000000      0x370 /tmp/ccRpZ4Hz.o
 .debug_macro   0x00000000       0x16 /tmp/ccRpZ4Hz.o
 .debug_macro   0x00000000       0x4a /tmp/ccRpZ4Hz.o
 .debug_macro   0x00000000       0x34 /tmp/ccRpZ4Hz.o
 .debug_macro   0x00000000       0x10 /tmp/ccRpZ4Hz.o
 .debug_macro   0x00000000       0x52 /tmp/ccRpZ4Hz.o
 .debug_macro   0x00000000       0x8e /tmp/ccRpZ4Hz.o
 .debug_macro   0x00000000       0x1c /tmp/ccRpZ4Hz.o
 .debug_macro   0x00000000      0x177 /tmp/ccRpZ4Hz.o
 .debug_macro   0x00000000       0x16 /tmp/ccRpZ4Hz.o
 .debug_macro   0x00000000       0x29 /tmp/ccRpZ4Hz.o
 .debug_macro   0x00000000      0x151 /tmp/ccRpZ4Hz.o
 .data          0x00000000        0x0 /usr/lib/gcc/arm-none-eabi/13.2.1/../../../arm-none-eabi/lib/thumb/v7e-m+dp/hard/libc_nano.a(libc_a-memcpy.o)
 .bss           0x00000000        0x0 /usr/lib/gcc/arm-none-eabi/13.2.1/../../../arm-none-eabi/lib/thumb/v7e-m+dp/hard/libc_nano.a(libc_a-memcpy.o)
 .ARM.extab     0x00000000        0x0 /usr/lib/gcc/arm-none-eabi/13.2.1/../../../arm-none-eabi/lib/thumb/v7e-m+dp/hard/libc_nano.a(libc_a-memcpy.o)
 .eh_frame      0x00000000       0x2c /usr/lib/gcc/arm-none-eabi/13.2.1/../../../arm-none-eabi/lib/thumb/v7e-m+dp/hard/libc_nano.a(libc_a-memcpy.o)

Memory Configuration

Name             Origin             Length             Attributes
flash            0x08000000         0x00100000         xr
dtcm             0x20000000         0x00020000         xrw
axi_sram         0x24000000         0x00060000         xrw
sram1            0x30000000         0x00008000         xrw
sram2            0x30020000         0x00004000         xrw
sram4            0x38000000         0x00010000         xrw
itcm             0x00000000         0x00010000         xrw
backup           0x38800000         0x00001000         xrw
*default*        0x00000000         0xffffffff

Linker script and memory map

LOAD /tmp/cctKPxF2.o
LOAD /tmp/ccwUhIsP.o
LOAD /tmp/cc3SFrin.o
LOAD /tmp/ccaCmFcf.o
LOAD /tmp/ccGc1ODA.o
LOAD /tmp/ccS5xLvN.o
LOAD /tmp/ccUgyIbr.o
LOAD /tmp/ccRpZ4Hz.o
LOAD /usr/lib/gcc/arm-none-eabi/13.2.1/../../../arm-none-eabi/lib/thumb/v7e-m+dp/hard/libc_nano.a
LOAD /usr/lib/gcc/arm-none-eabi/13.2.1/thumb/v7e-m+dp/hard/libgcc.a
                0x20020000                        _estack = (ORIGIN (dtcm) + LENGTH (dtcm))

.vectors        0x08000000      0x298
 *(.vectors)
 .vectors       0x08000000      0x298 /tmp/ccwUhIsP.o
                0x08000000                tab

.text           0x08000298     0x2aa8
 *(.text*)
 .text.clock_init
                0x08000298      0x12c /tmp/cctKPxF2.o
                0x08000298                clock_init
 .text.systick_init
                0x080003c4       0x34 /tmp/cctKPxF2.o
 .text.gpio_init_PC0
                0x080003f8       0x54 /tmp/cctKPxF2.o
                0x080003f8                gpio_init_PC0
 .text.enable_fpu
                0x0800044c       0x28 /tmp/cctKPxF2.o
                0x0800044c                enable_fpu
 .text.main     0x08000474      0x31c /tmp/cctKPxF2.o
                0x08000474                main
 .text.SysTick_IRQHandler
                0x08000790       0x44 /tmp/cctKPxF2.o
                0x08000790                SysTick_IRQHandler
 .text.FDCAN1_IT0_IRQHandler
                0x080007d4      0x290 /tmp/cctKPxF2.o
                0x080007d4                FDCAN1_IT0_IRQHandler
 .text._reset   0x08000a64       0x44 /tmp/ccwUhIsP.o
                0x08000a64                _reset
 .text.NMI_Handler
                0x08000aa8        0x8 /tmp/ccwUhIsP.o
                0x08000aa8                NMI_Handler
 .text.HardFault_Handler
                0x08000ab0        0x8 /tmp/ccwUhIsP.o
                0x08000ab0                HardFault_Handler
 .text.MemManage_Handler
                0x08000ab8        0x8 /tmp/ccwUhIsP.o
                0x08000ab8                MemManage_Handler
 .text.BusFault_Handler
                0x08000ac0        0x8 /tmp/ccwUhIsP.o
                0x08000ac0                BusFault_Handler
 .text.UsageFault_Handler
                0x08000ac8        0x8 /tmp/ccwUhIsP.o
                0x08000ac8                UsageFault_Handler
 .text.SVCall_Handler
                0x08000ad0        0x8 /tmp/ccwUhIsP.o
                0x08000ad0                SVCall_Handler
 .text.DebugMon_Handler
                0x08000ad8        0x8 /tmp/ccwUhIsP.o
                0x08000ad8                DebugMon_Handler
 .text.PendSV_Handler
                0x08000ae0        0x8 /tmp/ccwUhIsP.o
                0x08000ae0                PendSV_Handler
 .text.WWDG1_IRQHandler
                0x08000ae8        0x8 /tmp/ccwUhIsP.o
                0x08000ae8                WWDG1_IRQHandler
 .text.PVD_PVM_IRQHandler
                0x08000af0        0x8 /tmp/ccwUhIsP.o
                0x08000af0                PVD_PVM_IRQHandler
 .text.RTC_TAMP_STAMP_CSS_LSE_IRQHandler
                0x08000af8        0x8 /tmp/ccwUhIsP.o
                0x08000af8                RTC_TAMP_STAMP_CSS_LSE_IRQHandler
 .text.RTC_WKUP_IRQHandler
                0x08000b00        0x8 /tmp/ccwUhIsP.o
                0x08000b00                RTC_WKUP_IRQHandler
 .text.FLASH_IRQHandler
                0x08000b08        0x8 /tmp/ccwUhIsP.o
                0x08000b08                FLASH_IRQHandler
 .text.RCC_IRQHandler
                0x08000b10        0x8 /tmp/ccwUhIsP.o
                0x08000b10                RCC_IRQHandler
 .text.EXTI0_IRQHandler
                0x08000b18        0x8 /tmp/ccwUhIsP.o
                0x08000b18                EXTI0_IRQHandler
 .text.EXTI1_IRQHandler
                0x08000b20        0x8 /tmp/ccwUhIsP.o
                0x08000b20                EXTI1_IRQHandler
 .text.EXTI2_IRQHandler
                0x08000b28        0x8 /tmp/ccwUhIsP.o
                0x08000b28                EXTI2_IRQHandler
 .text.EXTI3_IRQHandler
                0x08000b30        0x8 /tmp/ccwUhIsP.o
                0x08000b30                EXTI3_IRQHandler
 .text.EXTI4_IRQHandler
                0x08000b38        0x8 /tmp/ccwUhIsP.o
                0x08000b38                EXTI4_IRQHandler
 .text.DMA_STR0_IRQHandler
                0x08000b40        0x8 /tmp/ccwUhIsP.o
                0x08000b40                DMA_STR0_IRQHandler
 .text.DMA_STR1_IRQHandler
                0x08000b48        0x8 /tmp/ccwUhIsP.o
                0x08000b48                DMA_STR1_IRQHandler
 .text.DMA_STR2_IRQHandler
                0x08000b50        0x8 /tmp/ccwUhIsP.o
                0x08000b50                DMA_STR2_IRQHandler
 .text.DMA_STR3_IRQHandler
                0x08000b58        0x8 /tmp/ccwUhIsP.o
                0x08000b58                DMA_STR3_IRQHandler
 .text.DMA_STR4_IRQHandler
                0x08000b60        0x8 /tmp/ccwUhIsP.o
                0x08000b60                DMA_STR4_IRQHandler
 .text.DMA_STR5_IRQHandler
                0x08000b68        0x8 /tmp/ccwUhIsP.o
                0x08000b68                DMA_STR5_IRQHandler
 .text.DMA_STR6_IRQHandler
                0x08000b70        0x8 /tmp/ccwUhIsP.o
                0x08000b70                DMA_STR6_IRQHandler
 .text.ADC1_2_IRQHandler
                0x08000b78        0x8 /tmp/ccwUhIsP.o
                0x08000b78                ADC1_2_IRQHandler
 .text.FDCAN2_IT0_IRQHandler
                0x08000b80        0x8 /tmp/ccwUhIsP.o
                0x08000b80                FDCAN2_IT0_IRQHandler
 .text.FDCAN1_IT1_IRQHandler
                0x08000b88        0x8 /tmp/ccwUhIsP.o
                0x08000b88                FDCAN1_IT1_IRQHandler
 .text.FDCAN2_IT1_IRQHandler
                0x08000b90        0x8 /tmp/ccwUhIsP.o
                0x08000b90                FDCAN2_IT1_IRQHandler
 .text.EXTI9_5_IRQHandler
                0x08000b98        0x8 /tmp/ccwUhIsP.o
                0x08000b98                EXTI9_5_IRQHandler
 .text.TIM1_BRK_IRQHandler
                0x08000ba0        0x8 /tmp/ccwUhIsP.o
                0x08000ba0                TIM1_BRK_IRQHandler
 .text.TIM1_UP_IRQHandler
                0x08000ba8        0x8 /tmp/ccwUhIsP.o
                0x08000ba8                TIM1_UP_IRQHandler
 .text.TIM1_TRG_COM_IRQHandler
                0x08000bb0        0x8 /tmp/ccwUhIsP.o
                0x08000bb0                TIM1_TRG_COM_IRQHandler
 .text.TIM_CC_IRQHandler
                0x08000bb8        0x8 /tmp/ccwUhIsP.o
                0x08000bb8                TIM_CC_IRQHandler
 .text.TIM2_IRQHandler
                0x08000bc0        0x8 /tmp/ccwUhIsP.o
                0x08000bc0                TIM2_IRQHandler
 .text.TIM3_IRQHandler
                0x08000bc8        0x8 /tmp/ccwUhIsP.o
                0x08000bc8                TIM3_IRQHandler
 .text.TIM4_IRQHandler
                0x08000bd0        0x8 /tmp/ccwUhIsP.o
                0x08000bd0                TIM4_IRQHandler
 .text.I2C1_EV_IRQHandler
                0x08000bd8        0x8 /tmp/ccwUhIsP.o
                0x08000bd8                I2C1_EV_IRQHandler
 .text.I2C1_ER_IRQHandler
                0x08000be0        0x8 /tmp/ccwUhIsP.o
                0x08000be0                I2C1_ER_IRQHandler
 .text.I2C2_EV_IRQHandler
                0x08000be8        0x8 /tmp/ccwUhIsP.o
                0x08000be8                I2C2_EV_IRQHandler
 .text.I2C2_ER_IRQHandler
                0x08000bf0        0x8 /tmp/ccwUhIsP.o
                0x08000bf0                I2C2_ER_IRQHandler
 .text.SPI1_IRQHandler
                0x08000bf8        0x8 /tmp/ccwUhIsP.o
                0x08000bf8                SPI1_IRQHandler
 .text.SPI2_IRQHandler
                0x08000c00        0x8 /tmp/ccwUhIsP.o
                0x08000c00                SPI2_IRQHandler
 .text.USART1_IRQHandler
                0x08000c08        0x8 /tmp/ccwUhIsP.o
                0x08000c08                USART1_IRQHandler
 .text.USART2_IRQHandler
                0x08000c10        0x8 /tmp/ccwUhIsP.o
                0x08000c10                USART2_IRQHandler
 .text.USART3_IRQHandler
                0x08000c18        0x8 /tmp/ccwUhIsP.o
                0x08000c18                USART3_IRQHandler
 .text.EXTI15_10_IRQHandler
                0x08000c20        0x8 /tmp/ccwUhIsP.o
                0x08000c20                EXTI15_10_IRQHandler
 .text.RTC_ALARM_IRQHandler
                0x08000c28        0x8 /tmp/ccwUhIsP.o
                0x08000c28                RTC_ALARM_IRQHandler
 .text.TIM8_BRK_TIM12_IRQHandler
                0x08000c30        0x8 /tmp/ccwUhIsP.o
                0x08000c30                TIM8_BRK_TIM12_IRQHandler
 .text.TIM8_UP_TIM13_IRQHandler
                0x08000c38        0x8 /tmp/ccwUhIsP.o
                0x08000c38                TIM8_UP_TIM13_IRQHandler
 .text.TIM8_TRG_COM_TIM14_IRQHandler
                0x08000c40        0x8 /tmp/ccwUhIsP.o
                0x08000c40                TIM8_TRG_COM_TIM14_IRQHandler
 .text.TIM8_CC_IRQHandler
                0x08000c48        0x8 /tmp/ccwUhIsP.o
                0x08000c48                TIM8_CC_IRQHandler
 .text.DMA1_STR7_IRQHandler
                0x08000c50        0x8 /tmp/ccwUhIsP.o
                0x08000c50                DMA1_STR7_IRQHandler
 .text.FMC_IRQHandler
                0x08000c58        0x8 /tmp/ccwUhIsP.o
                0x08000c58                FMC_IRQHandler
 .text.SDMMC1_IRQHandler
                0x08000c60        0x8 /tmp/ccwUhIsP.o
                0x08000c60                SDMMC1_IRQHandler
 .text.TIM5_IRQHandler
                0x08000c68        0x8 /tmp/ccwUhIsP.o
                0x08000c68                TIM5_IRQHandler
 .text.SPI3_IRQHandler
                0x08000c70        0x8 /tmp/ccwUhIsP.o
                0x08000c70                SPI3_IRQHandler
 .text.UART4_IRQHandler
                0x08000c78        0x8 /tmp/ccwUhIsP.o
                0x08000c78                UART4_IRQHandler
 .text.UART5_IRQHandler
                0x08000c80        0x8 /tmp/ccwUhIsP.o
                0x08000c80                UART5_IRQHandler
 .text.TIM6_DAC_IRQHandler
                0x08000c88        0x8 /tmp/ccwUhIsP.o
                0x08000c88                TIM6_DAC_IRQHandler
 .text.TIM7_IRQHandler
                0x08000c90        0x8 /tmp/ccwUhIsP.o
                0x08000c90                TIM7_IRQHandler
 .text.DMA2_STR0_IRQHandler
                0x08000c98        0x8 /tmp/ccwUhIsP.o
                0x08000c98                DMA2_STR0_IRQHandler
 .text.DMA2_STR1_IRQHandler
                0x08000ca0        0x8 /tmp/ccwUhIsP.o
                0x08000ca0                DMA2_STR1_IRQHandler
 .text.DMA2_STR2_IRQHandler
                0x08000ca8        0x8 /tmp/ccwUhIsP.o
                0x08000ca8                DMA2_STR2_IRQHandler
 .text.DMA2_STR3_IRQHandler
                0x08000cb0        0x8 /tmp/ccwUhIsP.o
                0x08000cb0                DMA2_STR3_IRQHandler
 .text.DMA2_STR4_IRQHandler
                0x08000cb8        0x8 /tmp/ccwUhIsP.o
                0x08000cb8                DMA2_STR4_IRQHandler
 .text.ETH_IRQHandler
                0x08000cc0        0x8 /tmp/ccwUhIsP.o
                0x08000cc0                ETH_IRQHandler
 .text.ETH_WKUP_IRQHandler
                0x08000cc8        0x8 /tmp/ccwUhIsP.o
                0x08000cc8                ETH_WKUP_IRQHandler
 .text.FDCAN_CAL_IRQHandler
                0x08000cd0        0x8 /tmp/ccwUhIsP.o
                0x08000cd0                FDCAN_CAL_IRQHandler
 .text.DMA2_STR5_IRQHandler
                0x08000cd8        0x8 /tmp/ccwUhIsP.o
                0x08000cd8                DMA2_STR5_IRQHandler
 .text.DMA2_STR6_IRQHandler
                0x08000ce0        0x8 /tmp/ccwUhIsP.o
                0x08000ce0                DMA2_STR6_IRQHandler
 .text.DMA2_STR7_IRQHandler
                0x08000ce8        0x8 /tmp/ccwUhIsP.o
                0x08000ce8                DMA2_STR7_IRQHandler
 .text.USART6_IRQHandler
                0x08000cf0        0x8 /tmp/ccwUhIsP.o
                0x08000cf0                USART6_IRQHandler
 .text.I2C3_EV_IRQHandler
                0x08000cf8        0x8 /tmp/ccwUhIsP.o
                0x08000cf8                I2C3_EV_IRQHandler
 .text.I2C3_ER_IRQHandler
                0x08000d00        0x8 /tmp/ccwUhIsP.o
                0x08000d00                I2C3_ER_IRQHandler
 .text.OTG_HS_EP1_OUT_IRQHandler
                0x08000d08        0x8 /tmp/ccwUhIsP.o
                0x08000d08                OTG_HS_EP1_OUT_IRQHandler
 .text.OTG_HS_EP1_IN_IRQHandler
                0x08000d10        0x8 /tmp/ccwUhIsP.o
                0x08000d10                OTG_HS_EP1_IN_IRQHandler
 .text.OTG_HS_WKUP_IRQHandler
                0x08000d18        0x8 /tmp/ccwUhIsP.o
                0x08000d18                OTG_HS_WKUP_IRQHandler
 .text.OTG_HS_IRQHandler
                0x08000d20        0x8 /tmp/ccwUhIsP.o
                0x08000d20                OTG_HS_IRQHandler
 .text.DCMI_IRQHandler
                0x08000d28        0x8 /tmp/ccwUhIsP.o
                0x08000d28                DCMI_IRQHandler
 .text.CRYP_IRQHandler
                0x08000d30        0x8 /tmp/ccwUhIsP.o
                0x08000d30                CRYP_IRQHandler
 .text.HASH_RNG_IRQHandler
                0x08000d38        0x8 /tmp/ccwUhIsP.o
                0x08000d38                HASH_RNG_IRQHandler
 .text.FPU_IRQHandler
                0x08000d40        0x8 /tmp/ccwUhIsP.o
                0x08000d40                FPU_IRQHandler
 .text.UART7_IRQHandler
                0x08000d48        0x8 /tmp/ccwUhIsP.o
                0x08000d48                UART7_IRQHandler
 .text.UART8_IRQHandler
                0x08000d50        0x8 /tmp/ccwUhIsP.o
                0x08000d50                UART8_IRQHandler
 .text.SPI5_IRQHandler
                0x08000d58        0x8 /tmp/ccwUhIsP.o
                0x08000d58                SPI5_IRQHandler
 .text.SPI6_IRQHandler
                0x08000d60        0x8 /tmp/ccwUhIsP.o
                0x08000d60                SPI6_IRQHandler
 .text.SAI1_IRQHandler
                0x08000d68        0x8 /tmp/ccwUhIsP.o
                0x08000d68                SAI1_IRQHandler
 .text.LTDC_IRQHandler
                0x08000d70        0x8 /tmp/ccwUhIsP.o
                0x08000d70                LTDC_IRQHandler
 .text.LTDC_ER_IRQHandler
                0x08000d78        0x8 /tmp/ccwUhIsP.o
                0x08000d78                LTDC_ER_IRQHandler
 .text.DMA2D_IRQHandler
                0x08000d80        0x8 /tmp/ccwUhIsP.o
                0x08000d80                DMA2D_IRQHandler
 .text.SAI2_IRQHandler
                0x08000d88        0x8 /tmp/ccwUhIsP.o
                0x08000d88                SAI2_IRQHandler
 .text.QUADSPI_IRQHandler
                0x08000d90        0x8 /tmp/ccwUhIsP.o
                0x08000d90                QUADSPI_IRQHandler
 .text.LPTIM1_IRQHandler
                0x08000d98        0x8 /tmp/ccwUhIsP.o
                0x08000d98                LPTIM1_IRQHandler
 .text.CEC_IRQHandler
                0x08000da0        0x8 /tmp/ccwUhIsP.o
                0x08000da0                CEC_IRQHandler
 .text.I2C4_EV_IRQHandler
                0x08000da8        0x8 /tmp/ccwUhIsP.o
                0x08000da8                I2C4_EV_IRQHandler
 .text.I2C4_ER_IRQHandler
                0x08000db0        0x8 /tmp/ccwUhIsP.o
                0x08000db0                I2C4_ER_IRQHandler
 .text.SPDIF_IRQHandler
                0x08000db8        0x8 /tmp/ccwUhIsP.o
                0x08000db8                SPDIF_IRQHandler
 .text.OTG_FS_EP1_OUT_IRQHandler
                0x08000dc0        0x8 /tmp/ccwUhIsP.o
                0x08000dc0                OTG_FS_EP1_OUT_IRQHandler
 .text.OTG_FS_EP1_IN_IRQHandler
                0x08000dc8        0x8 /tmp/ccwUhIsP.o
                0x08000dc8                OTG_FS_EP1_IN_IRQHandler
 .text.OTG_FS_WKUP_IRQHandler
                0x08000dd0        0x8 /tmp/ccwUhIsP.o
                0x08000dd0                OTG_FS_WKUP_IRQHandler
 .text.OTG_FS_IRQHandler
                0x08000dd8        0x8 /tmp/ccwUhIsP.o
                0x08000dd8                OTG_FS_IRQHandler
 .text.DMAMUX1_OV_IRQHandler
                0x08000de0        0x8 /tmp/ccwUhIsP.o
                0x08000de0                DMAMUX1_OV_IRQHandler
 .text.HRTIM1_MST_IRQHandler
                0x08000de8        0x8 /tmp/ccwUhIsP.o
                0x08000de8                HRTIM1_MST_IRQHandler
 .text.HRTIM1_TIMA_IRQHandler
                0x08000df0        0x8 /tmp/ccwUhIsP.o
                0x08000df0                HRTIM1_TIMA_IRQHandler
 .text.HRTIM_TIMB_IRQHandler
                0x08000df8        0x8 /tmp/ccwUhIsP.o
                0x08000df8                HRTIM_TIMB_IRQHandler
 .text.HRTIM1_TIMC_IRQHandler
                0x08000e00        0x8 /tmp/ccwUhIsP.o
                0x08000e00                HRTIM1_TIMC_IRQHandler
 .text.HRTIM1_TIMD_IRQHandler
                0x08000e08        0x8 /tmp/ccwUhIsP.o
                0x08000e08                HRTIM1_TIMD_IRQHandler
 .text.HRTIM_TIME_IRQHandler
                0x08000e10        0x8 /tmp/ccwUhIsP.o
                0x08000e10                HRTIM_TIME_IRQHandler
 .text.HRTIM1_FLT_IRQHandler
                0x08000e18        0x8 /tmp/ccwUhIsP.o
                0x08000e18                HRTIM1_FLT_IRQHandler
 .text.DFSDM1_FLT0_IRQHandler
                0x08000e20        0x8 /tmp/ccwUhIsP.o
                0x08000e20                DFSDM1_FLT0_IRQHandler
 .text.DFSDM1_FLT1_IRQHandler
                0x08000e28        0x8 /tmp/ccwUhIsP.o
                0x08000e28                DFSDM1_FLT1_IRQHandler
 .text.DFSDM1_FLT2_IRQHandler
                0x08000e30        0x8 /tmp/ccwUhIsP.o
                0x08000e30                DFSDM1_FLT2_IRQHandler
 .text.DFSDM1_FLT3_IRQHandler
                0x08000e38        0x8 /tmp/ccwUhIsP.o
                0x08000e38                DFSDM1_FLT3_IRQHandler
 .text.SAI3_IRQHandler
                0x08000e40        0x8 /tmp/ccwUhIsP.o
                0x08000e40                SAI3_IRQHandler
 .text.SWPMI1_IRQHandler
                0x08000e48        0x8 /tmp/ccwUhIsP.o
                0x08000e48                SWPMI1_IRQHandler
 .text.TIM15_IRQHandler
                0x08000e50        0x8 /tmp/ccwUhIsP.o
                0x08000e50                TIM15_IRQHandler
 .text.TIM16_IRQHandler
                0x08000e58        0x8 /tmp/ccwUhIsP.o
                0x08000e58                TIM16_IRQHandler
 .text.TIM17_IRQHandler
                0x08000e60        0x8 /tmp/ccwUhIsP.o
                0x08000e60                TIM17_IRQHandler
 .text.MDIOS_WKUP_IRQHandler
                0x08000e68        0x8 /tmp/ccwUhIsP.o
                0x08000e68                MDIOS_WKUP_IRQHandler
 .text.MDIOS_IRQHandler
                0x08000e70        0x8 /tmp/ccwUhIsP.o
                0x08000e70                MDIOS_IRQHandler
 .text.JPEG_IRQHandler
                0x08000e78        0x8 /tmp/ccwUhIsP.o
                0x08000e78                JPEG_IRQHandler
 .text.MDMA_IRQHandler
                0x08000e80        0x8 /tmp/ccwUhIsP.o
                0x08000e80                MDMA_IRQHandler
 .text.SDMMC2_IRQHandler
                0x08000e88        0x8 /tmp/ccwUhIsP.o
                0x08000e88                SDMMC2_IRQHandler
 .text.HSEM0_IRQHandler
                0x08000e90        0x8 /tmp/ccwUhIsP.o
                0x08000e90                HSEM0_IRQHandler
 .text.ADC3_IRQHandler
                0x08000e98        0x8 /tmp/ccwUhIsP.o
                0x08000e98                ADC3_IRQHandler
 .text.DMAMUX2_OVR_IRQHandler
                0x08000ea0        0x8 /tmp/ccwUhIsP.o
                0x08000ea0                DMAMUX2_OVR_IRQHandler
 .text.BDMA_CH0_IRQHandler
                0x08000ea8        0x8 /tmp/ccwUhIsP.o
                0x08000ea8                BDMA_CH0_IRQHandler
 .text.BDMA_CH1_IRQHandler
                0x08000eb0        0x8 /tmp/ccwUhIsP.o
                0x08000eb0                BDMA_CH1_IRQHandler
 .text.BDMA_CH2_IRQHandler
                0x08000eb8        0x8 /tmp/ccwUhIsP.o
                0x08000eb8                BDMA_CH2_IRQHandler
 .text.BDMA_CH3_IRQHandler
                0x08000ec0        0x8 /tmp/ccwUhIsP.o
                0x08000ec0                BDMA_CH3_IRQHandler
 .text.BDMA_CH4_IRQHandler
                0x08000ec8        0x8 /tmp/ccwUhIsP.o
                0x08000ec8                BDMA_CH4_IRQHandler
 .text.BDMA_CH5_IRQHandler
                0x08000ed0        0x8 /tmp/ccwUhIsP.o
                0x08000ed0                BDMA_CH5_IRQHandler
 .text.BDMA_CH6_IRQHandler
                0x08000ed8        0x8 /tmp/ccwUhIsP.o
                0x08000ed8                BDMA_CH6_IRQHandler
 .text.BDMA_CH7_IRQHandler
                0x08000ee0        0x8 /tmp/ccwUhIsP.o
                0x08000ee0                BDMA_CH7_IRQHandler
 .text.COMP_IRQHandler
                0x08000ee8        0x8 /tmp/ccwUhIsP.o
                0x08000ee8                COMP_IRQHandler
 .text.LPTIM2_IRQHandler
                0x08000ef0        0x8 /tmp/ccwUhIsP.o
                0x08000ef0                LPTIM2_IRQHandler
 .text.LPTIM3_IRQHandler
                0x08000ef8        0x8 /tmp/ccwUhIsP.o
                0x08000ef8                LPTIM3_IRQHandler
 .text.LPTIM4_IRQHandler
                0x08000f00        0x8 /tmp/ccwUhIsP.o
                0x08000f00                LPTIM4_IRQHandler
 .text.LPTIM5_IRQHandler
                0x08000f08        0x8 /tmp/ccwUhIsP.o
                0x08000f08                LPTIM5_IRQHandler
 .text.LPUART_IRQHandler
                0x08000f10        0x8 /tmp/ccwUhIsP.o
                0x08000f10                LPUART_IRQHandler
 .text.WWDG1_RST_IRQHandler
                0x08000f18        0x8 /tmp/ccwUhIsP.o
                0x08000f18                WWDG1_RST_IRQHandler
 .text.CRS_IRQHandler
                0x08000f20        0x8 /tmp/ccwUhIsP.o
                0x08000f20                CRS_IRQHandler
 .text.RAMECC1_IRQHandler
                0x08000f28        0x8 /tmp/ccwUhIsP.o
                0x08000f28                RAMECC1_IRQHandler
 .text.SAI4_IRQHandler
                0x08000f30        0x8 /tmp/ccwUhIsP.o
                0x08000f30                SAI4_IRQHandler
 .text.WKUP_IRQHandler
                0x08000f38        0x8 /tmp/ccwUhIsP.o
                0x08000f38                WKUP_IRQHandler
 .text.RTC_init
                0x08000f40      0x190 /tmp/cc3SFrin.o
                0x08000f40                RTC_init
 .text.RTC_read_datetime
                0x080010d0      0x134 /tmp/cc3SFrin.o
                0x080010d0                RTC_read_datetime
 .text.VECan_Init
                0x08001204      0x54c /tmp/ccaCmFcf.o
                0x08001204                VECan_Init
 .text.update_can_message_356
                0x08001750       0xbc /tmp/ccaCmFcf.o
                0x08001750                update_can_message_356
 .text.VECan_send
                0x0800180c       0xb4 /tmp/ccaCmFcf.o
                0x0800180c                VECan_send
 .text.FDCAN1_init
                0x080018c0      0x30c /tmp/ccGc1ODA.o
                0x080018c0                FDCAN1_init
 .text.FDCAN2_init
                0x08001bcc      0x338 /tmp/ccGc1ODA.o
                0x08001bcc                FDCAN2_init
 .text.FDCAN1_transmit_message
                0x08001f04       0xbc /tmp/ccGc1ODA.o
                0x08001f04                FDCAN1_transmit_message
 .text.FDCAN2_transmit_message
                0x08001fc0       0xc8 /tmp/ccGc1ODA.o
                0x08001fc0                FDCAN2_transmit_message
 .text.convert_0x0426_to_milliampere
                0x08002088       0x46 /tmp/ccS5xLvN.o
                0x08002088                convert_0x0426_to_milliampere
 .text.convert_0x0427_to_millivolts
                0x080020ce       0x32 /tmp/ccS5xLvN.o
                0x080020ce                convert_0x0427_to_millivolts
 .text.convert_0x0428_to_temperature
                0x08002100       0x32 /tmp/ccS5xLvN.o
                0x08002100                convert_0x0428_to_temperature
 .text.convert_0x0429_to_microvolts
                0x08002132       0x46 /tmp/ccS5xLvN.o
                0x08002132                convert_0x0429_to_microvolts
 .text.convert_0x042A_to_power
                0x08002178       0x88 /tmp/ccS5xLvN.o
                0x08002178                convert_0x042A_to_power
 .text.convert_0x042B_to_DieID
                0x08002200       0x38 /tmp/ccS5xLvN.o
                0x08002200                convert_0x042B_to_DieID
 .text.convert_0x042C_to_ManufacturerID
                0x08002238       0x38 /tmp/ccS5xLvN.o
                0x08002238                convert_0x042C_to_ManufacturerID
 .text.convert_0x042D_to_energy
                0x08002270       0x6c /tmp/ccS5xLvN.o
                0x08002270                convert_0x042D_to_energy
 .text.convert_0x042E_to_charge
                0x080022dc       0x6c /tmp/ccS5xLvN.o
                0x080022dc                convert_0x042E_to_charge
 .text.delay_us
                0x08002348       0x2c /tmp/ccRpZ4Hz.o
                0x08002348                delay_us
 .text.is_flash_operation_complete
                0x08002374       0x18 /tmp/ccRpZ4Hz.o
                0x08002374                is_flash_operation_complete
 .text.return_data_word
                0x0800238c       0x48 /tmp/ccRpZ4Hz.o
                0x0800238c                return_data_word
 .text.mx25l_init
                0x080023d4      0x194 /tmp/ccRpZ4Hz.o
                0x080023d4                mx25l_init
 .text.read_flash_id_sequence
                0x08002568       0xb0 /tmp/ccRpZ4Hz.o
                0x08002568                read_flash_id_sequence
 .text.flash_wait_ready
                0x08002618       0x50 /tmp/ccRpZ4Hz.o
                0x08002618                flash_wait_ready
 .text.flash_erase_sector
                0x08002668       0xe0 /tmp/ccRpZ4Hz.o
                0x08002668                flash_erase_sector
 .text.flash_read_status
                0x08002748       0xcc /tmp/ccRpZ4Hz.o
                0x08002748                flash_read_status
 .text.flash_write_enable
                0x08002814       0xb4 /tmp/ccRpZ4Hz.o
                0x08002814                flash_write_enable
 .text.flash_write_page
                0x080028c8      0x124 /tmp/ccRpZ4Hz.o
                0x080028c8                flash_write_page
 .text.flash_read_word
                0x080029ec       0xbc /tmp/ccRpZ4Hz.o
                0x080029ec                flash_read_word
 .text.SPI4_IRQHandler
                0x08002aa8      0x164 /tmp/ccRpZ4Hz.o
                0x08002aa8                SPI4_IRQHandler
 .text          0x08002c0c      0x134 /usr/lib/gcc/arm-none-eabi/13.2.1/../../../arm-none-eabi/lib/thumb/v7e-m+dp/hard/libc_nano.a(libc_a-memcpy.o)
                0x08002c0c                memcpy

.glue_7         0x08002d40        0x0
 .glue_7        0x08002d40        0x0 linker stubs

.glue_7t        0x08002d40        0x0
 .glue_7t       0x08002d40        0x0 linker stubs

.vfp11_veneer   0x08002d40        0x0
 .vfp11_veneer  0x08002d40        0x0 linker stubs

.v4_bx          0x08002d40        0x0
 .v4_bx         0x08002d40        0x0 linker stubs

.iplt           0x08002d40        0x0
 .iplt          0x08002d40        0x0 /tmp/cctKPxF2.o

.rel.dyn        0x08002d40        0x0
 .rel.iplt      0x08002d40        0x0 /tmp/cctKPxF2.o

.rodata
 *(.rodata*)

.ARM.exidx      0x08002d40        0x8
 .ARM.exidx     0x08002d40        0x8 /usr/lib/gcc/arm-none-eabi/13.2.1/../../../arm-none-eabi/lib/thumb/v7e-m+dp/hard/libc_nano.a(libc_a-memcpy.o)

.data           0x20000000       0x14 load address 0x08002d48
                0x20000000                        _sdata = .
 *(.first_data)
 *(.data SORT_BY_NAME(.data.*))
 .data.SOH      0x20000000        0x2 /tmp/ccaCmFcf.o
                0x20000000                SOH
 .data.flash_operation_complete
                0x20000002        0x1 /tmp/ccRpZ4Hz.o
 *fill*         0x20000003        0x1 
 .data.snPart1  0x20000004        0x8 /tmp/ccaCmFcf.o
                0x20000004                snPart1
 .data.snPart2  0x2000000c        0x8 /tmp/ccaCmFcf.o
                0x2000000c                snPart2
                0x20000014                        _edata = .
                0x08002d48                        _sidata = LOADADDR (.data)

.igot.plt       0x20000014        0x0 load address 0x08002d5c
 .igot.plt      0x20000014        0x0 /tmp/cctKPxF2.o

.bss            0x20000014      0x1dd load address 0x08002d5c
                0x20000014                        _sbss = .
 *(.bss SORT_BY_NAME(.bss.*) COMMON)
 .bss.bus_voltage
                0x20000014        0x4 /tmp/cctKPxF2.o
                0x20000014                bus_voltage
 .bss.charge    0x20000018        0x4 /tmp/cctKPxF2.o
                0x20000018                charge
 .bss.charge_Ah
                0x2000001c        0x4 /tmp/cctKPxF2.o
                0x2000001c                charge_Ah
 .bss.counter_loop
                0x20000020        0x4 /tmp/ccGc1ODA.o
                0x20000020                counter_loop
 .bss.current   0x20000024        0x4 /tmp/cctKPxF2.o
                0x20000024                current
 .bss.die_id    0x20000028        0x2 /tmp/cctKPxF2.o
                0x20000028                die_id
 *fill*         0x2000002a        0x2 
 .bss.dt        0x2000002c        0x7 /tmp/cctKPxF2.o
                0x2000002c                dt
 *fill*         0x20000033        0x1 
 .bss.energy    0x20000034        0x4 /tmp/cctKPxF2.o
                0x20000034                energy
 .bss.energy_kWh
                0x20000038        0x4 /tmp/cctKPxF2.o
                0x20000038                energy_kWh
 .bss.fifo_full_counter
                0x2000003c        0x4 /tmp/cctKPxF2.o
                0x2000003c                fifo_full_counter
 .bss.fifo_message_lost_counter
                0x20000040        0x4 /tmp/cctKPxF2.o
                0x20000040                fifo_message_lost_counter
 .bss.flash_byte
                0x20000044        0x4 /tmp/cctKPxF2.o
                0x20000044                flash_byte
 .bss.flash_id  0x20000048        0x4 /tmp/cctKPxF2.o
                0x20000048                flash_id
 .bss.flash_operation_type
                0x2000004c        0x1 /tmp/ccRpZ4Hz.o
 *fill*         0x2000004d        0x3 
 .bss.flash_read_buffer
                0x20000050        0x4 /tmp/ccRpZ4Hz.o
 .bss.flash_status_reg
                0x20000054        0x1 /tmp/ccRpZ4Hz.o
 .bss.kazonk    0x20000055        0x1 /tmp/cctKPxF2.o
                0x20000055                kazonk
 .bss.manufacturer_id
                0x20000056        0x2 /tmp/cctKPxF2.o
                0x20000056                manufacturer_id
 .bss.minutes   0x20000058        0x1 /tmp/cctKPxF2.o
                0x20000058                minutes
 *fill*         0x20000059        0x3 
 .bss.power     0x2000005c        0x4 /tmp/cctKPxF2.o
                0x2000005c                power
 .bss.rx_message_426
                0x20000060        0x8 /tmp/cctKPxF2.o
                0x20000060                rx_message_426
 .bss.rx_message_427
                0x20000068        0x8 /tmp/cctKPxF2.o
                0x20000068                rx_message_427
 .bss.rx_message_428
                0x20000070        0x8 /tmp/cctKPxF2.o
                0x20000070                rx_message_428
 .bss.rx_message_429
                0x20000078        0x8 /tmp/cctKPxF2.o
                0x20000078                rx_message_429
 .bss.rx_message_42A
                0x20000080        0x8 /tmp/cctKPxF2.o
                0x20000080                rx_message_42A
 .bss.rx_message_42B
                0x20000088        0x8 /tmp/cctKPxF2.o
                0x20000088                rx_message_42B
 .bss.rx_message_42C
                0x20000090        0x8 /tmp/cctKPxF2.o
                0x20000090                rx_message_42C
 .bss.rx_message_42D
                0x20000098        0x8 /tmp/cctKPxF2.o
                0x20000098                rx_message_42D
 .bss.rx_message_42E
                0x200000a0        0x8 /tmp/cctKPxF2.o
                0x200000a0                rx_message_42E
 .bss.seconds   0x200000a8        0x1 /tmp/cctKPxF2.o
                0x200000a8                seconds
 *fill*         0x200000a9        0x3 
 .bss.shunt_voltage
                0x200000ac        0x4 /tmp/cctKPxF2.o
                0x200000ac                shunt_voltage
 .bss.splitter  0x200000b0        0x2 /tmp/ccaCmFcf.o
                0x200000b0                splitter
 *fill*         0x200000b2        0x2 
 .bss.temperature
                0x200000b4        0x4 /tmp/cctKPxF2.o
                0x200000b4                temperature
 .bss.test_buffer
                0x200000b8        0x4 /tmp/cctKPxF2.o
                0x200000b8                test_buffer
 .bss.threeeighty
                0x200000bc       0x10 /tmp/ccaCmFcf.o
                0x200000bc                threeeighty
 .bss.threeeightyone
                0x200000cc       0x10 /tmp/ccaCmFcf.o
                0x200000cc                threeeightyone
 .bss.threefiftyA
                0x200000dc       0x10 /tmp/ccaCmFcf.o
                0x200000dc                threefiftyA
 .bss.threefiftyE
                0x200000ec       0x10 /tmp/ccaCmFcf.o
                0x200000ec                threefiftyE
 .bss.threefiftyF
                0x200000fc       0x10 /tmp/ccaCmFcf.o
                0x200000fc                threefiftyF
 .bss.threefiftyfive
                0x2000010c       0x10 /tmp/ccaCmFcf.o
                0x2000010c                threefiftyfive
 .bss.threefiftyone
                0x2000011c       0x10 /tmp/ccaCmFcf.o
                0x2000011c                threefiftyone
 .bss.threefiftysix
                0x2000012c       0x10 /tmp/ccaCmFcf.o
                0x2000012c                threefiftysix
 .bss.threeseventyeight
                0x2000013c       0x10 /tmp/ccaCmFcf.o
                0x2000013c                threeseventyeight
 .bss.threeseventyfive
                0x2000014c       0x10 /tmp/ccaCmFcf.o
                0x2000014c                threeseventyfive
 .bss.threeseventyfour
                0x2000015c       0x10 /tmp/ccaCmFcf.o
                0x2000015c                threeseventyfour
 .bss.threeseventynine
                0x2000016c       0x10 /tmp/ccaCmFcf.o
                0x2000016c                threeseventynine
 .bss.threeseventyseven
                0x2000017c       0x10 /tmp/ccaCmFcf.o
                0x2000017c                threeseventyseven
 .bss.threeseventysix
                0x2000018c       0x10 /tmp/ccaCmFcf.o
                0x2000018c                threeseventysix
 .bss.threeseventythree
                0x2000019c       0x10 /tmp/ccaCmFcf.o
                0x2000019c                threeseventythree
 .bss.threeseventytwo
                0x200001ac       0x10 /tmp/ccaCmFcf.o
                0x200001ac                threeseventytwo
 .bss.threesixty
                0x200001bc       0x10 /tmp/ccaCmFcf.o
                0x200001bc                threesixty
 .bss.tick      0x200001cc        0x4 /tmp/cctKPxF2.o
                0x200001cc                tick
 .bss.tx_127    0x200001d0       0x10 /tmp/cctKPxF2.o
                0x200001d0                tx_127
 .bss.tx_128    0x200001e0       0x10 /tmp/cctKPxF2.o
                0x200001e0                tx_128
 .bss.zonk      0x200001f0        0x1 /tmp/cctKPxF2.o
                0x200001f0                zonk
                0x200001f1                        _ebss = .

.sram1_data
 *(.sram1_data)

.sram2_data
 *(.sram2_data)

.backup_data
 *(.backup_data)
                0x200001f8                        . = ALIGN (0x8)
                0x200001f8                        _end = .
OUTPUT(firmware.elf elf32-littlearm)
LOAD linker stubs

.debug_info     0x00000000     0x439a
 .debug_info    0x00000000     0x12d5 /tmp/cctKPxF2.o
 .debug_info    0x000012d5      0xb3a /tmp/ccwUhIsP.o
 .debug_info    0x00001e0f      0x7b0 /tmp/cc3SFrin.o
 .debug_info    0x000025bf      0x40c /tmp/ccaCmFcf.o
 .debug_info    0x000029cb      0xbe5 /tmp/ccGc1ODA.o
 .debug_info    0x000035b0      0x2e1 /tmp/ccS5xLvN.o
 .debug_info    0x00003891      0xad6 /tmp/ccRpZ4Hz.o
 .debug_info    0x00004367       0x33 /usr/lib/gcc/arm-none-eabi/13.2.1/../../../arm-none-eabi/lib/thumb/v7e-m+dp/hard/libc_nano.a(libc_a-memcpy.o)

.debug_abbrev   0x00000000      0xb97
 .debug_abbrev  0x00000000      0x298 /tmp/cctKPxF2.o
 .debug_abbrev  0x00000298      0x105 /tmp/ccwUhIsP.o
 .debug_abbrev  0x0000039d      0x132 /tmp/cc3SFrin.o
 .debug_abbrev  0x000004cf      0x146 /tmp/ccaCmFcf.o
 .debug_abbrev  0x00000615      0x226 /tmp/ccGc1ODA.o
 .debug_abbrev  0x0000083b       0xa2 /tmp/ccS5xLvN.o
 .debug_abbrev  0x000008dd      0x292 /tmp/ccRpZ4Hz.o
 .debug_abbrev  0x00000b6f       0x28 /usr/lib/gcc/arm-none-eabi/13.2.1/../../../arm-none-eabi/lib/thumb/v7e-m+dp/hard/libc_nano.a(libc_a-memcpy.o)

.debug_aranges  0x00000000      0x6a8
 .debug_aranges
                0x00000000       0x50 /tmp/cctKPxF2.o
 .debug_aranges
                0x00000050      0x4d0 /tmp/ccwUhIsP.o
 .debug_aranges
                0x00000520       0x28 /tmp/cc3SFrin.o
 .debug_aranges
                0x00000548       0x30 /tmp/ccaCmFcf.o
 .debug_aranges
                0x00000578       0x38 /tmp/ccGc1ODA.o
 .debug_aranges
                0x000005b0       0x60 /tmp/ccS5xLvN.o
 .debug_aranges
                0x00000610       0x78 /tmp/ccRpZ4Hz.o
 .debug_aranges
                0x00000688       0x20 /usr/lib/gcc/arm-none-eabi/13.2.1/../../../arm-none-eabi/lib/thumb/v7e-m+dp/hard/libc_nano.a(libc_a-memcpy.o)

.debug_rnglists
                0x00000000      0x4d8
 .debug_rnglists
                0x00000000       0x3a /tmp/cctKPxF2.o
 .debug_rnglists
                0x0000003a      0x397 /tmp/ccwUhIsP.o
 .debug_rnglists
                0x000003d1       0x1b /tmp/cc3SFrin.o
 .debug_rnglists
                0x000003ec       0x22 /tmp/ccaCmFcf.o
 .debug_rnglists
                0x0000040e       0x29 /tmp/ccGc1ODA.o
 .debug_rnglists
                0x00000437       0x44 /tmp/ccS5xLvN.o
 .debug_rnglists
                0x0000047b       0x5d /tmp/ccRpZ4Hz.o

.debug_macro    0x00000000     0x3050
 .debug_macro   0x00000000      0x20e /tmp/cctKPxF2.o
 .debug_macro   0x0000020e      0xade /tmp/cctKPxF2.o
 .debug_macro   0x00000cec       0x22 /tmp/cctKPxF2.o
 .debug_macro   0x00000d0e       0x54 /tmp/cctKPxF2.o
 .debug_macro   0x00000d62       0x29 /tmp/cctKPxF2.o
 .debug_macro   0x00000d8b       0x94 /tmp/cctKPxF2.o
 .debug_macro   0x00000e1f       0x43 /tmp/cctKPxF2.o
 .debug_macro   0x00000e62      0x103 /tmp/cctKPxF2.o
 .debug_macro   0x00000f65       0x3a /tmp/cctKPxF2.o
 .debug_macro   0x00000f9f      0x34e /tmp/cctKPxF2.o
 .debug_macro   0x000012ed       0x89 /tmp/cctKPxF2.o
 .debug_macro   0x00001376      0x379 /tmp/cctKPxF2.o
 .debug_macro   0x000016ef       0x22 /tmp/cctKPxF2.o
 .debug_macro   0x00001711       0x16 /tmp/cctKPxF2.o
 .debug_macro   0x00001727       0xa5 /tmp/cctKPxF2.o
 .debug_macro   0x000017cc       0x9b /tmp/cctKPxF2.o
 .debug_macro   0x00001867       0x57 /tmp/cctKPxF2.o
 .debug_macro   0x000018be      0x370 /tmp/cctKPxF2.o
 .debug_macro   0x00001c2e       0x16 /tmp/cctKPxF2.o
 .debug_macro   0x00001c44       0x4a /tmp/cctKPxF2.o
 .debug_macro   0x00001c8e       0x34 /tmp/cctKPxF2.o
 .debug_macro   0x00001cc2       0x10 /tmp/cctKPxF2.o
 .debug_macro   0x00001cd2       0x52 /tmp/cctKPxF2.o
 .debug_macro   0x00001d24       0x8e /tmp/cctKPxF2.o
 .debug_macro   0x00001db2       0x1c /tmp/cctKPxF2.o
 .debug_macro   0x00001dce      0x177 /tmp/cctKPxF2.o
 .debug_macro   0x00001f45       0x16 /tmp/cctKPxF2.o
 .debug_macro   0x00001f5b       0x29 /tmp/cctKPxF2.o
 .debug_macro   0x00001f84       0x16 /tmp/cctKPxF2.o
 .debug_macro   0x00001f9a       0x3c /tmp/cctKPxF2.o
 .debug_macro   0x00001fd6      0x151 /tmp/cctKPxF2.o
 .debug_macro   0x00002127       0x1c /tmp/cctKPxF2.o
 .debug_macro   0x00002143       0x10 /tmp/cctKPxF2.o
 .debug_macro   0x00002153       0x1c /tmp/cctKPxF2.o
 .debug_macro   0x0000216f       0x16 /tmp/cctKPxF2.o
 .debug_macro   0x00002185      0x146 /tmp/cctKPxF2.o
 .debug_macro   0x000022cb       0x76 /tmp/cctKPxF2.o
 .debug_macro   0x00002341       0x1a /tmp/ccwUhIsP.o
 .debug_macro   0x0000235b      0x159 /tmp/cc3SFrin.o
 .debug_macro   0x000024b4       0x34 /tmp/cc3SFrin.o
 .debug_macro   0x000024e8      0x11c /tmp/cc3SFrin.o
 .debug_macro   0x00002604      0x379 /tmp/cc3SFrin.o
 .debug_macro   0x0000297d      0x182 /tmp/ccaCmFcf.o
 .debug_macro   0x00002aff      0x184 /tmp/ccGc1ODA.o
 .debug_macro   0x00002c83      0x151 /tmp/ccS5xLvN.o
 .debug_macro   0x00002dd4       0x9e /tmp/ccS5xLvN.o
 .debug_macro   0x00002e72       0x16 /tmp/ccS5xLvN.o
 .debug_macro   0x00002e88      0x158 /tmp/ccRpZ4Hz.o
 .debug_macro   0x00002fe0       0x70 /tmp/ccRpZ4Hz.o

.debug_line     0x00000000     0x2f78
 .debug_line    0x00000000      0x764 /tmp/cctKPxF2.o
 .debug_line    0x00000764      0xd11 /tmp/ccwUhIsP.o
 .debug_line    0x00001475      0x38c /tmp/cc3SFrin.o
 .debug_line    0x00001801      0x451 /tmp/ccaCmFcf.o
 .debug_line    0x00001c52      0x676 /tmp/ccGc1ODA.o
 .debug_line    0x000022c8      0x3d4 /tmp/ccS5xLvN.o
 .debug_line    0x0000269c      0x823 /tmp/ccRpZ4Hz.o
 .debug_line    0x00002ebf       0xb9 /usr/lib/gcc/arm-none-eabi/13.2.1/../../../arm-none-eabi/lib/thumb/v7e-m+dp/hard/libc_nano.a(libc_a-memcpy.o)

.debug_str      0x00000000     0xacab
 .debug_str     0x00000000     0xacab /tmp/cctKPxF2.o
                               0x9e37 (size before relaxing)
 .debug_str     0x0000acab     0x446a /tmp/ccwUhIsP.o
 .debug_str     0x0000acab     0x8f59 /tmp/cc3SFrin.o
 .debug_str     0x0000acab     0x8dca /tmp/ccaCmFcf.o
 .debug_str     0x0000acab     0x90b2 /tmp/ccGc1ODA.o
 .debug_str     0x0000acab     0x85fd /tmp/ccS5xLvN.o
 .debug_str     0x0000acab     0x9317 /tmp/ccRpZ4Hz.o
 .debug_str     0x0000acab       0xac /usr/lib/gcc/arm-none-eabi/13.2.1/../../../arm-none-eabi/lib/thumb/v7e-m+dp/hard/libc_nano.a(libc_a-memcpy.o)

.comment        0x00000000       0x26
 .comment       0x00000000       0x26 /tmp/cctKPxF2.o
                                 0x27 (size before relaxing)
 .comment       0x00000026       0x27 /tmp/ccwUhIsP.o
 .comment       0x00000026       0x27 /tmp/cc3SFrin.o
 .comment       0x00000026       0x27 /tmp/ccaCmFcf.o
 .comment       0x00000026       0x27 /tmp/ccGc1ODA.o
 .comment       0x00000026       0x27 /tmp/ccS5xLvN.o
 .comment       0x00000026       0x27 /tmp/ccRpZ4Hz.o

.ARM.attributes
                0x00000000       0x30
 .ARM.attributes
                0x00000000       0x32 /tmp/cctKPxF2.o
 .ARM.attributes
                0x00000032       0x32 /tmp/ccwUhIsP.o
 .ARM.attributes
                0x00000064       0x32 /tmp/cc3SFrin.o
 .ARM.attributes
                0x00000096       0x32 /tmp/ccaCmFcf.o
 .ARM.attributes
                0x000000c8       0x32 /tmp/ccGc1ODA.o
 .ARM.attributes
                0x000000fa       0x32 /tmp/ccS5xLvN.o
 .ARM.attributes
                0x0000012c       0x32 /tmp/ccRpZ4Hz.o
 .ARM.attributes
                0x0000015e       0x1e /usr/lib/gcc/arm-none-eabi/13.2.1/../../../arm-none-eabi/lib/thumb/v7e-m+dp/hard/libc_nano.a(libc_a-memcpy.o)

.debug_frame    0x00000000     0x13f4
 .debug_frame   0x00000000      0x100 /tmp/cctKPxF2.o
 .debug_frame   0x00000100      0xe30 /tmp/ccwUhIsP.o
 .debug_frame   0x00000f30       0x60 /tmp/cc3SFrin.o
 .debug_frame   0x00000f90       0x78 /tmp/ccaCmFcf.o
 .debug_frame   0x00001008       0xac /tmp/ccGc1ODA.o
 .debug_frame   0x000010b4      0x178 /tmp/ccS5xLvN.o
 .debug_frame   0x0000122c      0x1c8 /tmp/ccRpZ4Hz.o

.debug_line_str
                0x00000000       0x99
 .debug_line_str
                0x00000000       0x99 /usr/lib/gcc/arm-none-eabi/13.2.1/../../../arm-none-eabi/lib/thumb/v7e-m+dp/hard/libc_nano.a(libc_a-memcpy.o)
