Archive member included to satisfy reference by file (symbol)

/usr/lib/gcc/arm-none-eabi/13.2.1/../../../arm-none-eabi/lib/thumb/v6-m/nofp/libc_nano.a(libc_a-memcpy-stub.o)
                              /tmp/ccEZjaIx.o (memcpy)
/usr/lib/gcc/arm-none-eabi/13.2.1/thumb/v6-m/nofp/libgcc.a(_muldi3.o)
                              /tmp/ccFjsxp9.o (__aeabi_lmul)

Discarded input sections

 .group         0x00000000        0xc /tmp/ccEZjaIx.o
 .group         0x00000000        0xc /tmp/ccEZjaIx.o
 .group         0x00000000        0xc /tmp/ccEZjaIx.o
 .group         0x00000000        0xc /tmp/ccEZjaIx.o
 .group         0x00000000        0xc /tmp/ccEZjaIx.o
 .group         0x00000000        0xc /tmp/ccEZjaIx.o
 .group         0x00000000        0xc /tmp/ccEZjaIx.o
 .group         0x00000000        0xc /tmp/ccEZjaIx.o
 .group         0x00000000        0xc /tmp/ccEZjaIx.o
 .group         0x00000000        0xc /tmp/ccEZjaIx.o
 .group         0x00000000        0xc /tmp/ccEZjaIx.o
 .group         0x00000000        0xc /tmp/ccEZjaIx.o
 .group         0x00000000        0xc /tmp/ccEZjaIx.o
 .group         0x00000000        0xc /tmp/ccEZjaIx.o
 .group         0x00000000        0xc /tmp/ccEZjaIx.o
 .group         0x00000000        0xc /tmp/ccEZjaIx.o
 .group         0x00000000        0xc /tmp/ccEZjaIx.o
 .group         0x00000000        0xc /tmp/ccEZjaIx.o
 .group         0x00000000        0xc /tmp/ccEZjaIx.o
 .group         0x00000000        0xc /tmp/ccEZjaIx.o
 .group         0x00000000        0xc /tmp/ccEZjaIx.o
 .group         0x00000000        0xc /tmp/ccEZjaIx.o
 .group         0x00000000        0xc /tmp/ccEZjaIx.o
 .group         0x00000000        0xc /tmp/ccEZjaIx.o
 .group         0x00000000        0xc /tmp/ccEZjaIx.o
 .group         0x00000000        0xc /tmp/ccEZjaIx.o
 .group         0x00000000        0xc /tmp/ccEZjaIx.o
 .group         0x00000000        0xc /tmp/ccEZjaIx.o
 .group         0x00000000        0xc /tmp/ccEZjaIx.o
 .group         0x00000000        0xc /tmp/ccEZjaIx.o
 .group         0x00000000        0xc /tmp/ccEZjaIx.o
 .text          0x00000000        0x0 /tmp/ccEZjaIx.o
 .data          0x00000000        0x0 /tmp/ccEZjaIx.o
 .bss           0x00000000        0x0 /tmp/ccEZjaIx.o
 .data.can_receive_FifO0
                0x00000000        0x4 /tmp/ccEZjaIx.o
 .bss.temp      0x00000000        0x4 /tmp/ccEZjaIx.o
 .bss.Sprong1   0x00000000        0x4 /tmp/ccEZjaIx.o
 .bss.Sprong2   0x00000000        0x4 /tmp/ccEZjaIx.o
 .bss.Kaponk4   0x00000000        0x4 /tmp/ccEZjaIx.o
 .bss.Power_mW  0x00000000        0x4 /tmp/ccEZjaIx.o
 .bss.Kaponk    0x00000000        0x8 /tmp/ccEZjaIx.o
 .bss.Energy_Joule
                0x00000000        0x8 /tmp/ccEZjaIx.o
 .bss.Kagong    0x00000000        0x8 /tmp/ccEZjaIx.o
 .bss.vbus      0x00000000        0x2 /tmp/ccEZjaIx.o
 .bss.vbus_mV   0x00000000        0x2 /tmp/ccEZjaIx.o
 .bss.DieID     0x00000000        0x2 /tmp/ccEZjaIx.o
 .bss.ManufacturerID
                0x00000000        0x2 /tmp/ccEZjaIx.o
 .bss.Current_mA
                0x00000000        0x4 /tmp/ccEZjaIx.o
 .bss.Kaponk2   0x00000000        0x4 /tmp/ccEZjaIx.o
 .bss.rx_received
                0x00000000        0x8 /tmp/ccEZjaIx.o
 .bss.rx_temp   0x00000000       0x48 /tmp/ccEZjaIx.o
 .data.Tx_Temperature
                0x00000000       0x10 /tmp/ccEZjaIx.o
 .group         0x00000000        0xc /tmp/ccfwZE3f.o
 .group         0x00000000        0xc /tmp/ccfwZE3f.o
 .text          0x00000000        0x0 /tmp/ccfwZE3f.o
 .data          0x00000000        0x0 /tmp/ccfwZE3f.o
 .bss           0x00000000        0x0 /tmp/ccfwZE3f.o
 .text.SysTick_IRQHandler
                0x00000000        0x8 /tmp/ccfwZE3f.o
 .text.TIM16_FDCAN_IT0_IRQHandler
                0x00000000        0x8 /tmp/ccfwZE3f.o
 .debug_macro   0x00000000      0xa9c /tmp/ccfwZE3f.o
 .debug_macro   0x00000000      0x34e /tmp/ccfwZE3f.o
 .group         0x00000000        0xc /tmp/cc9mcQpK.o
 .group         0x00000000        0xc /tmp/cc9mcQpK.o
 .group         0x00000000        0xc /tmp/cc9mcQpK.o
 .group         0x00000000        0xc /tmp/cc9mcQpK.o
 .group         0x00000000        0xc /tmp/cc9mcQpK.o
 .group         0x00000000        0xc /tmp/cc9mcQpK.o
 .group         0x00000000        0xc /tmp/cc9mcQpK.o
 .group         0x00000000        0xc /tmp/cc9mcQpK.o
 .group         0x00000000        0xc /tmp/cc9mcQpK.o
 .group         0x00000000        0xc /tmp/cc9mcQpK.o
 .group         0x00000000        0xc /tmp/cc9mcQpK.o
 .group         0x00000000        0xc /tmp/cc9mcQpK.o
 .group         0x00000000        0xc /tmp/cc9mcQpK.o
 .group         0x00000000        0xc /tmp/cc9mcQpK.o
 .group         0x00000000        0xc /tmp/cc9mcQpK.o
 .group         0x00000000        0xc /tmp/cc9mcQpK.o
 .group         0x00000000        0xc /tmp/cc9mcQpK.o
 .group         0x00000000        0xc /tmp/cc9mcQpK.o
 .group         0x00000000        0xc /tmp/cc9mcQpK.o
 .group         0x00000000        0xc /tmp/cc9mcQpK.o
 .group         0x00000000        0xc /tmp/cc9mcQpK.o
 .group         0x00000000        0xc /tmp/cc9mcQpK.o
 .group         0x00000000        0xc /tmp/cc9mcQpK.o
 .group         0x00000000        0xc /tmp/cc9mcQpK.o
 .group         0x00000000        0xc /tmp/cc9mcQpK.o
 .group         0x00000000        0xc /tmp/cc9mcQpK.o
 .group         0x00000000        0xc /tmp/cc9mcQpK.o
 .group         0x00000000        0xc /tmp/cc9mcQpK.o
 .group         0x00000000        0xc /tmp/cc9mcQpK.o
 .text          0x00000000        0x0 /tmp/cc9mcQpK.o
 .data          0x00000000        0x0 /tmp/cc9mcQpK.o
 .bss           0x00000000        0x0 /tmp/cc9mcQpK.o
 .debug_macro   0x00000000      0xa9c /tmp/cc9mcQpK.o
 .debug_macro   0x00000000       0x24 /tmp/cc9mcQpK.o
 .debug_macro   0x00000000       0x22 /tmp/cc9mcQpK.o
 .debug_macro   0x00000000       0x54 /tmp/cc9mcQpK.o
 .debug_macro   0x00000000       0x94 /tmp/cc9mcQpK.o
 .debug_macro   0x00000000       0x43 /tmp/cc9mcQpK.o
 .debug_macro   0x00000000       0x16 /tmp/cc9mcQpK.o
 .debug_macro   0x00000000       0x9b /tmp/cc9mcQpK.o
 .debug_macro   0x00000000       0x57 /tmp/cc9mcQpK.o
 .debug_macro   0x00000000      0x370 /tmp/cc9mcQpK.o
 .debug_macro   0x00000000       0x16 /tmp/cc9mcQpK.o
 .debug_macro   0x00000000       0x4a /tmp/cc9mcQpK.o
 .debug_macro   0x00000000       0x34 /tmp/cc9mcQpK.o
 .debug_macro   0x00000000       0x10 /tmp/cc9mcQpK.o
 .debug_macro   0x00000000       0x52 /tmp/cc9mcQpK.o
 .debug_macro   0x00000000       0x8e /tmp/cc9mcQpK.o
 .debug_macro   0x00000000       0x1c /tmp/cc9mcQpK.o
 .debug_macro   0x00000000      0x177 /tmp/cc9mcQpK.o
 .debug_macro   0x00000000       0x16 /tmp/cc9mcQpK.o
 .debug_macro   0x00000000       0x29 /tmp/cc9mcQpK.o
 .debug_macro   0x00000000      0x103 /tmp/cc9mcQpK.o
 .debug_macro   0x00000000      0x34e /tmp/cc9mcQpK.o
 .debug_macro   0x00000000       0x3c /tmp/cc9mcQpK.o
 .debug_macro   0x00000000       0x22 /tmp/cc9mcQpK.o
 .debug_macro   0x00000000       0xee /tmp/cc9mcQpK.o
 .group         0x00000000        0xc /tmp/ccFjsxp9.o
 .group         0x00000000        0xc /tmp/ccFjsxp9.o
 .group         0x00000000        0xc /tmp/ccFjsxp9.o
 .group         0x00000000        0xc /tmp/ccFjsxp9.o
 .group         0x00000000        0xc /tmp/ccFjsxp9.o
 .group         0x00000000        0xc /tmp/ccFjsxp9.o
 .group         0x00000000        0xc /tmp/ccFjsxp9.o
 .group         0x00000000        0xc /tmp/ccFjsxp9.o
 .group         0x00000000        0xc /tmp/ccFjsxp9.o
 .group         0x00000000        0xc /tmp/ccFjsxp9.o
 .group         0x00000000        0xc /tmp/ccFjsxp9.o
 .group         0x00000000        0xc /tmp/ccFjsxp9.o
 .group         0x00000000        0xc /tmp/ccFjsxp9.o
 .group         0x00000000        0xc /tmp/ccFjsxp9.o
 .group         0x00000000        0xc /tmp/ccFjsxp9.o
 .group         0x00000000        0xc /tmp/ccFjsxp9.o
 .group         0x00000000        0xc /tmp/ccFjsxp9.o
 .group         0x00000000        0xc /tmp/ccFjsxp9.o
 .group         0x00000000        0xc /tmp/ccFjsxp9.o
 .group         0x00000000        0xc /tmp/ccFjsxp9.o
 .group         0x00000000        0xc /tmp/ccFjsxp9.o
 .group         0x00000000        0xc /tmp/ccFjsxp9.o
 .group         0x00000000        0xc /tmp/ccFjsxp9.o
 .group         0x00000000        0xc /tmp/ccFjsxp9.o
 .group         0x00000000        0xc /tmp/ccFjsxp9.o
 .group         0x00000000        0xc /tmp/ccFjsxp9.o
 .group         0x00000000        0xc /tmp/ccFjsxp9.o
 .group         0x00000000        0xc /tmp/ccFjsxp9.o
 .group         0x00000000        0xc /tmp/ccFjsxp9.o
 .text          0x00000000        0x0 /tmp/ccFjsxp9.o
 .data          0x00000000        0x0 /tmp/ccFjsxp9.o
 .bss           0x00000000        0x0 /tmp/ccFjsxp9.o
 .bss.counter   0x00000000        0x4 /tmp/ccFjsxp9.o
 .text.INA228_SetShuntTempco
                0x00000000       0x2a /tmp/ccFjsxp9.o
 .text.INA228_ReadVBUS
                0x00000000       0xa6 /tmp/ccFjsxp9.o
 .text.INA228_ReadCurr
                0x00000000       0x84 /tmp/ccFjsxp9.o
 .text.INA228_ReadPower
                0x00000000       0x50 /tmp/ccFjsxp9.o
 .text.INA228_ReadEnergy
                0x00000000      0x12a /tmp/ccFjsxp9.o
 .text.INA228_ReadManufacturerID
                0x00000000       0x56 /tmp/ccFjsxp9.o
 .text.INA228_ReadDieID
                0x00000000       0x56 /tmp/ccFjsxp9.o
 .debug_macro   0x00000000      0xa9c /tmp/ccFjsxp9.o
 .debug_macro   0x00000000       0x22 /tmp/ccFjsxp9.o
 .debug_macro   0x00000000       0x54 /tmp/ccFjsxp9.o
 .debug_macro   0x00000000       0x24 /tmp/ccFjsxp9.o
 .debug_macro   0x00000000       0x94 /tmp/ccFjsxp9.o
 .debug_macro   0x00000000       0x43 /tmp/ccFjsxp9.o
 .debug_macro   0x00000000      0x103 /tmp/ccFjsxp9.o
 .debug_macro   0x00000000       0x3a /tmp/ccFjsxp9.o
 .debug_macro   0x00000000      0x34e /tmp/ccFjsxp9.o
 .debug_macro   0x00000000       0x89 /tmp/ccFjsxp9.o
 .debug_macro   0x00000000      0x379 /tmp/ccFjsxp9.o
 .debug_macro   0x00000000       0x22 /tmp/ccFjsxp9.o
 .debug_macro   0x00000000       0x16 /tmp/ccFjsxp9.o
 .debug_macro   0x00000000       0xa5 /tmp/ccFjsxp9.o
 .debug_macro   0x00000000       0x9b /tmp/ccFjsxp9.o
 .debug_macro   0x00000000       0x57 /tmp/ccFjsxp9.o
 .debug_macro   0x00000000      0x370 /tmp/ccFjsxp9.o
 .debug_macro   0x00000000       0x16 /tmp/ccFjsxp9.o
 .debug_macro   0x00000000       0x4a /tmp/ccFjsxp9.o
 .debug_macro   0x00000000       0x34 /tmp/ccFjsxp9.o
 .debug_macro   0x00000000       0x10 /tmp/ccFjsxp9.o
 .debug_macro   0x00000000       0x52 /tmp/ccFjsxp9.o
 .debug_macro   0x00000000       0x8e /tmp/ccFjsxp9.o
 .debug_macro   0x00000000       0x1c /tmp/ccFjsxp9.o
 .debug_macro   0x00000000      0x177 /tmp/ccFjsxp9.o
 .debug_macro   0x00000000       0x16 /tmp/ccFjsxp9.o
 .debug_macro   0x00000000       0x29 /tmp/ccFjsxp9.o
 .debug_macro   0x00000000       0xee /tmp/ccFjsxp9.o
 .debug_macro   0x00000000       0x58 /tmp/ccFjsxp9.o
 .group         0x00000000        0xc /tmp/ccclUMXn.o
 .group         0x00000000        0xc /tmp/ccclUMXn.o
 .group         0x00000000        0xc /tmp/ccclUMXn.o
 .group         0x00000000        0xc /tmp/ccclUMXn.o
 .group         0x00000000        0xc /tmp/ccclUMXn.o
 .group         0x00000000        0xc /tmp/ccclUMXn.o
 .group         0x00000000        0xc /tmp/ccclUMXn.o
 .group         0x00000000        0xc /tmp/ccclUMXn.o
 .group         0x00000000        0xc /tmp/ccclUMXn.o
 .group         0x00000000        0xc /tmp/ccclUMXn.o
 .group         0x00000000        0xc /tmp/ccclUMXn.o
 .group         0x00000000        0xc /tmp/ccclUMXn.o
 .group         0x00000000        0xc /tmp/ccclUMXn.o
 .group         0x00000000        0xc /tmp/ccclUMXn.o
 .group         0x00000000        0xc /tmp/ccclUMXn.o
 .group         0x00000000        0xc /tmp/ccclUMXn.o
 .group         0x00000000        0xc /tmp/ccclUMXn.o
 .group         0x00000000        0xc /tmp/ccclUMXn.o
 .group         0x00000000        0xc /tmp/ccclUMXn.o
 .group         0x00000000        0xc /tmp/ccclUMXn.o
 .group         0x00000000        0xc /tmp/ccclUMXn.o
 .group         0x00000000        0xc /tmp/ccclUMXn.o
 .group         0x00000000        0xc /tmp/ccclUMXn.o
 .group         0x00000000        0xc /tmp/ccclUMXn.o
 .group         0x00000000        0xc /tmp/ccclUMXn.o
 .group         0x00000000        0xc /tmp/ccclUMXn.o
 .group         0x00000000        0xc /tmp/ccclUMXn.o
 .group         0x00000000        0xc /tmp/ccclUMXn.o
 .text          0x00000000        0x0 /tmp/ccclUMXn.o
 .data          0x00000000        0x0 /tmp/ccclUMXn.o
 .bss           0x00000000        0x0 /tmp/ccclUMXn.o
 .debug_macro   0x00000000      0xa9c /tmp/ccclUMXn.o
 .debug_macro   0x00000000       0x24 /tmp/ccclUMXn.o
 .debug_macro   0x00000000       0x22 /tmp/ccclUMXn.o
 .debug_macro   0x00000000       0x54 /tmp/ccclUMXn.o
 .debug_macro   0x00000000       0x94 /tmp/ccclUMXn.o
 .debug_macro   0x00000000       0x43 /tmp/ccclUMXn.o
 .debug_macro   0x00000000       0x34 /tmp/ccclUMXn.o
 .debug_macro   0x00000000       0x16 /tmp/ccclUMXn.o
 .debug_macro   0x00000000      0x11c /tmp/ccclUMXn.o
 .debug_macro   0x00000000       0x9b /tmp/ccclUMXn.o
 .debug_macro   0x00000000       0x57 /tmp/ccclUMXn.o
 .debug_macro   0x00000000      0x370 /tmp/ccclUMXn.o
 .debug_macro   0x00000000       0x16 /tmp/ccclUMXn.o
 .debug_macro   0x00000000       0x4a /tmp/ccclUMXn.o
 .debug_macro   0x00000000       0x34 /tmp/ccclUMXn.o
 .debug_macro   0x00000000       0x10 /tmp/ccclUMXn.o
 .debug_macro   0x00000000       0x52 /tmp/ccclUMXn.o
 .debug_macro   0x00000000       0x8e /tmp/ccclUMXn.o
 .debug_macro   0x00000000       0x1c /tmp/ccclUMXn.o
 .debug_macro   0x00000000      0x177 /tmp/ccclUMXn.o
 .debug_macro   0x00000000       0x16 /tmp/ccclUMXn.o
 .debug_macro   0x00000000       0x29 /tmp/ccclUMXn.o
 .debug_macro   0x00000000      0x103 /tmp/ccclUMXn.o
 .debug_macro   0x00000000      0x34e /tmp/ccclUMXn.o
 .debug_macro   0x00000000       0x3c /tmp/ccclUMXn.o
 .debug_macro   0x00000000      0x379 /tmp/ccclUMXn.o
 .debug_macro   0x00000000       0x22 /tmp/ccclUMXn.o
 .debug_macro   0x00000000       0xee /tmp/ccclUMXn.o
 .data          0x00000000        0x0 /usr/lib/gcc/arm-none-eabi/13.2.1/../../../arm-none-eabi/lib/thumb/v6-m/nofp/libc_nano.a(libc_a-memcpy-stub.o)
 .bss           0x00000000        0x0 /usr/lib/gcc/arm-none-eabi/13.2.1/../../../arm-none-eabi/lib/thumb/v6-m/nofp/libc_nano.a(libc_a-memcpy-stub.o)
 .text          0x00000000       0x5c /usr/lib/gcc/arm-none-eabi/13.2.1/thumb/v6-m/nofp/libgcc.a(_muldi3.o)
 .data          0x00000000        0x0 /usr/lib/gcc/arm-none-eabi/13.2.1/thumb/v6-m/nofp/libgcc.a(_muldi3.o)
 .bss           0x00000000        0x0 /usr/lib/gcc/arm-none-eabi/13.2.1/thumb/v6-m/nofp/libgcc.a(_muldi3.o)
 .debug_info    0x00000000      0x420 /usr/lib/gcc/arm-none-eabi/13.2.1/thumb/v6-m/nofp/libgcc.a(_muldi3.o)
 .debug_abbrev  0x00000000      0x152 /usr/lib/gcc/arm-none-eabi/13.2.1/thumb/v6-m/nofp/libgcc.a(_muldi3.o)
 .debug_loclists
                0x00000000      0x13c /usr/lib/gcc/arm-none-eabi/13.2.1/thumb/v6-m/nofp/libgcc.a(_muldi3.o)
 .debug_aranges
                0x00000000       0x20 /usr/lib/gcc/arm-none-eabi/13.2.1/thumb/v6-m/nofp/libgcc.a(_muldi3.o)
 .debug_rnglists
                0x00000000       0x22 /usr/lib/gcc/arm-none-eabi/13.2.1/thumb/v6-m/nofp/libgcc.a(_muldi3.o)
 .debug_line    0x00000000      0x11f /usr/lib/gcc/arm-none-eabi/13.2.1/thumb/v6-m/nofp/libgcc.a(_muldi3.o)
 .debug_str     0x00000000      0x66a /usr/lib/gcc/arm-none-eabi/13.2.1/thumb/v6-m/nofp/libgcc.a(_muldi3.o)
 .comment       0x00000000       0x27 /usr/lib/gcc/arm-none-eabi/13.2.1/thumb/v6-m/nofp/libgcc.a(_muldi3.o)
 .debug_frame   0x00000000       0x34 /usr/lib/gcc/arm-none-eabi/13.2.1/thumb/v6-m/nofp/libgcc.a(_muldi3.o)
 .ARM.attributes
                0x00000000       0x2c /usr/lib/gcc/arm-none-eabi/13.2.1/thumb/v6-m/nofp/libgcc.a(_muldi3.o)

Memory Configuration

Name             Origin             Length             Attributes
flash            0x08000000         0x00080000         xr
sram             0x20000000         0x00024000         xrw
*default*        0x00000000         0xffffffff

Linker script and memory map

LOAD /tmp/ccEZjaIx.o
LOAD /tmp/ccfwZE3f.o
LOAD /tmp/cc9mcQpK.o
LOAD /tmp/ccFjsxp9.o
LOAD /tmp/ccclUMXn.o
LOAD /usr/lib/gcc/arm-none-eabi/13.2.1/../../../arm-none-eabi/lib/thumb/v6-m/nofp/libc_nano.a
LOAD /usr/lib/gcc/arm-none-eabi/13.2.1/thumb/v6-m/nofp/libgcc.a
                0x20024000                        _estack = (ORIGIN (sram) + LENGTH (sram))

.vectors        0x08000000       0xc0
 *(.vectors)
 .vectors       0x08000000       0xc0 /tmp/ccfwZE3f.o
                0x08000000                tab

.text           0x080000c0      0xc10
 *(.text*)
 .text.init_clock
                0x080000c0       0x38 /tmp/ccEZjaIx.o
 .text.systick_init
                0x080000f8       0x48 /tmp/ccEZjaIx.o
 .text.PA2_out_init
                0x08000140       0x4c /tmp/ccEZjaIx.o
 .text.main     0x0800018c       0xa4 /tmp/ccEZjaIx.o
                0x0800018c                main
 .text.SysTick_IRQHandler
                0x08000230       0x28 /tmp/ccEZjaIx.o
                0x08000230                SysTick_IRQHandler
 .text.TIM16_FDCAN_IT0_IRQHandler
                0x08000258       0xd4 /tmp/ccEZjaIx.o
                0x08000258                TIM16_FDCAN_IT0_IRQHandler
 .text._reset   0x0800032c       0x44 /tmp/ccfwZE3f.o
                0x0800032c                _reset
 .text.TIM17_FDCAN_IT1_IRQHandler
                0x08000370        0x8 /tmp/ccfwZE3f.o
                0x08000370                TIM17_FDCAN_IT1_IRQHandler
 .text.USART1_IRQHandler
                0x08000378        0x8 /tmp/ccfwZE3f.o
                0x08000378                USART1_IRQHandler
 .text.USART2_IRQHandler
                0x08000380        0x8 /tmp/ccfwZE3f.o
                0x08000380                USART2_IRQHandler
 .text.I2C1_Init
                0x08000388      0x12c /tmp/cc9mcQpK.o
                0x08000388                I2C1_Init
 .text.I2C1_Write
                0x080004b4      0x17c /tmp/cc9mcQpK.o
                0x080004b4                I2C1_Write
 .text.I2C1_ReadReg
                0x08000630      0x1b4 /tmp/cc9mcQpK.o
                0x08000630                I2C1_ReadReg
 .text.INA228_Init
                0x080007e4       0x60 /tmp/ccFjsxp9.o
                0x080007e4                INA228_Init
 .text.INA228_ReadRegister
                0x08000844       0x3c /tmp/ccFjsxp9.o
                0x08000844                INA228_ReadRegister
 .text.INA228_WriteRegister
                0x08000880       0x4c /tmp/ccFjsxp9.o
                0x08000880                INA228_WriteRegister
 .text.INA228_ReadShuntV
                0x080008cc       0x94 /tmp/ccFjsxp9.o
                0x080008cc                INA228_ReadShuntV
 .text.INA228_ReadTemp
                0x08000960       0x70 /tmp/ccFjsxp9.o
                0x08000960                INA228_ReadTemp
 .text.Can_Init
                0x080009d0      0x218 /tmp/ccclUMXn.o
                0x080009d0                Can_Init
 .text.FDCAN2_Send_Std_CAN_Message
                0x08000be8       0x5c /tmp/ccclUMXn.o
                0x08000be8                FDCAN2_Send_Std_CAN_Message
 .text          0x08000c44       0x8c /usr/lib/gcc/arm-none-eabi/13.2.1/../../../arm-none-eabi/lib/thumb/v6-m/nofp/libc_nano.a(libc_a-memcpy-stub.o)
                0x08000c44                memcpy

.glue_7         0x08000cd0        0x0
 .glue_7        0x08000cd0        0x0 linker stubs

.glue_7t        0x08000cd0        0x0
 .glue_7t       0x08000cd0        0x0 linker stubs

.vfp11_veneer   0x08000cd0        0x0
 .vfp11_veneer  0x08000cd0        0x0 linker stubs

.v4_bx          0x08000cd0        0x0
 .v4_bx         0x08000cd0        0x0 linker stubs

.iplt           0x08000cd0        0x0
 .iplt          0x08000cd0        0x0 /tmp/ccEZjaIx.o

.rel.dyn        0x08000cd0        0x0
 .rel.iplt      0x08000cd0        0x0 /tmp/ccEZjaIx.o

.rodata
 *(.rodata*)

.data           0x20000000        0x4 load address 0x08000cd0
                0x20000000                        _sdata = .
 *(.first_data)
 *(.data SORT_BY_NAME(.data.*))
 .data.timeout  0x20000000        0x4 /tmp/cc9mcQpK.o
                0x20000000                timeout
                0x20000004                        _edata = .
                0x08000cd0                        _sidata = LOADADDR (.data)

.igot.plt       0x20000004        0x0 load address 0x08000cd4
 .igot.plt      0x20000004        0x0 /tmp/ccEZjaIx.o

.bss            0x20000004       0x2a load address 0x08000cd4
                0x20000004                        _sbss = .
 *(.bss SORT_BY_NAME(.bss.*) COMMON)
 .bss.HostCommand
                0x20000004        0x8 /tmp/ccEZjaIx.o
                0x20000004                HostCommand
 .bss.HostStatus
                0x2000000c        0x8 /tmp/ccEZjaIx.o
                0x2000000c                HostStatus
 .bss.Kaponk1   0x20000014        0x2 /tmp/ccEZjaIx.o
                0x20000014                Kaponk1
 *fill*         0x20000016        0x2 
 .bss.Kaponk3   0x20000018        0x4 /tmp/ccEZjaIx.o
                0x20000018                Kaponk3
 .bss.ShuntV_uV
                0x2000001c        0x4 /tmp/ccEZjaIx.o
                0x2000001c                ShuntV_uV
 .bss.Temperature
                0x20000020        0x2 /tmp/ccEZjaIx.o
                0x20000020                Temperature
 *fill*         0x20000022        0x2 
 .bss.counter_loop
                0x20000024        0x4 /tmp/ccclUMXn.o
                0x20000024                counter_loop
 .bss.one_sec_tick
                0x20000028        0x4 /tmp/ccEZjaIx.o
                0x20000028                one_sec_tick
 .bss.rx_flag   0x2000002c        0x1 /tmp/ccEZjaIx.o
                0x2000002c                rx_flag
 .bss.x         0x2000002d        0x1 /tmp/ccEZjaIx.o
                0x2000002d                x
                0x2000002e                        _ebss = .
                0x20000030                        . = ALIGN (0x8)
                0x20000030                        _end = .
OUTPUT(firmware.elf elf32-littlearm)
LOAD linker stubs

.debug_info     0x00000000     0x1a4f
 .debug_info    0x00000000      0x8e8 /tmp/ccEZjaIx.o
 .debug_info    0x000008e8      0x194 /tmp/ccfwZE3f.o
 .debug_info    0x00000a7c      0x415 /tmp/cc9mcQpK.o
 .debug_info    0x00000e91      0x4da /tmp/ccFjsxp9.o
 .debug_info    0x0000136b      0x592 /tmp/ccclUMXn.o
 .debug_info    0x000018fd      0x152 /usr/lib/gcc/arm-none-eabi/13.2.1/../../../arm-none-eabi/lib/thumb/v6-m/nofp/libc_nano.a(libc_a-memcpy-stub.o)

.debug_abbrev   0x00000000      0x74c
 .debug_abbrev  0x00000000      0x1f9 /tmp/ccEZjaIx.o
 .debug_abbrev  0x000001f9      0x105 /tmp/ccfwZE3f.o
 .debug_abbrev  0x000002fe      0x139 /tmp/cc9mcQpK.o
 .debug_abbrev  0x00000437      0x117 /tmp/ccFjsxp9.o
 .debug_abbrev  0x0000054e      0x134 /tmp/ccclUMXn.o
 .debug_abbrev  0x00000682       0xca /usr/lib/gcc/arm-none-eabi/13.2.1/../../../arm-none-eabi/lib/thumb/v6-m/nofp/libc_nano.a(libc_a-memcpy-stub.o)

.debug_aranges  0x00000000      0x180
 .debug_aranges
                0x00000000       0x48 /tmp/ccEZjaIx.o
 .debug_aranges
                0x00000048       0x48 /tmp/ccfwZE3f.o
 .debug_aranges
                0x00000090       0x30 /tmp/cc9mcQpK.o
 .debug_aranges
                0x000000c0       0x78 /tmp/ccFjsxp9.o
 .debug_aranges
                0x00000138       0x28 /tmp/ccclUMXn.o
 .debug_aranges
                0x00000160       0x20 /usr/lib/gcc/arm-none-eabi/13.2.1/../../../arm-none-eabi/lib/thumb/v6-m/nofp/libc_nano.a(libc_a-memcpy-stub.o)

.debug_rnglists
                0x00000000       0xf9
 .debug_rnglists
                0x00000000       0x33 /tmp/ccEZjaIx.o
 .debug_rnglists
                0x00000033       0x31 /tmp/ccfwZE3f.o
 .debug_rnglists
                0x00000064       0x22 /tmp/cc9mcQpK.o
 .debug_rnglists
                0x00000086       0x59 /tmp/ccFjsxp9.o
 .debug_rnglists
                0x000000df       0x1a /tmp/ccclUMXn.o

.debug_macro    0x00000000     0x29de
 .debug_macro   0x00000000      0x1a7 /tmp/ccEZjaIx.o
 .debug_macro   0x000001a7      0xa9c /tmp/ccEZjaIx.o
 .debug_macro   0x00000c43       0x22 /tmp/ccEZjaIx.o
 .debug_macro   0x00000c65       0x54 /tmp/ccEZjaIx.o
 .debug_macro   0x00000cb9       0x24 /tmp/ccEZjaIx.o
 .debug_macro   0x00000cdd       0x94 /tmp/ccEZjaIx.o
 .debug_macro   0x00000d71       0x43 /tmp/ccEZjaIx.o
 .debug_macro   0x00000db4      0x103 /tmp/ccEZjaIx.o
 .debug_macro   0x00000eb7       0x3a /tmp/ccEZjaIx.o
 .debug_macro   0x00000ef1      0x34e /tmp/ccEZjaIx.o
 .debug_macro   0x0000123f       0x89 /tmp/ccEZjaIx.o
 .debug_macro   0x000012c8      0x379 /tmp/ccEZjaIx.o
 .debug_macro   0x00001641       0x22 /tmp/ccEZjaIx.o
 .debug_macro   0x00001663       0x16 /tmp/ccEZjaIx.o
 .debug_macro   0x00001679       0xa5 /tmp/ccEZjaIx.o
 .debug_macro   0x0000171e       0x9b /tmp/ccEZjaIx.o
 .debug_macro   0x000017b9       0x57 /tmp/ccEZjaIx.o
 .debug_macro   0x00001810      0x370 /tmp/ccEZjaIx.o
 .debug_macro   0x00001b80       0x16 /tmp/ccEZjaIx.o
 .debug_macro   0x00001b96       0x4a /tmp/ccEZjaIx.o
 .debug_macro   0x00001be0       0x34 /tmp/ccEZjaIx.o
 .debug_macro   0x00001c14       0x10 /tmp/ccEZjaIx.o
 .debug_macro   0x00001c24       0x52 /tmp/ccEZjaIx.o
 .debug_macro   0x00001c76       0x8e /tmp/ccEZjaIx.o
 .debug_macro   0x00001d04       0x1c /tmp/ccEZjaIx.o
 .debug_macro   0x00001d20      0x177 /tmp/ccEZjaIx.o
 .debug_macro   0x00001e97       0x16 /tmp/ccEZjaIx.o
 .debug_macro   0x00001ead       0x29 /tmp/ccEZjaIx.o
 .debug_macro   0x00001ed6       0x16 /tmp/ccEZjaIx.o
 .debug_macro   0x00001eec       0x3c /tmp/ccEZjaIx.o
 .debug_macro   0x00001f28       0xee /tmp/ccEZjaIx.o
 .debug_macro   0x00002016       0x5e /tmp/ccEZjaIx.o
 .debug_macro   0x00002074       0x1a /tmp/ccfwZE3f.o
 .debug_macro   0x0000208e      0x164 /tmp/cc9mcQpK.o
 .debug_macro   0x000021f2       0x34 /tmp/cc9mcQpK.o
 .debug_macro   0x00002226      0x11c /tmp/cc9mcQpK.o
 .debug_macro   0x00002342      0x379 /tmp/cc9mcQpK.o
 .debug_macro   0x000026bb       0x58 /tmp/cc9mcQpK.o
 .debug_macro   0x00002713      0x168 /tmp/ccFjsxp9.o
 .debug_macro   0x0000287b      0x163 /tmp/ccclUMXn.o

.debug_line     0x00000000     0x1493
 .debug_line    0x00000000      0x3b0 /tmp/ccEZjaIx.o
 .debug_line    0x000003b0      0x126 /tmp/ccfwZE3f.o
 .debug_line    0x000004d6      0x50c /tmp/cc9mcQpK.o
 .debug_line    0x000009e2      0x576 /tmp/ccFjsxp9.o
 .debug_line    0x00000f58      0x354 /tmp/ccclUMXn.o
 .debug_line    0x000012ac      0x1e7 /usr/lib/gcc/arm-none-eabi/13.2.1/../../../arm-none-eabi/lib/thumb/v6-m/nofp/libc_nano.a(libc_a-memcpy-stub.o)

.debug_str      0x00000000     0x8edc
 .debug_str     0x00000000     0x8edc /tmp/ccEZjaIx.o
                               0x8cd8 (size before relaxing)
 .debug_str     0x00008edc     0x3866 /tmp/ccfwZE3f.o
 .debug_str     0x00008edc     0x89f3 /tmp/cc9mcQpK.o
 .debug_str     0x00008edc     0x8ae3 /tmp/ccFjsxp9.o
 .debug_str     0x00008edc     0x8948 /tmp/ccclUMXn.o
 .debug_str     0x00008edc      0x1c3 /usr/lib/gcc/arm-none-eabi/13.2.1/../../../arm-none-eabi/lib/thumb/v6-m/nofp/libc_nano.a(libc_a-memcpy-stub.o)

.comment        0x00000000       0x26
 .comment       0x00000000       0x26 /tmp/ccEZjaIx.o
                                 0x27 (size before relaxing)
 .comment       0x00000026       0x27 /tmp/ccfwZE3f.o
 .comment       0x00000026       0x27 /tmp/cc9mcQpK.o
 .comment       0x00000026       0x27 /tmp/ccFjsxp9.o
 .comment       0x00000026       0x27 /tmp/ccclUMXn.o
 .comment       0x00000026       0x27 /usr/lib/gcc/arm-none-eabi/13.2.1/../../../arm-none-eabi/lib/thumb/v6-m/nofp/libc_nano.a(libc_a-memcpy-stub.o)

.ARM.attributes
                0x00000000       0x2c
 .ARM.attributes
                0x00000000       0x2c /tmp/ccEZjaIx.o
 .ARM.attributes
                0x0000002c       0x2c /tmp/ccfwZE3f.o
 .ARM.attributes
                0x00000058       0x2c /tmp/cc9mcQpK.o
 .ARM.attributes
                0x00000084       0x2c /tmp/ccFjsxp9.o
 .ARM.attributes
                0x000000b0       0x2c /tmp/ccclUMXn.o
 .ARM.attributes
                0x000000dc       0x2c /usr/lib/gcc/arm-none-eabi/13.2.1/../../../arm-none-eabi/lib/thumb/v6-m/nofp/libc_nano.a(libc_a-memcpy-stub.o)

.debug_frame    0x00000000      0x3ec
 .debug_frame   0x00000000       0xc0 /tmp/ccEZjaIx.o
 .debug_frame   0x000000c0       0xac /tmp/ccfwZE3f.o
 .debug_frame   0x0000016c       0x6c /tmp/cc9mcQpK.o
 .debug_frame   0x000001d8      0x198 /tmp/ccFjsxp9.o
 .debug_frame   0x00000370       0x4c /tmp/ccclUMXn.o
 .debug_frame   0x000003bc       0x30 /usr/lib/gcc/arm-none-eabi/13.2.1/../../../arm-none-eabi/lib/thumb/v6-m/nofp/libc_nano.a(libc_a-memcpy-stub.o)

.debug_loclists
                0x00000000      0x2c7
 .debug_loclists
                0x00000000      0x2c7 /usr/lib/gcc/arm-none-eabi/13.2.1/../../../arm-none-eabi/lib/thumb/v6-m/nofp/libc_nano.a(libc_a-memcpy-stub.o)
