Archive member included to satisfy reference by file (symbol)

/usr/lib/gcc/arm-none-eabi/13.2.1/../../../arm-none-eabi/lib/thumb/v7e-m+dp/hard/libc_nano.a(libc_a-memcpy.o)
                              /tmp/ccp8fJ6G.o (memcpy)

Discarded input sections

 .group         0x00000000        0xc /tmp/ccust9DS.o
 .group         0x00000000        0xc /tmp/ccust9DS.o
 .group         0x00000000        0xc /tmp/ccust9DS.o
 .group         0x00000000        0xc /tmp/ccust9DS.o
 .group         0x00000000        0xc /tmp/ccust9DS.o
 .group         0x00000000        0xc /tmp/ccust9DS.o
 .group         0x00000000        0xc /tmp/ccust9DS.o
 .group         0x00000000        0xc /tmp/ccust9DS.o
 .group         0x00000000        0xc /tmp/ccust9DS.o
 .group         0x00000000        0xc /tmp/ccust9DS.o
 .group         0x00000000        0xc /tmp/ccust9DS.o
 .group         0x00000000        0xc /tmp/ccust9DS.o
 .group         0x00000000        0xc /tmp/ccust9DS.o
 .group         0x00000000        0xc /tmp/ccust9DS.o
 .group         0x00000000        0xc /tmp/ccust9DS.o
 .group         0x00000000        0xc /tmp/ccust9DS.o
 .group         0x00000000        0xc /tmp/ccust9DS.o
 .group         0x00000000        0xc /tmp/ccust9DS.o
 .group         0x00000000        0xc /tmp/ccust9DS.o
 .group         0x00000000        0xc /tmp/ccust9DS.o
 .group         0x00000000        0xc /tmp/ccust9DS.o
 .group         0x00000000        0xc /tmp/ccust9DS.o
 .group         0x00000000        0xc /tmp/ccust9DS.o
 .group         0x00000000        0xc /tmp/ccust9DS.o
 .group         0x00000000        0xc /tmp/ccust9DS.o
 .group         0x00000000        0xc /tmp/ccust9DS.o
 .group         0x00000000        0xc /tmp/ccust9DS.o
 .group         0x00000000        0xc /tmp/ccust9DS.o
 .group         0x00000000        0xc /tmp/ccust9DS.o
 .group         0x00000000        0xc /tmp/ccust9DS.o
 .group         0x00000000        0xc /tmp/ccust9DS.o
 .group         0x00000000        0xc /tmp/ccust9DS.o
 .group         0x00000000        0xc /tmp/ccust9DS.o
 .group         0x00000000        0xc /tmp/ccust9DS.o
 .group         0x00000000        0xc /tmp/ccust9DS.o
 .group         0x00000000        0xc /tmp/ccust9DS.o
 .text          0x00000000        0x0 /tmp/ccust9DS.o
 .data          0x00000000        0x0 /tmp/ccust9DS.o
 .bss           0x00000000        0x0 /tmp/ccust9DS.o
 .bss.temp      0x00000000       0x40 /tmp/ccust9DS.o
 .group         0x00000000        0xc /tmp/ccnGvZWU.o
 .group         0x00000000        0xc /tmp/ccnGvZWU.o
 .text          0x00000000        0x0 /tmp/ccnGvZWU.o
 .data          0x00000000        0x0 /tmp/ccnGvZWU.o
 .bss           0x00000000        0x0 /tmp/ccnGvZWU.o
 .text.SysTick_IRQHandler
                0x00000000        0x8 /tmp/ccnGvZWU.o
 .text.FDCAN1_IT0_IRQHandler
                0x00000000        0x8 /tmp/ccnGvZWU.o
 .debug_macro   0x00000000      0xade /tmp/ccnGvZWU.o
 .debug_macro   0x00000000      0x34e /tmp/ccnGvZWU.o
 .group         0x00000000        0xc /tmp/ccA7yTSt.o
 .group         0x00000000        0xc /tmp/ccA7yTSt.o
 .group         0x00000000        0xc /tmp/ccA7yTSt.o
 .group         0x00000000        0xc /tmp/ccA7yTSt.o
 .group         0x00000000        0xc /tmp/ccA7yTSt.o
 .group         0x00000000        0xc /tmp/ccA7yTSt.o
 .group         0x00000000        0xc /tmp/ccA7yTSt.o
 .group         0x00000000        0xc /tmp/ccA7yTSt.o
 .group         0x00000000        0xc /tmp/ccA7yTSt.o
 .group         0x00000000        0xc /tmp/ccA7yTSt.o
 .group         0x00000000        0xc /tmp/ccA7yTSt.o
 .group         0x00000000        0xc /tmp/ccA7yTSt.o
 .group         0x00000000        0xc /tmp/ccA7yTSt.o
 .group         0x00000000        0xc /tmp/ccA7yTSt.o
 .group         0x00000000        0xc /tmp/ccA7yTSt.o
 .group         0x00000000        0xc /tmp/ccA7yTSt.o
 .group         0x00000000        0xc /tmp/ccA7yTSt.o
 .group         0x00000000        0xc /tmp/ccA7yTSt.o
 .group         0x00000000        0xc /tmp/ccA7yTSt.o
 .group         0x00000000        0xc /tmp/ccA7yTSt.o
 .group         0x00000000        0xc /tmp/ccA7yTSt.o
 .group         0x00000000        0xc /tmp/ccA7yTSt.o
 .group         0x00000000        0xc /tmp/ccA7yTSt.o
 .group         0x00000000        0xc /tmp/ccA7yTSt.o
 .group         0x00000000        0xc /tmp/ccA7yTSt.o
 .group         0x00000000        0xc /tmp/ccA7yTSt.o
 .group         0x00000000        0xc /tmp/ccA7yTSt.o
 .group         0x00000000        0xc /tmp/ccA7yTSt.o
 .text          0x00000000        0x0 /tmp/ccA7yTSt.o
 .data          0x00000000        0x0 /tmp/ccA7yTSt.o
 .bss           0x00000000        0x0 /tmp/ccA7yTSt.o
 .debug_macro   0x00000000      0xade /tmp/ccA7yTSt.o
 .debug_macro   0x00000000       0x29 /tmp/ccA7yTSt.o
 .debug_macro   0x00000000       0x22 /tmp/ccA7yTSt.o
 .debug_macro   0x00000000       0x54 /tmp/ccA7yTSt.o
 .debug_macro   0x00000000       0x94 /tmp/ccA7yTSt.o
 .debug_macro   0x00000000       0x43 /tmp/ccA7yTSt.o
 .debug_macro   0x00000000       0x16 /tmp/ccA7yTSt.o
 .debug_macro   0x00000000       0x9b /tmp/ccA7yTSt.o
 .debug_macro   0x00000000       0x57 /tmp/ccA7yTSt.o
 .debug_macro   0x00000000      0x370 /tmp/ccA7yTSt.o
 .debug_macro   0x00000000       0x16 /tmp/ccA7yTSt.o
 .debug_macro   0x00000000       0x4a /tmp/ccA7yTSt.o
 .debug_macro   0x00000000       0x34 /tmp/ccA7yTSt.o
 .debug_macro   0x00000000       0x10 /tmp/ccA7yTSt.o
 .debug_macro   0x00000000       0x52 /tmp/ccA7yTSt.o
 .debug_macro   0x00000000       0x8e /tmp/ccA7yTSt.o
 .debug_macro   0x00000000       0x1c /tmp/ccA7yTSt.o
 .debug_macro   0x00000000      0x177 /tmp/ccA7yTSt.o
 .debug_macro   0x00000000       0x16 /tmp/ccA7yTSt.o
 .debug_macro   0x00000000       0x29 /tmp/ccA7yTSt.o
 .debug_macro   0x00000000      0x103 /tmp/ccA7yTSt.o
 .debug_macro   0x00000000      0x34e /tmp/ccA7yTSt.o
 .debug_macro   0x00000000       0x3c /tmp/ccA7yTSt.o
 .debug_macro   0x00000000       0x22 /tmp/ccA7yTSt.o
 .debug_macro   0x00000000      0x151 /tmp/ccA7yTSt.o
 .group         0x00000000        0xc /tmp/ccClJ89Y.o
 .group         0x00000000        0xc /tmp/ccClJ89Y.o
 .group         0x00000000        0xc /tmp/ccClJ89Y.o
 .group         0x00000000        0xc /tmp/ccClJ89Y.o
 .group         0x00000000        0xc /tmp/ccClJ89Y.o
 .group         0x00000000        0xc /tmp/ccClJ89Y.o
 .group         0x00000000        0xc /tmp/ccClJ89Y.o
 .group         0x00000000        0xc /tmp/ccClJ89Y.o
 .group         0x00000000        0xc /tmp/ccClJ89Y.o
 .group         0x00000000        0xc /tmp/ccClJ89Y.o
 .group         0x00000000        0xc /tmp/ccClJ89Y.o
 .group         0x00000000        0xc /tmp/ccClJ89Y.o
 .group         0x00000000        0xc /tmp/ccClJ89Y.o
 .group         0x00000000        0xc /tmp/ccClJ89Y.o
 .group         0x00000000        0xc /tmp/ccClJ89Y.o
 .group         0x00000000        0xc /tmp/ccClJ89Y.o
 .group         0x00000000        0xc /tmp/ccClJ89Y.o
 .group         0x00000000        0xc /tmp/ccClJ89Y.o
 .group         0x00000000        0xc /tmp/ccClJ89Y.o
 .group         0x00000000        0xc /tmp/ccClJ89Y.o
 .group         0x00000000        0xc /tmp/ccClJ89Y.o
 .group         0x00000000        0xc /tmp/ccClJ89Y.o
 .group         0x00000000        0xc /tmp/ccClJ89Y.o
 .group         0x00000000        0xc /tmp/ccClJ89Y.o
 .group         0x00000000        0xc /tmp/ccClJ89Y.o
 .group         0x00000000        0xc /tmp/ccClJ89Y.o
 .group         0x00000000        0xc /tmp/ccClJ89Y.o
 .group         0x00000000        0xc /tmp/ccClJ89Y.o
 .group         0x00000000        0xc /tmp/ccClJ89Y.o
 .group         0x00000000        0xc /tmp/ccClJ89Y.o
 .text          0x00000000        0x0 /tmp/ccClJ89Y.o
 .data          0x00000000        0x0 /tmp/ccClJ89Y.o
 .bss           0x00000000        0x0 /tmp/ccClJ89Y.o
 .data.chargevoltage
                0x00000000        0x2 /tmp/ccClJ89Y.o
 .data.chargecurrent
                0x00000000        0x2 /tmp/ccClJ89Y.o
 .data.disvoltage
                0x00000000        0x2 /tmp/ccClJ89Y.o
 .data.discurrent
                0x00000000        0x2 /tmp/ccClJ89Y.o
 .bss.mes       0x00000000        0x8 /tmp/ccClJ89Y.o
 .data.bmsname  0x00000000        0x8 /tmp/ccClJ89Y.o
 .data.bmsmanu  0x00000000        0x8 /tmp/ccClJ89Y.o
 .data.SOC      0x00000000        0x4 /tmp/ccClJ89Y.o
 .data.PackVoltage
                0x00000000        0x8 /tmp/ccClJ89Y.o
 .data.AvgTemperature
                0x00000000        0x4 /tmp/ccClJ89Y.o
 .bss.currentact
                0x00000000        0x2 /tmp/ccClJ89Y.o
 .debug_macro   0x00000000      0xade /tmp/ccClJ89Y.o
 .debug_macro   0x00000000       0x22 /tmp/ccClJ89Y.o
 .debug_macro   0x00000000       0x54 /tmp/ccClJ89Y.o
 .debug_macro   0x00000000       0x29 /tmp/ccClJ89Y.o
 .debug_macro   0x00000000       0x94 /tmp/ccClJ89Y.o
 .debug_macro   0x00000000       0x43 /tmp/ccClJ89Y.o
 .debug_macro   0x00000000      0x103 /tmp/ccClJ89Y.o
 .debug_macro   0x00000000       0x3a /tmp/ccClJ89Y.o
 .debug_macro   0x00000000      0x34e /tmp/ccClJ89Y.o
 .debug_macro   0x00000000       0x89 /tmp/ccClJ89Y.o
 .debug_macro   0x00000000      0x379 /tmp/ccClJ89Y.o
 .debug_macro   0x00000000       0x16 /tmp/ccClJ89Y.o
 .debug_macro   0x00000000       0xa5 /tmp/ccClJ89Y.o
 .debug_macro   0x00000000       0x9b /tmp/ccClJ89Y.o
 .debug_macro   0x00000000       0x57 /tmp/ccClJ89Y.o
 .debug_macro   0x00000000      0x370 /tmp/ccClJ89Y.o
 .debug_macro   0x00000000       0x16 /tmp/ccClJ89Y.o
 .debug_macro   0x00000000       0x4a /tmp/ccClJ89Y.o
 .debug_macro   0x00000000       0x34 /tmp/ccClJ89Y.o
 .debug_macro   0x00000000       0x10 /tmp/ccClJ89Y.o
 .debug_macro   0x00000000       0x52 /tmp/ccClJ89Y.o
 .debug_macro   0x00000000       0x8e /tmp/ccClJ89Y.o
 .debug_macro   0x00000000       0x1c /tmp/ccClJ89Y.o
 .debug_macro   0x00000000      0x177 /tmp/ccClJ89Y.o
 .debug_macro   0x00000000       0x16 /tmp/ccClJ89Y.o
 .debug_macro   0x00000000       0x29 /tmp/ccClJ89Y.o
 .debug_macro   0x00000000       0x22 /tmp/ccClJ89Y.o
 .debug_macro   0x00000000       0x16 /tmp/ccClJ89Y.o
 .debug_macro   0x00000000       0x3c /tmp/ccClJ89Y.o
 .debug_macro   0x00000000      0x151 /tmp/ccClJ89Y.o
 .group         0x00000000        0xc /tmp/ccp8fJ6G.o
 .group         0x00000000        0xc /tmp/ccp8fJ6G.o
 .group         0x00000000        0xc /tmp/ccp8fJ6G.o
 .group         0x00000000        0xc /tmp/ccp8fJ6G.o
 .group         0x00000000        0xc /tmp/ccp8fJ6G.o
 .group         0x00000000        0xc /tmp/ccp8fJ6G.o
 .group         0x00000000        0xc /tmp/ccp8fJ6G.o
 .group         0x00000000        0xc /tmp/ccp8fJ6G.o
 .group         0x00000000        0xc /tmp/ccp8fJ6G.o
 .group         0x00000000        0xc /tmp/ccp8fJ6G.o
 .group         0x00000000        0xc /tmp/ccp8fJ6G.o
 .group         0x00000000        0xc /tmp/ccp8fJ6G.o
 .group         0x00000000        0xc /tmp/ccp8fJ6G.o
 .group         0x00000000        0xc /tmp/ccp8fJ6G.o
 .group         0x00000000        0xc /tmp/ccp8fJ6G.o
 .group         0x00000000        0xc /tmp/ccp8fJ6G.o
 .group         0x00000000        0xc /tmp/ccp8fJ6G.o
 .group         0x00000000        0xc /tmp/ccp8fJ6G.o
 .group         0x00000000        0xc /tmp/ccp8fJ6G.o
 .group         0x00000000        0xc /tmp/ccp8fJ6G.o
 .group         0x00000000        0xc /tmp/ccp8fJ6G.o
 .group         0x00000000        0xc /tmp/ccp8fJ6G.o
 .group         0x00000000        0xc /tmp/ccp8fJ6G.o
 .group         0x00000000        0xc /tmp/ccp8fJ6G.o
 .group         0x00000000        0xc /tmp/ccp8fJ6G.o
 .group         0x00000000        0xc /tmp/ccp8fJ6G.o
 .group         0x00000000        0xc /tmp/ccp8fJ6G.o
 .group         0x00000000        0xc /tmp/ccp8fJ6G.o
 .group         0x00000000        0xc /tmp/ccp8fJ6G.o
 .text          0x00000000        0x0 /tmp/ccp8fJ6G.o
 .data          0x00000000        0x0 /tmp/ccp8fJ6G.o
 .bss           0x00000000        0x0 /tmp/ccp8fJ6G.o
 .debug_macro   0x00000000      0xade /tmp/ccp8fJ6G.o
 .debug_macro   0x00000000       0x29 /tmp/ccp8fJ6G.o
 .debug_macro   0x00000000       0x22 /tmp/ccp8fJ6G.o
 .debug_macro   0x00000000       0x54 /tmp/ccp8fJ6G.o
 .debug_macro   0x00000000       0x94 /tmp/ccp8fJ6G.o
 .debug_macro   0x00000000       0x43 /tmp/ccp8fJ6G.o
 .debug_macro   0x00000000       0x34 /tmp/ccp8fJ6G.o
 .debug_macro   0x00000000       0x16 /tmp/ccp8fJ6G.o
 .debug_macro   0x00000000      0x11c /tmp/ccp8fJ6G.o
 .debug_macro   0x00000000       0x9b /tmp/ccp8fJ6G.o
 .debug_macro   0x00000000       0x57 /tmp/ccp8fJ6G.o
 .debug_macro   0x00000000      0x370 /tmp/ccp8fJ6G.o
 .debug_macro   0x00000000       0x16 /tmp/ccp8fJ6G.o
 .debug_macro   0x00000000       0x4a /tmp/ccp8fJ6G.o
 .debug_macro   0x00000000       0x34 /tmp/ccp8fJ6G.o
 .debug_macro   0x00000000       0x10 /tmp/ccp8fJ6G.o
 .debug_macro   0x00000000       0x52 /tmp/ccp8fJ6G.o
 .debug_macro   0x00000000       0x8e /tmp/ccp8fJ6G.o
 .debug_macro   0x00000000       0x1c /tmp/ccp8fJ6G.o
 .debug_macro   0x00000000      0x177 /tmp/ccp8fJ6G.o
 .debug_macro   0x00000000       0x16 /tmp/ccp8fJ6G.o
 .debug_macro   0x00000000       0x29 /tmp/ccp8fJ6G.o
 .debug_macro   0x00000000      0x103 /tmp/ccp8fJ6G.o
 .debug_macro   0x00000000      0x34e /tmp/ccp8fJ6G.o
 .debug_macro   0x00000000       0x3c /tmp/ccp8fJ6G.o
 .debug_macro   0x00000000      0x379 /tmp/ccp8fJ6G.o
 .debug_macro   0x00000000       0x22 /tmp/ccp8fJ6G.o
 .debug_macro   0x00000000       0x16 /tmp/ccp8fJ6G.o
 .debug_macro   0x00000000      0x151 /tmp/ccp8fJ6G.o
 .group         0x00000000        0xc /tmp/ccOkIEeH.o
 .group         0x00000000        0xc /tmp/ccOkIEeH.o
 .group         0x00000000        0xc /tmp/ccOkIEeH.o
 .group         0x00000000        0xc /tmp/ccOkIEeH.o
 .group         0x00000000        0xc /tmp/ccOkIEeH.o
 .group         0x00000000        0xc /tmp/ccOkIEeH.o
 .group         0x00000000        0xc /tmp/ccOkIEeH.o
 .group         0x00000000        0xc /tmp/ccOkIEeH.o
 .group         0x00000000        0xc /tmp/ccOkIEeH.o
 .group         0x00000000        0xc /tmp/ccOkIEeH.o
 .group         0x00000000        0xc /tmp/ccOkIEeH.o
 .group         0x00000000        0xc /tmp/ccOkIEeH.o
 .group         0x00000000        0xc /tmp/ccOkIEeH.o
 .group         0x00000000        0xc /tmp/ccOkIEeH.o
 .group         0x00000000        0xc /tmp/ccOkIEeH.o
 .group         0x00000000        0xc /tmp/ccOkIEeH.o
 .group         0x00000000        0xc /tmp/ccOkIEeH.o
 .group         0x00000000        0xc /tmp/ccOkIEeH.o
 .group         0x00000000        0xc /tmp/ccOkIEeH.o
 .group         0x00000000        0xc /tmp/ccOkIEeH.o
 .group         0x00000000        0xc /tmp/ccOkIEeH.o
 .group         0x00000000        0xc /tmp/ccOkIEeH.o
 .group         0x00000000        0xc /tmp/ccOkIEeH.o
 .group         0x00000000        0xc /tmp/ccOkIEeH.o
 .group         0x00000000        0xc /tmp/ccOkIEeH.o
 .group         0x00000000        0xc /tmp/ccOkIEeH.o
 .group         0x00000000        0xc /tmp/ccOkIEeH.o
 .group         0x00000000        0xc /tmp/ccOkIEeH.o
 .text          0x00000000        0x0 /tmp/ccOkIEeH.o
 .data          0x00000000        0x0 /tmp/ccOkIEeH.o
 .bss           0x00000000        0x0 /tmp/ccOkIEeH.o
 .debug_macro   0x00000000      0xade /tmp/ccOkIEeH.o
 .debug_macro   0x00000000       0x22 /tmp/ccOkIEeH.o
 .debug_macro   0x00000000       0x54 /tmp/ccOkIEeH.o
 .debug_macro   0x00000000       0x29 /tmp/ccOkIEeH.o
 .debug_macro   0x00000000       0x94 /tmp/ccOkIEeH.o
 .debug_macro   0x00000000       0x43 /tmp/ccOkIEeH.o
 .debug_macro   0x00000000      0x103 /tmp/ccOkIEeH.o
 .debug_macro   0x00000000       0x3a /tmp/ccOkIEeH.o
 .debug_macro   0x00000000      0x34e /tmp/ccOkIEeH.o
 .debug_macro   0x00000000       0x89 /tmp/ccOkIEeH.o
 .debug_macro   0x00000000      0x379 /tmp/ccOkIEeH.o
 .debug_macro   0x00000000       0x1c /tmp/ccOkIEeH.o
 .debug_macro   0x00000000       0x57 /tmp/ccOkIEeH.o
 .debug_macro   0x00000000      0x370 /tmp/ccOkIEeH.o
 .debug_macro   0x00000000       0x9b /tmp/ccOkIEeH.o
 .debug_macro   0x00000000       0x10 /tmp/ccOkIEeH.o
 .debug_macro   0x00000000       0x16 /tmp/ccOkIEeH.o
 .debug_macro   0x00000000       0x4a /tmp/ccOkIEeH.o
 .debug_macro   0x00000000       0x34 /tmp/ccOkIEeH.o
 .debug_macro   0x00000000       0x10 /tmp/ccOkIEeH.o
 .debug_macro   0x00000000       0x52 /tmp/ccOkIEeH.o
 .debug_macro   0x00000000       0x8e /tmp/ccOkIEeH.o
 .debug_macro   0x00000000       0x1c /tmp/ccOkIEeH.o
 .debug_macro   0x00000000      0x177 /tmp/ccOkIEeH.o
 .debug_macro   0x00000000       0x16 /tmp/ccOkIEeH.o
 .debug_macro   0x00000000      0x146 /tmp/ccOkIEeH.o
 .group         0x00000000        0xc /tmp/ccIsWWEe.o
 .group         0x00000000        0xc /tmp/ccIsWWEe.o
 .group         0x00000000        0xc /tmp/ccIsWWEe.o
 .group         0x00000000        0xc /tmp/ccIsWWEe.o
 .group         0x00000000        0xc /tmp/ccIsWWEe.o
 .group         0x00000000        0xc /tmp/ccIsWWEe.o
 .group         0x00000000        0xc /tmp/ccIsWWEe.o
 .group         0x00000000        0xc /tmp/ccIsWWEe.o
 .group         0x00000000        0xc /tmp/ccIsWWEe.o
 .group         0x00000000        0xc /tmp/ccIsWWEe.o
 .group         0x00000000        0xc /tmp/ccIsWWEe.o
 .text          0x00000000        0x0 /tmp/ccIsWWEe.o
 .data          0x00000000        0x0 /tmp/ccIsWWEe.o
 .bss           0x00000000        0x0 /tmp/ccIsWWEe.o
 .text.lenghtofarray
                0x00000000       0x2e /tmp/ccIsWWEe.o
 .text.int2char
                0x00000000       0xb8 /tmp/ccIsWWEe.o
 .debug_info    0x00000000      0x115 /tmp/ccIsWWEe.o
 .debug_abbrev  0x00000000       0xc4 /tmp/ccIsWWEe.o
 .debug_aranges
                0x00000000       0x28 /tmp/ccIsWWEe.o
 .debug_rnglists
                0x00000000       0x1a /tmp/ccIsWWEe.o
 .debug_macro   0x00000000       0x97 /tmp/ccIsWWEe.o
 .debug_macro   0x00000000      0xade /tmp/ccIsWWEe.o
 .debug_macro   0x00000000       0x22 /tmp/ccIsWWEe.o
 .debug_macro   0x00000000       0x54 /tmp/ccIsWWEe.o
 .debug_macro   0x00000000       0x29 /tmp/ccIsWWEe.o
 .debug_macro   0x00000000       0x94 /tmp/ccIsWWEe.o
 .debug_macro   0x00000000       0x43 /tmp/ccIsWWEe.o
 .debug_macro   0x00000000      0x103 /tmp/ccIsWWEe.o
 .debug_macro   0x00000000       0x3a /tmp/ccIsWWEe.o
 .debug_macro   0x00000000      0x34e /tmp/ccIsWWEe.o
 .debug_macro   0x00000000       0x89 /tmp/ccIsWWEe.o
 .debug_macro   0x00000000      0x379 /tmp/ccIsWWEe.o
 .debug_line    0x00000000      0x202 /tmp/ccIsWWEe.o
 .debug_str     0x00000000     0x4e44 /tmp/ccIsWWEe.o
 .comment       0x00000000       0x27 /tmp/ccIsWWEe.o
 .debug_frame   0x00000000       0x60 /tmp/ccIsWWEe.o
 .ARM.attributes
                0x00000000       0x32 /tmp/ccIsWWEe.o
 .group         0x00000000        0xc /tmp/cc6kIdmz.o
 .group         0x00000000        0xc /tmp/cc6kIdmz.o
 .group         0x00000000        0xc /tmp/cc6kIdmz.o
 .group         0x00000000        0xc /tmp/cc6kIdmz.o
 .group         0x00000000        0xc /tmp/cc6kIdmz.o
 .group         0x00000000        0xc /tmp/cc6kIdmz.o
 .group         0x00000000        0xc /tmp/cc6kIdmz.o
 .group         0x00000000        0xc /tmp/cc6kIdmz.o
 .group         0x00000000        0xc /tmp/cc6kIdmz.o
 .group         0x00000000        0xc /tmp/cc6kIdmz.o
 .group         0x00000000        0xc /tmp/cc6kIdmz.o
 .group         0x00000000        0xc /tmp/cc6kIdmz.o
 .group         0x00000000        0xc /tmp/cc6kIdmz.o
 .group         0x00000000        0xc /tmp/cc6kIdmz.o
 .group         0x00000000        0xc /tmp/cc6kIdmz.o
 .group         0x00000000        0xc /tmp/cc6kIdmz.o
 .group         0x00000000        0xc /tmp/cc6kIdmz.o
 .group         0x00000000        0xc /tmp/cc6kIdmz.o
 .group         0x00000000        0xc /tmp/cc6kIdmz.o
 .group         0x00000000        0xc /tmp/cc6kIdmz.o
 .group         0x00000000        0xc /tmp/cc6kIdmz.o
 .group         0x00000000        0xc /tmp/cc6kIdmz.o
 .group         0x00000000        0xc /tmp/cc6kIdmz.o
 .group         0x00000000        0xc /tmp/cc6kIdmz.o
 .group         0x00000000        0xc /tmp/cc6kIdmz.o
 .group         0x00000000        0xc /tmp/cc6kIdmz.o
 .group         0x00000000        0xc /tmp/cc6kIdmz.o
 .group         0x00000000        0xc /tmp/cc6kIdmz.o
 .group         0x00000000        0xc /tmp/cc6kIdmz.o
 .text          0x00000000        0x0 /tmp/cc6kIdmz.o
 .data          0x00000000        0x0 /tmp/cc6kIdmz.o
 .bss           0x00000000        0x0 /tmp/cc6kIdmz.o
 .debug_macro   0x00000000      0xade /tmp/cc6kIdmz.o
 .debug_macro   0x00000000       0x22 /tmp/cc6kIdmz.o
 .debug_macro   0x00000000       0x54 /tmp/cc6kIdmz.o
 .debug_macro   0x00000000       0x29 /tmp/cc6kIdmz.o
 .debug_macro   0x00000000       0x94 /tmp/cc6kIdmz.o
 .debug_macro   0x00000000       0x43 /tmp/cc6kIdmz.o
 .debug_macro   0x00000000      0x103 /tmp/cc6kIdmz.o
 .debug_macro   0x00000000       0x3a /tmp/cc6kIdmz.o
 .debug_macro   0x00000000      0x34e /tmp/cc6kIdmz.o
 .debug_macro   0x00000000       0x89 /tmp/cc6kIdmz.o
 .debug_macro   0x00000000      0x379 /tmp/cc6kIdmz.o
 .debug_macro   0x00000000       0x22 /tmp/cc6kIdmz.o
 .debug_macro   0x00000000       0x16 /tmp/cc6kIdmz.o
 .debug_macro   0x00000000       0xa5 /tmp/cc6kIdmz.o
 .debug_macro   0x00000000       0x9b /tmp/cc6kIdmz.o
 .debug_macro   0x00000000       0x57 /tmp/cc6kIdmz.o
 .debug_macro   0x00000000      0x370 /tmp/cc6kIdmz.o
 .debug_macro   0x00000000       0x16 /tmp/cc6kIdmz.o
 .debug_macro   0x00000000       0x4a /tmp/cc6kIdmz.o
 .debug_macro   0x00000000       0x34 /tmp/cc6kIdmz.o
 .debug_macro   0x00000000       0x10 /tmp/cc6kIdmz.o
 .debug_macro   0x00000000       0x52 /tmp/cc6kIdmz.o
 .debug_macro   0x00000000       0x8e /tmp/cc6kIdmz.o
 .debug_macro   0x00000000       0x1c /tmp/cc6kIdmz.o
 .debug_macro   0x00000000      0x177 /tmp/cc6kIdmz.o
 .debug_macro   0x00000000       0x16 /tmp/cc6kIdmz.o
 .debug_macro   0x00000000       0x29 /tmp/cc6kIdmz.o
 .debug_macro   0x00000000      0x151 /tmp/cc6kIdmz.o
 .data          0x00000000        0x0 /usr/lib/gcc/arm-none-eabi/13.2.1/../../../arm-none-eabi/lib/thumb/v7e-m+dp/hard/libc_nano.a(libc_a-memcpy.o)
 .bss           0x00000000        0x0 /usr/lib/gcc/arm-none-eabi/13.2.1/../../../arm-none-eabi/lib/thumb/v7e-m+dp/hard/libc_nano.a(libc_a-memcpy.o)
 .ARM.extab     0x00000000        0x0 /usr/lib/gcc/arm-none-eabi/13.2.1/../../../arm-none-eabi/lib/thumb/v7e-m+dp/hard/libc_nano.a(libc_a-memcpy.o)
 .eh_frame      0x00000000       0x2c /usr/lib/gcc/arm-none-eabi/13.2.1/../../../arm-none-eabi/lib/thumb/v7e-m+dp/hard/libc_nano.a(libc_a-memcpy.o)

Memory Configuration

Name             Origin             Length             Attributes
flash            0x08000000         0x00100000         xr
dtcm             0x20000000         0x00020000         xrw
axi_sram         0x24000000         0x00060000         xrw
sram1            0x30000000         0x00008000         xrw
sram2            0x30020000         0x00004000         xrw
sram4            0x38000000         0x00010000         xrw
itcm             0x00000000         0x00010000         xrw
backup           0x38800000         0x00001000         xrw
*default*        0x00000000         0xffffffff

Linker script and memory map

LOAD /tmp/ccust9DS.o
LOAD /tmp/ccnGvZWU.o
LOAD /tmp/ccA7yTSt.o
LOAD /tmp/ccClJ89Y.o
LOAD /tmp/ccp8fJ6G.o
LOAD /tmp/ccOkIEeH.o
LOAD /tmp/ccIsWWEe.o
LOAD /tmp/cc6kIdmz.o
LOAD /usr/lib/gcc/arm-none-eabi/13.2.1/../../../arm-none-eabi/lib/thumb/v7e-m+dp/hard/libc_nano.a
LOAD /usr/lib/gcc/arm-none-eabi/13.2.1/thumb/v7e-m+dp/hard/libgcc.a
                0x20020000                        _estack = (ORIGIN (dtcm) + LENGTH (dtcm))

.vectors        0x08000000      0x298
 *(.vectors)
 .vectors       0x08000000      0x298 /tmp/ccnGvZWU.o
                0x08000000                tab

.text           0x08000298     0x236c
 *(.text*)
 .text.clock_init
                0x08000298      0x12c /tmp/ccust9DS.o
                0x08000298                clock_init
 .text.systick_init
                0x080003c4       0x34 /tmp/ccust9DS.o
 .text.gpio_init_PC0
                0x080003f8       0x54 /tmp/ccust9DS.o
                0x080003f8                gpio_init_PC0
 .text.enable_fpu
                0x0800044c       0x28 /tmp/ccust9DS.o
                0x0800044c                enable_fpu
 .text.main     0x08000474      0x24c /tmp/ccust9DS.o
                0x08000474                main
 .text.SysTick_IRQHandler
                0x080006c0       0x44 /tmp/ccust9DS.o
                0x080006c0                SysTick_IRQHandler
 .text.FDCAN1_IT0_IRQHandler
                0x08000704      0x290 /tmp/ccust9DS.o
                0x08000704                FDCAN1_IT0_IRQHandler
 .text._reset   0x08000994       0x44 /tmp/ccnGvZWU.o
                0x08000994                _reset
 .text.NMI_Handler
                0x080009d8        0x8 /tmp/ccnGvZWU.o
                0x080009d8                NMI_Handler
 .text.HardFault_Handler
                0x080009e0        0x8 /tmp/ccnGvZWU.o
                0x080009e0                HardFault_Handler
 .text.MemManage_Handler
                0x080009e8        0x8 /tmp/ccnGvZWU.o
                0x080009e8                MemManage_Handler
 .text.BusFault_Handler
                0x080009f0        0x8 /tmp/ccnGvZWU.o
                0x080009f0                BusFault_Handler
 .text.UsageFault_Handler
                0x080009f8        0x8 /tmp/ccnGvZWU.o
                0x080009f8                UsageFault_Handler
 .text.SVCall_Handler
                0x08000a00        0x8 /tmp/ccnGvZWU.o
                0x08000a00                SVCall_Handler
 .text.DebugMon_Handler
                0x08000a08        0x8 /tmp/ccnGvZWU.o
                0x08000a08                DebugMon_Handler
 .text.PendSV_Handler
                0x08000a10        0x8 /tmp/ccnGvZWU.o
                0x08000a10                PendSV_Handler
 .text.WWDG1_IRQHandler
                0x08000a18        0x8 /tmp/ccnGvZWU.o
                0x08000a18                WWDG1_IRQHandler
 .text.PVD_PVM_IRQHandler
                0x08000a20        0x8 /tmp/ccnGvZWU.o
                0x08000a20                PVD_PVM_IRQHandler
 .text.RTC_TAMP_STAMP_CSS_LSE_IRQHandler
                0x08000a28        0x8 /tmp/ccnGvZWU.o
                0x08000a28                RTC_TAMP_STAMP_CSS_LSE_IRQHandler
 .text.RTC_WKUP_IRQHandler
                0x08000a30        0x8 /tmp/ccnGvZWU.o
                0x08000a30                RTC_WKUP_IRQHandler
 .text.FLASH_IRQHandler
                0x08000a38        0x8 /tmp/ccnGvZWU.o
                0x08000a38                FLASH_IRQHandler
 .text.RCC_IRQHandler
                0x08000a40        0x8 /tmp/ccnGvZWU.o
                0x08000a40                RCC_IRQHandler
 .text.EXTI0_IRQHandler
                0x08000a48        0x8 /tmp/ccnGvZWU.o
                0x08000a48                EXTI0_IRQHandler
 .text.EXTI1_IRQHandler
                0x08000a50        0x8 /tmp/ccnGvZWU.o
                0x08000a50                EXTI1_IRQHandler
 .text.EXTI2_IRQHandler
                0x08000a58        0x8 /tmp/ccnGvZWU.o
                0x08000a58                EXTI2_IRQHandler
 .text.EXTI3_IRQHandler
                0x08000a60        0x8 /tmp/ccnGvZWU.o
                0x08000a60                EXTI3_IRQHandler
 .text.EXTI4_IRQHandler
                0x08000a68        0x8 /tmp/ccnGvZWU.o
                0x08000a68                EXTI4_IRQHandler
 .text.DMA_STR0_IRQHandler
                0x08000a70        0x8 /tmp/ccnGvZWU.o
                0x08000a70                DMA_STR0_IRQHandler
 .text.DMA_STR1_IRQHandler
                0x08000a78        0x8 /tmp/ccnGvZWU.o
                0x08000a78                DMA_STR1_IRQHandler
 .text.DMA_STR2_IRQHandler
                0x08000a80        0x8 /tmp/ccnGvZWU.o
                0x08000a80                DMA_STR2_IRQHandler
 .text.DMA_STR3_IRQHandler
                0x08000a88        0x8 /tmp/ccnGvZWU.o
                0x08000a88                DMA_STR3_IRQHandler
 .text.DMA_STR4_IRQHandler
                0x08000a90        0x8 /tmp/ccnGvZWU.o
                0x08000a90                DMA_STR4_IRQHandler
 .text.DMA_STR5_IRQHandler
                0x08000a98        0x8 /tmp/ccnGvZWU.o
                0x08000a98                DMA_STR5_IRQHandler
 .text.DMA_STR6_IRQHandler
                0x08000aa0        0x8 /tmp/ccnGvZWU.o
                0x08000aa0                DMA_STR6_IRQHandler
 .text.ADC1_2_IRQHandler
                0x08000aa8        0x8 /tmp/ccnGvZWU.o
                0x08000aa8                ADC1_2_IRQHandler
 .text.FDCAN2_IT0_IRQHandler
                0x08000ab0        0x8 /tmp/ccnGvZWU.o
                0x08000ab0                FDCAN2_IT0_IRQHandler
 .text.FDCAN1_IT1_IRQHandler
                0x08000ab8        0x8 /tmp/ccnGvZWU.o
                0x08000ab8                FDCAN1_IT1_IRQHandler
 .text.FDCAN2_IT1_IRQHandler
                0x08000ac0        0x8 /tmp/ccnGvZWU.o
                0x08000ac0                FDCAN2_IT1_IRQHandler
 .text.EXTI9_5_IRQHandler
                0x08000ac8        0x8 /tmp/ccnGvZWU.o
                0x08000ac8                EXTI9_5_IRQHandler
 .text.TIM1_BRK_IRQHandler
                0x08000ad0        0x8 /tmp/ccnGvZWU.o
                0x08000ad0                TIM1_BRK_IRQHandler
 .text.TIM1_UP_IRQHandler
                0x08000ad8        0x8 /tmp/ccnGvZWU.o
                0x08000ad8                TIM1_UP_IRQHandler
 .text.TIM1_TRG_COM_IRQHandler
                0x08000ae0        0x8 /tmp/ccnGvZWU.o
                0x08000ae0                TIM1_TRG_COM_IRQHandler
 .text.TIM_CC_IRQHandler
                0x08000ae8        0x8 /tmp/ccnGvZWU.o
                0x08000ae8                TIM_CC_IRQHandler
 .text.TIM2_IRQHandler
                0x08000af0        0x8 /tmp/ccnGvZWU.o
                0x08000af0                TIM2_IRQHandler
 .text.TIM3_IRQHandler
                0x08000af8        0x8 /tmp/ccnGvZWU.o
                0x08000af8                TIM3_IRQHandler
 .text.TIM4_IRQHandler
                0x08000b00        0x8 /tmp/ccnGvZWU.o
                0x08000b00                TIM4_IRQHandler
 .text.I2C1_EV_IRQHandler
                0x08000b08        0x8 /tmp/ccnGvZWU.o
                0x08000b08                I2C1_EV_IRQHandler
 .text.I2C1_ER_IRQHandler
                0x08000b10        0x8 /tmp/ccnGvZWU.o
                0x08000b10                I2C1_ER_IRQHandler
 .text.I2C2_EV_IRQHandler
                0x08000b18        0x8 /tmp/ccnGvZWU.o
                0x08000b18                I2C2_EV_IRQHandler
 .text.I2C2_ER_IRQHandler
                0x08000b20        0x8 /tmp/ccnGvZWU.o
                0x08000b20                I2C2_ER_IRQHandler
 .text.SPI1_IRQHandler
                0x08000b28        0x8 /tmp/ccnGvZWU.o
                0x08000b28                SPI1_IRQHandler
 .text.SPI2_IRQHandler
                0x08000b30        0x8 /tmp/ccnGvZWU.o
                0x08000b30                SPI2_IRQHandler
 .text.USART1_IRQHandler
                0x08000b38        0x8 /tmp/ccnGvZWU.o
                0x08000b38                USART1_IRQHandler
 .text.USART2_IRQHandler
                0x08000b40        0x8 /tmp/ccnGvZWU.o
                0x08000b40                USART2_IRQHandler
 .text.USART3_IRQHandler
                0x08000b48        0x8 /tmp/ccnGvZWU.o
                0x08000b48                USART3_IRQHandler
 .text.EXTI15_10_IRQHandler
                0x08000b50        0x8 /tmp/ccnGvZWU.o
                0x08000b50                EXTI15_10_IRQHandler
 .text.RTC_ALARM_IRQHandler
                0x08000b58        0x8 /tmp/ccnGvZWU.o
                0x08000b58                RTC_ALARM_IRQHandler
 .text.TIM8_BRK_TIM12_IRQHandler
                0x08000b60        0x8 /tmp/ccnGvZWU.o
                0x08000b60                TIM8_BRK_TIM12_IRQHandler
 .text.TIM8_UP_TIM13_IRQHandler
                0x08000b68        0x8 /tmp/ccnGvZWU.o
                0x08000b68                TIM8_UP_TIM13_IRQHandler
 .text.TIM8_TRG_COM_TIM14_IRQHandler
                0x08000b70        0x8 /tmp/ccnGvZWU.o
                0x08000b70                TIM8_TRG_COM_TIM14_IRQHandler
 .text.TIM8_CC_IRQHandler
                0x08000b78        0x8 /tmp/ccnGvZWU.o
                0x08000b78                TIM8_CC_IRQHandler
 .text.DMA1_STR7_IRQHandler
                0x08000b80        0x8 /tmp/ccnGvZWU.o
                0x08000b80                DMA1_STR7_IRQHandler
 .text.FMC_IRQHandler
                0x08000b88        0x8 /tmp/ccnGvZWU.o
                0x08000b88                FMC_IRQHandler
 .text.SDMMC1_IRQHandler
                0x08000b90        0x8 /tmp/ccnGvZWU.o
                0x08000b90                SDMMC1_IRQHandler
 .text.TIM5_IRQHandler
                0x08000b98        0x8 /tmp/ccnGvZWU.o
                0x08000b98                TIM5_IRQHandler
 .text.SPI3_IRQHandler
                0x08000ba0        0x8 /tmp/ccnGvZWU.o
                0x08000ba0                SPI3_IRQHandler
 .text.UART4_IRQHandler
                0x08000ba8        0x8 /tmp/ccnGvZWU.o
                0x08000ba8                UART4_IRQHandler
 .text.UART5_IRQHandler
                0x08000bb0        0x8 /tmp/ccnGvZWU.o
                0x08000bb0                UART5_IRQHandler
 .text.TIM6_DAC_IRQHandler
                0x08000bb8        0x8 /tmp/ccnGvZWU.o
                0x08000bb8                TIM6_DAC_IRQHandler
 .text.TIM7_IRQHandler
                0x08000bc0        0x8 /tmp/ccnGvZWU.o
                0x08000bc0                TIM7_IRQHandler
 .text.DMA2_STR0_IRQHandler
                0x08000bc8        0x8 /tmp/ccnGvZWU.o
                0x08000bc8                DMA2_STR0_IRQHandler
 .text.DMA2_STR1_IRQHandler
                0x08000bd0        0x8 /tmp/ccnGvZWU.o
                0x08000bd0                DMA2_STR1_IRQHandler
 .text.DMA2_STR2_IRQHandler
                0x08000bd8        0x8 /tmp/ccnGvZWU.o
                0x08000bd8                DMA2_STR2_IRQHandler
 .text.DMA2_STR3_IRQHandler
                0x08000be0        0x8 /tmp/ccnGvZWU.o
                0x08000be0                DMA2_STR3_IRQHandler
 .text.DMA2_STR4_IRQHandler
                0x08000be8        0x8 /tmp/ccnGvZWU.o
                0x08000be8                DMA2_STR4_IRQHandler
 .text.ETH_IRQHandler
                0x08000bf0        0x8 /tmp/ccnGvZWU.o
                0x08000bf0                ETH_IRQHandler
 .text.ETH_WKUP_IRQHandler
                0x08000bf8        0x8 /tmp/ccnGvZWU.o
                0x08000bf8                ETH_WKUP_IRQHandler
 .text.FDCAN_CAL_IRQHandler
                0x08000c00        0x8 /tmp/ccnGvZWU.o
                0x08000c00                FDCAN_CAL_IRQHandler
 .text.DMA2_STR5_IRQHandler
                0x08000c08        0x8 /tmp/ccnGvZWU.o
                0x08000c08                DMA2_STR5_IRQHandler
 .text.DMA2_STR6_IRQHandler
                0x08000c10        0x8 /tmp/ccnGvZWU.o
                0x08000c10                DMA2_STR6_IRQHandler
 .text.DMA2_STR7_IRQHandler
                0x08000c18        0x8 /tmp/ccnGvZWU.o
                0x08000c18                DMA2_STR7_IRQHandler
 .text.USART6_IRQHandler
                0x08000c20        0x8 /tmp/ccnGvZWU.o
                0x08000c20                USART6_IRQHandler
 .text.I2C3_EV_IRQHandler
                0x08000c28        0x8 /tmp/ccnGvZWU.o
                0x08000c28                I2C3_EV_IRQHandler
 .text.I2C3_ER_IRQHandler
                0x08000c30        0x8 /tmp/ccnGvZWU.o
                0x08000c30                I2C3_ER_IRQHandler
 .text.OTG_HS_EP1_OUT_IRQHandler
                0x08000c38        0x8 /tmp/ccnGvZWU.o
                0x08000c38                OTG_HS_EP1_OUT_IRQHandler
 .text.OTG_HS_EP1_IN_IRQHandler
                0x08000c40        0x8 /tmp/ccnGvZWU.o
                0x08000c40                OTG_HS_EP1_IN_IRQHandler
 .text.OTG_HS_WKUP_IRQHandler
                0x08000c48        0x8 /tmp/ccnGvZWU.o
                0x08000c48                OTG_HS_WKUP_IRQHandler
 .text.OTG_HS_IRQHandler
                0x08000c50        0x8 /tmp/ccnGvZWU.o
                0x08000c50                OTG_HS_IRQHandler
 .text.DCMI_IRQHandler
                0x08000c58        0x8 /tmp/ccnGvZWU.o
                0x08000c58                DCMI_IRQHandler
 .text.CRYP_IRQHandler
                0x08000c60        0x8 /tmp/ccnGvZWU.o
                0x08000c60                CRYP_IRQHandler
 .text.HASH_RNG_IRQHandler
                0x08000c68        0x8 /tmp/ccnGvZWU.o
                0x08000c68                HASH_RNG_IRQHandler
 .text.FPU_IRQHandler
                0x08000c70        0x8 /tmp/ccnGvZWU.o
                0x08000c70                FPU_IRQHandler
 .text.UART7_IRQHandler
                0x08000c78        0x8 /tmp/ccnGvZWU.o
                0x08000c78                UART7_IRQHandler
 .text.UART8_IRQHandler
                0x08000c80        0x8 /tmp/ccnGvZWU.o
                0x08000c80                UART8_IRQHandler
 .text.SPI4_IRQHandler
                0x08000c88        0x8 /tmp/ccnGvZWU.o
                0x08000c88                SPI4_IRQHandler
 .text.SPI5_IRQHandler
                0x08000c90        0x8 /tmp/ccnGvZWU.o
                0x08000c90                SPI5_IRQHandler
 .text.SPI6_IRQHandler
                0x08000c98        0x8 /tmp/ccnGvZWU.o
                0x08000c98                SPI6_IRQHandler
 .text.SAI1_IRQHandler
                0x08000ca0        0x8 /tmp/ccnGvZWU.o
                0x08000ca0                SAI1_IRQHandler
 .text.LTDC_IRQHandler
                0x08000ca8        0x8 /tmp/ccnGvZWU.o
                0x08000ca8                LTDC_IRQHandler
 .text.LTDC_ER_IRQHandler
                0x08000cb0        0x8 /tmp/ccnGvZWU.o
                0x08000cb0                LTDC_ER_IRQHandler
 .text.DMA2D_IRQHandler
                0x08000cb8        0x8 /tmp/ccnGvZWU.o
                0x08000cb8                DMA2D_IRQHandler
 .text.SAI2_IRQHandler
                0x08000cc0        0x8 /tmp/ccnGvZWU.o
                0x08000cc0                SAI2_IRQHandler
 .text.QUADSPI_IRQHandler
                0x08000cc8        0x8 /tmp/ccnGvZWU.o
                0x08000cc8                QUADSPI_IRQHandler
 .text.LPTIM1_IRQHandler
                0x08000cd0        0x8 /tmp/ccnGvZWU.o
                0x08000cd0                LPTIM1_IRQHandler
 .text.CEC_IRQHandler
                0x08000cd8        0x8 /tmp/ccnGvZWU.o
                0x08000cd8                CEC_IRQHandler
 .text.I2C4_EV_IRQHandler
                0x08000ce0        0x8 /tmp/ccnGvZWU.o
                0x08000ce0                I2C4_EV_IRQHandler
 .text.I2C4_ER_IRQHandler
                0x08000ce8        0x8 /tmp/ccnGvZWU.o
                0x08000ce8                I2C4_ER_IRQHandler
 .text.SPDIF_IRQHandler
                0x08000cf0        0x8 /tmp/ccnGvZWU.o
                0x08000cf0                SPDIF_IRQHandler
 .text.OTG_FS_EP1_OUT_IRQHandler
                0x08000cf8        0x8 /tmp/ccnGvZWU.o
                0x08000cf8                OTG_FS_EP1_OUT_IRQHandler
 .text.OTG_FS_EP1_IN_IRQHandler
                0x08000d00        0x8 /tmp/ccnGvZWU.o
                0x08000d00                OTG_FS_EP1_IN_IRQHandler
 .text.OTG_FS_WKUP_IRQHandler
                0x08000d08        0x8 /tmp/ccnGvZWU.o
                0x08000d08                OTG_FS_WKUP_IRQHandler
 .text.OTG_FS_IRQHandler
                0x08000d10        0x8 /tmp/ccnGvZWU.o
                0x08000d10                OTG_FS_IRQHandler
 .text.DMAMUX1_OV_IRQHandler
                0x08000d18        0x8 /tmp/ccnGvZWU.o
                0x08000d18                DMAMUX1_OV_IRQHandler
 .text.HRTIM1_MST_IRQHandler
                0x08000d20        0x8 /tmp/ccnGvZWU.o
                0x08000d20                HRTIM1_MST_IRQHandler
 .text.HRTIM1_TIMA_IRQHandler
                0x08000d28        0x8 /tmp/ccnGvZWU.o
                0x08000d28                HRTIM1_TIMA_IRQHandler
 .text.HRTIM_TIMB_IRQHandler
                0x08000d30        0x8 /tmp/ccnGvZWU.o
                0x08000d30                HRTIM_TIMB_IRQHandler
 .text.HRTIM1_TIMC_IRQHandler
                0x08000d38        0x8 /tmp/ccnGvZWU.o
                0x08000d38                HRTIM1_TIMC_IRQHandler
 .text.HRTIM1_TIMD_IRQHandler
                0x08000d40        0x8 /tmp/ccnGvZWU.o
                0x08000d40                HRTIM1_TIMD_IRQHandler
 .text.HRTIM_TIME_IRQHandler
                0x08000d48        0x8 /tmp/ccnGvZWU.o
                0x08000d48                HRTIM_TIME_IRQHandler
 .text.HRTIM1_FLT_IRQHandler
                0x08000d50        0x8 /tmp/ccnGvZWU.o
                0x08000d50                HRTIM1_FLT_IRQHandler
 .text.DFSDM1_FLT0_IRQHandler
                0x08000d58        0x8 /tmp/ccnGvZWU.o
                0x08000d58                DFSDM1_FLT0_IRQHandler
 .text.DFSDM1_FLT1_IRQHandler
                0x08000d60        0x8 /tmp/ccnGvZWU.o
                0x08000d60                DFSDM1_FLT1_IRQHandler
 .text.DFSDM1_FLT2_IRQHandler
                0x08000d68        0x8 /tmp/ccnGvZWU.o
                0x08000d68                DFSDM1_FLT2_IRQHandler
 .text.DFSDM1_FLT3_IRQHandler
                0x08000d70        0x8 /tmp/ccnGvZWU.o
                0x08000d70                DFSDM1_FLT3_IRQHandler
 .text.SAI3_IRQHandler
                0x08000d78        0x8 /tmp/ccnGvZWU.o
                0x08000d78                SAI3_IRQHandler
 .text.SWPMI1_IRQHandler
                0x08000d80        0x8 /tmp/ccnGvZWU.o
                0x08000d80                SWPMI1_IRQHandler
 .text.TIM15_IRQHandler
                0x08000d88        0x8 /tmp/ccnGvZWU.o
                0x08000d88                TIM15_IRQHandler
 .text.TIM16_IRQHandler
                0x08000d90        0x8 /tmp/ccnGvZWU.o
                0x08000d90                TIM16_IRQHandler
 .text.TIM17_IRQHandler
                0x08000d98        0x8 /tmp/ccnGvZWU.o
                0x08000d98                TIM17_IRQHandler
 .text.MDIOS_WKUP_IRQHandler
                0x08000da0        0x8 /tmp/ccnGvZWU.o
                0x08000da0                MDIOS_WKUP_IRQHandler
 .text.MDIOS_IRQHandler
                0x08000da8        0x8 /tmp/ccnGvZWU.o
                0x08000da8                MDIOS_IRQHandler
 .text.JPEG_IRQHandler
                0x08000db0        0x8 /tmp/ccnGvZWU.o
                0x08000db0                JPEG_IRQHandler
 .text.MDMA_IRQHandler
                0x08000db8        0x8 /tmp/ccnGvZWU.o
                0x08000db8                MDMA_IRQHandler
 .text.SDMMC2_IRQHandler
                0x08000dc0        0x8 /tmp/ccnGvZWU.o
                0x08000dc0                SDMMC2_IRQHandler
 .text.HSEM0_IRQHandler
                0x08000dc8        0x8 /tmp/ccnGvZWU.o
                0x08000dc8                HSEM0_IRQHandler
 .text.ADC3_IRQHandler
                0x08000dd0        0x8 /tmp/ccnGvZWU.o
                0x08000dd0                ADC3_IRQHandler
 .text.DMAMUX2_OVR_IRQHandler
                0x08000dd8        0x8 /tmp/ccnGvZWU.o
                0x08000dd8                DMAMUX2_OVR_IRQHandler
 .text.BDMA_CH0_IRQHandler
                0x08000de0        0x8 /tmp/ccnGvZWU.o
                0x08000de0                BDMA_CH0_IRQHandler
 .text.BDMA_CH1_IRQHandler
                0x08000de8        0x8 /tmp/ccnGvZWU.o
                0x08000de8                BDMA_CH1_IRQHandler
 .text.BDMA_CH2_IRQHandler
                0x08000df0        0x8 /tmp/ccnGvZWU.o
                0x08000df0                BDMA_CH2_IRQHandler
 .text.BDMA_CH3_IRQHandler
                0x08000df8        0x8 /tmp/ccnGvZWU.o
                0x08000df8                BDMA_CH3_IRQHandler
 .text.BDMA_CH4_IRQHandler
                0x08000e00        0x8 /tmp/ccnGvZWU.o
                0x08000e00                BDMA_CH4_IRQHandler
 .text.BDMA_CH5_IRQHandler
                0x08000e08        0x8 /tmp/ccnGvZWU.o
                0x08000e08                BDMA_CH5_IRQHandler
 .text.BDMA_CH6_IRQHandler
                0x08000e10        0x8 /tmp/ccnGvZWU.o
                0x08000e10                BDMA_CH6_IRQHandler
 .text.BDMA_CH7_IRQHandler
                0x08000e18        0x8 /tmp/ccnGvZWU.o
                0x08000e18                BDMA_CH7_IRQHandler
 .text.COMP_IRQHandler
                0x08000e20        0x8 /tmp/ccnGvZWU.o
                0x08000e20                COMP_IRQHandler
 .text.LPTIM2_IRQHandler
                0x08000e28        0x8 /tmp/ccnGvZWU.o
                0x08000e28                LPTIM2_IRQHandler
 .text.LPTIM3_IRQHandler
                0x08000e30        0x8 /tmp/ccnGvZWU.o
                0x08000e30                LPTIM3_IRQHandler
 .text.LPTIM4_IRQHandler
                0x08000e38        0x8 /tmp/ccnGvZWU.o
                0x08000e38                LPTIM4_IRQHandler
 .text.LPTIM5_IRQHandler
                0x08000e40        0x8 /tmp/ccnGvZWU.o
                0x08000e40                LPTIM5_IRQHandler
 .text.LPUART_IRQHandler
                0x08000e48        0x8 /tmp/ccnGvZWU.o
                0x08000e48                LPUART_IRQHandler
 .text.WWDG1_RST_IRQHandler
                0x08000e50        0x8 /tmp/ccnGvZWU.o
                0x08000e50                WWDG1_RST_IRQHandler
 .text.CRS_IRQHandler
                0x08000e58        0x8 /tmp/ccnGvZWU.o
                0x08000e58                CRS_IRQHandler
 .text.RAMECC1_IRQHandler
                0x08000e60        0x8 /tmp/ccnGvZWU.o
                0x08000e60                RAMECC1_IRQHandler
 .text.SAI4_IRQHandler
                0x08000e68        0x8 /tmp/ccnGvZWU.o
                0x08000e68                SAI4_IRQHandler
 .text.WKUP_IRQHandler
                0x08000e70        0x8 /tmp/ccnGvZWU.o
                0x08000e70                WKUP_IRQHandler
 .text.RTC_init
                0x08000e78      0x190 /tmp/ccA7yTSt.o
                0x08000e78                RTC_init
 .text.RTC_read_datetime
                0x08001008      0x134 /tmp/ccA7yTSt.o
                0x08001008                RTC_read_datetime
 .text.VECan_Init
                0x0800113c      0x54c /tmp/ccClJ89Y.o
                0x0800113c                VECan_Init
 .text.update_can_message_356
                0x08001688       0xbc /tmp/ccClJ89Y.o
                0x08001688                update_can_message_356
 .text.VECan_send
                0x08001744       0xb4 /tmp/ccClJ89Y.o
                0x08001744                VECan_send
 .text.FDCAN1_init
                0x080017f8      0x30c /tmp/ccp8fJ6G.o
                0x080017f8                FDCAN1_init
 .text.FDCAN2_init
                0x08001b04      0x338 /tmp/ccp8fJ6G.o
                0x08001b04                FDCAN2_init
 .text.FDCAN1_transmit_message
                0x08001e3c       0xbc /tmp/ccp8fJ6G.o
                0x08001e3c                FDCAN1_transmit_message
 .text.FDCAN2_transmit_message
                0x08001ef8       0xc8 /tmp/ccp8fJ6G.o
                0x08001ef8                FDCAN2_transmit_message
 .text.convert_0x0426_to_milliampere
                0x08001fc0       0x46 /tmp/ccOkIEeH.o
                0x08001fc0                convert_0x0426_to_milliampere
 .text.convert_0x0427_to_millivolts
                0x08002006       0x32 /tmp/ccOkIEeH.o
                0x08002006                convert_0x0427_to_millivolts
 .text.convert_0x0428_to_temperature
                0x08002038       0x32 /tmp/ccOkIEeH.o
                0x08002038                convert_0x0428_to_temperature
 .text.convert_0x0429_to_microvolts
                0x0800206a       0x46 /tmp/ccOkIEeH.o
                0x0800206a                convert_0x0429_to_microvolts
 .text.convert_0x042A_to_power
                0x080020b0       0x88 /tmp/ccOkIEeH.o
                0x080020b0                convert_0x042A_to_power
 .text.convert_0x042B_to_DieID
                0x08002138       0x38 /tmp/ccOkIEeH.o
                0x08002138                convert_0x042B_to_DieID
 .text.convert_0x042C_to_ManufacturerID
                0x08002170       0x38 /tmp/ccOkIEeH.o
                0x08002170                convert_0x042C_to_ManufacturerID
 .text.convert_0x042D_to_energy
                0x080021a8       0x6c /tmp/ccOkIEeH.o
                0x080021a8                convert_0x042D_to_energy
 .text.convert_0x042E_to_charge
                0x08002214       0x6c /tmp/ccOkIEeH.o
                0x08002214                convert_0x042E_to_charge
 .text.delay_us
                0x08002280       0x2c /tmp/cc6kIdmz.o
                0x08002280                delay_us
 .text.spi_transfer
                0x080022ac       0xb4 /tmp/cc6kIdmz.o
                0x080022ac                spi_transfer
 .text.mx25l_init
                0x08002360      0x12c /tmp/cc6kIdmz.o
                0x08002360                mx25l_init
 .text.read_flash_id_sequence
                0x0800248c       0x44 /tmp/cc6kIdmz.o
                0x0800248c                read_flash_id_sequence
 .text          0x080024d0      0x134 /usr/lib/gcc/arm-none-eabi/13.2.1/../../../arm-none-eabi/lib/thumb/v7e-m+dp/hard/libc_nano.a(libc_a-memcpy.o)
                0x080024d0                memcpy

.glue_7         0x08002604        0x0
 .glue_7        0x08002604        0x0 linker stubs

.glue_7t        0x08002604        0x0
 .glue_7t       0x08002604        0x0 linker stubs

.vfp11_veneer   0x08002604        0x0
 .vfp11_veneer  0x08002604        0x0 linker stubs

.v4_bx          0x08002604        0x0
 .v4_bx         0x08002604        0x0 linker stubs

.iplt           0x08002604        0x0
 .iplt          0x08002604        0x0 /tmp/ccust9DS.o

.rel.dyn        0x08002604        0x0
 .rel.iplt      0x08002604        0x0 /tmp/ccust9DS.o

.rodata
 *(.rodata*)

.ARM.exidx      0x08002604        0x8
 .ARM.exidx     0x08002604        0x8 /usr/lib/gcc/arm-none-eabi/13.2.1/../../../arm-none-eabi/lib/thumb/v7e-m+dp/hard/libc_nano.a(libc_a-memcpy.o)

.data           0x20000000       0x14 load address 0x0800260c
                0x20000000                        _sdata = .
 *(.first_data)
 *(.data SORT_BY_NAME(.data.*))
 .data.SOH      0x20000000        0x2 /tmp/ccClJ89Y.o
                0x20000000                SOH
 *fill*         0x20000002        0x2 
 .data.snPart1  0x20000004        0x8 /tmp/ccClJ89Y.o
                0x20000004                snPart1
 .data.snPart2  0x2000000c        0x8 /tmp/ccClJ89Y.o
                0x2000000c                snPart2
                0x20000014                        _edata = .
                0x0800260c                        _sidata = LOADADDR (.data)

.igot.plt       0x20000014        0x0 load address 0x08002620
 .igot.plt      0x20000014        0x0 /tmp/ccust9DS.o

.bss            0x20000014      0x1c9 load address 0x08002620
                0x20000014                        _sbss = .
 *(.bss SORT_BY_NAME(.bss.*) COMMON)
 .bss.REMS      0x20000014        0x2 /tmp/ccust9DS.o
                0x20000014                REMS
 *fill*         0x20000016        0x2 
 .bss.bus_voltage
                0x20000018        0x4 /tmp/ccust9DS.o
                0x20000018                bus_voltage
 .bss.charge    0x2000001c        0x4 /tmp/ccust9DS.o
                0x2000001c                charge
 .bss.charge_Ah
                0x20000020        0x4 /tmp/ccust9DS.o
                0x20000020                charge_Ah
 .bss.counter_loop
                0x20000024        0x4 /tmp/ccp8fJ6G.o
                0x20000024                counter_loop
 .bss.current   0x20000028        0x4 /tmp/ccust9DS.o
                0x20000028                current
 .bss.die_id    0x2000002c        0x2 /tmp/ccust9DS.o
                0x2000002c                die_id
 *fill*         0x2000002e        0x2 
 .bss.dt        0x20000030        0x7 /tmp/ccust9DS.o
                0x20000030                dt
 *fill*         0x20000037        0x1 
 .bss.energy    0x20000038        0x4 /tmp/ccust9DS.o
                0x20000038                energy
 .bss.energy_kWh
                0x2000003c        0x4 /tmp/ccust9DS.o
                0x2000003c                energy_kWh
 .bss.fifo_full_counter
                0x20000040        0x4 /tmp/ccust9DS.o
                0x20000040                fifo_full_counter
 .bss.fifo_message_lost_counter
                0x20000044        0x4 /tmp/ccust9DS.o
                0x20000044                fifo_message_lost_counter
 .bss.manufacturer_id
                0x20000048        0x2 /tmp/ccust9DS.o
                0x20000048                manufacturer_id
 .bss.minutes   0x2000004a        0x1 /tmp/ccust9DS.o
                0x2000004a                minutes
 *fill*         0x2000004b        0x1 
 .bss.power     0x2000004c        0x4 /tmp/ccust9DS.o
                0x2000004c                power
 .bss.rx_message_426
                0x20000050        0x8 /tmp/ccust9DS.o
                0x20000050                rx_message_426
 .bss.rx_message_427
                0x20000058        0x8 /tmp/ccust9DS.o
                0x20000058                rx_message_427
 .bss.rx_message_428
                0x20000060        0x8 /tmp/ccust9DS.o
                0x20000060                rx_message_428
 .bss.rx_message_429
                0x20000068        0x8 /tmp/ccust9DS.o
                0x20000068                rx_message_429
 .bss.rx_message_42A
                0x20000070        0x8 /tmp/ccust9DS.o
                0x20000070                rx_message_42A
 .bss.rx_message_42B
                0x20000078        0x8 /tmp/ccust9DS.o
                0x20000078                rx_message_42B
 .bss.rx_message_42C
                0x20000080        0x8 /tmp/ccust9DS.o
                0x20000080                rx_message_42C
 .bss.rx_message_42D
                0x20000088        0x8 /tmp/ccust9DS.o
                0x20000088                rx_message_42D
 .bss.rx_message_42E
                0x20000090        0x8 /tmp/ccust9DS.o
                0x20000090                rx_message_42E
 .bss.seconds   0x20000098        0x1 /tmp/ccust9DS.o
                0x20000098                seconds
 *fill*         0x20000099        0x3 
 .bss.shunt_voltage
                0x2000009c        0x4 /tmp/ccust9DS.o
                0x2000009c                shunt_voltage
 .bss.splitter  0x200000a0        0x2 /tmp/ccClJ89Y.o
                0x200000a0                splitter
 *fill*         0x200000a2        0x2 
 .bss.temperature
                0x200000a4        0x4 /tmp/ccust9DS.o
                0x200000a4                temperature
 .bss.threeeighty
                0x200000a8       0x10 /tmp/ccClJ89Y.o
                0x200000a8                threeeighty
 .bss.threeeightyone
                0x200000b8       0x10 /tmp/ccClJ89Y.o
                0x200000b8                threeeightyone
 .bss.threefiftyA
                0x200000c8       0x10 /tmp/ccClJ89Y.o
                0x200000c8                threefiftyA
 .bss.threefiftyE
                0x200000d8       0x10 /tmp/ccClJ89Y.o
                0x200000d8                threefiftyE
 .bss.threefiftyF
                0x200000e8       0x10 /tmp/ccClJ89Y.o
                0x200000e8                threefiftyF
 .bss.threefiftyfive
                0x200000f8       0x10 /tmp/ccClJ89Y.o
                0x200000f8                threefiftyfive
 .bss.threefiftyone
                0x20000108       0x10 /tmp/ccClJ89Y.o
                0x20000108                threefiftyone
 .bss.threefiftysix
                0x20000118       0x10 /tmp/ccClJ89Y.o
                0x20000118                threefiftysix
 .bss.threeseventyeight
                0x20000128       0x10 /tmp/ccClJ89Y.o
                0x20000128                threeseventyeight
 .bss.threeseventyfive
                0x20000138       0x10 /tmp/ccClJ89Y.o
                0x20000138                threeseventyfive
 .bss.threeseventyfour
                0x20000148       0x10 /tmp/ccClJ89Y.o
                0x20000148                threeseventyfour
 .bss.threeseventynine
                0x20000158       0x10 /tmp/ccClJ89Y.o
                0x20000158                threeseventynine
 .bss.threeseventyseven
                0x20000168       0x10 /tmp/ccClJ89Y.o
                0x20000168                threeseventyseven
 .bss.threeseventysix
                0x20000178       0x10 /tmp/ccClJ89Y.o
                0x20000178                threeseventysix
 .bss.threeseventythree
                0x20000188       0x10 /tmp/ccClJ89Y.o
                0x20000188                threeseventythree
 .bss.threeseventytwo
                0x20000198       0x10 /tmp/ccClJ89Y.o
                0x20000198                threeseventytwo
 .bss.threesixty
                0x200001a8       0x10 /tmp/ccClJ89Y.o
                0x200001a8                threesixty
 .bss.tick      0x200001b8        0x4 /tmp/ccust9DS.o
                0x200001b8                tick
 .bss.tx_127    0x200001bc       0x10 /tmp/ccust9DS.o
                0x200001bc                tx_127
 .bss.tx_128    0x200001cc       0x10 /tmp/ccust9DS.o
                0x200001cc                tx_128
 .bss.zonk      0x200001dc        0x1 /tmp/ccust9DS.o
                0x200001dc                zonk
                0x200001dd                        _ebss = .

.sram1_data
 *(.sram1_data)

.sram2_data
 *(.sram2_data)

.backup_data
 *(.backup_data)
                0x200001e0                        . = ALIGN (0x8)
                0x200001e0                        _end = .
OUTPUT(firmware.elf elf32-littlearm)
LOAD linker stubs

.debug_info     0x00000000     0x3f3e
 .debug_info    0x00000000     0x1223 /tmp/ccust9DS.o
 .debug_info    0x00001223      0xb3a /tmp/ccnGvZWU.o
 .debug_info    0x00001d5d      0x7b0 /tmp/ccA7yTSt.o
 .debug_info    0x0000250d      0x40c /tmp/ccClJ89Y.o
 .debug_info    0x00002919      0xbe5 /tmp/ccp8fJ6G.o
 .debug_info    0x000034fe      0x2e1 /tmp/ccOkIEeH.o
 .debug_info    0x000037df      0x72c /tmp/cc6kIdmz.o
 .debug_info    0x00003f0b       0x33 /usr/lib/gcc/arm-none-eabi/13.2.1/../../../arm-none-eabi/lib/thumb/v7e-m+dp/hard/libc_nano.a(libc_a-memcpy.o)

.debug_abbrev   0x00000000      0xaa8
 .debug_abbrev  0x00000000      0x291 /tmp/ccust9DS.o
 .debug_abbrev  0x00000291      0x105 /tmp/ccnGvZWU.o
 .debug_abbrev  0x00000396      0x132 /tmp/ccA7yTSt.o
 .debug_abbrev  0x000004c8      0x146 /tmp/ccClJ89Y.o
 .debug_abbrev  0x0000060e      0x226 /tmp/ccp8fJ6G.o
 .debug_abbrev  0x00000834       0xa2 /tmp/ccOkIEeH.o
 .debug_abbrev  0x000008d6      0x1aa /tmp/cc6kIdmz.o
 .debug_abbrev  0x00000a80       0x28 /usr/lib/gcc/arm-none-eabi/13.2.1/../../../arm-none-eabi/lib/thumb/v7e-m+dp/hard/libc_nano.a(libc_a-memcpy.o)

.debug_aranges  0x00000000      0x668
 .debug_aranges
                0x00000000       0x50 /tmp/ccust9DS.o
 .debug_aranges
                0x00000050      0x4d0 /tmp/ccnGvZWU.o
 .debug_aranges
                0x00000520       0x28 /tmp/ccA7yTSt.o
 .debug_aranges
                0x00000548       0x30 /tmp/ccClJ89Y.o
 .debug_aranges
                0x00000578       0x38 /tmp/ccp8fJ6G.o
 .debug_aranges
                0x000005b0       0x60 /tmp/ccOkIEeH.o
 .debug_aranges
                0x00000610       0x38 /tmp/cc6kIdmz.o
 .debug_aranges
                0x00000648       0x20 /usr/lib/gcc/arm-none-eabi/13.2.1/../../../arm-none-eabi/lib/thumb/v7e-m+dp/hard/libc_nano.a(libc_a-memcpy.o)

.debug_rnglists
                0x00000000      0x4a2
 .debug_rnglists
                0x00000000       0x3a /tmp/ccust9DS.o
 .debug_rnglists
                0x0000003a      0x397 /tmp/ccnGvZWU.o
 .debug_rnglists
                0x000003d1       0x1b /tmp/ccA7yTSt.o
 .debug_rnglists
                0x000003ec       0x22 /tmp/ccClJ89Y.o
 .debug_rnglists
                0x0000040e       0x29 /tmp/ccp8fJ6G.o
 .debug_rnglists
                0x00000437       0x44 /tmp/ccOkIEeH.o
 .debug_rnglists
                0x0000047b       0x27 /tmp/cc6kIdmz.o

.debug_macro    0x00000000     0x3050
 .debug_macro   0x00000000      0x20e /tmp/ccust9DS.o
 .debug_macro   0x0000020e      0xade /tmp/ccust9DS.o
 .debug_macro   0x00000cec       0x22 /tmp/ccust9DS.o
 .debug_macro   0x00000d0e       0x54 /tmp/ccust9DS.o
 .debug_macro   0x00000d62       0x29 /tmp/ccust9DS.o
 .debug_macro   0x00000d8b       0x94 /tmp/ccust9DS.o
 .debug_macro   0x00000e1f       0x43 /tmp/ccust9DS.o
 .debug_macro   0x00000e62      0x103 /tmp/ccust9DS.o
 .debug_macro   0x00000f65       0x3a /tmp/ccust9DS.o
 .debug_macro   0x00000f9f      0x34e /tmp/ccust9DS.o
 .debug_macro   0x000012ed       0x89 /tmp/ccust9DS.o
 .debug_macro   0x00001376      0x379 /tmp/ccust9DS.o
 .debug_macro   0x000016ef       0x22 /tmp/ccust9DS.o
 .debug_macro   0x00001711       0x16 /tmp/ccust9DS.o
 .debug_macro   0x00001727       0xa5 /tmp/ccust9DS.o
 .debug_macro   0x000017cc       0x9b /tmp/ccust9DS.o
 .debug_macro   0x00001867       0x57 /tmp/ccust9DS.o
 .debug_macro   0x000018be      0x370 /tmp/ccust9DS.o
 .debug_macro   0x00001c2e       0x16 /tmp/ccust9DS.o
 .debug_macro   0x00001c44       0x4a /tmp/ccust9DS.o
 .debug_macro   0x00001c8e       0x34 /tmp/ccust9DS.o
 .debug_macro   0x00001cc2       0x10 /tmp/ccust9DS.o
 .debug_macro   0x00001cd2       0x52 /tmp/ccust9DS.o
 .debug_macro   0x00001d24       0x8e /tmp/ccust9DS.o
 .debug_macro   0x00001db2       0x1c /tmp/ccust9DS.o
 .debug_macro   0x00001dce      0x177 /tmp/ccust9DS.o
 .debug_macro   0x00001f45       0x16 /tmp/ccust9DS.o
 .debug_macro   0x00001f5b       0x29 /tmp/ccust9DS.o
 .debug_macro   0x00001f84       0x16 /tmp/ccust9DS.o
 .debug_macro   0x00001f9a       0x3c /tmp/ccust9DS.o
 .debug_macro   0x00001fd6      0x151 /tmp/ccust9DS.o
 .debug_macro   0x00002127       0x1c /tmp/ccust9DS.o
 .debug_macro   0x00002143       0x10 /tmp/ccust9DS.o
 .debug_macro   0x00002153       0x1c /tmp/ccust9DS.o
 .debug_macro   0x0000216f       0x16 /tmp/ccust9DS.o
 .debug_macro   0x00002185      0x146 /tmp/ccust9DS.o
 .debug_macro   0x000022cb       0x76 /tmp/ccust9DS.o
 .debug_macro   0x00002341       0x1a /tmp/ccnGvZWU.o
 .debug_macro   0x0000235b      0x159 /tmp/ccA7yTSt.o
 .debug_macro   0x000024b4       0x34 /tmp/ccA7yTSt.o
 .debug_macro   0x000024e8      0x11c /tmp/ccA7yTSt.o
 .debug_macro   0x00002604      0x379 /tmp/ccA7yTSt.o
 .debug_macro   0x0000297d      0x182 /tmp/ccClJ89Y.o
 .debug_macro   0x00002aff      0x184 /tmp/ccp8fJ6G.o
 .debug_macro   0x00002c83      0x151 /tmp/ccOkIEeH.o
 .debug_macro   0x00002dd4       0x9e /tmp/ccOkIEeH.o
 .debug_macro   0x00002e72       0x16 /tmp/ccOkIEeH.o
 .debug_macro   0x00002e88      0x158 /tmp/cc6kIdmz.o
 .debug_macro   0x00002fe0       0x70 /tmp/cc6kIdmz.o

.debug_line     0x00000000     0x2a7a
 .debug_line    0x00000000      0x6e5 /tmp/ccust9DS.o
 .debug_line    0x000006e5      0xd11 /tmp/ccnGvZWU.o
 .debug_line    0x000013f6      0x38c /tmp/ccA7yTSt.o
 .debug_line    0x00001782      0x451 /tmp/ccClJ89Y.o
 .debug_line    0x00001bd3      0x676 /tmp/ccp8fJ6G.o
 .debug_line    0x00002249      0x3d4 /tmp/ccOkIEeH.o
 .debug_line    0x0000261d      0x3a4 /tmp/cc6kIdmz.o
 .debug_line    0x000029c1       0xb9 /usr/lib/gcc/arm-none-eabi/13.2.1/../../../arm-none-eabi/lib/thumb/v7e-m+dp/hard/libc_nano.a(libc_a-memcpy.o)

.debug_str      0x00000000     0xaaf8
 .debug_str     0x00000000     0xaaf8 /tmp/ccust9DS.o
                               0x9da7 (size before relaxing)
 .debug_str     0x0000aaf8     0x446a /tmp/ccnGvZWU.o
 .debug_str     0x0000aaf8     0x8f59 /tmp/ccA7yTSt.o
 .debug_str     0x0000aaf8     0x8dca /tmp/ccClJ89Y.o
 .debug_str     0x0000aaf8     0x90b2 /tmp/ccp8fJ6G.o
 .debug_str     0x0000aaf8     0x85fd /tmp/ccOkIEeH.o
 .debug_str     0x0000aaf8     0x911a /tmp/cc6kIdmz.o
 .debug_str     0x0000aaf8       0xac /usr/lib/gcc/arm-none-eabi/13.2.1/../../../arm-none-eabi/lib/thumb/v7e-m+dp/hard/libc_nano.a(libc_a-memcpy.o)

.comment        0x00000000       0x26
 .comment       0x00000000       0x26 /tmp/ccust9DS.o
                                 0x27 (size before relaxing)
 .comment       0x00000026       0x27 /tmp/ccnGvZWU.o
 .comment       0x00000026       0x27 /tmp/ccA7yTSt.o
 .comment       0x00000026       0x27 /tmp/ccClJ89Y.o
 .comment       0x00000026       0x27 /tmp/ccp8fJ6G.o
 .comment       0x00000026       0x27 /tmp/ccOkIEeH.o
 .comment       0x00000026       0x27 /tmp/cc6kIdmz.o

.ARM.attributes
                0x00000000       0x30
 .ARM.attributes
                0x00000000       0x32 /tmp/ccust9DS.o
 .ARM.attributes
                0x00000032       0x32 /tmp/ccnGvZWU.o
 .ARM.attributes
                0x00000064       0x32 /tmp/ccA7yTSt.o
 .ARM.attributes
                0x00000096       0x32 /tmp/ccClJ89Y.o
 .ARM.attributes
                0x000000c8       0x32 /tmp/ccp8fJ6G.o
 .ARM.attributes
                0x000000fa       0x32 /tmp/ccOkIEeH.o
 .ARM.attributes
                0x0000012c       0x32 /tmp/cc6kIdmz.o
 .ARM.attributes
                0x0000015e       0x1e /usr/lib/gcc/arm-none-eabi/13.2.1/../../../arm-none-eabi/lib/thumb/v7e-m+dp/hard/libc_nano.a(libc_a-memcpy.o)

.debug_frame    0x00000000     0x12d0
 .debug_frame   0x00000000      0x100 /tmp/ccust9DS.o
 .debug_frame   0x00000100      0xe30 /tmp/ccnGvZWU.o
 .debug_frame   0x00000f30       0x60 /tmp/ccA7yTSt.o
 .debug_frame   0x00000f90       0x78 /tmp/ccClJ89Y.o
 .debug_frame   0x00001008       0xac /tmp/ccp8fJ6G.o
 .debug_frame   0x000010b4      0x178 /tmp/ccOkIEeH.o
 .debug_frame   0x0000122c       0xa4 /tmp/cc6kIdmz.o

.debug_line_str
                0x00000000       0x99
 .debug_line_str
                0x00000000       0x99 /usr/lib/gcc/arm-none-eabi/13.2.1/../../../arm-none-eabi/lib/thumb/v7e-m+dp/hard/libc_nano.a(libc_a-memcpy.o)
