Archive member included to satisfy reference by file (symbol)

/usr/lib/gcc/arm-none-eabi/13.2.1/../../../arm-none-eabi/lib/thumb/v7e-m+dp/hard/libc_nano.a(libc_a-memcpy.o)
                              /tmp/ccqMXSK9.o (memcpy)

Discarded input sections

 .group         0x00000000        0xc /tmp/cc9sCIQo.o
 .group         0x00000000        0xc /tmp/cc9sCIQo.o
 .group         0x00000000        0xc /tmp/cc9sCIQo.o
 .group         0x00000000        0xc /tmp/cc9sCIQo.o
 .group         0x00000000        0xc /tmp/cc9sCIQo.o
 .group         0x00000000        0xc /tmp/cc9sCIQo.o
 .group         0x00000000        0xc /tmp/cc9sCIQo.o
 .group         0x00000000        0xc /tmp/cc9sCIQo.o
 .group         0x00000000        0xc /tmp/cc9sCIQo.o
 .group         0x00000000        0xc /tmp/cc9sCIQo.o
 .group         0x00000000        0xc /tmp/cc9sCIQo.o
 .group         0x00000000        0xc /tmp/cc9sCIQo.o
 .group         0x00000000        0xc /tmp/cc9sCIQo.o
 .group         0x00000000        0xc /tmp/cc9sCIQo.o
 .group         0x00000000        0xc /tmp/cc9sCIQo.o
 .group         0x00000000        0xc /tmp/cc9sCIQo.o
 .group         0x00000000        0xc /tmp/cc9sCIQo.o
 .group         0x00000000        0xc /tmp/cc9sCIQo.o
 .group         0x00000000        0xc /tmp/cc9sCIQo.o
 .group         0x00000000        0xc /tmp/cc9sCIQo.o
 .group         0x00000000        0xc /tmp/cc9sCIQo.o
 .group         0x00000000        0xc /tmp/cc9sCIQo.o
 .group         0x00000000        0xc /tmp/cc9sCIQo.o
 .group         0x00000000        0xc /tmp/cc9sCIQo.o
 .group         0x00000000        0xc /tmp/cc9sCIQo.o
 .group         0x00000000        0xc /tmp/cc9sCIQo.o
 .group         0x00000000        0xc /tmp/cc9sCIQo.o
 .group         0x00000000        0xc /tmp/cc9sCIQo.o
 .group         0x00000000        0xc /tmp/cc9sCIQo.o
 .group         0x00000000        0xc /tmp/cc9sCIQo.o
 .group         0x00000000        0xc /tmp/cc9sCIQo.o
 .group         0x00000000        0xc /tmp/cc9sCIQo.o
 .group         0x00000000        0xc /tmp/cc9sCIQo.o
 .group         0x00000000        0xc /tmp/cc9sCIQo.o
 .group         0x00000000        0xc /tmp/cc9sCIQo.o
 .text          0x00000000        0x0 /tmp/cc9sCIQo.o
 .data          0x00000000        0x0 /tmp/cc9sCIQo.o
 .bss           0x00000000        0x0 /tmp/cc9sCIQo.o
 .bss.temp      0x00000000       0x40 /tmp/cc9sCIQo.o
 .group         0x00000000        0xc /tmp/ccAWXzLl.o
 .group         0x00000000        0xc /tmp/ccAWXzLl.o
 .text          0x00000000        0x0 /tmp/ccAWXzLl.o
 .data          0x00000000        0x0 /tmp/ccAWXzLl.o
 .bss           0x00000000        0x0 /tmp/ccAWXzLl.o
 .text.SysTick_IRQHandler
                0x00000000        0x8 /tmp/ccAWXzLl.o
 .text.FDCAN1_IT0_IRQHandler
                0x00000000        0x8 /tmp/ccAWXzLl.o
 .debug_macro   0x00000000      0xade /tmp/ccAWXzLl.o
 .debug_macro   0x00000000      0x34e /tmp/ccAWXzLl.o
 .group         0x00000000        0xc /tmp/ccgKjHpt.o
 .group         0x00000000        0xc /tmp/ccgKjHpt.o
 .group         0x00000000        0xc /tmp/ccgKjHpt.o
 .group         0x00000000        0xc /tmp/ccgKjHpt.o
 .group         0x00000000        0xc /tmp/ccgKjHpt.o
 .group         0x00000000        0xc /tmp/ccgKjHpt.o
 .group         0x00000000        0xc /tmp/ccgKjHpt.o
 .group         0x00000000        0xc /tmp/ccgKjHpt.o
 .group         0x00000000        0xc /tmp/ccgKjHpt.o
 .group         0x00000000        0xc /tmp/ccgKjHpt.o
 .group         0x00000000        0xc /tmp/ccgKjHpt.o
 .group         0x00000000        0xc /tmp/ccgKjHpt.o
 .group         0x00000000        0xc /tmp/ccgKjHpt.o
 .group         0x00000000        0xc /tmp/ccgKjHpt.o
 .group         0x00000000        0xc /tmp/ccgKjHpt.o
 .group         0x00000000        0xc /tmp/ccgKjHpt.o
 .group         0x00000000        0xc /tmp/ccgKjHpt.o
 .group         0x00000000        0xc /tmp/ccgKjHpt.o
 .group         0x00000000        0xc /tmp/ccgKjHpt.o
 .group         0x00000000        0xc /tmp/ccgKjHpt.o
 .group         0x00000000        0xc /tmp/ccgKjHpt.o
 .group         0x00000000        0xc /tmp/ccgKjHpt.o
 .group         0x00000000        0xc /tmp/ccgKjHpt.o
 .group         0x00000000        0xc /tmp/ccgKjHpt.o
 .group         0x00000000        0xc /tmp/ccgKjHpt.o
 .group         0x00000000        0xc /tmp/ccgKjHpt.o
 .group         0x00000000        0xc /tmp/ccgKjHpt.o
 .group         0x00000000        0xc /tmp/ccgKjHpt.o
 .text          0x00000000        0x0 /tmp/ccgKjHpt.o
 .data          0x00000000        0x0 /tmp/ccgKjHpt.o
 .bss           0x00000000        0x0 /tmp/ccgKjHpt.o
 .debug_macro   0x00000000      0xade /tmp/ccgKjHpt.o
 .debug_macro   0x00000000       0x29 /tmp/ccgKjHpt.o
 .debug_macro   0x00000000       0x22 /tmp/ccgKjHpt.o
 .debug_macro   0x00000000       0x54 /tmp/ccgKjHpt.o
 .debug_macro   0x00000000       0x94 /tmp/ccgKjHpt.o
 .debug_macro   0x00000000       0x43 /tmp/ccgKjHpt.o
 .debug_macro   0x00000000       0x16 /tmp/ccgKjHpt.o
 .debug_macro   0x00000000       0x9b /tmp/ccgKjHpt.o
 .debug_macro   0x00000000       0x57 /tmp/ccgKjHpt.o
 .debug_macro   0x00000000      0x370 /tmp/ccgKjHpt.o
 .debug_macro   0x00000000       0x16 /tmp/ccgKjHpt.o
 .debug_macro   0x00000000       0x4a /tmp/ccgKjHpt.o
 .debug_macro   0x00000000       0x34 /tmp/ccgKjHpt.o
 .debug_macro   0x00000000       0x10 /tmp/ccgKjHpt.o
 .debug_macro   0x00000000       0x52 /tmp/ccgKjHpt.o
 .debug_macro   0x00000000       0x8e /tmp/ccgKjHpt.o
 .debug_macro   0x00000000       0x1c /tmp/ccgKjHpt.o
 .debug_macro   0x00000000      0x177 /tmp/ccgKjHpt.o
 .debug_macro   0x00000000       0x16 /tmp/ccgKjHpt.o
 .debug_macro   0x00000000       0x29 /tmp/ccgKjHpt.o
 .debug_macro   0x00000000      0x103 /tmp/ccgKjHpt.o
 .debug_macro   0x00000000      0x34e /tmp/ccgKjHpt.o
 .debug_macro   0x00000000       0x3c /tmp/ccgKjHpt.o
 .debug_macro   0x00000000       0x22 /tmp/ccgKjHpt.o
 .debug_macro   0x00000000      0x14a /tmp/ccgKjHpt.o
 .group         0x00000000        0xc /tmp/cccY1Z0l.o
 .group         0x00000000        0xc /tmp/cccY1Z0l.o
 .group         0x00000000        0xc /tmp/cccY1Z0l.o
 .group         0x00000000        0xc /tmp/cccY1Z0l.o
 .group         0x00000000        0xc /tmp/cccY1Z0l.o
 .group         0x00000000        0xc /tmp/cccY1Z0l.o
 .group         0x00000000        0xc /tmp/cccY1Z0l.o
 .group         0x00000000        0xc /tmp/cccY1Z0l.o
 .group         0x00000000        0xc /tmp/cccY1Z0l.o
 .group         0x00000000        0xc /tmp/cccY1Z0l.o
 .group         0x00000000        0xc /tmp/cccY1Z0l.o
 .group         0x00000000        0xc /tmp/cccY1Z0l.o
 .group         0x00000000        0xc /tmp/cccY1Z0l.o
 .group         0x00000000        0xc /tmp/cccY1Z0l.o
 .group         0x00000000        0xc /tmp/cccY1Z0l.o
 .group         0x00000000        0xc /tmp/cccY1Z0l.o
 .group         0x00000000        0xc /tmp/cccY1Z0l.o
 .group         0x00000000        0xc /tmp/cccY1Z0l.o
 .group         0x00000000        0xc /tmp/cccY1Z0l.o
 .group         0x00000000        0xc /tmp/cccY1Z0l.o
 .group         0x00000000        0xc /tmp/cccY1Z0l.o
 .group         0x00000000        0xc /tmp/cccY1Z0l.o
 .group         0x00000000        0xc /tmp/cccY1Z0l.o
 .group         0x00000000        0xc /tmp/cccY1Z0l.o
 .group         0x00000000        0xc /tmp/cccY1Z0l.o
 .group         0x00000000        0xc /tmp/cccY1Z0l.o
 .group         0x00000000        0xc /tmp/cccY1Z0l.o
 .group         0x00000000        0xc /tmp/cccY1Z0l.o
 .group         0x00000000        0xc /tmp/cccY1Z0l.o
 .group         0x00000000        0xc /tmp/cccY1Z0l.o
 .text          0x00000000        0x0 /tmp/cccY1Z0l.o
 .data          0x00000000        0x0 /tmp/cccY1Z0l.o
 .bss           0x00000000        0x0 /tmp/cccY1Z0l.o
 .data.chargevoltage
                0x00000000        0x2 /tmp/cccY1Z0l.o
 .data.chargecurrent
                0x00000000        0x2 /tmp/cccY1Z0l.o
 .data.disvoltage
                0x00000000        0x2 /tmp/cccY1Z0l.o
 .data.discurrent
                0x00000000        0x2 /tmp/cccY1Z0l.o
 .bss.mes       0x00000000        0x8 /tmp/cccY1Z0l.o
 .data.bmsname  0x00000000        0x8 /tmp/cccY1Z0l.o
 .data.bmsmanu  0x00000000        0x8 /tmp/cccY1Z0l.o
 .data.SOC      0x00000000        0x4 /tmp/cccY1Z0l.o
 .data.PackVoltage
                0x00000000        0x8 /tmp/cccY1Z0l.o
 .data.AvgTemperature
                0x00000000        0x4 /tmp/cccY1Z0l.o
 .bss.currentact
                0x00000000        0x2 /tmp/cccY1Z0l.o
 .debug_macro   0x00000000      0xade /tmp/cccY1Z0l.o
 .debug_macro   0x00000000       0x22 /tmp/cccY1Z0l.o
 .debug_macro   0x00000000       0x54 /tmp/cccY1Z0l.o
 .debug_macro   0x00000000       0x29 /tmp/cccY1Z0l.o
 .debug_macro   0x00000000       0x94 /tmp/cccY1Z0l.o
 .debug_macro   0x00000000       0x43 /tmp/cccY1Z0l.o
 .debug_macro   0x00000000      0x103 /tmp/cccY1Z0l.o
 .debug_macro   0x00000000       0x3a /tmp/cccY1Z0l.o
 .debug_macro   0x00000000      0x34e /tmp/cccY1Z0l.o
 .debug_macro   0x00000000       0x89 /tmp/cccY1Z0l.o
 .debug_macro   0x00000000      0x379 /tmp/cccY1Z0l.o
 .debug_macro   0x00000000       0x16 /tmp/cccY1Z0l.o
 .debug_macro   0x00000000       0xa5 /tmp/cccY1Z0l.o
 .debug_macro   0x00000000       0x9b /tmp/cccY1Z0l.o
 .debug_macro   0x00000000       0x57 /tmp/cccY1Z0l.o
 .debug_macro   0x00000000      0x370 /tmp/cccY1Z0l.o
 .debug_macro   0x00000000       0x16 /tmp/cccY1Z0l.o
 .debug_macro   0x00000000       0x4a /tmp/cccY1Z0l.o
 .debug_macro   0x00000000       0x34 /tmp/cccY1Z0l.o
 .debug_macro   0x00000000       0x10 /tmp/cccY1Z0l.o
 .debug_macro   0x00000000       0x52 /tmp/cccY1Z0l.o
 .debug_macro   0x00000000       0x8e /tmp/cccY1Z0l.o
 .debug_macro   0x00000000       0x1c /tmp/cccY1Z0l.o
 .debug_macro   0x00000000      0x177 /tmp/cccY1Z0l.o
 .debug_macro   0x00000000       0x16 /tmp/cccY1Z0l.o
 .debug_macro   0x00000000       0x29 /tmp/cccY1Z0l.o
 .debug_macro   0x00000000       0x22 /tmp/cccY1Z0l.o
 .debug_macro   0x00000000       0x16 /tmp/cccY1Z0l.o
 .debug_macro   0x00000000       0x3c /tmp/cccY1Z0l.o
 .debug_macro   0x00000000      0x14a /tmp/cccY1Z0l.o
 .group         0x00000000        0xc /tmp/ccqMXSK9.o
 .group         0x00000000        0xc /tmp/ccqMXSK9.o
 .group         0x00000000        0xc /tmp/ccqMXSK9.o
 .group         0x00000000        0xc /tmp/ccqMXSK9.o
 .group         0x00000000        0xc /tmp/ccqMXSK9.o
 .group         0x00000000        0xc /tmp/ccqMXSK9.o
 .group         0x00000000        0xc /tmp/ccqMXSK9.o
 .group         0x00000000        0xc /tmp/ccqMXSK9.o
 .group         0x00000000        0xc /tmp/ccqMXSK9.o
 .group         0x00000000        0xc /tmp/ccqMXSK9.o
 .group         0x00000000        0xc /tmp/ccqMXSK9.o
 .group         0x00000000        0xc /tmp/ccqMXSK9.o
 .group         0x00000000        0xc /tmp/ccqMXSK9.o
 .group         0x00000000        0xc /tmp/ccqMXSK9.o
 .group         0x00000000        0xc /tmp/ccqMXSK9.o
 .group         0x00000000        0xc /tmp/ccqMXSK9.o
 .group         0x00000000        0xc /tmp/ccqMXSK9.o
 .group         0x00000000        0xc /tmp/ccqMXSK9.o
 .group         0x00000000        0xc /tmp/ccqMXSK9.o
 .group         0x00000000        0xc /tmp/ccqMXSK9.o
 .group         0x00000000        0xc /tmp/ccqMXSK9.o
 .group         0x00000000        0xc /tmp/ccqMXSK9.o
 .group         0x00000000        0xc /tmp/ccqMXSK9.o
 .group         0x00000000        0xc /tmp/ccqMXSK9.o
 .group         0x00000000        0xc /tmp/ccqMXSK9.o
 .group         0x00000000        0xc /tmp/ccqMXSK9.o
 .group         0x00000000        0xc /tmp/ccqMXSK9.o
 .group         0x00000000        0xc /tmp/ccqMXSK9.o
 .group         0x00000000        0xc /tmp/ccqMXSK9.o
 .text          0x00000000        0x0 /tmp/ccqMXSK9.o
 .data          0x00000000        0x0 /tmp/ccqMXSK9.o
 .bss           0x00000000        0x0 /tmp/ccqMXSK9.o
 .debug_macro   0x00000000      0xade /tmp/ccqMXSK9.o
 .debug_macro   0x00000000       0x29 /tmp/ccqMXSK9.o
 .debug_macro   0x00000000       0x22 /tmp/ccqMXSK9.o
 .debug_macro   0x00000000       0x54 /tmp/ccqMXSK9.o
 .debug_macro   0x00000000       0x94 /tmp/ccqMXSK9.o
 .debug_macro   0x00000000       0x43 /tmp/ccqMXSK9.o
 .debug_macro   0x00000000       0x34 /tmp/ccqMXSK9.o
 .debug_macro   0x00000000       0x16 /tmp/ccqMXSK9.o
 .debug_macro   0x00000000      0x11c /tmp/ccqMXSK9.o
 .debug_macro   0x00000000       0x9b /tmp/ccqMXSK9.o
 .debug_macro   0x00000000       0x57 /tmp/ccqMXSK9.o
 .debug_macro   0x00000000      0x370 /tmp/ccqMXSK9.o
 .debug_macro   0x00000000       0x16 /tmp/ccqMXSK9.o
 .debug_macro   0x00000000       0x4a /tmp/ccqMXSK9.o
 .debug_macro   0x00000000       0x34 /tmp/ccqMXSK9.o
 .debug_macro   0x00000000       0x10 /tmp/ccqMXSK9.o
 .debug_macro   0x00000000       0x52 /tmp/ccqMXSK9.o
 .debug_macro   0x00000000       0x8e /tmp/ccqMXSK9.o
 .debug_macro   0x00000000       0x1c /tmp/ccqMXSK9.o
 .debug_macro   0x00000000      0x177 /tmp/ccqMXSK9.o
 .debug_macro   0x00000000       0x16 /tmp/ccqMXSK9.o
 .debug_macro   0x00000000       0x29 /tmp/ccqMXSK9.o
 .debug_macro   0x00000000      0x103 /tmp/ccqMXSK9.o
 .debug_macro   0x00000000      0x34e /tmp/ccqMXSK9.o
 .debug_macro   0x00000000       0x3c /tmp/ccqMXSK9.o
 .debug_macro   0x00000000      0x379 /tmp/ccqMXSK9.o
 .debug_macro   0x00000000       0x22 /tmp/ccqMXSK9.o
 .debug_macro   0x00000000       0x16 /tmp/ccqMXSK9.o
 .debug_macro   0x00000000      0x14a /tmp/ccqMXSK9.o
 .group         0x00000000        0xc /tmp/ccAfVOVw.o
 .group         0x00000000        0xc /tmp/ccAfVOVw.o
 .group         0x00000000        0xc /tmp/ccAfVOVw.o
 .group         0x00000000        0xc /tmp/ccAfVOVw.o
 .group         0x00000000        0xc /tmp/ccAfVOVw.o
 .group         0x00000000        0xc /tmp/ccAfVOVw.o
 .group         0x00000000        0xc /tmp/ccAfVOVw.o
 .group         0x00000000        0xc /tmp/ccAfVOVw.o
 .group         0x00000000        0xc /tmp/ccAfVOVw.o
 .group         0x00000000        0xc /tmp/ccAfVOVw.o
 .group         0x00000000        0xc /tmp/ccAfVOVw.o
 .group         0x00000000        0xc /tmp/ccAfVOVw.o
 .group         0x00000000        0xc /tmp/ccAfVOVw.o
 .group         0x00000000        0xc /tmp/ccAfVOVw.o
 .group         0x00000000        0xc /tmp/ccAfVOVw.o
 .group         0x00000000        0xc /tmp/ccAfVOVw.o
 .group         0x00000000        0xc /tmp/ccAfVOVw.o
 .group         0x00000000        0xc /tmp/ccAfVOVw.o
 .group         0x00000000        0xc /tmp/ccAfVOVw.o
 .group         0x00000000        0xc /tmp/ccAfVOVw.o
 .group         0x00000000        0xc /tmp/ccAfVOVw.o
 .group         0x00000000        0xc /tmp/ccAfVOVw.o
 .group         0x00000000        0xc /tmp/ccAfVOVw.o
 .group         0x00000000        0xc /tmp/ccAfVOVw.o
 .group         0x00000000        0xc /tmp/ccAfVOVw.o
 .group         0x00000000        0xc /tmp/ccAfVOVw.o
 .group         0x00000000        0xc /tmp/ccAfVOVw.o
 .group         0x00000000        0xc /tmp/ccAfVOVw.o
 .text          0x00000000        0x0 /tmp/ccAfVOVw.o
 .data          0x00000000        0x0 /tmp/ccAfVOVw.o
 .bss           0x00000000        0x0 /tmp/ccAfVOVw.o
 .debug_macro   0x00000000      0xade /tmp/ccAfVOVw.o
 .debug_macro   0x00000000       0x22 /tmp/ccAfVOVw.o
 .debug_macro   0x00000000       0x54 /tmp/ccAfVOVw.o
 .debug_macro   0x00000000       0x29 /tmp/ccAfVOVw.o
 .debug_macro   0x00000000       0x94 /tmp/ccAfVOVw.o
 .debug_macro   0x00000000       0x43 /tmp/ccAfVOVw.o
 .debug_macro   0x00000000      0x103 /tmp/ccAfVOVw.o
 .debug_macro   0x00000000       0x3a /tmp/ccAfVOVw.o
 .debug_macro   0x00000000      0x34e /tmp/ccAfVOVw.o
 .debug_macro   0x00000000       0x89 /tmp/ccAfVOVw.o
 .debug_macro   0x00000000      0x379 /tmp/ccAfVOVw.o
 .debug_macro   0x00000000       0x1c /tmp/ccAfVOVw.o
 .debug_macro   0x00000000       0x57 /tmp/ccAfVOVw.o
 .debug_macro   0x00000000      0x370 /tmp/ccAfVOVw.o
 .debug_macro   0x00000000       0x9b /tmp/ccAfVOVw.o
 .debug_macro   0x00000000       0x10 /tmp/ccAfVOVw.o
 .debug_macro   0x00000000       0x16 /tmp/ccAfVOVw.o
 .debug_macro   0x00000000       0x4a /tmp/ccAfVOVw.o
 .debug_macro   0x00000000       0x34 /tmp/ccAfVOVw.o
 .debug_macro   0x00000000       0x10 /tmp/ccAfVOVw.o
 .debug_macro   0x00000000       0x52 /tmp/ccAfVOVw.o
 .debug_macro   0x00000000       0x8e /tmp/ccAfVOVw.o
 .debug_macro   0x00000000       0x1c /tmp/ccAfVOVw.o
 .debug_macro   0x00000000      0x177 /tmp/ccAfVOVw.o
 .debug_macro   0x00000000       0x16 /tmp/ccAfVOVw.o
 .debug_macro   0x00000000      0x146 /tmp/ccAfVOVw.o
 .data          0x00000000        0x0 /usr/lib/gcc/arm-none-eabi/13.2.1/../../../arm-none-eabi/lib/thumb/v7e-m+dp/hard/libc_nano.a(libc_a-memcpy.o)
 .bss           0x00000000        0x0 /usr/lib/gcc/arm-none-eabi/13.2.1/../../../arm-none-eabi/lib/thumb/v7e-m+dp/hard/libc_nano.a(libc_a-memcpy.o)
 .ARM.extab     0x00000000        0x0 /usr/lib/gcc/arm-none-eabi/13.2.1/../../../arm-none-eabi/lib/thumb/v7e-m+dp/hard/libc_nano.a(libc_a-memcpy.o)
 .eh_frame      0x00000000       0x2c /usr/lib/gcc/arm-none-eabi/13.2.1/../../../arm-none-eabi/lib/thumb/v7e-m+dp/hard/libc_nano.a(libc_a-memcpy.o)

Memory Configuration

Name             Origin             Length             Attributes
flash            0x08000000         0x00100000         xr
dtcm             0x20000000         0x00020000         xrw
axi_sram         0x24000000         0x00060000         xrw
sram1            0x30000000         0x00008000         xrw
sram2            0x30020000         0x00004000         xrw
sram4            0x38000000         0x00010000         xrw
itcm             0x00000000         0x00010000         xrw
backup           0x38800000         0x00001000         xrw
*default*        0x00000000         0xffffffff

Linker script and memory map

LOAD /tmp/cc9sCIQo.o
LOAD /tmp/ccAWXzLl.o
LOAD /tmp/ccgKjHpt.o
LOAD /tmp/cccY1Z0l.o
LOAD /tmp/ccqMXSK9.o
LOAD /tmp/ccAfVOVw.o
LOAD /usr/lib/gcc/arm-none-eabi/13.2.1/../../../arm-none-eabi/lib/thumb/v7e-m+dp/hard/libc_nano.a
LOAD /usr/lib/gcc/arm-none-eabi/13.2.1/thumb/v7e-m+dp/hard/libgcc.a
                0x20020000                        _estack = (ORIGIN (dtcm) + LENGTH (dtcm))

.vectors        0x08000000      0x298
 *(.vectors)
 .vectors       0x08000000      0x298 /tmp/ccAWXzLl.o
                0x08000000                tab

.text           0x08000298     0x2010
 *(.text*)
 .text.clock_init
                0x08000298      0x12c /tmp/cc9sCIQo.o
                0x08000298                clock_init
 .text.systick_init
                0x080003c4       0x34 /tmp/cc9sCIQo.o
 .text.gpio_init_PC0
                0x080003f8       0x54 /tmp/cc9sCIQo.o
                0x080003f8                gpio_init_PC0
 .text.enable_fpu
                0x0800044c       0x28 /tmp/cc9sCIQo.o
                0x0800044c                enable_fpu
 .text.main     0x08000474      0x114 /tmp/cc9sCIQo.o
                0x08000474                main
 .text.SysTick_IRQHandler
                0x08000588      0x12c /tmp/cc9sCIQo.o
                0x08000588                SysTick_IRQHandler
 .text.FDCAN1_IT0_IRQHandler
                0x080006b4      0x290 /tmp/cc9sCIQo.o
                0x080006b4                FDCAN1_IT0_IRQHandler
 .text._reset   0x08000944       0x44 /tmp/ccAWXzLl.o
                0x08000944                _reset
 .text.NMI_Handler
                0x08000988        0x8 /tmp/ccAWXzLl.o
                0x08000988                NMI_Handler
 .text.HardFault_Handler
                0x08000990        0x8 /tmp/ccAWXzLl.o
                0x08000990                HardFault_Handler
 .text.MemManage_Handler
                0x08000998        0x8 /tmp/ccAWXzLl.o
                0x08000998                MemManage_Handler
 .text.BusFault_Handler
                0x080009a0        0x8 /tmp/ccAWXzLl.o
                0x080009a0                BusFault_Handler
 .text.UsageFault_Handler
                0x080009a8        0x8 /tmp/ccAWXzLl.o
                0x080009a8                UsageFault_Handler
 .text.SVCall_Handler
                0x080009b0        0x8 /tmp/ccAWXzLl.o
                0x080009b0                SVCall_Handler
 .text.DebugMon_Handler
                0x080009b8        0x8 /tmp/ccAWXzLl.o
                0x080009b8                DebugMon_Handler
 .text.PendSV_Handler
                0x080009c0        0x8 /tmp/ccAWXzLl.o
                0x080009c0                PendSV_Handler
 .text.WWDG1_IRQHandler
                0x080009c8        0x8 /tmp/ccAWXzLl.o
                0x080009c8                WWDG1_IRQHandler
 .text.PVD_PVM_IRQHandler
                0x080009d0        0x8 /tmp/ccAWXzLl.o
                0x080009d0                PVD_PVM_IRQHandler
 .text.RTC_TAMP_STAMP_CSS_LSE_IRQHandler
                0x080009d8        0x8 /tmp/ccAWXzLl.o
                0x080009d8                RTC_TAMP_STAMP_CSS_LSE_IRQHandler
 .text.RTC_WKUP_IRQHandler
                0x080009e0        0x8 /tmp/ccAWXzLl.o
                0x080009e0                RTC_WKUP_IRQHandler
 .text.FLASH_IRQHandler
                0x080009e8        0x8 /tmp/ccAWXzLl.o
                0x080009e8                FLASH_IRQHandler
 .text.RCC_IRQHandler
                0x080009f0        0x8 /tmp/ccAWXzLl.o
                0x080009f0                RCC_IRQHandler
 .text.EXTI0_IRQHandler
                0x080009f8        0x8 /tmp/ccAWXzLl.o
                0x080009f8                EXTI0_IRQHandler
 .text.EXTI1_IRQHandler
                0x08000a00        0x8 /tmp/ccAWXzLl.o
                0x08000a00                EXTI1_IRQHandler
 .text.EXTI2_IRQHandler
                0x08000a08        0x8 /tmp/ccAWXzLl.o
                0x08000a08                EXTI2_IRQHandler
 .text.EXTI3_IRQHandler
                0x08000a10        0x8 /tmp/ccAWXzLl.o
                0x08000a10                EXTI3_IRQHandler
 .text.EXTI4_IRQHandler
                0x08000a18        0x8 /tmp/ccAWXzLl.o
                0x08000a18                EXTI4_IRQHandler
 .text.DMA_STR0_IRQHandler
                0x08000a20        0x8 /tmp/ccAWXzLl.o
                0x08000a20                DMA_STR0_IRQHandler
 .text.DMA_STR1_IRQHandler
                0x08000a28        0x8 /tmp/ccAWXzLl.o
                0x08000a28                DMA_STR1_IRQHandler
 .text.DMA_STR2_IRQHandler
                0x08000a30        0x8 /tmp/ccAWXzLl.o
                0x08000a30                DMA_STR2_IRQHandler
 .text.DMA_STR3_IRQHandler
                0x08000a38        0x8 /tmp/ccAWXzLl.o
                0x08000a38                DMA_STR3_IRQHandler
 .text.DMA_STR4_IRQHandler
                0x08000a40        0x8 /tmp/ccAWXzLl.o
                0x08000a40                DMA_STR4_IRQHandler
 .text.DMA_STR5_IRQHandler
                0x08000a48        0x8 /tmp/ccAWXzLl.o
                0x08000a48                DMA_STR5_IRQHandler
 .text.DMA_STR6_IRQHandler
                0x08000a50        0x8 /tmp/ccAWXzLl.o
                0x08000a50                DMA_STR6_IRQHandler
 .text.ADC1_2_IRQHandler
                0x08000a58        0x8 /tmp/ccAWXzLl.o
                0x08000a58                ADC1_2_IRQHandler
 .text.FDCAN2_IT0_IRQHandler
                0x08000a60        0x8 /tmp/ccAWXzLl.o
                0x08000a60                FDCAN2_IT0_IRQHandler
 .text.FDCAN1_IT1_IRQHandler
                0x08000a68        0x8 /tmp/ccAWXzLl.o
                0x08000a68                FDCAN1_IT1_IRQHandler
 .text.FDCAN2_IT1_IRQHandler
                0x08000a70        0x8 /tmp/ccAWXzLl.o
                0x08000a70                FDCAN2_IT1_IRQHandler
 .text.EXTI9_5_IRQHandler
                0x08000a78        0x8 /tmp/ccAWXzLl.o
                0x08000a78                EXTI9_5_IRQHandler
 .text.TIM1_BRK_IRQHandler
                0x08000a80        0x8 /tmp/ccAWXzLl.o
                0x08000a80                TIM1_BRK_IRQHandler
 .text.TIM1_UP_IRQHandler
                0x08000a88        0x8 /tmp/ccAWXzLl.o
                0x08000a88                TIM1_UP_IRQHandler
 .text.TIM1_TRG_COM_IRQHandler
                0x08000a90        0x8 /tmp/ccAWXzLl.o
                0x08000a90                TIM1_TRG_COM_IRQHandler
 .text.TIM_CC_IRQHandler
                0x08000a98        0x8 /tmp/ccAWXzLl.o
                0x08000a98                TIM_CC_IRQHandler
 .text.TIM2_IRQHandler
                0x08000aa0        0x8 /tmp/ccAWXzLl.o
                0x08000aa0                TIM2_IRQHandler
 .text.TIM3_IRQHandler
                0x08000aa8        0x8 /tmp/ccAWXzLl.o
                0x08000aa8                TIM3_IRQHandler
 .text.TIM4_IRQHandler
                0x08000ab0        0x8 /tmp/ccAWXzLl.o
                0x08000ab0                TIM4_IRQHandler
 .text.I2C1_EV_IRQHandler
                0x08000ab8        0x8 /tmp/ccAWXzLl.o
                0x08000ab8                I2C1_EV_IRQHandler
 .text.I2C1_ER_IRQHandler
                0x08000ac0        0x8 /tmp/ccAWXzLl.o
                0x08000ac0                I2C1_ER_IRQHandler
 .text.I2C2_EV_IRQHandler
                0x08000ac8        0x8 /tmp/ccAWXzLl.o
                0x08000ac8                I2C2_EV_IRQHandler
 .text.I2C2_ER_IRQHandler
                0x08000ad0        0x8 /tmp/ccAWXzLl.o
                0x08000ad0                I2C2_ER_IRQHandler
 .text.SPI1_IRQHandler
                0x08000ad8        0x8 /tmp/ccAWXzLl.o
                0x08000ad8                SPI1_IRQHandler
 .text.SPI2_IRQHandler
                0x08000ae0        0x8 /tmp/ccAWXzLl.o
                0x08000ae0                SPI2_IRQHandler
 .text.USART1_IRQHandler
                0x08000ae8        0x8 /tmp/ccAWXzLl.o
                0x08000ae8                USART1_IRQHandler
 .text.USART2_IRQHandler
                0x08000af0        0x8 /tmp/ccAWXzLl.o
                0x08000af0                USART2_IRQHandler
 .text.USART3_IRQHandler
                0x08000af8        0x8 /tmp/ccAWXzLl.o
                0x08000af8                USART3_IRQHandler
 .text.EXTI15_10_IRQHandler
                0x08000b00        0x8 /tmp/ccAWXzLl.o
                0x08000b00                EXTI15_10_IRQHandler
 .text.RTC_ALARM_IRQHandler
                0x08000b08        0x8 /tmp/ccAWXzLl.o
                0x08000b08                RTC_ALARM_IRQHandler
 .text.TIM8_BRK_TIM12_IRQHandler
                0x08000b10        0x8 /tmp/ccAWXzLl.o
                0x08000b10                TIM8_BRK_TIM12_IRQHandler
 .text.TIM8_UP_TIM13_IRQHandler
                0x08000b18        0x8 /tmp/ccAWXzLl.o
                0x08000b18                TIM8_UP_TIM13_IRQHandler
 .text.TIM8_TRG_COM_TIM14_IRQHandler
                0x08000b20        0x8 /tmp/ccAWXzLl.o
                0x08000b20                TIM8_TRG_COM_TIM14_IRQHandler
 .text.TIM8_CC_IRQHandler
                0x08000b28        0x8 /tmp/ccAWXzLl.o
                0x08000b28                TIM8_CC_IRQHandler
 .text.DMA1_STR7_IRQHandler
                0x08000b30        0x8 /tmp/ccAWXzLl.o
                0x08000b30                DMA1_STR7_IRQHandler
 .text.FMC_IRQHandler
                0x08000b38        0x8 /tmp/ccAWXzLl.o
                0x08000b38                FMC_IRQHandler
 .text.SDMMC1_IRQHandler
                0x08000b40        0x8 /tmp/ccAWXzLl.o
                0x08000b40                SDMMC1_IRQHandler
 .text.TIM5_IRQHandler
                0x08000b48        0x8 /tmp/ccAWXzLl.o
                0x08000b48                TIM5_IRQHandler
 .text.SPI3_IRQHandler
                0x08000b50        0x8 /tmp/ccAWXzLl.o
                0x08000b50                SPI3_IRQHandler
 .text.UART4_IRQHandler
                0x08000b58        0x8 /tmp/ccAWXzLl.o
                0x08000b58                UART4_IRQHandler
 .text.UART5_IRQHandler
                0x08000b60        0x8 /tmp/ccAWXzLl.o
                0x08000b60                UART5_IRQHandler
 .text.TIM6_DAC_IRQHandler
                0x08000b68        0x8 /tmp/ccAWXzLl.o
                0x08000b68                TIM6_DAC_IRQHandler
 .text.TIM7_IRQHandler
                0x08000b70        0x8 /tmp/ccAWXzLl.o
                0x08000b70                TIM7_IRQHandler
 .text.DMA2_STR0_IRQHandler
                0x08000b78        0x8 /tmp/ccAWXzLl.o
                0x08000b78                DMA2_STR0_IRQHandler
 .text.DMA2_STR1_IRQHandler
                0x08000b80        0x8 /tmp/ccAWXzLl.o
                0x08000b80                DMA2_STR1_IRQHandler
 .text.DMA2_STR2_IRQHandler
                0x08000b88        0x8 /tmp/ccAWXzLl.o
                0x08000b88                DMA2_STR2_IRQHandler
 .text.DMA2_STR3_IRQHandler
                0x08000b90        0x8 /tmp/ccAWXzLl.o
                0x08000b90                DMA2_STR3_IRQHandler
 .text.DMA2_STR4_IRQHandler
                0x08000b98        0x8 /tmp/ccAWXzLl.o
                0x08000b98                DMA2_STR4_IRQHandler
 .text.ETH_IRQHandler
                0x08000ba0        0x8 /tmp/ccAWXzLl.o
                0x08000ba0                ETH_IRQHandler
 .text.ETH_WKUP_IRQHandler
                0x08000ba8        0x8 /tmp/ccAWXzLl.o
                0x08000ba8                ETH_WKUP_IRQHandler
 .text.FDCAN_CAL_IRQHandler
                0x08000bb0        0x8 /tmp/ccAWXzLl.o
                0x08000bb0                FDCAN_CAL_IRQHandler
 .text.DMA2_STR5_IRQHandler
                0x08000bb8        0x8 /tmp/ccAWXzLl.o
                0x08000bb8                DMA2_STR5_IRQHandler
 .text.DMA2_STR6_IRQHandler
                0x08000bc0        0x8 /tmp/ccAWXzLl.o
                0x08000bc0                DMA2_STR6_IRQHandler
 .text.DMA2_STR7_IRQHandler
                0x08000bc8        0x8 /tmp/ccAWXzLl.o
                0x08000bc8                DMA2_STR7_IRQHandler
 .text.USART6_IRQHandler
                0x08000bd0        0x8 /tmp/ccAWXzLl.o
                0x08000bd0                USART6_IRQHandler
 .text.I2C3_EV_IRQHandler
                0x08000bd8        0x8 /tmp/ccAWXzLl.o
                0x08000bd8                I2C3_EV_IRQHandler
 .text.I2C3_ER_IRQHandler
                0x08000be0        0x8 /tmp/ccAWXzLl.o
                0x08000be0                I2C3_ER_IRQHandler
 .text.OTG_HS_EP1_OUT_IRQHandler
                0x08000be8        0x8 /tmp/ccAWXzLl.o
                0x08000be8                OTG_HS_EP1_OUT_IRQHandler
 .text.OTG_HS_EP1_IN_IRQHandler
                0x08000bf0        0x8 /tmp/ccAWXzLl.o
                0x08000bf0                OTG_HS_EP1_IN_IRQHandler
 .text.OTG_HS_WKUP_IRQHandler
                0x08000bf8        0x8 /tmp/ccAWXzLl.o
                0x08000bf8                OTG_HS_WKUP_IRQHandler
 .text.OTG_HS_IRQHandler
                0x08000c00        0x8 /tmp/ccAWXzLl.o
                0x08000c00                OTG_HS_IRQHandler
 .text.DCMI_IRQHandler
                0x08000c08        0x8 /tmp/ccAWXzLl.o
                0x08000c08                DCMI_IRQHandler
 .text.CRYP_IRQHandler
                0x08000c10        0x8 /tmp/ccAWXzLl.o
                0x08000c10                CRYP_IRQHandler
 .text.HASH_RNG_IRQHandler
                0x08000c18        0x8 /tmp/ccAWXzLl.o
                0x08000c18                HASH_RNG_IRQHandler
 .text.FPU_IRQHandler
                0x08000c20        0x8 /tmp/ccAWXzLl.o
                0x08000c20                FPU_IRQHandler
 .text.UART7_IRQHandler
                0x08000c28        0x8 /tmp/ccAWXzLl.o
                0x08000c28                UART7_IRQHandler
 .text.UART8_IRQHandler
                0x08000c30        0x8 /tmp/ccAWXzLl.o
                0x08000c30                UART8_IRQHandler
 .text.SPI4_IRQHandler
                0x08000c38        0x8 /tmp/ccAWXzLl.o
                0x08000c38                SPI4_IRQHandler
 .text.SPI5_IRQHandler
                0x08000c40        0x8 /tmp/ccAWXzLl.o
                0x08000c40                SPI5_IRQHandler
 .text.SPI6_IRQHandler
                0x08000c48        0x8 /tmp/ccAWXzLl.o
                0x08000c48                SPI6_IRQHandler
 .text.SAI1_IRQHandler
                0x08000c50        0x8 /tmp/ccAWXzLl.o
                0x08000c50                SAI1_IRQHandler
 .text.LTDC_IRQHandler
                0x08000c58        0x8 /tmp/ccAWXzLl.o
                0x08000c58                LTDC_IRQHandler
 .text.LTDC_ER_IRQHandler
                0x08000c60        0x8 /tmp/ccAWXzLl.o
                0x08000c60                LTDC_ER_IRQHandler
 .text.DMA2D_IRQHandler
                0x08000c68        0x8 /tmp/ccAWXzLl.o
                0x08000c68                DMA2D_IRQHandler
 .text.SAI2_IRQHandler
                0x08000c70        0x8 /tmp/ccAWXzLl.o
                0x08000c70                SAI2_IRQHandler
 .text.QUADSPI_IRQHandler
                0x08000c78        0x8 /tmp/ccAWXzLl.o
                0x08000c78                QUADSPI_IRQHandler
 .text.LPTIM1_IRQHandler
                0x08000c80        0x8 /tmp/ccAWXzLl.o
                0x08000c80                LPTIM1_IRQHandler
 .text.CEC_IRQHandler
                0x08000c88        0x8 /tmp/ccAWXzLl.o
                0x08000c88                CEC_IRQHandler
 .text.I2C4_EV_IRQHandler
                0x08000c90        0x8 /tmp/ccAWXzLl.o
                0x08000c90                I2C4_EV_IRQHandler
 .text.I2C4_ER_IRQHandler
                0x08000c98        0x8 /tmp/ccAWXzLl.o
                0x08000c98                I2C4_ER_IRQHandler
 .text.SPDIF_IRQHandler
                0x08000ca0        0x8 /tmp/ccAWXzLl.o
                0x08000ca0                SPDIF_IRQHandler
 .text.OTG_FS_EP1_OUT_IRQHandler
                0x08000ca8        0x8 /tmp/ccAWXzLl.o
                0x08000ca8                OTG_FS_EP1_OUT_IRQHandler
 .text.OTG_FS_EP1_IN_IRQHandler
                0x08000cb0        0x8 /tmp/ccAWXzLl.o
                0x08000cb0                OTG_FS_EP1_IN_IRQHandler
 .text.OTG_FS_WKUP_IRQHandler
                0x08000cb8        0x8 /tmp/ccAWXzLl.o
                0x08000cb8                OTG_FS_WKUP_IRQHandler
 .text.OTG_FS_IRQHandler
                0x08000cc0        0x8 /tmp/ccAWXzLl.o
                0x08000cc0                OTG_FS_IRQHandler
 .text.DMAMUX1_OV_IRQHandler
                0x08000cc8        0x8 /tmp/ccAWXzLl.o
                0x08000cc8                DMAMUX1_OV_IRQHandler
 .text.HRTIM1_MST_IRQHandler
                0x08000cd0        0x8 /tmp/ccAWXzLl.o
                0x08000cd0                HRTIM1_MST_IRQHandler
 .text.HRTIM1_TIMA_IRQHandler
                0x08000cd8        0x8 /tmp/ccAWXzLl.o
                0x08000cd8                HRTIM1_TIMA_IRQHandler
 .text.HRTIM_TIMB_IRQHandler
                0x08000ce0        0x8 /tmp/ccAWXzLl.o
                0x08000ce0                HRTIM_TIMB_IRQHandler
 .text.HRTIM1_TIMC_IRQHandler
                0x08000ce8        0x8 /tmp/ccAWXzLl.o
                0x08000ce8                HRTIM1_TIMC_IRQHandler
 .text.HRTIM1_TIMD_IRQHandler
                0x08000cf0        0x8 /tmp/ccAWXzLl.o
                0x08000cf0                HRTIM1_TIMD_IRQHandler
 .text.HRTIM_TIME_IRQHandler
                0x08000cf8        0x8 /tmp/ccAWXzLl.o
                0x08000cf8                HRTIM_TIME_IRQHandler
 .text.HRTIM1_FLT_IRQHandler
                0x08000d00        0x8 /tmp/ccAWXzLl.o
                0x08000d00                HRTIM1_FLT_IRQHandler
 .text.DFSDM1_FLT0_IRQHandler
                0x08000d08        0x8 /tmp/ccAWXzLl.o
                0x08000d08                DFSDM1_FLT0_IRQHandler
 .text.DFSDM1_FLT1_IRQHandler
                0x08000d10        0x8 /tmp/ccAWXzLl.o
                0x08000d10                DFSDM1_FLT1_IRQHandler
 .text.DFSDM1_FLT2_IRQHandler
                0x08000d18        0x8 /tmp/ccAWXzLl.o
                0x08000d18                DFSDM1_FLT2_IRQHandler
 .text.DFSDM1_FLT3_IRQHandler
                0x08000d20        0x8 /tmp/ccAWXzLl.o
                0x08000d20                DFSDM1_FLT3_IRQHandler
 .text.SAI3_IRQHandler
                0x08000d28        0x8 /tmp/ccAWXzLl.o
                0x08000d28                SAI3_IRQHandler
 .text.SWPMI1_IRQHandler
                0x08000d30        0x8 /tmp/ccAWXzLl.o
                0x08000d30                SWPMI1_IRQHandler
 .text.TIM15_IRQHandler
                0x08000d38        0x8 /tmp/ccAWXzLl.o
                0x08000d38                TIM15_IRQHandler
 .text.TIM16_IRQHandler
                0x08000d40        0x8 /tmp/ccAWXzLl.o
                0x08000d40                TIM16_IRQHandler
 .text.TIM17_IRQHandler
                0x08000d48        0x8 /tmp/ccAWXzLl.o
                0x08000d48                TIM17_IRQHandler
 .text.MDIOS_WKUP_IRQHandler
                0x08000d50        0x8 /tmp/ccAWXzLl.o
                0x08000d50                MDIOS_WKUP_IRQHandler
 .text.MDIOS_IRQHandler
                0x08000d58        0x8 /tmp/ccAWXzLl.o
                0x08000d58                MDIOS_IRQHandler
 .text.JPEG_IRQHandler
                0x08000d60        0x8 /tmp/ccAWXzLl.o
                0x08000d60                JPEG_IRQHandler
 .text.MDMA_IRQHandler
                0x08000d68        0x8 /tmp/ccAWXzLl.o
                0x08000d68                MDMA_IRQHandler
 .text.SDMMC2_IRQHandler
                0x08000d70        0x8 /tmp/ccAWXzLl.o
                0x08000d70                SDMMC2_IRQHandler
 .text.HSEM0_IRQHandler
                0x08000d78        0x8 /tmp/ccAWXzLl.o
                0x08000d78                HSEM0_IRQHandler
 .text.ADC3_IRQHandler
                0x08000d80        0x8 /tmp/ccAWXzLl.o
                0x08000d80                ADC3_IRQHandler
 .text.DMAMUX2_OVR_IRQHandler
                0x08000d88        0x8 /tmp/ccAWXzLl.o
                0x08000d88                DMAMUX2_OVR_IRQHandler
 .text.BDMA_CH0_IRQHandler
                0x08000d90        0x8 /tmp/ccAWXzLl.o
                0x08000d90                BDMA_CH0_IRQHandler
 .text.BDMA_CH1_IRQHandler
                0x08000d98        0x8 /tmp/ccAWXzLl.o
                0x08000d98                BDMA_CH1_IRQHandler
 .text.BDMA_CH2_IRQHandler
                0x08000da0        0x8 /tmp/ccAWXzLl.o
                0x08000da0                BDMA_CH2_IRQHandler
 .text.BDMA_CH3_IRQHandler
                0x08000da8        0x8 /tmp/ccAWXzLl.o
                0x08000da8                BDMA_CH3_IRQHandler
 .text.BDMA_CH4_IRQHandler
                0x08000db0        0x8 /tmp/ccAWXzLl.o
                0x08000db0                BDMA_CH4_IRQHandler
 .text.BDMA_CH5_IRQHandler
                0x08000db8        0x8 /tmp/ccAWXzLl.o
                0x08000db8                BDMA_CH5_IRQHandler
 .text.BDMA_CH6_IRQHandler
                0x08000dc0        0x8 /tmp/ccAWXzLl.o
                0x08000dc0                BDMA_CH6_IRQHandler
 .text.BDMA_CH7_IRQHandler
                0x08000dc8        0x8 /tmp/ccAWXzLl.o
                0x08000dc8                BDMA_CH7_IRQHandler
 .text.COMP_IRQHandler
                0x08000dd0        0x8 /tmp/ccAWXzLl.o
                0x08000dd0                COMP_IRQHandler
 .text.LPTIM2_IRQHandler
                0x08000dd8        0x8 /tmp/ccAWXzLl.o
                0x08000dd8                LPTIM2_IRQHandler
 .text.LPTIM3_IRQHandler
                0x08000de0        0x8 /tmp/ccAWXzLl.o
                0x08000de0                LPTIM3_IRQHandler
 .text.LPTIM4_IRQHandler
                0x08000de8        0x8 /tmp/ccAWXzLl.o
                0x08000de8                LPTIM4_IRQHandler
 .text.LPTIM5_IRQHandler
                0x08000df0        0x8 /tmp/ccAWXzLl.o
                0x08000df0                LPTIM5_IRQHandler
 .text.LPUART_IRQHandler
                0x08000df8        0x8 /tmp/ccAWXzLl.o
                0x08000df8                LPUART_IRQHandler
 .text.WWDG1_RST_IRQHandler
                0x08000e00        0x8 /tmp/ccAWXzLl.o
                0x08000e00                WWDG1_RST_IRQHandler
 .text.CRS_IRQHandler
                0x08000e08        0x8 /tmp/ccAWXzLl.o
                0x08000e08                CRS_IRQHandler
 .text.RAMECC1_IRQHandler
                0x08000e10        0x8 /tmp/ccAWXzLl.o
                0x08000e10                RAMECC1_IRQHandler
 .text.SAI4_IRQHandler
                0x08000e18        0x8 /tmp/ccAWXzLl.o
                0x08000e18                SAI4_IRQHandler
 .text.WKUP_IRQHandler
                0x08000e20        0x8 /tmp/ccAWXzLl.o
                0x08000e20                WKUP_IRQHandler
 .text.RTC_init
                0x08000e28      0x190 /tmp/ccgKjHpt.o
                0x08000e28                RTC_init
 .text.RTC_read_datetime
                0x08000fb8      0x134 /tmp/ccgKjHpt.o
                0x08000fb8                RTC_read_datetime
 .text.VECan_Init
                0x080010ec      0x54c /tmp/cccY1Z0l.o
                0x080010ec                VECan_Init
 .text.VECan_send
                0x08001638       0xb4 /tmp/cccY1Z0l.o
                0x08001638                VECan_send
 .text.FDCAN1_init
                0x080016ec      0x30c /tmp/ccqMXSK9.o
                0x080016ec                FDCAN1_init
 .text.FDCAN2_init
                0x080019f8      0x338 /tmp/ccqMXSK9.o
                0x080019f8                FDCAN2_init
 .text.FDCAN1_transmit_message
                0x08001d30       0xbc /tmp/ccqMXSK9.o
                0x08001d30                FDCAN1_transmit_message
 .text.FDCAN2_transmit_message
                0x08001dec       0xc8 /tmp/ccqMXSK9.o
                0x08001dec                FDCAN2_transmit_message
 .text.convert_0x0426_to_milliampere
                0x08001eb4       0x46 /tmp/ccAfVOVw.o
                0x08001eb4                convert_0x0426_to_milliampere
 .text.convert_0x0427_to_millivolts
                0x08001efa       0x32 /tmp/ccAfVOVw.o
                0x08001efa                convert_0x0427_to_millivolts
 .text.convert_0x0428_to_temperature
                0x08001f2c       0x32 /tmp/ccAfVOVw.o
                0x08001f2c                convert_0x0428_to_temperature
 .text.convert_0x0429_to_microvolts
                0x08001f5e       0x46 /tmp/ccAfVOVw.o
                0x08001f5e                convert_0x0429_to_microvolts
 .text.convert_0x042A_to_power
                0x08001fa4       0x88 /tmp/ccAfVOVw.o
                0x08001fa4                convert_0x042A_to_power
 .text.convert_0x042B_to_DieID
                0x0800202c       0x38 /tmp/ccAfVOVw.o
                0x0800202c                convert_0x042B_to_DieID
 .text.convert_0x042C_to_ManufacturerID
                0x08002064       0x38 /tmp/ccAfVOVw.o
                0x08002064                convert_0x042C_to_ManufacturerID
 .text.convert_0x042D_to_energy
                0x0800209c       0x6c /tmp/ccAfVOVw.o
                0x0800209c                convert_0x042D_to_energy
 .text.convert_0x042E_to_charge
                0x08002108       0x6c /tmp/ccAfVOVw.o
                0x08002108                convert_0x042E_to_charge
 .text          0x08002174      0x134 /usr/lib/gcc/arm-none-eabi/13.2.1/../../../arm-none-eabi/lib/thumb/v7e-m+dp/hard/libc_nano.a(libc_a-memcpy.o)
                0x08002174                memcpy

.glue_7         0x080022a8        0x0
 .glue_7        0x080022a8        0x0 linker stubs

.glue_7t        0x080022a8        0x0
 .glue_7t       0x080022a8        0x0 linker stubs

.vfp11_veneer   0x080022a8        0x0
 .vfp11_veneer  0x080022a8        0x0 linker stubs

.v4_bx          0x080022a8        0x0
 .v4_bx         0x080022a8        0x0 linker stubs

.iplt           0x080022a8        0x0
 .iplt          0x080022a8        0x0 /tmp/cc9sCIQo.o

.rel.dyn        0x080022a8        0x0
 .rel.iplt      0x080022a8        0x0 /tmp/cc9sCIQo.o

.rodata
 *(.rodata*)

.ARM.exidx      0x080022a8        0x8
 .ARM.exidx     0x080022a8        0x8 /usr/lib/gcc/arm-none-eabi/13.2.1/../../../arm-none-eabi/lib/thumb/v7e-m+dp/hard/libc_nano.a(libc_a-memcpy.o)

.data           0x20000000       0x14 load address 0x080022b0
                0x20000000                        _sdata = .
 *(.first_data)
 *(.data SORT_BY_NAME(.data.*))
 .data.SOH      0x20000000        0x2 /tmp/cccY1Z0l.o
                0x20000000                SOH
 *fill*         0x20000002        0x2 
 .data.snPart1  0x20000004        0x8 /tmp/cccY1Z0l.o
                0x20000004                snPart1
 .data.snPart2  0x2000000c        0x8 /tmp/cccY1Z0l.o
                0x2000000c                snPart2
                0x20000014                        _edata = .
                0x080022b0                        _sidata = LOADADDR (.data)

.igot.plt       0x20000014        0x0 load address 0x080022c4
 .igot.plt      0x20000014        0x0 /tmp/cc9sCIQo.o

.bss            0x20000014      0x1c1 load address 0x080022c4
                0x20000014                        _sbss = .
 *(.bss SORT_BY_NAME(.bss.*) COMMON)
 .bss.bus_voltage
                0x20000014        0x4 /tmp/cc9sCIQo.o
                0x20000014                bus_voltage
 .bss.charge    0x20000018        0x4 /tmp/cc9sCIQo.o
                0x20000018                charge
 .bss.charge_Ah
                0x2000001c        0x4 /tmp/cc9sCIQo.o
                0x2000001c                charge_Ah
 .bss.counter_loop
                0x20000020        0x4 /tmp/ccqMXSK9.o
                0x20000020                counter_loop
 .bss.current   0x20000024        0x4 /tmp/cc9sCIQo.o
                0x20000024                current
 .bss.die_id    0x20000028        0x2 /tmp/cc9sCIQo.o
                0x20000028                die_id
 *fill*         0x2000002a        0x2 
 .bss.dt        0x2000002c        0x7 /tmp/cc9sCIQo.o
                0x2000002c                dt
 *fill*         0x20000033        0x1 
 .bss.energy    0x20000034        0x4 /tmp/cc9sCIQo.o
                0x20000034                energy
 .bss.fifo_full_counter
                0x20000038        0x4 /tmp/cc9sCIQo.o
                0x20000038                fifo_full_counter
 .bss.fifo_message_lost_counter
                0x2000003c        0x4 /tmp/cc9sCIQo.o
                0x2000003c                fifo_message_lost_counter
 .bss.manufacturer_id
                0x20000040        0x2 /tmp/cc9sCIQo.o
                0x20000040                manufacturer_id
 .bss.minutes   0x20000042        0x1 /tmp/cc9sCIQo.o
                0x20000042                minutes
 *fill*         0x20000043        0x1 
 .bss.power     0x20000044        0x4 /tmp/cc9sCIQo.o
                0x20000044                power
 .bss.rx_message_426
                0x20000048        0x8 /tmp/cc9sCIQo.o
                0x20000048                rx_message_426
 .bss.rx_message_427
                0x20000050        0x8 /tmp/cc9sCIQo.o
                0x20000050                rx_message_427
 .bss.rx_message_428
                0x20000058        0x8 /tmp/cc9sCIQo.o
                0x20000058                rx_message_428
 .bss.rx_message_429
                0x20000060        0x8 /tmp/cc9sCIQo.o
                0x20000060                rx_message_429
 .bss.rx_message_42A
                0x20000068        0x8 /tmp/cc9sCIQo.o
                0x20000068                rx_message_42A
 .bss.rx_message_42B
                0x20000070        0x8 /tmp/cc9sCIQo.o
                0x20000070                rx_message_42B
 .bss.rx_message_42C
                0x20000078        0x8 /tmp/cc9sCIQo.o
                0x20000078                rx_message_42C
 .bss.rx_message_42D
                0x20000080        0x8 /tmp/cc9sCIQo.o
                0x20000080                rx_message_42D
 .bss.rx_message_42E
                0x20000088        0x8 /tmp/cc9sCIQo.o
                0x20000088                rx_message_42E
 .bss.seconds   0x20000090        0x1 /tmp/cc9sCIQo.o
                0x20000090                seconds
 *fill*         0x20000091        0x3 
 .bss.shunt_voltage
                0x20000094        0x4 /tmp/cc9sCIQo.o
                0x20000094                shunt_voltage
 .bss.splitter  0x20000098        0x2 /tmp/cccY1Z0l.o
                0x20000098                splitter
 *fill*         0x2000009a        0x2 
 .bss.temperature
                0x2000009c        0x4 /tmp/cc9sCIQo.o
                0x2000009c                temperature
 .bss.threeeighty
                0x200000a0       0x10 /tmp/cccY1Z0l.o
                0x200000a0                threeeighty
 .bss.threeeightyone
                0x200000b0       0x10 /tmp/cccY1Z0l.o
                0x200000b0                threeeightyone
 .bss.threefiftyA
                0x200000c0       0x10 /tmp/cccY1Z0l.o
                0x200000c0                threefiftyA
 .bss.threefiftyE
                0x200000d0       0x10 /tmp/cccY1Z0l.o
                0x200000d0                threefiftyE
 .bss.threefiftyF
                0x200000e0       0x10 /tmp/cccY1Z0l.o
                0x200000e0                threefiftyF
 .bss.threefiftyfive
                0x200000f0       0x10 /tmp/cccY1Z0l.o
                0x200000f0                threefiftyfive
 .bss.threefiftyone
                0x20000100       0x10 /tmp/cccY1Z0l.o
                0x20000100                threefiftyone
 .bss.threefiftysix
                0x20000110       0x10 /tmp/cccY1Z0l.o
                0x20000110                threefiftysix
 .bss.threeseventyeight
                0x20000120       0x10 /tmp/cccY1Z0l.o
                0x20000120                threeseventyeight
 .bss.threeseventyfive
                0x20000130       0x10 /tmp/cccY1Z0l.o
                0x20000130                threeseventyfive
 .bss.threeseventyfour
                0x20000140       0x10 /tmp/cccY1Z0l.o
                0x20000140                threeseventyfour
 .bss.threeseventynine
                0x20000150       0x10 /tmp/cccY1Z0l.o
                0x20000150                threeseventynine
 .bss.threeseventyseven
                0x20000160       0x10 /tmp/cccY1Z0l.o
                0x20000160                threeseventyseven
 .bss.threeseventysix
                0x20000170       0x10 /tmp/cccY1Z0l.o
                0x20000170                threeseventysix
 .bss.threeseventythree
                0x20000180       0x10 /tmp/cccY1Z0l.o
                0x20000180                threeseventythree
 .bss.threeseventytwo
                0x20000190       0x10 /tmp/cccY1Z0l.o
                0x20000190                threeseventytwo
 .bss.threesixty
                0x200001a0       0x10 /tmp/cccY1Z0l.o
                0x200001a0                threesixty
 .bss.tick      0x200001b0        0x4 /tmp/cc9sCIQo.o
                0x200001b0                tick
 .bss.tx_127    0x200001b4       0x10 /tmp/cc9sCIQo.o
                0x200001b4                tx_127
 .bss.tx_128    0x200001c4       0x10 /tmp/cc9sCIQo.o
                0x200001c4                tx_128
 .bss.zonk      0x200001d4        0x1 /tmp/cc9sCIQo.o
                0x200001d4                zonk
                0x200001d5                        _ebss = .

.sram1_data
 *(.sram1_data)

.sram2_data
 *(.sram2_data)

.backup_data
 *(.backup_data)
                0x200001d8                        . = ALIGN (0x8)
                0x200001d8                        _end = .
OUTPUT(firmware.elf elf32-littlearm)
LOAD linker stubs

.debug_info     0x00000000     0x36ef
 .debug_info    0x00000000     0x118c /tmp/cc9sCIQo.o
 .debug_info    0x0000118c      0xb3a /tmp/ccAWXzLl.o
 .debug_info    0x00001cc6      0x7b0 /tmp/ccgKjHpt.o
 .debug_info    0x00002476      0x380 /tmp/cccY1Z0l.o
 .debug_info    0x000027f6      0xbe5 /tmp/ccqMXSK9.o
 .debug_info    0x000033db      0x2e1 /tmp/ccAfVOVw.o
 .debug_info    0x000036bc       0x33 /usr/lib/gcc/arm-none-eabi/13.2.1/../../../arm-none-eabi/lib/thumb/v7e-m+dp/hard/libc_nano.a(libc_a-memcpy.o)

.debug_abbrev   0x00000000      0x885
 .debug_abbrev  0x00000000      0x25f /tmp/cc9sCIQo.o
 .debug_abbrev  0x0000025f      0x105 /tmp/ccAWXzLl.o
 .debug_abbrev  0x00000364      0x132 /tmp/ccgKjHpt.o
 .debug_abbrev  0x00000496       0xff /tmp/cccY1Z0l.o
 .debug_abbrev  0x00000595      0x226 /tmp/ccqMXSK9.o
 .debug_abbrev  0x000007bb       0xa2 /tmp/ccAfVOVw.o
 .debug_abbrev  0x0000085d       0x28 /usr/lib/gcc/arm-none-eabi/13.2.1/../../../arm-none-eabi/lib/thumb/v7e-m+dp/hard/libc_nano.a(libc_a-memcpy.o)

.debug_aranges  0x00000000      0x628
 .debug_aranges
                0x00000000       0x50 /tmp/cc9sCIQo.o
 .debug_aranges
                0x00000050      0x4d0 /tmp/ccAWXzLl.o
 .debug_aranges
                0x00000520       0x28 /tmp/ccgKjHpt.o
 .debug_aranges
                0x00000548       0x28 /tmp/cccY1Z0l.o
 .debug_aranges
                0x00000570       0x38 /tmp/ccqMXSK9.o
 .debug_aranges
                0x000005a8       0x60 /tmp/ccAfVOVw.o
 .debug_aranges
                0x00000608       0x20 /usr/lib/gcc/arm-none-eabi/13.2.1/../../../arm-none-eabi/lib/thumb/v7e-m+dp/hard/libc_nano.a(libc_a-memcpy.o)

.debug_rnglists
                0x00000000      0x475
 .debug_rnglists
                0x00000000       0x3b /tmp/cc9sCIQo.o
 .debug_rnglists
                0x0000003b      0x397 /tmp/ccAWXzLl.o
 .debug_rnglists
                0x000003d2       0x1b /tmp/ccgKjHpt.o
 .debug_rnglists
                0x000003ed       0x1b /tmp/cccY1Z0l.o
 .debug_rnglists
                0x00000408       0x29 /tmp/ccqMXSK9.o
 .debug_rnglists
                0x00000431       0x44 /tmp/ccAfVOVw.o

.debug_macro    0x00000000     0x2df0
 .debug_macro   0x00000000      0x1f7 /tmp/cc9sCIQo.o
 .debug_macro   0x000001f7      0xade /tmp/cc9sCIQo.o
 .debug_macro   0x00000cd5       0x22 /tmp/cc9sCIQo.o
 .debug_macro   0x00000cf7       0x54 /tmp/cc9sCIQo.o
 .debug_macro   0x00000d4b       0x29 /tmp/cc9sCIQo.o
 .debug_macro   0x00000d74       0x94 /tmp/cc9sCIQo.o
 .debug_macro   0x00000e08       0x43 /tmp/cc9sCIQo.o
 .debug_macro   0x00000e4b      0x103 /tmp/cc9sCIQo.o
 .debug_macro   0x00000f4e       0x3a /tmp/cc9sCIQo.o
 .debug_macro   0x00000f88      0x34e /tmp/cc9sCIQo.o
 .debug_macro   0x000012d6       0x89 /tmp/cc9sCIQo.o
 .debug_macro   0x0000135f      0x379 /tmp/cc9sCIQo.o
 .debug_macro   0x000016d8       0x22 /tmp/cc9sCIQo.o
 .debug_macro   0x000016fa       0x16 /tmp/cc9sCIQo.o
 .debug_macro   0x00001710       0xa5 /tmp/cc9sCIQo.o
 .debug_macro   0x000017b5       0x9b /tmp/cc9sCIQo.o
 .debug_macro   0x00001850       0x57 /tmp/cc9sCIQo.o
 .debug_macro   0x000018a7      0x370 /tmp/cc9sCIQo.o
 .debug_macro   0x00001c17       0x16 /tmp/cc9sCIQo.o
 .debug_macro   0x00001c2d       0x4a /tmp/cc9sCIQo.o
 .debug_macro   0x00001c77       0x34 /tmp/cc9sCIQo.o
 .debug_macro   0x00001cab       0x10 /tmp/cc9sCIQo.o
 .debug_macro   0x00001cbb       0x52 /tmp/cc9sCIQo.o
 .debug_macro   0x00001d0d       0x8e /tmp/cc9sCIQo.o
 .debug_macro   0x00001d9b       0x1c /tmp/cc9sCIQo.o
 .debug_macro   0x00001db7      0x177 /tmp/cc9sCIQo.o
 .debug_macro   0x00001f2e       0x16 /tmp/cc9sCIQo.o
 .debug_macro   0x00001f44       0x29 /tmp/cc9sCIQo.o
 .debug_macro   0x00001f6d       0x16 /tmp/cc9sCIQo.o
 .debug_macro   0x00001f83       0x3c /tmp/cc9sCIQo.o
 .debug_macro   0x00001fbf      0x14a /tmp/cc9sCIQo.o
 .debug_macro   0x00002109       0x1c /tmp/cc9sCIQo.o
 .debug_macro   0x00002125       0x10 /tmp/cc9sCIQo.o
 .debug_macro   0x00002135       0x1c /tmp/cc9sCIQo.o
 .debug_macro   0x00002151       0x16 /tmp/cc9sCIQo.o
 .debug_macro   0x00002167      0x146 /tmp/cc9sCIQo.o
 .debug_macro   0x000022ad       0x1a /tmp/ccAWXzLl.o
 .debug_macro   0x000022c7      0x159 /tmp/ccgKjHpt.o
 .debug_macro   0x00002420       0x34 /tmp/ccgKjHpt.o
 .debug_macro   0x00002454      0x11c /tmp/ccgKjHpt.o
 .debug_macro   0x00002570      0x379 /tmp/ccgKjHpt.o
 .debug_macro   0x000028e9      0x17e /tmp/cccY1Z0l.o
 .debug_macro   0x00002a67      0x184 /tmp/ccqMXSK9.o
 .debug_macro   0x00002beb      0x151 /tmp/ccAfVOVw.o
 .debug_macro   0x00002d3c       0x9e /tmp/ccAfVOVw.o
 .debug_macro   0x00002dda       0x16 /tmp/ccAfVOVw.o

.debug_line     0x00000000     0x263f
 .debug_line    0x00000000      0x6ab /tmp/cc9sCIQo.o
 .debug_line    0x000006ab      0xd11 /tmp/ccAWXzLl.o
 .debug_line    0x000013bc      0x38c /tmp/ccgKjHpt.o
 .debug_line    0x00001748      0x3fa /tmp/cccY1Z0l.o
 .debug_line    0x00001b42      0x676 /tmp/ccqMXSK9.o
 .debug_line    0x000021b8      0x3ce /tmp/ccAfVOVw.o
 .debug_line    0x00002586       0xb9 /usr/lib/gcc/arm-none-eabi/13.2.1/../../../arm-none-eabi/lib/thumb/v7e-m+dp/hard/libc_nano.a(libc_a-memcpy.o)

.debug_str      0x00000000     0xa7ca
 .debug_str     0x00000000     0xa7ca /tmp/cc9sCIQo.o
                               0x9b60 (size before relaxing)
 .debug_str     0x0000a7ca     0x446a /tmp/ccAWXzLl.o
 .debug_str     0x0000a7ca     0x8f38 /tmp/ccgKjHpt.o
 .debug_str     0x0000a7ca     0x8d2d /tmp/cccY1Z0l.o
 .debug_str     0x0000a7ca     0x9091 /tmp/ccqMXSK9.o
 .debug_str     0x0000a7ca     0x85fd /tmp/ccAfVOVw.o
 .debug_str     0x0000a7ca       0xac /usr/lib/gcc/arm-none-eabi/13.2.1/../../../arm-none-eabi/lib/thumb/v7e-m+dp/hard/libc_nano.a(libc_a-memcpy.o)

.comment        0x00000000       0x26
 .comment       0x00000000       0x26 /tmp/cc9sCIQo.o
                                 0x27 (size before relaxing)
 .comment       0x00000026       0x27 /tmp/ccAWXzLl.o
 .comment       0x00000026       0x27 /tmp/ccgKjHpt.o
 .comment       0x00000026       0x27 /tmp/cccY1Z0l.o
 .comment       0x00000026       0x27 /tmp/ccqMXSK9.o
 .comment       0x00000026       0x27 /tmp/ccAfVOVw.o

.ARM.attributes
                0x00000000       0x30
 .ARM.attributes
                0x00000000       0x32 /tmp/cc9sCIQo.o
 .ARM.attributes
                0x00000032       0x32 /tmp/ccAWXzLl.o
 .ARM.attributes
                0x00000064       0x32 /tmp/ccgKjHpt.o
 .ARM.attributes
                0x00000096       0x32 /tmp/cccY1Z0l.o
 .ARM.attributes
                0x000000c8       0x32 /tmp/ccqMXSK9.o
 .ARM.attributes
                0x000000fa       0x32 /tmp/ccAfVOVw.o
 .ARM.attributes
                0x0000012c       0x1e /usr/lib/gcc/arm-none-eabi/13.2.1/../../../arm-none-eabi/lib/thumb/v7e-m+dp/hard/libc_nano.a(libc_a-memcpy.o)

.debug_frame    0x00000000     0x1200
 .debug_frame   0x00000000       0xfc /tmp/cc9sCIQo.o
 .debug_frame   0x000000fc      0xe30 /tmp/ccAWXzLl.o
 .debug_frame   0x00000f2c       0x60 /tmp/ccgKjHpt.o
 .debug_frame   0x00000f8c       0x50 /tmp/cccY1Z0l.o
 .debug_frame   0x00000fdc       0xac /tmp/ccqMXSK9.o
 .debug_frame   0x00001088      0x178 /tmp/ccAfVOVw.o

.debug_line_str
                0x00000000       0x99
 .debug_line_str
                0x00000000       0x99 /usr/lib/gcc/arm-none-eabi/13.2.1/../../../arm-none-eabi/lib/thumb/v7e-m+dp/hard/libc_nano.a(libc_a-memcpy.o)
