Archive member included to satisfy reference by file (symbol)

/usr/lib/gcc/arm-none-eabi/13.2.1/../../../arm-none-eabi/lib/thumb/v7e-m+dp/hard/libc_nano.a(libc_a-memcpy.o)
                              /tmp/cchCi0DC.o (memcpy)

Discarded input sections

 .group         0x00000000        0xc /tmp/ccvbP2fy.o
 .group         0x00000000        0xc /tmp/ccvbP2fy.o
 .group         0x00000000        0xc /tmp/ccvbP2fy.o
 .group         0x00000000        0xc /tmp/ccvbP2fy.o
 .group         0x00000000        0xc /tmp/ccvbP2fy.o
 .group         0x00000000        0xc /tmp/ccvbP2fy.o
 .group         0x00000000        0xc /tmp/ccvbP2fy.o
 .group         0x00000000        0xc /tmp/ccvbP2fy.o
 .group         0x00000000        0xc /tmp/ccvbP2fy.o
 .group         0x00000000        0xc /tmp/ccvbP2fy.o
 .group         0x00000000        0xc /tmp/ccvbP2fy.o
 .group         0x00000000        0xc /tmp/ccvbP2fy.o
 .group         0x00000000        0xc /tmp/ccvbP2fy.o
 .group         0x00000000        0xc /tmp/ccvbP2fy.o
 .group         0x00000000        0xc /tmp/ccvbP2fy.o
 .group         0x00000000        0xc /tmp/ccvbP2fy.o
 .group         0x00000000        0xc /tmp/ccvbP2fy.o
 .group         0x00000000        0xc /tmp/ccvbP2fy.o
 .group         0x00000000        0xc /tmp/ccvbP2fy.o
 .group         0x00000000        0xc /tmp/ccvbP2fy.o
 .group         0x00000000        0xc /tmp/ccvbP2fy.o
 .group         0x00000000        0xc /tmp/ccvbP2fy.o
 .group         0x00000000        0xc /tmp/ccvbP2fy.o
 .group         0x00000000        0xc /tmp/ccvbP2fy.o
 .group         0x00000000        0xc /tmp/ccvbP2fy.o
 .group         0x00000000        0xc /tmp/ccvbP2fy.o
 .group         0x00000000        0xc /tmp/ccvbP2fy.o
 .group         0x00000000        0xc /tmp/ccvbP2fy.o
 .group         0x00000000        0xc /tmp/ccvbP2fy.o
 .group         0x00000000        0xc /tmp/ccvbP2fy.o
 .group         0x00000000        0xc /tmp/ccvbP2fy.o
 .group         0x00000000        0xc /tmp/ccvbP2fy.o
 .group         0x00000000        0xc /tmp/ccvbP2fy.o
 .group         0x00000000        0xc /tmp/ccvbP2fy.o
 .group         0x00000000        0xc /tmp/ccvbP2fy.o
 .group         0x00000000        0xc /tmp/ccvbP2fy.o
 .text          0x00000000        0x0 /tmp/ccvbP2fy.o
 .data          0x00000000        0x0 /tmp/ccvbP2fy.o
 .bss           0x00000000        0x0 /tmp/ccvbP2fy.o
 .bss.flash_status
                0x00000000        0x4 /tmp/ccvbP2fy.o
 .bss.cell_voltages
                0x00000000       0x48 /tmp/ccvbP2fy.o
 .bss.result    0x00000000        0x1 /tmp/ccvbP2fy.o
 .bss.temp      0x00000000       0x40 /tmp/ccvbP2fy.o
 .group         0x00000000        0xc /tmp/ccwXBjJY.o
 .group         0x00000000        0xc /tmp/ccwXBjJY.o
 .text          0x00000000        0x0 /tmp/ccwXBjJY.o
 .data          0x00000000        0x0 /tmp/ccwXBjJY.o
 .bss           0x00000000        0x0 /tmp/ccwXBjJY.o
 .text.SysTick_IRQHandler
                0x00000000        0x8 /tmp/ccwXBjJY.o
 .text.FDCAN1_IT0_IRQHandler
                0x00000000        0x8 /tmp/ccwXBjJY.o
 .text.SPI4_IRQHandler
                0x00000000        0x8 /tmp/ccwXBjJY.o
 .debug_macro   0x00000000      0xade /tmp/ccwXBjJY.o
 .debug_macro   0x00000000      0x34e /tmp/ccwXBjJY.o
 .group         0x00000000        0xc /tmp/ccpcYYey.o
 .group         0x00000000        0xc /tmp/ccpcYYey.o
 .group         0x00000000        0xc /tmp/ccpcYYey.o
 .group         0x00000000        0xc /tmp/ccpcYYey.o
 .group         0x00000000        0xc /tmp/ccpcYYey.o
 .group         0x00000000        0xc /tmp/ccpcYYey.o
 .group         0x00000000        0xc /tmp/ccpcYYey.o
 .group         0x00000000        0xc /tmp/ccpcYYey.o
 .group         0x00000000        0xc /tmp/ccpcYYey.o
 .group         0x00000000        0xc /tmp/ccpcYYey.o
 .group         0x00000000        0xc /tmp/ccpcYYey.o
 .group         0x00000000        0xc /tmp/ccpcYYey.o
 .group         0x00000000        0xc /tmp/ccpcYYey.o
 .group         0x00000000        0xc /tmp/ccpcYYey.o
 .group         0x00000000        0xc /tmp/ccpcYYey.o
 .group         0x00000000        0xc /tmp/ccpcYYey.o
 .group         0x00000000        0xc /tmp/ccpcYYey.o
 .group         0x00000000        0xc /tmp/ccpcYYey.o
 .group         0x00000000        0xc /tmp/ccpcYYey.o
 .group         0x00000000        0xc /tmp/ccpcYYey.o
 .group         0x00000000        0xc /tmp/ccpcYYey.o
 .group         0x00000000        0xc /tmp/ccpcYYey.o
 .group         0x00000000        0xc /tmp/ccpcYYey.o
 .group         0x00000000        0xc /tmp/ccpcYYey.o
 .group         0x00000000        0xc /tmp/ccpcYYey.o
 .group         0x00000000        0xc /tmp/ccpcYYey.o
 .group         0x00000000        0xc /tmp/ccpcYYey.o
 .group         0x00000000        0xc /tmp/ccpcYYey.o
 .text          0x00000000        0x0 /tmp/ccpcYYey.o
 .data          0x00000000        0x0 /tmp/ccpcYYey.o
 .bss           0x00000000        0x0 /tmp/ccpcYYey.o
 .debug_macro   0x00000000      0xade /tmp/ccpcYYey.o
 .debug_macro   0x00000000       0x29 /tmp/ccpcYYey.o
 .debug_macro   0x00000000       0x22 /tmp/ccpcYYey.o
 .debug_macro   0x00000000       0x54 /tmp/ccpcYYey.o
 .debug_macro   0x00000000       0x94 /tmp/ccpcYYey.o
 .debug_macro   0x00000000       0x43 /tmp/ccpcYYey.o
 .debug_macro   0x00000000       0x16 /tmp/ccpcYYey.o
 .debug_macro   0x00000000       0x9b /tmp/ccpcYYey.o
 .debug_macro   0x00000000       0x57 /tmp/ccpcYYey.o
 .debug_macro   0x00000000      0x370 /tmp/ccpcYYey.o
 .debug_macro   0x00000000       0x16 /tmp/ccpcYYey.o
 .debug_macro   0x00000000       0x4a /tmp/ccpcYYey.o
 .debug_macro   0x00000000       0x34 /tmp/ccpcYYey.o
 .debug_macro   0x00000000       0x10 /tmp/ccpcYYey.o
 .debug_macro   0x00000000       0x52 /tmp/ccpcYYey.o
 .debug_macro   0x00000000       0x8e /tmp/ccpcYYey.o
 .debug_macro   0x00000000       0x1c /tmp/ccpcYYey.o
 .debug_macro   0x00000000      0x177 /tmp/ccpcYYey.o
 .debug_macro   0x00000000       0x16 /tmp/ccpcYYey.o
 .debug_macro   0x00000000       0x29 /tmp/ccpcYYey.o
 .debug_macro   0x00000000      0x103 /tmp/ccpcYYey.o
 .debug_macro   0x00000000      0x34e /tmp/ccpcYYey.o
 .debug_macro   0x00000000       0x3c /tmp/ccpcYYey.o
 .debug_macro   0x00000000       0x22 /tmp/ccpcYYey.o
 .debug_macro   0x00000000      0x158 /tmp/ccpcYYey.o
 .group         0x00000000        0xc /tmp/ccoaziQt.o
 .group         0x00000000        0xc /tmp/ccoaziQt.o
 .group         0x00000000        0xc /tmp/ccoaziQt.o
 .group         0x00000000        0xc /tmp/ccoaziQt.o
 .group         0x00000000        0xc /tmp/ccoaziQt.o
 .group         0x00000000        0xc /tmp/ccoaziQt.o
 .group         0x00000000        0xc /tmp/ccoaziQt.o
 .group         0x00000000        0xc /tmp/ccoaziQt.o
 .group         0x00000000        0xc /tmp/ccoaziQt.o
 .group         0x00000000        0xc /tmp/ccoaziQt.o
 .group         0x00000000        0xc /tmp/ccoaziQt.o
 .group         0x00000000        0xc /tmp/ccoaziQt.o
 .group         0x00000000        0xc /tmp/ccoaziQt.o
 .group         0x00000000        0xc /tmp/ccoaziQt.o
 .group         0x00000000        0xc /tmp/ccoaziQt.o
 .group         0x00000000        0xc /tmp/ccoaziQt.o
 .group         0x00000000        0xc /tmp/ccoaziQt.o
 .group         0x00000000        0xc /tmp/ccoaziQt.o
 .group         0x00000000        0xc /tmp/ccoaziQt.o
 .group         0x00000000        0xc /tmp/ccoaziQt.o
 .group         0x00000000        0xc /tmp/ccoaziQt.o
 .group         0x00000000        0xc /tmp/ccoaziQt.o
 .group         0x00000000        0xc /tmp/ccoaziQt.o
 .group         0x00000000        0xc /tmp/ccoaziQt.o
 .group         0x00000000        0xc /tmp/ccoaziQt.o
 .group         0x00000000        0xc /tmp/ccoaziQt.o
 .group         0x00000000        0xc /tmp/ccoaziQt.o
 .group         0x00000000        0xc /tmp/ccoaziQt.o
 .group         0x00000000        0xc /tmp/ccoaziQt.o
 .group         0x00000000        0xc /tmp/ccoaziQt.o
 .text          0x00000000        0x0 /tmp/ccoaziQt.o
 .data          0x00000000        0x0 /tmp/ccoaziQt.o
 .bss           0x00000000        0x0 /tmp/ccoaziQt.o
 .data.chargevoltage
                0x00000000        0x2 /tmp/ccoaziQt.o
 .data.chargecurrent
                0x00000000        0x2 /tmp/ccoaziQt.o
 .data.disvoltage
                0x00000000        0x2 /tmp/ccoaziQt.o
 .data.discurrent
                0x00000000        0x2 /tmp/ccoaziQt.o
 .bss.mes       0x00000000        0x8 /tmp/ccoaziQt.o
 .data.bmsname  0x00000000        0x8 /tmp/ccoaziQt.o
 .data.bmsmanu  0x00000000        0x8 /tmp/ccoaziQt.o
 .data.SOC      0x00000000        0x4 /tmp/ccoaziQt.o
 .data.PackVoltage
                0x00000000        0x8 /tmp/ccoaziQt.o
 .data.AvgTemperature
                0x00000000        0x4 /tmp/ccoaziQt.o
 .bss.currentact
                0x00000000        0x2 /tmp/ccoaziQt.o
 .debug_macro   0x00000000      0xade /tmp/ccoaziQt.o
 .debug_macro   0x00000000       0x22 /tmp/ccoaziQt.o
 .debug_macro   0x00000000       0x54 /tmp/ccoaziQt.o
 .debug_macro   0x00000000       0x29 /tmp/ccoaziQt.o
 .debug_macro   0x00000000       0x94 /tmp/ccoaziQt.o
 .debug_macro   0x00000000       0x43 /tmp/ccoaziQt.o
 .debug_macro   0x00000000      0x103 /tmp/ccoaziQt.o
 .debug_macro   0x00000000       0x3a /tmp/ccoaziQt.o
 .debug_macro   0x00000000      0x34e /tmp/ccoaziQt.o
 .debug_macro   0x00000000       0x89 /tmp/ccoaziQt.o
 .debug_macro   0x00000000      0x379 /tmp/ccoaziQt.o
 .debug_macro   0x00000000       0x16 /tmp/ccoaziQt.o
 .debug_macro   0x00000000       0xa5 /tmp/ccoaziQt.o
 .debug_macro   0x00000000       0x9b /tmp/ccoaziQt.o
 .debug_macro   0x00000000       0x57 /tmp/ccoaziQt.o
 .debug_macro   0x00000000      0x370 /tmp/ccoaziQt.o
 .debug_macro   0x00000000       0x16 /tmp/ccoaziQt.o
 .debug_macro   0x00000000       0x4a /tmp/ccoaziQt.o
 .debug_macro   0x00000000       0x34 /tmp/ccoaziQt.o
 .debug_macro   0x00000000       0x10 /tmp/ccoaziQt.o
 .debug_macro   0x00000000       0x52 /tmp/ccoaziQt.o
 .debug_macro   0x00000000       0x8e /tmp/ccoaziQt.o
 .debug_macro   0x00000000       0x1c /tmp/ccoaziQt.o
 .debug_macro   0x00000000      0x177 /tmp/ccoaziQt.o
 .debug_macro   0x00000000       0x16 /tmp/ccoaziQt.o
 .debug_macro   0x00000000       0x29 /tmp/ccoaziQt.o
 .debug_macro   0x00000000       0x22 /tmp/ccoaziQt.o
 .debug_macro   0x00000000       0x16 /tmp/ccoaziQt.o
 .debug_macro   0x00000000       0x3c /tmp/ccoaziQt.o
 .debug_macro   0x00000000      0x158 /tmp/ccoaziQt.o
 .group         0x00000000        0xc /tmp/cchCi0DC.o
 .group         0x00000000        0xc /tmp/cchCi0DC.o
 .group         0x00000000        0xc /tmp/cchCi0DC.o
 .group         0x00000000        0xc /tmp/cchCi0DC.o
 .group         0x00000000        0xc /tmp/cchCi0DC.o
 .group         0x00000000        0xc /tmp/cchCi0DC.o
 .group         0x00000000        0xc /tmp/cchCi0DC.o
 .group         0x00000000        0xc /tmp/cchCi0DC.o
 .group         0x00000000        0xc /tmp/cchCi0DC.o
 .group         0x00000000        0xc /tmp/cchCi0DC.o
 .group         0x00000000        0xc /tmp/cchCi0DC.o
 .group         0x00000000        0xc /tmp/cchCi0DC.o
 .group         0x00000000        0xc /tmp/cchCi0DC.o
 .group         0x00000000        0xc /tmp/cchCi0DC.o
 .group         0x00000000        0xc /tmp/cchCi0DC.o
 .group         0x00000000        0xc /tmp/cchCi0DC.o
 .group         0x00000000        0xc /tmp/cchCi0DC.o
 .group         0x00000000        0xc /tmp/cchCi0DC.o
 .group         0x00000000        0xc /tmp/cchCi0DC.o
 .group         0x00000000        0xc /tmp/cchCi0DC.o
 .group         0x00000000        0xc /tmp/cchCi0DC.o
 .group         0x00000000        0xc /tmp/cchCi0DC.o
 .group         0x00000000        0xc /tmp/cchCi0DC.o
 .group         0x00000000        0xc /tmp/cchCi0DC.o
 .group         0x00000000        0xc /tmp/cchCi0DC.o
 .group         0x00000000        0xc /tmp/cchCi0DC.o
 .group         0x00000000        0xc /tmp/cchCi0DC.o
 .group         0x00000000        0xc /tmp/cchCi0DC.o
 .group         0x00000000        0xc /tmp/cchCi0DC.o
 .text          0x00000000        0x0 /tmp/cchCi0DC.o
 .data          0x00000000        0x0 /tmp/cchCi0DC.o
 .bss           0x00000000        0x0 /tmp/cchCi0DC.o
 .debug_macro   0x00000000      0xade /tmp/cchCi0DC.o
 .debug_macro   0x00000000       0x29 /tmp/cchCi0DC.o
 .debug_macro   0x00000000       0x22 /tmp/cchCi0DC.o
 .debug_macro   0x00000000       0x54 /tmp/cchCi0DC.o
 .debug_macro   0x00000000       0x94 /tmp/cchCi0DC.o
 .debug_macro   0x00000000       0x43 /tmp/cchCi0DC.o
 .debug_macro   0x00000000       0x34 /tmp/cchCi0DC.o
 .debug_macro   0x00000000       0x16 /tmp/cchCi0DC.o
 .debug_macro   0x00000000      0x11c /tmp/cchCi0DC.o
 .debug_macro   0x00000000       0x9b /tmp/cchCi0DC.o
 .debug_macro   0x00000000       0x57 /tmp/cchCi0DC.o
 .debug_macro   0x00000000      0x370 /tmp/cchCi0DC.o
 .debug_macro   0x00000000       0x16 /tmp/cchCi0DC.o
 .debug_macro   0x00000000       0x4a /tmp/cchCi0DC.o
 .debug_macro   0x00000000       0x34 /tmp/cchCi0DC.o
 .debug_macro   0x00000000       0x10 /tmp/cchCi0DC.o
 .debug_macro   0x00000000       0x52 /tmp/cchCi0DC.o
 .debug_macro   0x00000000       0x8e /tmp/cchCi0DC.o
 .debug_macro   0x00000000       0x1c /tmp/cchCi0DC.o
 .debug_macro   0x00000000      0x177 /tmp/cchCi0DC.o
 .debug_macro   0x00000000       0x16 /tmp/cchCi0DC.o
 .debug_macro   0x00000000       0x29 /tmp/cchCi0DC.o
 .debug_macro   0x00000000      0x103 /tmp/cchCi0DC.o
 .debug_macro   0x00000000      0x34e /tmp/cchCi0DC.o
 .debug_macro   0x00000000       0x3c /tmp/cchCi0DC.o
 .debug_macro   0x00000000      0x379 /tmp/cchCi0DC.o
 .debug_macro   0x00000000       0x22 /tmp/cchCi0DC.o
 .debug_macro   0x00000000       0x16 /tmp/cchCi0DC.o
 .debug_macro   0x00000000      0x158 /tmp/cchCi0DC.o
 .group         0x00000000        0xc /tmp/ccy5Sl5U.o
 .group         0x00000000        0xc /tmp/ccy5Sl5U.o
 .group         0x00000000        0xc /tmp/ccy5Sl5U.o
 .group         0x00000000        0xc /tmp/ccy5Sl5U.o
 .group         0x00000000        0xc /tmp/ccy5Sl5U.o
 .group         0x00000000        0xc /tmp/ccy5Sl5U.o
 .group         0x00000000        0xc /tmp/ccy5Sl5U.o
 .group         0x00000000        0xc /tmp/ccy5Sl5U.o
 .group         0x00000000        0xc /tmp/ccy5Sl5U.o
 .group         0x00000000        0xc /tmp/ccy5Sl5U.o
 .group         0x00000000        0xc /tmp/ccy5Sl5U.o
 .group         0x00000000        0xc /tmp/ccy5Sl5U.o
 .group         0x00000000        0xc /tmp/ccy5Sl5U.o
 .group         0x00000000        0xc /tmp/ccy5Sl5U.o
 .group         0x00000000        0xc /tmp/ccy5Sl5U.o
 .group         0x00000000        0xc /tmp/ccy5Sl5U.o
 .group         0x00000000        0xc /tmp/ccy5Sl5U.o
 .group         0x00000000        0xc /tmp/ccy5Sl5U.o
 .group         0x00000000        0xc /tmp/ccy5Sl5U.o
 .group         0x00000000        0xc /tmp/ccy5Sl5U.o
 .group         0x00000000        0xc /tmp/ccy5Sl5U.o
 .group         0x00000000        0xc /tmp/ccy5Sl5U.o
 .group         0x00000000        0xc /tmp/ccy5Sl5U.o
 .group         0x00000000        0xc /tmp/ccy5Sl5U.o
 .group         0x00000000        0xc /tmp/ccy5Sl5U.o
 .group         0x00000000        0xc /tmp/ccy5Sl5U.o
 .group         0x00000000        0xc /tmp/ccy5Sl5U.o
 .group         0x00000000        0xc /tmp/ccy5Sl5U.o
 .text          0x00000000        0x0 /tmp/ccy5Sl5U.o
 .data          0x00000000        0x0 /tmp/ccy5Sl5U.o
 .bss           0x00000000        0x0 /tmp/ccy5Sl5U.o
 .debug_macro   0x00000000      0xade /tmp/ccy5Sl5U.o
 .debug_macro   0x00000000       0x22 /tmp/ccy5Sl5U.o
 .debug_macro   0x00000000       0x54 /tmp/ccy5Sl5U.o
 .debug_macro   0x00000000       0x29 /tmp/ccy5Sl5U.o
 .debug_macro   0x00000000       0x94 /tmp/ccy5Sl5U.o
 .debug_macro   0x00000000       0x43 /tmp/ccy5Sl5U.o
 .debug_macro   0x00000000      0x103 /tmp/ccy5Sl5U.o
 .debug_macro   0x00000000       0x3a /tmp/ccy5Sl5U.o
 .debug_macro   0x00000000      0x34e /tmp/ccy5Sl5U.o
 .debug_macro   0x00000000       0x89 /tmp/ccy5Sl5U.o
 .debug_macro   0x00000000      0x379 /tmp/ccy5Sl5U.o
 .debug_macro   0x00000000       0x1c /tmp/ccy5Sl5U.o
 .debug_macro   0x00000000       0x57 /tmp/ccy5Sl5U.o
 .debug_macro   0x00000000      0x370 /tmp/ccy5Sl5U.o
 .debug_macro   0x00000000       0x9b /tmp/ccy5Sl5U.o
 .debug_macro   0x00000000       0x10 /tmp/ccy5Sl5U.o
 .debug_macro   0x00000000       0x16 /tmp/ccy5Sl5U.o
 .debug_macro   0x00000000       0x4a /tmp/ccy5Sl5U.o
 .debug_macro   0x00000000       0x34 /tmp/ccy5Sl5U.o
 .debug_macro   0x00000000       0x10 /tmp/ccy5Sl5U.o
 .debug_macro   0x00000000       0x52 /tmp/ccy5Sl5U.o
 .debug_macro   0x00000000       0x8e /tmp/ccy5Sl5U.o
 .debug_macro   0x00000000       0x1c /tmp/ccy5Sl5U.o
 .debug_macro   0x00000000      0x177 /tmp/ccy5Sl5U.o
 .debug_macro   0x00000000       0x16 /tmp/ccy5Sl5U.o
 .debug_macro   0x00000000      0x146 /tmp/ccy5Sl5U.o
 .group         0x00000000        0xc /tmp/cc2l2jAH.o
 .group         0x00000000        0xc /tmp/cc2l2jAH.o
 .group         0x00000000        0xc /tmp/cc2l2jAH.o
 .group         0x00000000        0xc /tmp/cc2l2jAH.o
 .group         0x00000000        0xc /tmp/cc2l2jAH.o
 .group         0x00000000        0xc /tmp/cc2l2jAH.o
 .group         0x00000000        0xc /tmp/cc2l2jAH.o
 .group         0x00000000        0xc /tmp/cc2l2jAH.o
 .group         0x00000000        0xc /tmp/cc2l2jAH.o
 .group         0x00000000        0xc /tmp/cc2l2jAH.o
 .group         0x00000000        0xc /tmp/cc2l2jAH.o
 .text          0x00000000        0x0 /tmp/cc2l2jAH.o
 .data          0x00000000        0x0 /tmp/cc2l2jAH.o
 .bss           0x00000000        0x0 /tmp/cc2l2jAH.o
 .text.lenghtofarray
                0x00000000       0x2e /tmp/cc2l2jAH.o
 .text.int2char
                0x00000000       0xb8 /tmp/cc2l2jAH.o
 .debug_info    0x00000000      0x115 /tmp/cc2l2jAH.o
 .debug_abbrev  0x00000000       0xc4 /tmp/cc2l2jAH.o
 .debug_aranges
                0x00000000       0x28 /tmp/cc2l2jAH.o
 .debug_rnglists
                0x00000000       0x1a /tmp/cc2l2jAH.o
 .debug_macro   0x00000000       0x97 /tmp/cc2l2jAH.o
 .debug_macro   0x00000000      0xade /tmp/cc2l2jAH.o
 .debug_macro   0x00000000       0x22 /tmp/cc2l2jAH.o
 .debug_macro   0x00000000       0x54 /tmp/cc2l2jAH.o
 .debug_macro   0x00000000       0x29 /tmp/cc2l2jAH.o
 .debug_macro   0x00000000       0x94 /tmp/cc2l2jAH.o
 .debug_macro   0x00000000       0x43 /tmp/cc2l2jAH.o
 .debug_macro   0x00000000      0x103 /tmp/cc2l2jAH.o
 .debug_macro   0x00000000       0x3a /tmp/cc2l2jAH.o
 .debug_macro   0x00000000      0x34e /tmp/cc2l2jAH.o
 .debug_macro   0x00000000       0x89 /tmp/cc2l2jAH.o
 .debug_macro   0x00000000      0x379 /tmp/cc2l2jAH.o
 .debug_line    0x00000000      0x202 /tmp/cc2l2jAH.o
 .debug_str     0x00000000     0x4e44 /tmp/cc2l2jAH.o
 .comment       0x00000000       0x27 /tmp/cc2l2jAH.o
 .debug_frame   0x00000000       0x60 /tmp/cc2l2jAH.o
 .ARM.attributes
                0x00000000       0x32 /tmp/cc2l2jAH.o
 .group         0x00000000        0xc /tmp/cckmRIYH.o
 .group         0x00000000        0xc /tmp/cckmRIYH.o
 .group         0x00000000        0xc /tmp/cckmRIYH.o
 .group         0x00000000        0xc /tmp/cckmRIYH.o
 .group         0x00000000        0xc /tmp/cckmRIYH.o
 .group         0x00000000        0xc /tmp/cckmRIYH.o
 .group         0x00000000        0xc /tmp/cckmRIYH.o
 .group         0x00000000        0xc /tmp/cckmRIYH.o
 .group         0x00000000        0xc /tmp/cckmRIYH.o
 .group         0x00000000        0xc /tmp/cckmRIYH.o
 .group         0x00000000        0xc /tmp/cckmRIYH.o
 .group         0x00000000        0xc /tmp/cckmRIYH.o
 .group         0x00000000        0xc /tmp/cckmRIYH.o
 .group         0x00000000        0xc /tmp/cckmRIYH.o
 .group         0x00000000        0xc /tmp/cckmRIYH.o
 .group         0x00000000        0xc /tmp/cckmRIYH.o
 .group         0x00000000        0xc /tmp/cckmRIYH.o
 .group         0x00000000        0xc /tmp/cckmRIYH.o
 .group         0x00000000        0xc /tmp/cckmRIYH.o
 .group         0x00000000        0xc /tmp/cckmRIYH.o
 .group         0x00000000        0xc /tmp/cckmRIYH.o
 .group         0x00000000        0xc /tmp/cckmRIYH.o
 .group         0x00000000        0xc /tmp/cckmRIYH.o
 .group         0x00000000        0xc /tmp/cckmRIYH.o
 .group         0x00000000        0xc /tmp/cckmRIYH.o
 .group         0x00000000        0xc /tmp/cckmRIYH.o
 .group         0x00000000        0xc /tmp/cckmRIYH.o
 .group         0x00000000        0xc /tmp/cckmRIYH.o
 .group         0x00000000        0xc /tmp/cckmRIYH.o
 .text          0x00000000        0x0 /tmp/cckmRIYH.o
 .data          0x00000000        0x0 /tmp/cckmRIYH.o
 .bss           0x00000000        0x0 /tmp/cckmRIYH.o
 .text.flash_wait_ready
                0x00000000       0x50 /tmp/cckmRIYH.o
 .text.flash_erase_sector
                0x00000000       0xe0 /tmp/cckmRIYH.o
 .text.flash_read_status
                0x00000000       0xcc /tmp/cckmRIYH.o
 .text.flash_write_enable
                0x00000000       0xb4 /tmp/cckmRIYH.o
 .text.flash_write_page
                0x00000000      0x124 /tmp/cckmRIYH.o
 .debug_macro   0x00000000      0xade /tmp/cckmRIYH.o
 .debug_macro   0x00000000       0x22 /tmp/cckmRIYH.o
 .debug_macro   0x00000000       0x54 /tmp/cckmRIYH.o
 .debug_macro   0x00000000       0x29 /tmp/cckmRIYH.o
 .debug_macro   0x00000000       0x94 /tmp/cckmRIYH.o
 .debug_macro   0x00000000       0x43 /tmp/cckmRIYH.o
 .debug_macro   0x00000000      0x103 /tmp/cckmRIYH.o
 .debug_macro   0x00000000       0x3a /tmp/cckmRIYH.o
 .debug_macro   0x00000000      0x34e /tmp/cckmRIYH.o
 .debug_macro   0x00000000       0x89 /tmp/cckmRIYH.o
 .debug_macro   0x00000000      0x379 /tmp/cckmRIYH.o
 .debug_macro   0x00000000       0x22 /tmp/cckmRIYH.o
 .debug_macro   0x00000000       0x16 /tmp/cckmRIYH.o
 .debug_macro   0x00000000       0xa5 /tmp/cckmRIYH.o
 .debug_macro   0x00000000       0x9b /tmp/cckmRIYH.o
 .debug_macro   0x00000000       0x57 /tmp/cckmRIYH.o
 .debug_macro   0x00000000      0x370 /tmp/cckmRIYH.o
 .debug_macro   0x00000000       0x16 /tmp/cckmRIYH.o
 .debug_macro   0x00000000       0x4a /tmp/cckmRIYH.o
 .debug_macro   0x00000000       0x34 /tmp/cckmRIYH.o
 .debug_macro   0x00000000       0x10 /tmp/cckmRIYH.o
 .debug_macro   0x00000000       0x52 /tmp/cckmRIYH.o
 .debug_macro   0x00000000       0x8e /tmp/cckmRIYH.o
 .debug_macro   0x00000000       0x1c /tmp/cckmRIYH.o
 .debug_macro   0x00000000      0x177 /tmp/cckmRIYH.o
 .debug_macro   0x00000000       0x16 /tmp/cckmRIYH.o
 .debug_macro   0x00000000       0x29 /tmp/cckmRIYH.o
 .debug_macro   0x00000000      0x158 /tmp/cckmRIYH.o
 .group         0x00000000        0xc /tmp/ccTatOTE.o
 .group         0x00000000        0xc /tmp/ccTatOTE.o
 .group         0x00000000        0xc /tmp/ccTatOTE.o
 .group         0x00000000        0xc /tmp/ccTatOTE.o
 .group         0x00000000        0xc /tmp/ccTatOTE.o
 .group         0x00000000        0xc /tmp/ccTatOTE.o
 .group         0x00000000        0xc /tmp/ccTatOTE.o
 .group         0x00000000        0xc /tmp/ccTatOTE.o
 .group         0x00000000        0xc /tmp/ccTatOTE.o
 .group         0x00000000        0xc /tmp/ccTatOTE.o
 .group         0x00000000        0xc /tmp/ccTatOTE.o
 .group         0x00000000        0xc /tmp/ccTatOTE.o
 .group         0x00000000        0xc /tmp/ccTatOTE.o
 .group         0x00000000        0xc /tmp/ccTatOTE.o
 .group         0x00000000        0xc /tmp/ccTatOTE.o
 .group         0x00000000        0xc /tmp/ccTatOTE.o
 .group         0x00000000        0xc /tmp/ccTatOTE.o
 .group         0x00000000        0xc /tmp/ccTatOTE.o
 .group         0x00000000        0xc /tmp/ccTatOTE.o
 .group         0x00000000        0xc /tmp/ccTatOTE.o
 .group         0x00000000        0xc /tmp/ccTatOTE.o
 .group         0x00000000        0xc /tmp/ccTatOTE.o
 .group         0x00000000        0xc /tmp/ccTatOTE.o
 .group         0x00000000        0xc /tmp/ccTatOTE.o
 .group         0x00000000        0xc /tmp/ccTatOTE.o
 .group         0x00000000        0xc /tmp/ccTatOTE.o
 .group         0x00000000        0xc /tmp/ccTatOTE.o
 .group         0x00000000        0xc /tmp/ccTatOTE.o
 .text          0x00000000        0x0 /tmp/ccTatOTE.o
 .data          0x00000000        0x0 /tmp/ccTatOTE.o
 .bss           0x00000000        0x0 /tmp/ccTatOTE.o
 .text.SPI3_TransmitReceive
                0x00000000       0x60 /tmp/ccTatOTE.o
 .text.LTC6813_SendCommand
                0x00000000       0x50 /tmp/ccTatOTE.o
 .text.LTC6813_ReadRegisterGroup
                0x00000000       0xac /tmp/ccTatOTE.o
 .text.LTC6813_StartCellVoltageConversion
                0x00000000       0x34 /tmp/ccTatOTE.o
 .text.LTC6813_ReadAllCellVoltages
                0x00000000      0x1ce /tmp/ccTatOTE.o
 .text.LTC6813_ConvertToMillivolts
                0x00000000       0x2c /tmp/ccTatOTE.o
 .text.LTC6813_SimpleTest
                0x00000000      0x110 /tmp/ccTatOTE.o
 .text.test_command_transmit
                0x00000000       0xb4 /tmp/ccTatOTE.o
 .debug_macro   0x00000000      0xade /tmp/ccTatOTE.o
 .debug_macro   0x00000000       0x22 /tmp/ccTatOTE.o
 .debug_macro   0x00000000       0x54 /tmp/ccTatOTE.o
 .debug_macro   0x00000000       0x29 /tmp/ccTatOTE.o
 .debug_macro   0x00000000       0x94 /tmp/ccTatOTE.o
 .debug_macro   0x00000000       0x43 /tmp/ccTatOTE.o
 .debug_macro   0x00000000      0x103 /tmp/ccTatOTE.o
 .debug_macro   0x00000000       0x3a /tmp/ccTatOTE.o
 .debug_macro   0x00000000      0x34e /tmp/ccTatOTE.o
 .debug_macro   0x00000000       0x89 /tmp/ccTatOTE.o
 .debug_macro   0x00000000      0x379 /tmp/ccTatOTE.o
 .debug_macro   0x00000000       0x22 /tmp/ccTatOTE.o
 .debug_macro   0x00000000       0x16 /tmp/ccTatOTE.o
 .debug_macro   0x00000000       0xa5 /tmp/ccTatOTE.o
 .debug_macro   0x00000000       0x9b /tmp/ccTatOTE.o
 .debug_macro   0x00000000       0x57 /tmp/ccTatOTE.o
 .debug_macro   0x00000000      0x370 /tmp/ccTatOTE.o
 .debug_macro   0x00000000       0x16 /tmp/ccTatOTE.o
 .debug_macro   0x00000000       0x4a /tmp/ccTatOTE.o
 .debug_macro   0x00000000       0x34 /tmp/ccTatOTE.o
 .debug_macro   0x00000000       0x10 /tmp/ccTatOTE.o
 .debug_macro   0x00000000       0x52 /tmp/ccTatOTE.o
 .debug_macro   0x00000000       0x8e /tmp/ccTatOTE.o
 .debug_macro   0x00000000       0x1c /tmp/ccTatOTE.o
 .debug_macro   0x00000000      0x177 /tmp/ccTatOTE.o
 .debug_macro   0x00000000       0x16 /tmp/ccTatOTE.o
 .debug_macro   0x00000000       0x29 /tmp/ccTatOTE.o
 .debug_macro   0x00000000      0x158 /tmp/ccTatOTE.o
 .data          0x00000000        0x0 /usr/lib/gcc/arm-none-eabi/13.2.1/../../../arm-none-eabi/lib/thumb/v7e-m+dp/hard/libc_nano.a(libc_a-memcpy.o)
 .bss           0x00000000        0x0 /usr/lib/gcc/arm-none-eabi/13.2.1/../../../arm-none-eabi/lib/thumb/v7e-m+dp/hard/libc_nano.a(libc_a-memcpy.o)
 .ARM.extab     0x00000000        0x0 /usr/lib/gcc/arm-none-eabi/13.2.1/../../../arm-none-eabi/lib/thumb/v7e-m+dp/hard/libc_nano.a(libc_a-memcpy.o)
 .eh_frame      0x00000000       0x2c /usr/lib/gcc/arm-none-eabi/13.2.1/../../../arm-none-eabi/lib/thumb/v7e-m+dp/hard/libc_nano.a(libc_a-memcpy.o)

Memory Configuration

Name             Origin             Length             Attributes
flash            0x08000000         0x00100000         xr
dtcm             0x20000000         0x00020000         xrw
axi_sram         0x24000000         0x00060000         xrw
sram1            0x30000000         0x00008000         xrw
sram2            0x30020000         0x00004000         xrw
sram4            0x38000000         0x00010000         xrw
itcm             0x00000000         0x00010000         xrw
backup           0x38800000         0x00001000         xrw
*default*        0x00000000         0xffffffff

Linker script and memory map

LOAD /tmp/ccvbP2fy.o
LOAD /tmp/ccwXBjJY.o
LOAD /tmp/ccpcYYey.o
LOAD /tmp/ccoaziQt.o
LOAD /tmp/cchCi0DC.o
LOAD /tmp/ccy5Sl5U.o
LOAD /tmp/cc2l2jAH.o
LOAD /tmp/cckmRIYH.o
LOAD /tmp/ccTatOTE.o
LOAD /usr/lib/gcc/arm-none-eabi/13.2.1/../../../arm-none-eabi/lib/thumb/v7e-m+dp/hard/libc_nano.a
LOAD /usr/lib/gcc/arm-none-eabi/13.2.1/thumb/v7e-m+dp/hard/libgcc.a
                0x20020000                        _estack = (ORIGIN (dtcm) + LENGTH (dtcm))

.vectors        0x08000000      0x298
 *(.vectors)
 .vectors       0x08000000      0x298 /tmp/ccwXBjJY.o
                0x08000000                tab

.text           0x08000298     0x2c78
 *(.text*)
 .text.clock_init
                0x08000298      0x12c /tmp/ccvbP2fy.o
                0x08000298                clock_init
 .text.systick_init
                0x080003c4       0x34 /tmp/ccvbP2fy.o
 .text.gpio_init_PC0
                0x080003f8       0x54 /tmp/ccvbP2fy.o
                0x080003f8                gpio_init_PC0
 .text.enable_fpu
                0x0800044c       0x28 /tmp/ccvbP2fy.o
                0x0800044c                enable_fpu
 .text.main     0x08000474      0x310 /tmp/ccvbP2fy.o
                0x08000474                main
 .text.SysTick_IRQHandler
                0x08000784       0x44 /tmp/ccvbP2fy.o
                0x08000784                SysTick_IRQHandler
 .text.FDCAN1_IT0_IRQHandler
                0x080007c8      0x290 /tmp/ccvbP2fy.o
                0x080007c8                FDCAN1_IT0_IRQHandler
 .text._reset   0x08000a58       0x44 /tmp/ccwXBjJY.o
                0x08000a58                _reset
 .text.NMI_Handler
                0x08000a9c        0x8 /tmp/ccwXBjJY.o
                0x08000a9c                NMI_Handler
 .text.HardFault_Handler
                0x08000aa4        0x8 /tmp/ccwXBjJY.o
                0x08000aa4                HardFault_Handler
 .text.MemManage_Handler
                0x08000aac        0x8 /tmp/ccwXBjJY.o
                0x08000aac                MemManage_Handler
 .text.BusFault_Handler
                0x08000ab4        0x8 /tmp/ccwXBjJY.o
                0x08000ab4                BusFault_Handler
 .text.UsageFault_Handler
                0x08000abc        0x8 /tmp/ccwXBjJY.o
                0x08000abc                UsageFault_Handler
 .text.SVCall_Handler
                0x08000ac4        0x8 /tmp/ccwXBjJY.o
                0x08000ac4                SVCall_Handler
 .text.DebugMon_Handler
                0x08000acc        0x8 /tmp/ccwXBjJY.o
                0x08000acc                DebugMon_Handler
 .text.PendSV_Handler
                0x08000ad4        0x8 /tmp/ccwXBjJY.o
                0x08000ad4                PendSV_Handler
 .text.WWDG1_IRQHandler
                0x08000adc        0x8 /tmp/ccwXBjJY.o
                0x08000adc                WWDG1_IRQHandler
 .text.PVD_PVM_IRQHandler
                0x08000ae4        0x8 /tmp/ccwXBjJY.o
                0x08000ae4                PVD_PVM_IRQHandler
 .text.RTC_TAMP_STAMP_CSS_LSE_IRQHandler
                0x08000aec        0x8 /tmp/ccwXBjJY.o
                0x08000aec                RTC_TAMP_STAMP_CSS_LSE_IRQHandler
 .text.RTC_WKUP_IRQHandler
                0x08000af4        0x8 /tmp/ccwXBjJY.o
                0x08000af4                RTC_WKUP_IRQHandler
 .text.FLASH_IRQHandler
                0x08000afc        0x8 /tmp/ccwXBjJY.o
                0x08000afc                FLASH_IRQHandler
 .text.RCC_IRQHandler
                0x08000b04        0x8 /tmp/ccwXBjJY.o
                0x08000b04                RCC_IRQHandler
 .text.EXTI0_IRQHandler
                0x08000b0c        0x8 /tmp/ccwXBjJY.o
                0x08000b0c                EXTI0_IRQHandler
 .text.EXTI1_IRQHandler
                0x08000b14        0x8 /tmp/ccwXBjJY.o
                0x08000b14                EXTI1_IRQHandler
 .text.EXTI2_IRQHandler
                0x08000b1c        0x8 /tmp/ccwXBjJY.o
                0x08000b1c                EXTI2_IRQHandler
 .text.EXTI3_IRQHandler
                0x08000b24        0x8 /tmp/ccwXBjJY.o
                0x08000b24                EXTI3_IRQHandler
 .text.EXTI4_IRQHandler
                0x08000b2c        0x8 /tmp/ccwXBjJY.o
                0x08000b2c                EXTI4_IRQHandler
 .text.DMA_STR0_IRQHandler
                0x08000b34        0x8 /tmp/ccwXBjJY.o
                0x08000b34                DMA_STR0_IRQHandler
 .text.DMA_STR1_IRQHandler
                0x08000b3c        0x8 /tmp/ccwXBjJY.o
                0x08000b3c                DMA_STR1_IRQHandler
 .text.DMA_STR2_IRQHandler
                0x08000b44        0x8 /tmp/ccwXBjJY.o
                0x08000b44                DMA_STR2_IRQHandler
 .text.DMA_STR3_IRQHandler
                0x08000b4c        0x8 /tmp/ccwXBjJY.o
                0x08000b4c                DMA_STR3_IRQHandler
 .text.DMA_STR4_IRQHandler
                0x08000b54        0x8 /tmp/ccwXBjJY.o
                0x08000b54                DMA_STR4_IRQHandler
 .text.DMA_STR5_IRQHandler
                0x08000b5c        0x8 /tmp/ccwXBjJY.o
                0x08000b5c                DMA_STR5_IRQHandler
 .text.DMA_STR6_IRQHandler
                0x08000b64        0x8 /tmp/ccwXBjJY.o
                0x08000b64                DMA_STR6_IRQHandler
 .text.ADC1_2_IRQHandler
                0x08000b6c        0x8 /tmp/ccwXBjJY.o
                0x08000b6c                ADC1_2_IRQHandler
 .text.FDCAN2_IT0_IRQHandler
                0x08000b74        0x8 /tmp/ccwXBjJY.o
                0x08000b74                FDCAN2_IT0_IRQHandler
 .text.FDCAN1_IT1_IRQHandler
                0x08000b7c        0x8 /tmp/ccwXBjJY.o
                0x08000b7c                FDCAN1_IT1_IRQHandler
 .text.FDCAN2_IT1_IRQHandler
                0x08000b84        0x8 /tmp/ccwXBjJY.o
                0x08000b84                FDCAN2_IT1_IRQHandler
 .text.EXTI9_5_IRQHandler
                0x08000b8c        0x8 /tmp/ccwXBjJY.o
                0x08000b8c                EXTI9_5_IRQHandler
 .text.TIM1_BRK_IRQHandler
                0x08000b94        0x8 /tmp/ccwXBjJY.o
                0x08000b94                TIM1_BRK_IRQHandler
 .text.TIM1_UP_IRQHandler
                0x08000b9c        0x8 /tmp/ccwXBjJY.o
                0x08000b9c                TIM1_UP_IRQHandler
 .text.TIM1_TRG_COM_IRQHandler
                0x08000ba4        0x8 /tmp/ccwXBjJY.o
                0x08000ba4                TIM1_TRG_COM_IRQHandler
 .text.TIM_CC_IRQHandler
                0x08000bac        0x8 /tmp/ccwXBjJY.o
                0x08000bac                TIM_CC_IRQHandler
 .text.TIM2_IRQHandler
                0x08000bb4        0x8 /tmp/ccwXBjJY.o
                0x08000bb4                TIM2_IRQHandler
 .text.TIM3_IRQHandler
                0x08000bbc        0x8 /tmp/ccwXBjJY.o
                0x08000bbc                TIM3_IRQHandler
 .text.TIM4_IRQHandler
                0x08000bc4        0x8 /tmp/ccwXBjJY.o
                0x08000bc4                TIM4_IRQHandler
 .text.I2C1_EV_IRQHandler
                0x08000bcc        0x8 /tmp/ccwXBjJY.o
                0x08000bcc                I2C1_EV_IRQHandler
 .text.I2C1_ER_IRQHandler
                0x08000bd4        0x8 /tmp/ccwXBjJY.o
                0x08000bd4                I2C1_ER_IRQHandler
 .text.I2C2_EV_IRQHandler
                0x08000bdc        0x8 /tmp/ccwXBjJY.o
                0x08000bdc                I2C2_EV_IRQHandler
 .text.I2C2_ER_IRQHandler
                0x08000be4        0x8 /tmp/ccwXBjJY.o
                0x08000be4                I2C2_ER_IRQHandler
 .text.SPI1_IRQHandler
                0x08000bec        0x8 /tmp/ccwXBjJY.o
                0x08000bec                SPI1_IRQHandler
 .text.SPI2_IRQHandler
                0x08000bf4        0x8 /tmp/ccwXBjJY.o
                0x08000bf4                SPI2_IRQHandler
 .text.USART1_IRQHandler
                0x08000bfc        0x8 /tmp/ccwXBjJY.o
                0x08000bfc                USART1_IRQHandler
 .text.USART2_IRQHandler
                0x08000c04        0x8 /tmp/ccwXBjJY.o
                0x08000c04                USART2_IRQHandler
 .text.USART3_IRQHandler
                0x08000c0c        0x8 /tmp/ccwXBjJY.o
                0x08000c0c                USART3_IRQHandler
 .text.EXTI15_10_IRQHandler
                0x08000c14        0x8 /tmp/ccwXBjJY.o
                0x08000c14                EXTI15_10_IRQHandler
 .text.RTC_ALARM_IRQHandler
                0x08000c1c        0x8 /tmp/ccwXBjJY.o
                0x08000c1c                RTC_ALARM_IRQHandler
 .text.TIM8_BRK_TIM12_IRQHandler
                0x08000c24        0x8 /tmp/ccwXBjJY.o
                0x08000c24                TIM8_BRK_TIM12_IRQHandler
 .text.TIM8_UP_TIM13_IRQHandler
                0x08000c2c        0x8 /tmp/ccwXBjJY.o
                0x08000c2c                TIM8_UP_TIM13_IRQHandler
 .text.TIM8_TRG_COM_TIM14_IRQHandler
                0x08000c34        0x8 /tmp/ccwXBjJY.o
                0x08000c34                TIM8_TRG_COM_TIM14_IRQHandler
 .text.TIM8_CC_IRQHandler
                0x08000c3c        0x8 /tmp/ccwXBjJY.o
                0x08000c3c                TIM8_CC_IRQHandler
 .text.DMA1_STR7_IRQHandler
                0x08000c44        0x8 /tmp/ccwXBjJY.o
                0x08000c44                DMA1_STR7_IRQHandler
 .text.FMC_IRQHandler
                0x08000c4c        0x8 /tmp/ccwXBjJY.o
                0x08000c4c                FMC_IRQHandler
 .text.SDMMC1_IRQHandler
                0x08000c54        0x8 /tmp/ccwXBjJY.o
                0x08000c54                SDMMC1_IRQHandler
 .text.TIM5_IRQHandler
                0x08000c5c        0x8 /tmp/ccwXBjJY.o
                0x08000c5c                TIM5_IRQHandler
 .text.SPI3_IRQHandler
                0x08000c64        0x8 /tmp/ccwXBjJY.o
                0x08000c64                SPI3_IRQHandler
 .text.UART4_IRQHandler
                0x08000c6c        0x8 /tmp/ccwXBjJY.o
                0x08000c6c                UART4_IRQHandler
 .text.UART5_IRQHandler
                0x08000c74        0x8 /tmp/ccwXBjJY.o
                0x08000c74                UART5_IRQHandler
 .text.TIM6_DAC_IRQHandler
                0x08000c7c        0x8 /tmp/ccwXBjJY.o
                0x08000c7c                TIM6_DAC_IRQHandler
 .text.TIM7_IRQHandler
                0x08000c84        0x8 /tmp/ccwXBjJY.o
                0x08000c84                TIM7_IRQHandler
 .text.DMA2_STR0_IRQHandler
                0x08000c8c        0x8 /tmp/ccwXBjJY.o
                0x08000c8c                DMA2_STR0_IRQHandler
 .text.DMA2_STR1_IRQHandler
                0x08000c94        0x8 /tmp/ccwXBjJY.o
                0x08000c94                DMA2_STR1_IRQHandler
 .text.DMA2_STR2_IRQHandler
                0x08000c9c        0x8 /tmp/ccwXBjJY.o
                0x08000c9c                DMA2_STR2_IRQHandler
 .text.DMA2_STR3_IRQHandler
                0x08000ca4        0x8 /tmp/ccwXBjJY.o
                0x08000ca4                DMA2_STR3_IRQHandler
 .text.DMA2_STR4_IRQHandler
                0x08000cac        0x8 /tmp/ccwXBjJY.o
                0x08000cac                DMA2_STR4_IRQHandler
 .text.ETH_IRQHandler
                0x08000cb4        0x8 /tmp/ccwXBjJY.o
                0x08000cb4                ETH_IRQHandler
 .text.ETH_WKUP_IRQHandler
                0x08000cbc        0x8 /tmp/ccwXBjJY.o
                0x08000cbc                ETH_WKUP_IRQHandler
 .text.FDCAN_CAL_IRQHandler
                0x08000cc4        0x8 /tmp/ccwXBjJY.o
                0x08000cc4                FDCAN_CAL_IRQHandler
 .text.DMA2_STR5_IRQHandler
                0x08000ccc        0x8 /tmp/ccwXBjJY.o
                0x08000ccc                DMA2_STR5_IRQHandler
 .text.DMA2_STR6_IRQHandler
                0x08000cd4        0x8 /tmp/ccwXBjJY.o
                0x08000cd4                DMA2_STR6_IRQHandler
 .text.DMA2_STR7_IRQHandler
                0x08000cdc        0x8 /tmp/ccwXBjJY.o
                0x08000cdc                DMA2_STR7_IRQHandler
 .text.USART6_IRQHandler
                0x08000ce4        0x8 /tmp/ccwXBjJY.o
                0x08000ce4                USART6_IRQHandler
 .text.I2C3_EV_IRQHandler
                0x08000cec        0x8 /tmp/ccwXBjJY.o
                0x08000cec                I2C3_EV_IRQHandler
 .text.I2C3_ER_IRQHandler
                0x08000cf4        0x8 /tmp/ccwXBjJY.o
                0x08000cf4                I2C3_ER_IRQHandler
 .text.OTG_HS_EP1_OUT_IRQHandler
                0x08000cfc        0x8 /tmp/ccwXBjJY.o
                0x08000cfc                OTG_HS_EP1_OUT_IRQHandler
 .text.OTG_HS_EP1_IN_IRQHandler
                0x08000d04        0x8 /tmp/ccwXBjJY.o
                0x08000d04                OTG_HS_EP1_IN_IRQHandler
 .text.OTG_HS_WKUP_IRQHandler
                0x08000d0c        0x8 /tmp/ccwXBjJY.o
                0x08000d0c                OTG_HS_WKUP_IRQHandler
 .text.OTG_HS_IRQHandler
                0x08000d14        0x8 /tmp/ccwXBjJY.o
                0x08000d14                OTG_HS_IRQHandler
 .text.DCMI_IRQHandler
                0x08000d1c        0x8 /tmp/ccwXBjJY.o
                0x08000d1c                DCMI_IRQHandler
 .text.CRYP_IRQHandler
                0x08000d24        0x8 /tmp/ccwXBjJY.o
                0x08000d24                CRYP_IRQHandler
 .text.HASH_RNG_IRQHandler
                0x08000d2c        0x8 /tmp/ccwXBjJY.o
                0x08000d2c                HASH_RNG_IRQHandler
 .text.FPU_IRQHandler
                0x08000d34        0x8 /tmp/ccwXBjJY.o
                0x08000d34                FPU_IRQHandler
 .text.UART7_IRQHandler
                0x08000d3c        0x8 /tmp/ccwXBjJY.o
                0x08000d3c                UART7_IRQHandler
 .text.UART8_IRQHandler
                0x08000d44        0x8 /tmp/ccwXBjJY.o
                0x08000d44                UART8_IRQHandler
 .text.SPI5_IRQHandler
                0x08000d4c        0x8 /tmp/ccwXBjJY.o
                0x08000d4c                SPI5_IRQHandler
 .text.SPI6_IRQHandler
                0x08000d54        0x8 /tmp/ccwXBjJY.o
                0x08000d54                SPI6_IRQHandler
 .text.SAI1_IRQHandler
                0x08000d5c        0x8 /tmp/ccwXBjJY.o
                0x08000d5c                SAI1_IRQHandler
 .text.LTDC_IRQHandler
                0x08000d64        0x8 /tmp/ccwXBjJY.o
                0x08000d64                LTDC_IRQHandler
 .text.LTDC_ER_IRQHandler
                0x08000d6c        0x8 /tmp/ccwXBjJY.o
                0x08000d6c                LTDC_ER_IRQHandler
 .text.DMA2D_IRQHandler
                0x08000d74        0x8 /tmp/ccwXBjJY.o
                0x08000d74                DMA2D_IRQHandler
 .text.SAI2_IRQHandler
                0x08000d7c        0x8 /tmp/ccwXBjJY.o
                0x08000d7c                SAI2_IRQHandler
 .text.QUADSPI_IRQHandler
                0x08000d84        0x8 /tmp/ccwXBjJY.o
                0x08000d84                QUADSPI_IRQHandler
 .text.LPTIM1_IRQHandler
                0x08000d8c        0x8 /tmp/ccwXBjJY.o
                0x08000d8c                LPTIM1_IRQHandler
 .text.CEC_IRQHandler
                0x08000d94        0x8 /tmp/ccwXBjJY.o
                0x08000d94                CEC_IRQHandler
 .text.I2C4_EV_IRQHandler
                0x08000d9c        0x8 /tmp/ccwXBjJY.o
                0x08000d9c                I2C4_EV_IRQHandler
 .text.I2C4_ER_IRQHandler
                0x08000da4        0x8 /tmp/ccwXBjJY.o
                0x08000da4                I2C4_ER_IRQHandler
 .text.SPDIF_IRQHandler
                0x08000dac        0x8 /tmp/ccwXBjJY.o
                0x08000dac                SPDIF_IRQHandler
 .text.OTG_FS_EP1_OUT_IRQHandler
                0x08000db4        0x8 /tmp/ccwXBjJY.o
                0x08000db4                OTG_FS_EP1_OUT_IRQHandler
 .text.OTG_FS_EP1_IN_IRQHandler
                0x08000dbc        0x8 /tmp/ccwXBjJY.o
                0x08000dbc                OTG_FS_EP1_IN_IRQHandler
 .text.OTG_FS_WKUP_IRQHandler
                0x08000dc4        0x8 /tmp/ccwXBjJY.o
                0x08000dc4                OTG_FS_WKUP_IRQHandler
 .text.OTG_FS_IRQHandler
                0x08000dcc        0x8 /tmp/ccwXBjJY.o
                0x08000dcc                OTG_FS_IRQHandler
 .text.DMAMUX1_OV_IRQHandler
                0x08000dd4        0x8 /tmp/ccwXBjJY.o
                0x08000dd4                DMAMUX1_OV_IRQHandler
 .text.HRTIM1_MST_IRQHandler
                0x08000ddc        0x8 /tmp/ccwXBjJY.o
                0x08000ddc                HRTIM1_MST_IRQHandler
 .text.HRTIM1_TIMA_IRQHandler
                0x08000de4        0x8 /tmp/ccwXBjJY.o
                0x08000de4                HRTIM1_TIMA_IRQHandler
 .text.HRTIM_TIMB_IRQHandler
                0x08000dec        0x8 /tmp/ccwXBjJY.o
                0x08000dec                HRTIM_TIMB_IRQHandler
 .text.HRTIM1_TIMC_IRQHandler
                0x08000df4        0x8 /tmp/ccwXBjJY.o
                0x08000df4                HRTIM1_TIMC_IRQHandler
 .text.HRTIM1_TIMD_IRQHandler
                0x08000dfc        0x8 /tmp/ccwXBjJY.o
                0x08000dfc                HRTIM1_TIMD_IRQHandler
 .text.HRTIM_TIME_IRQHandler
                0x08000e04        0x8 /tmp/ccwXBjJY.o
                0x08000e04                HRTIM_TIME_IRQHandler
 .text.HRTIM1_FLT_IRQHandler
                0x08000e0c        0x8 /tmp/ccwXBjJY.o
                0x08000e0c                HRTIM1_FLT_IRQHandler
 .text.DFSDM1_FLT0_IRQHandler
                0x08000e14        0x8 /tmp/ccwXBjJY.o
                0x08000e14                DFSDM1_FLT0_IRQHandler
 .text.DFSDM1_FLT1_IRQHandler
                0x08000e1c        0x8 /tmp/ccwXBjJY.o
                0x08000e1c                DFSDM1_FLT1_IRQHandler
 .text.DFSDM1_FLT2_IRQHandler
                0x08000e24        0x8 /tmp/ccwXBjJY.o
                0x08000e24                DFSDM1_FLT2_IRQHandler
 .text.DFSDM1_FLT3_IRQHandler
                0x08000e2c        0x8 /tmp/ccwXBjJY.o
                0x08000e2c                DFSDM1_FLT3_IRQHandler
 .text.SAI3_IRQHandler
                0x08000e34        0x8 /tmp/ccwXBjJY.o
                0x08000e34                SAI3_IRQHandler
 .text.SWPMI1_IRQHandler
                0x08000e3c        0x8 /tmp/ccwXBjJY.o
                0x08000e3c                SWPMI1_IRQHandler
 .text.TIM15_IRQHandler
                0x08000e44        0x8 /tmp/ccwXBjJY.o
                0x08000e44                TIM15_IRQHandler
 .text.TIM16_IRQHandler
                0x08000e4c        0x8 /tmp/ccwXBjJY.o
                0x08000e4c                TIM16_IRQHandler
 .text.TIM17_IRQHandler
                0x08000e54        0x8 /tmp/ccwXBjJY.o
                0x08000e54                TIM17_IRQHandler
 .text.MDIOS_WKUP_IRQHandler
                0x08000e5c        0x8 /tmp/ccwXBjJY.o
                0x08000e5c                MDIOS_WKUP_IRQHandler
 .text.MDIOS_IRQHandler
                0x08000e64        0x8 /tmp/ccwXBjJY.o
                0x08000e64                MDIOS_IRQHandler
 .text.JPEG_IRQHandler
                0x08000e6c        0x8 /tmp/ccwXBjJY.o
                0x08000e6c                JPEG_IRQHandler
 .text.MDMA_IRQHandler
                0x08000e74        0x8 /tmp/ccwXBjJY.o
                0x08000e74                MDMA_IRQHandler
 .text.SDMMC2_IRQHandler
                0x08000e7c        0x8 /tmp/ccwXBjJY.o
                0x08000e7c                SDMMC2_IRQHandler
 .text.HSEM0_IRQHandler
                0x08000e84        0x8 /tmp/ccwXBjJY.o
                0x08000e84                HSEM0_IRQHandler
 .text.ADC3_IRQHandler
                0x08000e8c        0x8 /tmp/ccwXBjJY.o
                0x08000e8c                ADC3_IRQHandler
 .text.DMAMUX2_OVR_IRQHandler
                0x08000e94        0x8 /tmp/ccwXBjJY.o
                0x08000e94                DMAMUX2_OVR_IRQHandler
 .text.BDMA_CH0_IRQHandler
                0x08000e9c        0x8 /tmp/ccwXBjJY.o
                0x08000e9c                BDMA_CH0_IRQHandler
 .text.BDMA_CH1_IRQHandler
                0x08000ea4        0x8 /tmp/ccwXBjJY.o
                0x08000ea4                BDMA_CH1_IRQHandler
 .text.BDMA_CH2_IRQHandler
                0x08000eac        0x8 /tmp/ccwXBjJY.o
                0x08000eac                BDMA_CH2_IRQHandler
 .text.BDMA_CH3_IRQHandler
                0x08000eb4        0x8 /tmp/ccwXBjJY.o
                0x08000eb4                BDMA_CH3_IRQHandler
 .text.BDMA_CH4_IRQHandler
                0x08000ebc        0x8 /tmp/ccwXBjJY.o
                0x08000ebc                BDMA_CH4_IRQHandler
 .text.BDMA_CH5_IRQHandler
                0x08000ec4        0x8 /tmp/ccwXBjJY.o
                0x08000ec4                BDMA_CH5_IRQHandler
 .text.BDMA_CH6_IRQHandler
                0x08000ecc        0x8 /tmp/ccwXBjJY.o
                0x08000ecc                BDMA_CH6_IRQHandler
 .text.BDMA_CH7_IRQHandler
                0x08000ed4        0x8 /tmp/ccwXBjJY.o
                0x08000ed4                BDMA_CH7_IRQHandler
 .text.COMP_IRQHandler
                0x08000edc        0x8 /tmp/ccwXBjJY.o
                0x08000edc                COMP_IRQHandler
 .text.LPTIM2_IRQHandler
                0x08000ee4        0x8 /tmp/ccwXBjJY.o
                0x08000ee4                LPTIM2_IRQHandler
 .text.LPTIM3_IRQHandler
                0x08000eec        0x8 /tmp/ccwXBjJY.o
                0x08000eec                LPTIM3_IRQHandler
 .text.LPTIM4_IRQHandler
                0x08000ef4        0x8 /tmp/ccwXBjJY.o
                0x08000ef4                LPTIM4_IRQHandler
 .text.LPTIM5_IRQHandler
                0x08000efc        0x8 /tmp/ccwXBjJY.o
                0x08000efc                LPTIM5_IRQHandler
 .text.LPUART_IRQHandler
                0x08000f04        0x8 /tmp/ccwXBjJY.o
                0x08000f04                LPUART_IRQHandler
 .text.WWDG1_RST_IRQHandler
                0x08000f0c        0x8 /tmp/ccwXBjJY.o
                0x08000f0c                WWDG1_RST_IRQHandler
 .text.CRS_IRQHandler
                0x08000f14        0x8 /tmp/ccwXBjJY.o
                0x08000f14                CRS_IRQHandler
 .text.RAMECC1_IRQHandler
                0x08000f1c        0x8 /tmp/ccwXBjJY.o
                0x08000f1c                RAMECC1_IRQHandler
 .text.SAI4_IRQHandler
                0x08000f24        0x8 /tmp/ccwXBjJY.o
                0x08000f24                SAI4_IRQHandler
 .text.WKUP_IRQHandler
                0x08000f2c        0x8 /tmp/ccwXBjJY.o
                0x08000f2c                WKUP_IRQHandler
 .text.RTC_init
                0x08000f34      0x190 /tmp/ccpcYYey.o
                0x08000f34                RTC_init
 .text.RTC_read_datetime
                0x080010c4      0x134 /tmp/ccpcYYey.o
                0x080010c4                RTC_read_datetime
 .text.VECan_Init
                0x080011f8      0x54c /tmp/ccoaziQt.o
                0x080011f8                VECan_Init
 .text.update_can_message_356
                0x08001744       0xbc /tmp/ccoaziQt.o
                0x08001744                update_can_message_356
 .text.VECan_send
                0x08001800       0xb4 /tmp/ccoaziQt.o
                0x08001800                VECan_send
 .text.FDCAN1_init
                0x080018b4      0x30c /tmp/cchCi0DC.o
                0x080018b4                FDCAN1_init
 .text.FDCAN2_init
                0x08001bc0      0x338 /tmp/cchCi0DC.o
                0x08001bc0                FDCAN2_init
 .text.FDCAN1_transmit_message
                0x08001ef8       0xbc /tmp/cchCi0DC.o
                0x08001ef8                FDCAN1_transmit_message
 .text.FDCAN2_transmit_message
                0x08001fb4       0xc8 /tmp/cchCi0DC.o
                0x08001fb4                FDCAN2_transmit_message
 .text.convert_0x0426_to_milliampere
                0x0800207c       0x46 /tmp/ccy5Sl5U.o
                0x0800207c                convert_0x0426_to_milliampere
 .text.convert_0x0427_to_millivolts
                0x080020c2       0x32 /tmp/ccy5Sl5U.o
                0x080020c2                convert_0x0427_to_millivolts
 .text.convert_0x0428_to_temperature
                0x080020f4       0x32 /tmp/ccy5Sl5U.o
                0x080020f4                convert_0x0428_to_temperature
 .text.convert_0x0429_to_microvolts
                0x08002126       0x46 /tmp/ccy5Sl5U.o
                0x08002126                convert_0x0429_to_microvolts
 .text.convert_0x042A_to_power
                0x0800216c       0x88 /tmp/ccy5Sl5U.o
                0x0800216c                convert_0x042A_to_power
 .text.convert_0x042B_to_DieID
                0x080021f4       0x38 /tmp/ccy5Sl5U.o
                0x080021f4                convert_0x042B_to_DieID
 .text.convert_0x042C_to_ManufacturerID
                0x0800222c       0x38 /tmp/ccy5Sl5U.o
                0x0800222c                convert_0x042C_to_ManufacturerID
 .text.convert_0x042D_to_energy
                0x08002264       0x6c /tmp/ccy5Sl5U.o
                0x08002264                convert_0x042D_to_energy
 .text.convert_0x042E_to_charge
                0x080022d0       0x6c /tmp/ccy5Sl5U.o
                0x080022d0                convert_0x042E_to_charge
 .text.delay_us
                0x0800233c       0x2c /tmp/cckmRIYH.o
                0x0800233c                delay_us
 .text.is_flash_operation_complete
                0x08002368       0x18 /tmp/cckmRIYH.o
                0x08002368                is_flash_operation_complete
 .text.return_data_word
                0x08002380       0x48 /tmp/cckmRIYH.o
                0x08002380                return_data_word
 .text.mx25l_init
                0x080023c8      0x194 /tmp/cckmRIYH.o
                0x080023c8                mx25l_init
 .text.read_flash_id_sequence
                0x0800255c       0xb0 /tmp/cckmRIYH.o
                0x0800255c                read_flash_id_sequence
 .text.flash_read_word
                0x0800260c       0xbc /tmp/cckmRIYH.o
                0x0800260c                flash_read_word
 .text.SPI4_IRQHandler
                0x080026c8      0x164 /tmp/cckmRIYH.o
                0x080026c8                SPI4_IRQHandler
 .text.SPI3_LTC6813_Init
                0x0800282c      0x25c /tmp/ccTatOTE.o
                0x0800282c                SPI3_LTC6813_Init
 .text.SPI3_TransmitReceiveByte
                0x08002a88       0x74 /tmp/ccTatOTE.o
                0x08002a88                SPI3_TransmitReceiveByte
 .text.delay_ms
                0x08002afc       0x40 /tmp/ccTatOTE.o
                0x08002afc                delay_ms
 .text.LTC6813_Wakeup
                0x08002b3c       0x34 /tmp/ccTatOTE.o
                0x08002b3c                LTC6813_Wakeup
 .text.LTC6813_CalculatePEC
                0x08002b70       0x68 /tmp/ccTatOTE.o
                0x08002b70                LTC6813_CalculatePEC
 .text.test_register
                0x08002bd8      0x204 /tmp/ccTatOTE.o
                0x08002bd8                test_register
 .text          0x08002ddc      0x134 /usr/lib/gcc/arm-none-eabi/13.2.1/../../../arm-none-eabi/lib/thumb/v7e-m+dp/hard/libc_nano.a(libc_a-memcpy.o)
                0x08002ddc                memcpy

.glue_7         0x08002f10        0x0
 .glue_7        0x08002f10        0x0 linker stubs

.glue_7t        0x08002f10        0x0
 .glue_7t       0x08002f10        0x0 linker stubs

.vfp11_veneer   0x08002f10        0x0
 .vfp11_veneer  0x08002f10        0x0 linker stubs

.v4_bx          0x08002f10        0x0
 .v4_bx         0x08002f10        0x0 linker stubs

.iplt           0x08002f10        0x0
 .iplt          0x08002f10        0x0 /tmp/ccvbP2fy.o

.rodata         0x08002f10      0x200
 *(.rodata*)
 .rodata.pec15Table
                0x08002f10      0x200 /tmp/ccTatOTE.o

.ARM.exidx      0x08003110        0x8
 .ARM.exidx     0x08003110        0x8 /usr/lib/gcc/arm-none-eabi/13.2.1/../../../arm-none-eabi/lib/thumb/v7e-m+dp/hard/libc_nano.a(libc_a-memcpy.o)

.rel.dyn        0x08003118        0x0
 .rel.iplt      0x08003118        0x0 /tmp/ccvbP2fy.o

.data           0x20000000       0x14 load address 0x08003118
                0x20000000                        _sdata = .
 *(.first_data)
 *(.data SORT_BY_NAME(.data.*))
 .data.SOH      0x20000000        0x2 /tmp/ccoaziQt.o
                0x20000000                SOH
 .data.flash_operation_complete
                0x20000002        0x1 /tmp/cckmRIYH.o
 *fill*         0x20000003        0x1 
 .data.snPart1  0x20000004        0x8 /tmp/ccoaziQt.o
                0x20000004                snPart1
 .data.snPart2  0x2000000c        0x8 /tmp/ccoaziQt.o
                0x2000000c                snPart2
                0x20000014                        _edata = .
                0x08003118                        _sidata = LOADADDR (.data)

.igot.plt       0x20000014        0x0 load address 0x0800312c
 .igot.plt      0x20000014        0x0 /tmp/ccvbP2fy.o

.bss            0x20000014      0x1dd load address 0x0800312c
                0x20000014                        _sbss = .
 *(.bss SORT_BY_NAME(.bss.*) COMMON)
 .bss.bus_voltage
                0x20000014        0x4 /tmp/ccvbP2fy.o
                0x20000014                bus_voltage
 .bss.charge    0x20000018        0x4 /tmp/ccvbP2fy.o
                0x20000018                charge
 .bss.charge_Ah
                0x2000001c        0x4 /tmp/ccvbP2fy.o
                0x2000001c                charge_Ah
 .bss.counter_loop
                0x20000020        0x4 /tmp/cchCi0DC.o
                0x20000020                counter_loop
 .bss.current   0x20000024        0x4 /tmp/ccvbP2fy.o
                0x20000024                current
 .bss.die_id    0x20000028        0x2 /tmp/ccvbP2fy.o
                0x20000028                die_id
 *fill*         0x2000002a        0x2 
 .bss.dt        0x2000002c        0x7 /tmp/ccvbP2fy.o
                0x2000002c                dt
 *fill*         0x20000033        0x1 
 .bss.energy    0x20000034        0x4 /tmp/ccvbP2fy.o
                0x20000034                energy
 .bss.energy_kWh
                0x20000038        0x4 /tmp/ccvbP2fy.o
                0x20000038                energy_kWh
 .bss.fifo_full_counter
                0x2000003c        0x4 /tmp/ccvbP2fy.o
                0x2000003c                fifo_full_counter
 .bss.fifo_message_lost_counter
                0x20000040        0x4 /tmp/ccvbP2fy.o
                0x20000040                fifo_message_lost_counter
 .bss.flash_byte
                0x20000044        0x4 /tmp/ccvbP2fy.o
                0x20000044                flash_byte
 .bss.flash_id  0x20000048        0x4 /tmp/ccvbP2fy.o
                0x20000048                flash_id
 .bss.flash_operation_type
                0x2000004c        0x1 /tmp/cckmRIYH.o
 *fill*         0x2000004d        0x3 
 .bss.flash_read_buffer
                0x20000050        0x4 /tmp/cckmRIYH.o
 .bss.flash_status_reg
                0x20000054        0x1 /tmp/cckmRIYH.o
 .bss.kazonk    0x20000055        0x1 /tmp/ccvbP2fy.o
                0x20000055                kazonk
 .bss.manufacturer_id
                0x20000056        0x2 /tmp/ccvbP2fy.o
                0x20000056                manufacturer_id
 .bss.minutes   0x20000058        0x1 /tmp/ccvbP2fy.o
                0x20000058                minutes
 *fill*         0x20000059        0x3 
 .bss.power     0x2000005c        0x4 /tmp/ccvbP2fy.o
                0x2000005c                power
 .bss.rx_message_426
                0x20000060        0x8 /tmp/ccvbP2fy.o
                0x20000060                rx_message_426
 .bss.rx_message_427
                0x20000068        0x8 /tmp/ccvbP2fy.o
                0x20000068                rx_message_427
 .bss.rx_message_428
                0x20000070        0x8 /tmp/ccvbP2fy.o
                0x20000070                rx_message_428
 .bss.rx_message_429
                0x20000078        0x8 /tmp/ccvbP2fy.o
                0x20000078                rx_message_429
 .bss.rx_message_42A
                0x20000080        0x8 /tmp/ccvbP2fy.o
                0x20000080                rx_message_42A
 .bss.rx_message_42B
                0x20000088        0x8 /tmp/ccvbP2fy.o
                0x20000088                rx_message_42B
 .bss.rx_message_42C
                0x20000090        0x8 /tmp/ccvbP2fy.o
                0x20000090                rx_message_42C
 .bss.rx_message_42D
                0x20000098        0x8 /tmp/ccvbP2fy.o
                0x20000098                rx_message_42D
 .bss.rx_message_42E
                0x200000a0        0x8 /tmp/ccvbP2fy.o
                0x200000a0                rx_message_42E
 .bss.seconds   0x200000a8        0x1 /tmp/ccvbP2fy.o
                0x200000a8                seconds
 *fill*         0x200000a9        0x3 
 .bss.shunt_voltage
                0x200000ac        0x4 /tmp/ccvbP2fy.o
                0x200000ac                shunt_voltage
 .bss.splitter  0x200000b0        0x2 /tmp/ccoaziQt.o
                0x200000b0                splitter
 *fill*         0x200000b2        0x2 
 .bss.temperature
                0x200000b4        0x4 /tmp/ccvbP2fy.o
                0x200000b4                temperature
 .bss.test_buffer
                0x200000b8        0x4 /tmp/ccvbP2fy.o
                0x200000b8                test_buffer
 .bss.threeeighty
                0x200000bc       0x10 /tmp/ccoaziQt.o
                0x200000bc                threeeighty
 .bss.threeeightyone
                0x200000cc       0x10 /tmp/ccoaziQt.o
                0x200000cc                threeeightyone
 .bss.threefiftyA
                0x200000dc       0x10 /tmp/ccoaziQt.o
                0x200000dc                threefiftyA
 .bss.threefiftyE
                0x200000ec       0x10 /tmp/ccoaziQt.o
                0x200000ec                threefiftyE
 .bss.threefiftyF
                0x200000fc       0x10 /tmp/ccoaziQt.o
                0x200000fc                threefiftyF
 .bss.threefiftyfive
                0x2000010c       0x10 /tmp/ccoaziQt.o
                0x2000010c                threefiftyfive
 .bss.threefiftyone
                0x2000011c       0x10 /tmp/ccoaziQt.o
                0x2000011c                threefiftyone
 .bss.threefiftysix
                0x2000012c       0x10 /tmp/ccoaziQt.o
                0x2000012c                threefiftysix
 .bss.threeseventyeight
                0x2000013c       0x10 /tmp/ccoaziQt.o
                0x2000013c                threeseventyeight
 .bss.threeseventyfive
                0x2000014c       0x10 /tmp/ccoaziQt.o
                0x2000014c                threeseventyfive
 .bss.threeseventyfour
                0x2000015c       0x10 /tmp/ccoaziQt.o
                0x2000015c                threeseventyfour
 .bss.threeseventynine
                0x2000016c       0x10 /tmp/ccoaziQt.o
                0x2000016c                threeseventynine
 .bss.threeseventyseven
                0x2000017c       0x10 /tmp/ccoaziQt.o
                0x2000017c                threeseventyseven
 .bss.threeseventysix
                0x2000018c       0x10 /tmp/ccoaziQt.o
                0x2000018c                threeseventysix
 .bss.threeseventythree
                0x2000019c       0x10 /tmp/ccoaziQt.o
                0x2000019c                threeseventythree
 .bss.threeseventytwo
                0x200001ac       0x10 /tmp/ccoaziQt.o
                0x200001ac                threeseventytwo
 .bss.threesixty
                0x200001bc       0x10 /tmp/ccoaziQt.o
                0x200001bc                threesixty
 .bss.tick      0x200001cc        0x4 /tmp/ccvbP2fy.o
                0x200001cc                tick
 .bss.tx_127    0x200001d0       0x10 /tmp/ccvbP2fy.o
                0x200001d0                tx_127
 .bss.tx_128    0x200001e0       0x10 /tmp/ccvbP2fy.o
                0x200001e0                tx_128
 .bss.zonk      0x200001f0        0x1 /tmp/ccvbP2fy.o
                0x200001f0                zonk
                0x200001f1                        _ebss = .

.sram1_data
 *(.sram1_data)

.sram2_data
 *(.sram2_data)

.backup_data
 *(.backup_data)
                0x200001f8                        . = ALIGN (0x8)
                0x200001f8                        _end = .
OUTPUT(firmware.elf elf32-littlearm)
LOAD linker stubs

.debug_info     0x00000000     0x4fb1
 .debug_info    0x00000000     0x12fa /tmp/ccvbP2fy.o
 .debug_info    0x000012fa      0xb3a /tmp/ccwXBjJY.o
 .debug_info    0x00001e34      0x7b0 /tmp/ccpcYYey.o
 .debug_info    0x000025e4      0x40c /tmp/ccoaziQt.o
 .debug_info    0x000029f0      0xbe5 /tmp/cchCi0DC.o
 .debug_info    0x000035d5      0x2e1 /tmp/ccy5Sl5U.o
 .debug_info    0x000038b6      0xad6 /tmp/cckmRIYH.o
 .debug_info    0x0000438c      0xbf2 /tmp/ccTatOTE.o
 .debug_info    0x00004f7e       0x33 /usr/lib/gcc/arm-none-eabi/13.2.1/../../../arm-none-eabi/lib/thumb/v7e-m+dp/hard/libc_nano.a(libc_a-memcpy.o)

.debug_abbrev   0x00000000      0xe05
 .debug_abbrev  0x00000000      0x2a6 /tmp/ccvbP2fy.o
 .debug_abbrev  0x000002a6      0x105 /tmp/ccwXBjJY.o
 .debug_abbrev  0x000003ab      0x132 /tmp/ccpcYYey.o
 .debug_abbrev  0x000004dd      0x146 /tmp/ccoaziQt.o
 .debug_abbrev  0x00000623      0x226 /tmp/cchCi0DC.o
 .debug_abbrev  0x00000849       0xa2 /tmp/ccy5Sl5U.o
 .debug_abbrev  0x000008eb      0x292 /tmp/cckmRIYH.o
 .debug_abbrev  0x00000b7d      0x260 /tmp/ccTatOTE.o
 .debug_abbrev  0x00000ddd       0x28 /usr/lib/gcc/arm-none-eabi/13.2.1/../../../arm-none-eabi/lib/thumb/v7e-m+dp/hard/libc_nano.a(libc_a-memcpy.o)

.debug_aranges  0x00000000      0x730
 .debug_aranges
                0x00000000       0x50 /tmp/ccvbP2fy.o
 .debug_aranges
                0x00000050      0x4d0 /tmp/ccwXBjJY.o
 .debug_aranges
                0x00000520       0x28 /tmp/ccpcYYey.o
 .debug_aranges
                0x00000548       0x30 /tmp/ccoaziQt.o
 .debug_aranges
                0x00000578       0x38 /tmp/cchCi0DC.o
 .debug_aranges
                0x000005b0       0x60 /tmp/ccy5Sl5U.o
 .debug_aranges
                0x00000610       0x78 /tmp/cckmRIYH.o
 .debug_aranges
                0x00000688       0x88 /tmp/ccTatOTE.o
 .debug_aranges
                0x00000710       0x20 /usr/lib/gcc/arm-none-eabi/13.2.1/../../../arm-none-eabi/lib/thumb/v7e-m+dp/hard/libc_nano.a(libc_a-memcpy.o)

.debug_rnglists
                0x00000000      0x53f
 .debug_rnglists
                0x00000000       0x3a /tmp/ccvbP2fy.o
 .debug_rnglists
                0x0000003a      0x397 /tmp/ccwXBjJY.o
 .debug_rnglists
                0x000003d1       0x1b /tmp/ccpcYYey.o
 .debug_rnglists
                0x000003ec       0x22 /tmp/ccoaziQt.o
 .debug_rnglists
                0x0000040e       0x29 /tmp/cchCi0DC.o
 .debug_rnglists
                0x00000437       0x44 /tmp/ccy5Sl5U.o
 .debug_rnglists
                0x0000047b       0x5d /tmp/cckmRIYH.o
 .debug_rnglists
                0x000004d8       0x67 /tmp/ccTatOTE.o

.debug_macro    0x00000000     0x32ae
 .debug_macro   0x00000000      0x218 /tmp/ccvbP2fy.o
 .debug_macro   0x00000218      0xade /tmp/ccvbP2fy.o
 .debug_macro   0x00000cf6       0x22 /tmp/ccvbP2fy.o
 .debug_macro   0x00000d18       0x54 /tmp/ccvbP2fy.o
 .debug_macro   0x00000d6c       0x29 /tmp/ccvbP2fy.o
 .debug_macro   0x00000d95       0x94 /tmp/ccvbP2fy.o
 .debug_macro   0x00000e29       0x43 /tmp/ccvbP2fy.o
 .debug_macro   0x00000e6c      0x103 /tmp/ccvbP2fy.o
 .debug_macro   0x00000f6f       0x3a /tmp/ccvbP2fy.o
 .debug_macro   0x00000fa9      0x34e /tmp/ccvbP2fy.o
 .debug_macro   0x000012f7       0x89 /tmp/ccvbP2fy.o
 .debug_macro   0x00001380      0x379 /tmp/ccvbP2fy.o
 .debug_macro   0x000016f9       0x22 /tmp/ccvbP2fy.o
 .debug_macro   0x0000171b       0x16 /tmp/ccvbP2fy.o
 .debug_macro   0x00001731       0xa5 /tmp/ccvbP2fy.o
 .debug_macro   0x000017d6       0x9b /tmp/ccvbP2fy.o
 .debug_macro   0x00001871       0x57 /tmp/ccvbP2fy.o
 .debug_macro   0x000018c8      0x370 /tmp/ccvbP2fy.o
 .debug_macro   0x00001c38       0x16 /tmp/ccvbP2fy.o
 .debug_macro   0x00001c4e       0x4a /tmp/ccvbP2fy.o
 .debug_macro   0x00001c98       0x34 /tmp/ccvbP2fy.o
 .debug_macro   0x00001ccc       0x10 /tmp/ccvbP2fy.o
 .debug_macro   0x00001cdc       0x52 /tmp/ccvbP2fy.o
 .debug_macro   0x00001d2e       0x8e /tmp/ccvbP2fy.o
 .debug_macro   0x00001dbc       0x1c /tmp/ccvbP2fy.o
 .debug_macro   0x00001dd8      0x177 /tmp/ccvbP2fy.o
 .debug_macro   0x00001f4f       0x16 /tmp/ccvbP2fy.o
 .debug_macro   0x00001f65       0x29 /tmp/ccvbP2fy.o
 .debug_macro   0x00001f8e       0x16 /tmp/ccvbP2fy.o
 .debug_macro   0x00001fa4       0x3c /tmp/ccvbP2fy.o
 .debug_macro   0x00001fe0      0x158 /tmp/ccvbP2fy.o
 .debug_macro   0x00002138       0x1c /tmp/ccvbP2fy.o
 .debug_macro   0x00002154       0x10 /tmp/ccvbP2fy.o
 .debug_macro   0x00002164       0x1c /tmp/ccvbP2fy.o
 .debug_macro   0x00002180       0x16 /tmp/ccvbP2fy.o
 .debug_macro   0x00002196      0x146 /tmp/ccvbP2fy.o
 .debug_macro   0x000022dc       0x76 /tmp/ccvbP2fy.o
 .debug_macro   0x00002352       0x1a /tmp/ccwXBjJY.o
 .debug_macro   0x0000236c      0x159 /tmp/ccpcYYey.o
 .debug_macro   0x000024c5       0x34 /tmp/ccpcYYey.o
 .debug_macro   0x000024f9      0x11c /tmp/ccpcYYey.o
 .debug_macro   0x00002615      0x379 /tmp/ccpcYYey.o
 .debug_macro   0x0000298e      0x182 /tmp/ccoaziQt.o
 .debug_macro   0x00002b10      0x184 /tmp/cchCi0DC.o
 .debug_macro   0x00002c94      0x151 /tmp/ccy5Sl5U.o
 .debug_macro   0x00002de5       0x9e /tmp/ccy5Sl5U.o
 .debug_macro   0x00002e83       0x16 /tmp/ccy5Sl5U.o
 .debug_macro   0x00002e99      0x158 /tmp/cckmRIYH.o
 .debug_macro   0x00002ff1       0x70 /tmp/cckmRIYH.o
 .debug_macro   0x00003061      0x24d /tmp/ccTatOTE.o

.debug_line     0x00000000     0x3995
 .debug_line    0x00000000      0x769 /tmp/ccvbP2fy.o
 .debug_line    0x00000769      0xd11 /tmp/ccwXBjJY.o
 .debug_line    0x0000147a      0x38c /tmp/ccpcYYey.o
 .debug_line    0x00001806      0x451 /tmp/ccoaziQt.o
 .debug_line    0x00001c57      0x676 /tmp/cchCi0DC.o
 .debug_line    0x000022cd      0x3d4 /tmp/ccy5Sl5U.o
 .debug_line    0x000026a1      0x823 /tmp/cckmRIYH.o
 .debug_line    0x00002ec4      0xa18 /tmp/ccTatOTE.o
 .debug_line    0x000038dc       0xb9 /usr/lib/gcc/arm-none-eabi/13.2.1/../../../arm-none-eabi/lib/thumb/v7e-m+dp/hard/libc_nano.a(libc_a-memcpy.o)

.debug_str      0x00000000     0xb2d2
 .debug_str     0x00000000     0xb2d2 /tmp/ccvbP2fy.o
                               0x9e91 (size before relaxing)
 .debug_str     0x0000b2d2     0x446a /tmp/ccwXBjJY.o
 .debug_str     0x0000b2d2     0x8f7a /tmp/ccpcYYey.o
 .debug_str     0x0000b2d2     0x8deb /tmp/ccoaziQt.o
 .debug_str     0x0000b2d2     0x90d3 /tmp/cchCi0DC.o
 .debug_str     0x0000b2d2     0x85fd /tmp/ccy5Sl5U.o
 .debug_str     0x0000b2d2     0x9338 /tmp/cckmRIYH.o
 .debug_str     0x0000b2d2     0x953c /tmp/ccTatOTE.o
 .debug_str     0x0000b2d2       0xac /usr/lib/gcc/arm-none-eabi/13.2.1/../../../arm-none-eabi/lib/thumb/v7e-m+dp/hard/libc_nano.a(libc_a-memcpy.o)

.comment        0x00000000       0x26
 .comment       0x00000000       0x26 /tmp/ccvbP2fy.o
                                 0x27 (size before relaxing)
 .comment       0x00000026       0x27 /tmp/ccwXBjJY.o
 .comment       0x00000026       0x27 /tmp/ccpcYYey.o
 .comment       0x00000026       0x27 /tmp/ccoaziQt.o
 .comment       0x00000026       0x27 /tmp/cchCi0DC.o
 .comment       0x00000026       0x27 /tmp/ccy5Sl5U.o
 .comment       0x00000026       0x27 /tmp/cckmRIYH.o
 .comment       0x00000026       0x27 /tmp/ccTatOTE.o

.ARM.attributes
                0x00000000       0x30
 .ARM.attributes
                0x00000000       0x32 /tmp/ccvbP2fy.o
 .ARM.attributes
                0x00000032       0x32 /tmp/ccwXBjJY.o
 .ARM.attributes
                0x00000064       0x32 /tmp/ccpcYYey.o
 .ARM.attributes
                0x00000096       0x32 /tmp/ccoaziQt.o
 .ARM.attributes
                0x000000c8       0x32 /tmp/cchCi0DC.o
 .ARM.attributes
                0x000000fa       0x32 /tmp/ccy5Sl5U.o
 .ARM.attributes
                0x0000012c       0x32 /tmp/cckmRIYH.o
 .ARM.attributes
                0x0000015e       0x32 /tmp/ccTatOTE.o
 .ARM.attributes
                0x00000190       0x1e /usr/lib/gcc/arm-none-eabi/13.2.1/../../../arm-none-eabi/lib/thumb/v7e-m+dp/hard/libc_nano.a(libc_a-memcpy.o)

.debug_frame    0x00000000     0x1614
 .debug_frame   0x00000000      0x100 /tmp/ccvbP2fy.o
 .debug_frame   0x00000100      0xe30 /tmp/ccwXBjJY.o
 .debug_frame   0x00000f30       0x60 /tmp/ccpcYYey.o
 .debug_frame   0x00000f90       0x78 /tmp/ccoaziQt.o
 .debug_frame   0x00001008       0xac /tmp/cchCi0DC.o
 .debug_frame   0x000010b4      0x178 /tmp/ccy5Sl5U.o
 .debug_frame   0x0000122c      0x1c8 /tmp/cckmRIYH.o
 .debug_frame   0x000013f4      0x220 /tmp/ccTatOTE.o

.debug_line_str
                0x00000000       0x99
 .debug_line_str
                0x00000000       0x99 /usr/lib/gcc/arm-none-eabi/13.2.1/../../../arm-none-eabi/lib/thumb/v7e-m+dp/hard/libc_nano.a(libc_a-memcpy.o)
