Archive member included to satisfy reference by file (symbol)

/usr/lib/gcc/arm-none-eabi/13.2.1/../../../arm-none-eabi/lib/thumb/v6-m/nofp/libc_nano.a(libc_a-memcpy-stub.o)
                              /tmp/ccfA7sxt.o (memcpy)
/usr/lib/gcc/arm-none-eabi/13.2.1/thumb/v6-m/nofp/libgcc.a(_muldi3.o)
                              /tmp/cchAjj34.o (__aeabi_lmul)

Discarded input sections

 .group         0x00000000        0xc /tmp/ccfA7sxt.o
 .group         0x00000000        0xc /tmp/ccfA7sxt.o
 .group         0x00000000        0xc /tmp/ccfA7sxt.o
 .group         0x00000000        0xc /tmp/ccfA7sxt.o
 .group         0x00000000        0xc /tmp/ccfA7sxt.o
 .group         0x00000000        0xc /tmp/ccfA7sxt.o
 .group         0x00000000        0xc /tmp/ccfA7sxt.o
 .group         0x00000000        0xc /tmp/ccfA7sxt.o
 .group         0x00000000        0xc /tmp/ccfA7sxt.o
 .group         0x00000000        0xc /tmp/ccfA7sxt.o
 .group         0x00000000        0xc /tmp/ccfA7sxt.o
 .group         0x00000000        0xc /tmp/ccfA7sxt.o
 .group         0x00000000        0xc /tmp/ccfA7sxt.o
 .group         0x00000000        0xc /tmp/ccfA7sxt.o
 .group         0x00000000        0xc /tmp/ccfA7sxt.o
 .group         0x00000000        0xc /tmp/ccfA7sxt.o
 .group         0x00000000        0xc /tmp/ccfA7sxt.o
 .group         0x00000000        0xc /tmp/ccfA7sxt.o
 .group         0x00000000        0xc /tmp/ccfA7sxt.o
 .group         0x00000000        0xc /tmp/ccfA7sxt.o
 .group         0x00000000        0xc /tmp/ccfA7sxt.o
 .group         0x00000000        0xc /tmp/ccfA7sxt.o
 .group         0x00000000        0xc /tmp/ccfA7sxt.o
 .group         0x00000000        0xc /tmp/ccfA7sxt.o
 .group         0x00000000        0xc /tmp/ccfA7sxt.o
 .group         0x00000000        0xc /tmp/ccfA7sxt.o
 .group         0x00000000        0xc /tmp/ccfA7sxt.o
 .group         0x00000000        0xc /tmp/ccfA7sxt.o
 .group         0x00000000        0xc /tmp/ccfA7sxt.o
 .group         0x00000000        0xc /tmp/ccfA7sxt.o
 .group         0x00000000        0xc /tmp/ccfA7sxt.o
 .text          0x00000000        0x0 /tmp/ccfA7sxt.o
 .data          0x00000000        0x0 /tmp/ccfA7sxt.o
 .bss           0x00000000        0x0 /tmp/ccfA7sxt.o
 .data.can_receive_FifO0
                0x00000000        0x4 /tmp/ccfA7sxt.o
 .bss.temp      0x00000000        0x4 /tmp/ccfA7sxt.o
 .bss.Sprong1   0x00000000        0x4 /tmp/ccfA7sxt.o
 .bss.Sprong2   0x00000000        0x4 /tmp/ccfA7sxt.o
 .bss.Kaponk4   0x00000000        0x4 /tmp/ccfA7sxt.o
 .bss.Kaponk    0x00000000        0x8 /tmp/ccfA7sxt.o
 .bss.Kagong    0x00000000        0x8 /tmp/ccfA7sxt.o
 .bss.test      0x00000000        0x2 /tmp/ccfA7sxt.o
 .bss.zonk      0x00000000        0x1 /tmp/ccfA7sxt.o
 .bss.rx_received
                0x00000000        0x8 /tmp/ccfA7sxt.o
 .bss.rx_temp   0x00000000       0x48 /tmp/ccfA7sxt.o
 .group         0x00000000        0xc /tmp/cckxXbNj.o
 .group         0x00000000        0xc /tmp/cckxXbNj.o
 .text          0x00000000        0x0 /tmp/cckxXbNj.o
 .data          0x00000000        0x0 /tmp/cckxXbNj.o
 .bss           0x00000000        0x0 /tmp/cckxXbNj.o
 .text.SysTick_IRQHandler
                0x00000000        0x8 /tmp/cckxXbNj.o
 .text.TIM16_FDCAN_IT0_IRQHandler
                0x00000000        0x8 /tmp/cckxXbNj.o
 .debug_macro   0x00000000      0xa9c /tmp/cckxXbNj.o
 .debug_macro   0x00000000      0x34e /tmp/cckxXbNj.o
 .group         0x00000000        0xc /tmp/ccPHr5Ry.o
 .group         0x00000000        0xc /tmp/ccPHr5Ry.o
 .group         0x00000000        0xc /tmp/ccPHr5Ry.o
 .group         0x00000000        0xc /tmp/ccPHr5Ry.o
 .group         0x00000000        0xc /tmp/ccPHr5Ry.o
 .group         0x00000000        0xc /tmp/ccPHr5Ry.o
 .group         0x00000000        0xc /tmp/ccPHr5Ry.o
 .group         0x00000000        0xc /tmp/ccPHr5Ry.o
 .group         0x00000000        0xc /tmp/ccPHr5Ry.o
 .group         0x00000000        0xc /tmp/ccPHr5Ry.o
 .group         0x00000000        0xc /tmp/ccPHr5Ry.o
 .group         0x00000000        0xc /tmp/ccPHr5Ry.o
 .group         0x00000000        0xc /tmp/ccPHr5Ry.o
 .group         0x00000000        0xc /tmp/ccPHr5Ry.o
 .group         0x00000000        0xc /tmp/ccPHr5Ry.o
 .group         0x00000000        0xc /tmp/ccPHr5Ry.o
 .group         0x00000000        0xc /tmp/ccPHr5Ry.o
 .group         0x00000000        0xc /tmp/ccPHr5Ry.o
 .group         0x00000000        0xc /tmp/ccPHr5Ry.o
 .group         0x00000000        0xc /tmp/ccPHr5Ry.o
 .group         0x00000000        0xc /tmp/ccPHr5Ry.o
 .group         0x00000000        0xc /tmp/ccPHr5Ry.o
 .group         0x00000000        0xc /tmp/ccPHr5Ry.o
 .group         0x00000000        0xc /tmp/ccPHr5Ry.o
 .group         0x00000000        0xc /tmp/ccPHr5Ry.o
 .group         0x00000000        0xc /tmp/ccPHr5Ry.o
 .group         0x00000000        0xc /tmp/ccPHr5Ry.o
 .group         0x00000000        0xc /tmp/ccPHr5Ry.o
 .group         0x00000000        0xc /tmp/ccPHr5Ry.o
 .text          0x00000000        0x0 /tmp/ccPHr5Ry.o
 .data          0x00000000        0x0 /tmp/ccPHr5Ry.o
 .bss           0x00000000        0x0 /tmp/ccPHr5Ry.o
 .debug_macro   0x00000000      0xa9c /tmp/ccPHr5Ry.o
 .debug_macro   0x00000000       0x24 /tmp/ccPHr5Ry.o
 .debug_macro   0x00000000       0x22 /tmp/ccPHr5Ry.o
 .debug_macro   0x00000000       0x54 /tmp/ccPHr5Ry.o
 .debug_macro   0x00000000       0x94 /tmp/ccPHr5Ry.o
 .debug_macro   0x00000000       0x43 /tmp/ccPHr5Ry.o
 .debug_macro   0x00000000       0x16 /tmp/ccPHr5Ry.o
 .debug_macro   0x00000000       0x9b /tmp/ccPHr5Ry.o
 .debug_macro   0x00000000       0x57 /tmp/ccPHr5Ry.o
 .debug_macro   0x00000000      0x370 /tmp/ccPHr5Ry.o
 .debug_macro   0x00000000       0x16 /tmp/ccPHr5Ry.o
 .debug_macro   0x00000000       0x4a /tmp/ccPHr5Ry.o
 .debug_macro   0x00000000       0x34 /tmp/ccPHr5Ry.o
 .debug_macro   0x00000000       0x10 /tmp/ccPHr5Ry.o
 .debug_macro   0x00000000       0x52 /tmp/ccPHr5Ry.o
 .debug_macro   0x00000000       0x8e /tmp/ccPHr5Ry.o
 .debug_macro   0x00000000       0x1c /tmp/ccPHr5Ry.o
 .debug_macro   0x00000000      0x177 /tmp/ccPHr5Ry.o
 .debug_macro   0x00000000       0x16 /tmp/ccPHr5Ry.o
 .debug_macro   0x00000000       0x29 /tmp/ccPHr5Ry.o
 .debug_macro   0x00000000      0x103 /tmp/ccPHr5Ry.o
 .debug_macro   0x00000000      0x34e /tmp/ccPHr5Ry.o
 .debug_macro   0x00000000       0x3c /tmp/ccPHr5Ry.o
 .debug_macro   0x00000000       0x22 /tmp/ccPHr5Ry.o
 .debug_macro   0x00000000       0xee /tmp/ccPHr5Ry.o
 .group         0x00000000        0xc /tmp/cchAjj34.o
 .group         0x00000000        0xc /tmp/cchAjj34.o
 .group         0x00000000        0xc /tmp/cchAjj34.o
 .group         0x00000000        0xc /tmp/cchAjj34.o
 .group         0x00000000        0xc /tmp/cchAjj34.o
 .group         0x00000000        0xc /tmp/cchAjj34.o
 .group         0x00000000        0xc /tmp/cchAjj34.o
 .group         0x00000000        0xc /tmp/cchAjj34.o
 .group         0x00000000        0xc /tmp/cchAjj34.o
 .group         0x00000000        0xc /tmp/cchAjj34.o
 .group         0x00000000        0xc /tmp/cchAjj34.o
 .group         0x00000000        0xc /tmp/cchAjj34.o
 .group         0x00000000        0xc /tmp/cchAjj34.o
 .group         0x00000000        0xc /tmp/cchAjj34.o
 .group         0x00000000        0xc /tmp/cchAjj34.o
 .group         0x00000000        0xc /tmp/cchAjj34.o
 .group         0x00000000        0xc /tmp/cchAjj34.o
 .group         0x00000000        0xc /tmp/cchAjj34.o
 .group         0x00000000        0xc /tmp/cchAjj34.o
 .group         0x00000000        0xc /tmp/cchAjj34.o
 .group         0x00000000        0xc /tmp/cchAjj34.o
 .group         0x00000000        0xc /tmp/cchAjj34.o
 .group         0x00000000        0xc /tmp/cchAjj34.o
 .group         0x00000000        0xc /tmp/cchAjj34.o
 .group         0x00000000        0xc /tmp/cchAjj34.o
 .group         0x00000000        0xc /tmp/cchAjj34.o
 .group         0x00000000        0xc /tmp/cchAjj34.o
 .group         0x00000000        0xc /tmp/cchAjj34.o
 .group         0x00000000        0xc /tmp/cchAjj34.o
 .text          0x00000000        0x0 /tmp/cchAjj34.o
 .data          0x00000000        0x0 /tmp/cchAjj34.o
 .bss           0x00000000        0x0 /tmp/cchAjj34.o
 .bss.counter   0x00000000        0x4 /tmp/cchAjj34.o
 .debug_macro   0x00000000      0xa9c /tmp/cchAjj34.o
 .debug_macro   0x00000000       0x22 /tmp/cchAjj34.o
 .debug_macro   0x00000000       0x54 /tmp/cchAjj34.o
 .debug_macro   0x00000000       0x24 /tmp/cchAjj34.o
 .debug_macro   0x00000000       0x94 /tmp/cchAjj34.o
 .debug_macro   0x00000000       0x43 /tmp/cchAjj34.o
 .debug_macro   0x00000000      0x103 /tmp/cchAjj34.o
 .debug_macro   0x00000000       0x3a /tmp/cchAjj34.o
 .debug_macro   0x00000000      0x34e /tmp/cchAjj34.o
 .debug_macro   0x00000000       0x89 /tmp/cchAjj34.o
 .debug_macro   0x00000000      0x379 /tmp/cchAjj34.o
 .debug_macro   0x00000000       0x22 /tmp/cchAjj34.o
 .debug_macro   0x00000000       0x16 /tmp/cchAjj34.o
 .debug_macro   0x00000000       0xa5 /tmp/cchAjj34.o
 .debug_macro   0x00000000       0x9b /tmp/cchAjj34.o
 .debug_macro   0x00000000       0x57 /tmp/cchAjj34.o
 .debug_macro   0x00000000      0x370 /tmp/cchAjj34.o
 .debug_macro   0x00000000       0x16 /tmp/cchAjj34.o
 .debug_macro   0x00000000       0x4a /tmp/cchAjj34.o
 .debug_macro   0x00000000       0x34 /tmp/cchAjj34.o
 .debug_macro   0x00000000       0x10 /tmp/cchAjj34.o
 .debug_macro   0x00000000       0x52 /tmp/cchAjj34.o
 .debug_macro   0x00000000       0x8e /tmp/cchAjj34.o
 .debug_macro   0x00000000       0x1c /tmp/cchAjj34.o
 .debug_macro   0x00000000      0x177 /tmp/cchAjj34.o
 .debug_macro   0x00000000       0x16 /tmp/cchAjj34.o
 .debug_macro   0x00000000       0x29 /tmp/cchAjj34.o
 .debug_macro   0x00000000       0xee /tmp/cchAjj34.o
 .debug_macro   0x00000000       0x58 /tmp/cchAjj34.o
 .group         0x00000000        0xc /tmp/cc8iFroQ.o
 .group         0x00000000        0xc /tmp/cc8iFroQ.o
 .group         0x00000000        0xc /tmp/cc8iFroQ.o
 .group         0x00000000        0xc /tmp/cc8iFroQ.o
 .group         0x00000000        0xc /tmp/cc8iFroQ.o
 .group         0x00000000        0xc /tmp/cc8iFroQ.o
 .group         0x00000000        0xc /tmp/cc8iFroQ.o
 .group         0x00000000        0xc /tmp/cc8iFroQ.o
 .group         0x00000000        0xc /tmp/cc8iFroQ.o
 .group         0x00000000        0xc /tmp/cc8iFroQ.o
 .group         0x00000000        0xc /tmp/cc8iFroQ.o
 .group         0x00000000        0xc /tmp/cc8iFroQ.o
 .group         0x00000000        0xc /tmp/cc8iFroQ.o
 .group         0x00000000        0xc /tmp/cc8iFroQ.o
 .group         0x00000000        0xc /tmp/cc8iFroQ.o
 .group         0x00000000        0xc /tmp/cc8iFroQ.o
 .group         0x00000000        0xc /tmp/cc8iFroQ.o
 .group         0x00000000        0xc /tmp/cc8iFroQ.o
 .group         0x00000000        0xc /tmp/cc8iFroQ.o
 .group         0x00000000        0xc /tmp/cc8iFroQ.o
 .group         0x00000000        0xc /tmp/cc8iFroQ.o
 .group         0x00000000        0xc /tmp/cc8iFroQ.o
 .group         0x00000000        0xc /tmp/cc8iFroQ.o
 .group         0x00000000        0xc /tmp/cc8iFroQ.o
 .group         0x00000000        0xc /tmp/cc8iFroQ.o
 .group         0x00000000        0xc /tmp/cc8iFroQ.o
 .group         0x00000000        0xc /tmp/cc8iFroQ.o
 .group         0x00000000        0xc /tmp/cc8iFroQ.o
 .text          0x00000000        0x0 /tmp/cc8iFroQ.o
 .data          0x00000000        0x0 /tmp/cc8iFroQ.o
 .bss           0x00000000        0x0 /tmp/cc8iFroQ.o
 .debug_macro   0x00000000      0xa9c /tmp/cc8iFroQ.o
 .debug_macro   0x00000000       0x24 /tmp/cc8iFroQ.o
 .debug_macro   0x00000000       0x22 /tmp/cc8iFroQ.o
 .debug_macro   0x00000000       0x54 /tmp/cc8iFroQ.o
 .debug_macro   0x00000000       0x94 /tmp/cc8iFroQ.o
 .debug_macro   0x00000000       0x43 /tmp/cc8iFroQ.o
 .debug_macro   0x00000000       0x34 /tmp/cc8iFroQ.o
 .debug_macro   0x00000000       0x16 /tmp/cc8iFroQ.o
 .debug_macro   0x00000000      0x11c /tmp/cc8iFroQ.o
 .debug_macro   0x00000000       0x9b /tmp/cc8iFroQ.o
 .debug_macro   0x00000000       0x57 /tmp/cc8iFroQ.o
 .debug_macro   0x00000000      0x370 /tmp/cc8iFroQ.o
 .debug_macro   0x00000000       0x16 /tmp/cc8iFroQ.o
 .debug_macro   0x00000000       0x4a /tmp/cc8iFroQ.o
 .debug_macro   0x00000000       0x34 /tmp/cc8iFroQ.o
 .debug_macro   0x00000000       0x10 /tmp/cc8iFroQ.o
 .debug_macro   0x00000000       0x52 /tmp/cc8iFroQ.o
 .debug_macro   0x00000000       0x8e /tmp/cc8iFroQ.o
 .debug_macro   0x00000000       0x1c /tmp/cc8iFroQ.o
 .debug_macro   0x00000000      0x177 /tmp/cc8iFroQ.o
 .debug_macro   0x00000000       0x16 /tmp/cc8iFroQ.o
 .debug_macro   0x00000000       0x29 /tmp/cc8iFroQ.o
 .debug_macro   0x00000000      0x103 /tmp/cc8iFroQ.o
 .debug_macro   0x00000000      0x34e /tmp/cc8iFroQ.o
 .debug_macro   0x00000000       0x3c /tmp/cc8iFroQ.o
 .debug_macro   0x00000000      0x379 /tmp/cc8iFroQ.o
 .debug_macro   0x00000000       0x22 /tmp/cc8iFroQ.o
 .debug_macro   0x00000000       0xee /tmp/cc8iFroQ.o
 .data          0x00000000        0x0 /usr/lib/gcc/arm-none-eabi/13.2.1/../../../arm-none-eabi/lib/thumb/v6-m/nofp/libc_nano.a(libc_a-memcpy-stub.o)
 .bss           0x00000000        0x0 /usr/lib/gcc/arm-none-eabi/13.2.1/../../../arm-none-eabi/lib/thumb/v6-m/nofp/libc_nano.a(libc_a-memcpy-stub.o)
 .data          0x00000000        0x0 /usr/lib/gcc/arm-none-eabi/13.2.1/thumb/v6-m/nofp/libgcc.a(_muldi3.o)
 .bss           0x00000000        0x0 /usr/lib/gcc/arm-none-eabi/13.2.1/thumb/v6-m/nofp/libgcc.a(_muldi3.o)

Memory Configuration

Name             Origin             Length             Attributes
flash            0x08000000         0x00080000         xr
sram             0x20000000         0x00024000         xrw
*default*        0x00000000         0xffffffff

Linker script and memory map

LOAD /tmp/ccfA7sxt.o
LOAD /tmp/cckxXbNj.o
LOAD /tmp/ccPHr5Ry.o
LOAD /tmp/cchAjj34.o
LOAD /tmp/cc8iFroQ.o
LOAD /usr/lib/gcc/arm-none-eabi/13.2.1/../../../arm-none-eabi/lib/thumb/v6-m/nofp/libc_nano.a
LOAD /usr/lib/gcc/arm-none-eabi/13.2.1/thumb/v6-m/nofp/libgcc.a
                0x20024000                        _estack = (ORIGIN (sram) + LENGTH (sram))

.vectors        0x08000000       0xc0
 *(.vectors)
 .vectors       0x08000000       0xc0 /tmp/cckxXbNj.o
                0x08000000                tab

.text           0x080000c0     0x14a8
 *(.text*)
 .text.init_clock
                0x080000c0       0x38 /tmp/ccfA7sxt.o
 .text.systick_init
                0x080000f8       0x4c /tmp/ccfA7sxt.o
 .text.PA2_out_init
                0x08000144       0x4c /tmp/ccfA7sxt.o
 .text.PB4_out_init
                0x08000190       0x88 /tmp/ccfA7sxt.o
 .text.INA228_Read_Values
                0x08000218      0x248 /tmp/ccfA7sxt.o
                0x08000218                INA228_Read_Values
 .text.main     0x08000460       0xc8 /tmp/ccfA7sxt.o
                0x08000460                main
 .text.SysTick_IRQHandler
                0x08000528       0x28 /tmp/ccfA7sxt.o
                0x08000528                SysTick_IRQHandler
 .text.TIM16_FDCAN_IT0_IRQHandler
                0x08000550      0x164 /tmp/ccfA7sxt.o
                0x08000550                TIM16_FDCAN_IT0_IRQHandler
 .text._reset   0x080006b4       0x44 /tmp/cckxXbNj.o
                0x080006b4                _reset
 .text.TIM17_FDCAN_IT1_IRQHandler
                0x080006f8        0x8 /tmp/cckxXbNj.o
                0x080006f8                TIM17_FDCAN_IT1_IRQHandler
 .text.USART1_IRQHandler
                0x08000700        0x8 /tmp/cckxXbNj.o
                0x08000700                USART1_IRQHandler
 .text.USART2_IRQHandler
                0x08000708        0x8 /tmp/cckxXbNj.o
                0x08000708                USART2_IRQHandler
 .text.I2C1_Init
                0x08000710      0x12c /tmp/ccPHr5Ry.o
                0x08000710                I2C1_Init
 .text.I2C1_Write
                0x0800083c      0x17c /tmp/ccPHr5Ry.o
                0x0800083c                I2C1_Write
 .text.I2C1_ReadReg
                0x080009b8      0x1b4 /tmp/ccPHr5Ry.o
                0x080009b8                I2C1_ReadReg
 .text.INA228_Init
                0x08000b6c       0x80 /tmp/cchAjj34.o
                0x08000b6c                INA228_Init
 .text.INA228_ReadRegister
                0x08000bec       0x3c /tmp/cchAjj34.o
                0x08000bec                INA228_ReadRegister
 .text.INA228_WriteRegister
                0x08000c28       0x4c /tmp/cchAjj34.o
                0x08000c28                INA228_WriteRegister
 .text.INA228_SetShuntTempco
                0x08000c74       0x2a /tmp/cchAjj34.o
                0x08000c74                INA228_SetShuntTempco
 .text.INA228_ReadVBUS
                0x08000c9e       0xa6 /tmp/cchAjj34.o
                0x08000c9e                INA228_ReadVBUS
 .text.INA228_ReadCurr
                0x08000d44       0x84 /tmp/cchAjj34.o
                0x08000d44                INA228_ReadCurr
 .text.INA228_ReadShuntV
                0x08000dc8       0x94 /tmp/cchAjj34.o
                0x08000dc8                INA228_ReadShuntV
 .text.INA228_ReadPower
                0x08000e5c       0x50 /tmp/cchAjj34.o
                0x08000e5c                INA228_ReadPower
 .text.INA228_ReadEnergy
                0x08000eac      0x12a /tmp/cchAjj34.o
                0x08000eac                INA228_ReadEnergy
 .text.INA228_ReadTemp
                0x08000fd6       0x70 /tmp/cchAjj34.o
                0x08000fd6                INA228_ReadTemp
 .text.INA228_ReadManufacturerID
                0x08001046       0x56 /tmp/cchAjj34.o
                0x08001046                INA228_ReadManufacturerID
 .text.INA228_ReadDieID
                0x0800109c       0x56 /tmp/cchAjj34.o
                0x0800109c                INA228_ReadDieID
 *fill*         0x080010f2        0x2 
 .text.Can_Init
                0x080010f4      0x224 /tmp/cc8iFroQ.o
                0x080010f4                Can_Init
 .text.Init_FDCAN_INA228_Message
                0x08001318       0xa0 /tmp/cc8iFroQ.o
                0x08001318                Init_FDCAN_INA228_Message
 .text.FDCAN2_Send_Std_CAN_Message
                0x080013b8       0xc8 /tmp/cc8iFroQ.o
                0x080013b8                FDCAN2_Send_Std_CAN_Message
 .text          0x08001480       0x8c /usr/lib/gcc/arm-none-eabi/13.2.1/../../../arm-none-eabi/lib/thumb/v6-m/nofp/libc_nano.a(libc_a-memcpy-stub.o)
                0x08001480                memcpy
 .text          0x0800150c       0x5c /usr/lib/gcc/arm-none-eabi/13.2.1/thumb/v6-m/nofp/libgcc.a(_muldi3.o)
                0x0800150c                __aeabi_lmul
                0x0800150c                __muldi3

.glue_7         0x08001568        0x0
 .glue_7        0x08001568        0x0 linker stubs

.glue_7t        0x08001568        0x0
 .glue_7t       0x08001568        0x0 linker stubs

.vfp11_veneer   0x08001568        0x0
 .vfp11_veneer  0x08001568        0x0 linker stubs

.v4_bx          0x08001568        0x0
 .v4_bx         0x08001568        0x0 linker stubs

.iplt           0x08001568        0x0
 .iplt          0x08001568        0x0 /tmp/ccfA7sxt.o

.rel.dyn        0x08001568        0x0
 .rel.iplt      0x08001568        0x0 /tmp/ccfA7sxt.o

.rodata
 *(.rodata*)

.data           0x20000000        0x4 load address 0x08001568
                0x20000000                        _sdata = .
 *(.first_data)
 *(.data SORT_BY_NAME(.data.*))
 .data.timeout  0x20000000        0x4 /tmp/ccPHr5Ry.o
                0x20000000                timeout
                0x20000004                        _edata = .
                0x08001568                        _sidata = LOADADDR (.data)

.igot.plt       0x20000004        0x0 load address 0x0800156c
 .igot.plt      0x20000004        0x0 /tmp/ccfA7sxt.o

.bss            0x20000008      0x27f load address 0x0800156c
                0x20000008                        _sbss = .
 *(.bss SORT_BY_NAME(.bss.*) COMMON)
 .bss.HostCommand
                0x20000008        0x8 /tmp/ccfA7sxt.o
                0x20000008                HostCommand
 .bss.HostStatus
                0x20000010        0x8 /tmp/ccfA7sxt.o
                0x20000010                HostStatus
 .bss.INA228_Current_mA
                0x20000018        0x4 /tmp/ccfA7sxt.o
                0x20000018                INA228_Current_mA
 .bss.INA228_DieID
                0x2000001c        0x2 /tmp/ccfA7sxt.o
                0x2000001c                INA228_DieID
 *fill*         0x2000001e        0x2 
 .bss.INA228_Energy_Joule
                0x20000020        0x8 /tmp/ccfA7sxt.o
                0x20000020                INA228_Energy_Joule
 .bss.INA228_ManufacturerID
                0x20000028        0x2 /tmp/ccfA7sxt.o
                0x20000028                INA228_ManufacturerID
 *fill*         0x2000002a        0x2 
 .bss.INA228_Power_mW
                0x2000002c        0x4 /tmp/ccfA7sxt.o
                0x2000002c                INA228_Power_mW
 .bss.INA228_ShuntVltg
                0x20000030        0x4 /tmp/ccfA7sxt.o
                0x20000030                INA228_ShuntVltg
 .bss.INA228_Temp
                0x20000034        0x2 /tmp/ccfA7sxt.o
                0x20000034                INA228_Temp
 .bss.INA228_vbus
                0x20000036        0x2 /tmp/ccfA7sxt.o
                0x20000036                INA228_vbus
 .bss.TxFrames  0x20000038      0x240 /tmp/ccfA7sxt.o
                0x20000038                TxFrames
 .bss.counter_loop
                0x20000278        0x4 /tmp/cc8iFroQ.o
                0x20000278                counter_loop
 .bss.msg_counter
                0x2000027c        0x1 /tmp/ccfA7sxt.o
                0x2000027c                msg_counter
 *fill*         0x2000027d        0x3 
 .bss.one_sec_tick
                0x20000280        0x4 /tmp/ccfA7sxt.o
                0x20000280                one_sec_tick
 .bss.rx_flag   0x20000284        0x1 /tmp/ccfA7sxt.o
                0x20000284                rx_flag
 .bss.x         0x20000285        0x1 /tmp/ccfA7sxt.o
                0x20000285                x
 .bss.y         0x20000286        0x1 /tmp/ccfA7sxt.o
                0x20000286                y
                0x20000287                        _ebss = .
                0x20000288                        . = ALIGN (0x8)
                0x20000288                        _end = .
OUTPUT(firmware.elf elf32-littlearm)
LOAD linker stubs

.debug_info     0x00000000     0x215c
 .debug_info    0x00000000      0xa67 /tmp/ccfA7sxt.o
 .debug_info    0x00000a67      0x194 /tmp/cckxXbNj.o
 .debug_info    0x00000bfb      0x415 /tmp/ccPHr5Ry.o
 .debug_info    0x00001010      0x4e9 /tmp/cchAjj34.o
 .debug_info    0x000014f9      0x6f1 /tmp/cc8iFroQ.o
 .debug_info    0x00001bea      0x152 /usr/lib/gcc/arm-none-eabi/13.2.1/../../../arm-none-eabi/lib/thumb/v6-m/nofp/libc_nano.a(libc_a-memcpy-stub.o)
 .debug_info    0x00001d3c      0x420 /usr/lib/gcc/arm-none-eabi/13.2.1/thumb/v6-m/nofp/libgcc.a(_muldi3.o)

.debug_abbrev   0x00000000      0x908
 .debug_abbrev  0x00000000      0x20a /tmp/ccfA7sxt.o
 .debug_abbrev  0x0000020a      0x105 /tmp/cckxXbNj.o
 .debug_abbrev  0x0000030f      0x139 /tmp/ccPHr5Ry.o
 .debug_abbrev  0x00000448      0x117 /tmp/cchAjj34.o
 .debug_abbrev  0x0000055f      0x18d /tmp/cc8iFroQ.o
 .debug_abbrev  0x000006ec       0xca /usr/lib/gcc/arm-none-eabi/13.2.1/../../../arm-none-eabi/lib/thumb/v6-m/nofp/libc_nano.a(libc_a-memcpy-stub.o)
 .debug_abbrev  0x000007b6      0x152 /usr/lib/gcc/arm-none-eabi/13.2.1/thumb/v6-m/nofp/libgcc.a(_muldi3.o)

.debug_aranges  0x00000000      0x1b8
 .debug_aranges
                0x00000000       0x58 /tmp/ccfA7sxt.o
 .debug_aranges
                0x00000058       0x48 /tmp/cckxXbNj.o
 .debug_aranges
                0x000000a0       0x30 /tmp/ccPHr5Ry.o
 .debug_aranges
                0x000000d0       0x78 /tmp/cchAjj34.o
 .debug_aranges
                0x00000148       0x30 /tmp/cc8iFroQ.o
 .debug_aranges
                0x00000178       0x20 /usr/lib/gcc/arm-none-eabi/13.2.1/../../../arm-none-eabi/lib/thumb/v6-m/nofp/libc_nano.a(libc_a-memcpy-stub.o)
 .debug_aranges
                0x00000198       0x20 /usr/lib/gcc/arm-none-eabi/13.2.1/thumb/v6-m/nofp/libgcc.a(_muldi3.o)

.debug_rnglists
                0x00000000      0x132
 .debug_rnglists
                0x00000000       0x41 /tmp/ccfA7sxt.o
 .debug_rnglists
                0x00000041       0x31 /tmp/cckxXbNj.o
 .debug_rnglists
                0x00000072       0x22 /tmp/ccPHr5Ry.o
 .debug_rnglists
                0x00000094       0x5a /tmp/cchAjj34.o
 .debug_rnglists
                0x000000ee       0x22 /tmp/cc8iFroQ.o
 .debug_rnglists
                0x00000110       0x22 /usr/lib/gcc/arm-none-eabi/13.2.1/thumb/v6-m/nofp/libgcc.a(_muldi3.o)

.debug_macro    0x00000000     0x29de
 .debug_macro   0x00000000      0x1a7 /tmp/ccfA7sxt.o
 .debug_macro   0x000001a7      0xa9c /tmp/ccfA7sxt.o
 .debug_macro   0x00000c43       0x22 /tmp/ccfA7sxt.o
 .debug_macro   0x00000c65       0x54 /tmp/ccfA7sxt.o
 .debug_macro   0x00000cb9       0x24 /tmp/ccfA7sxt.o
 .debug_macro   0x00000cdd       0x94 /tmp/ccfA7sxt.o
 .debug_macro   0x00000d71       0x43 /tmp/ccfA7sxt.o
 .debug_macro   0x00000db4      0x103 /tmp/ccfA7sxt.o
 .debug_macro   0x00000eb7       0x3a /tmp/ccfA7sxt.o
 .debug_macro   0x00000ef1      0x34e /tmp/ccfA7sxt.o
 .debug_macro   0x0000123f       0x89 /tmp/ccfA7sxt.o
 .debug_macro   0x000012c8      0x379 /tmp/ccfA7sxt.o
 .debug_macro   0x00001641       0x22 /tmp/ccfA7sxt.o
 .debug_macro   0x00001663       0x16 /tmp/ccfA7sxt.o
 .debug_macro   0x00001679       0xa5 /tmp/ccfA7sxt.o
 .debug_macro   0x0000171e       0x9b /tmp/ccfA7sxt.o
 .debug_macro   0x000017b9       0x57 /tmp/ccfA7sxt.o
 .debug_macro   0x00001810      0x370 /tmp/ccfA7sxt.o
 .debug_macro   0x00001b80       0x16 /tmp/ccfA7sxt.o
 .debug_macro   0x00001b96       0x4a /tmp/ccfA7sxt.o
 .debug_macro   0x00001be0       0x34 /tmp/ccfA7sxt.o
 .debug_macro   0x00001c14       0x10 /tmp/ccfA7sxt.o
 .debug_macro   0x00001c24       0x52 /tmp/ccfA7sxt.o
 .debug_macro   0x00001c76       0x8e /tmp/ccfA7sxt.o
 .debug_macro   0x00001d04       0x1c /tmp/ccfA7sxt.o
 .debug_macro   0x00001d20      0x177 /tmp/ccfA7sxt.o
 .debug_macro   0x00001e97       0x16 /tmp/ccfA7sxt.o
 .debug_macro   0x00001ead       0x29 /tmp/ccfA7sxt.o
 .debug_macro   0x00001ed6       0x16 /tmp/ccfA7sxt.o
 .debug_macro   0x00001eec       0x3c /tmp/ccfA7sxt.o
 .debug_macro   0x00001f28       0xee /tmp/ccfA7sxt.o
 .debug_macro   0x00002016       0x5e /tmp/ccfA7sxt.o
 .debug_macro   0x00002074       0x1a /tmp/cckxXbNj.o
 .debug_macro   0x0000208e      0x164 /tmp/ccPHr5Ry.o
 .debug_macro   0x000021f2       0x34 /tmp/ccPHr5Ry.o
 .debug_macro   0x00002226      0x11c /tmp/ccPHr5Ry.o
 .debug_macro   0x00002342      0x379 /tmp/ccPHr5Ry.o
 .debug_macro   0x000026bb       0x58 /tmp/ccPHr5Ry.o
 .debug_macro   0x00002713      0x168 /tmp/cchAjj34.o
 .debug_macro   0x0000287b      0x163 /tmp/cc8iFroQ.o

.debug_line     0x00000000     0x1896
 .debug_line    0x00000000      0x5eb /tmp/ccfA7sxt.o
 .debug_line    0x000005eb      0x126 /tmp/cckxXbNj.o
 .debug_line    0x00000711      0x50c /tmp/ccPHr5Ry.o
 .debug_line    0x00000c1d      0x58a /tmp/cchAjj34.o
 .debug_line    0x000011a7      0x3e9 /tmp/cc8iFroQ.o
 .debug_line    0x00001590      0x1e7 /usr/lib/gcc/arm-none-eabi/13.2.1/../../../arm-none-eabi/lib/thumb/v6-m/nofp/libc_nano.a(libc_a-memcpy-stub.o)
 .debug_line    0x00001777      0x11f /usr/lib/gcc/arm-none-eabi/13.2.1/thumb/v6-m/nofp/libgcc.a(_muldi3.o)

.debug_str      0x00000000     0x957b
 .debug_str     0x00000000     0x957b /tmp/ccfA7sxt.o
                               0x8dc3 (size before relaxing)
 .debug_str     0x0000957b     0x3866 /tmp/cckxXbNj.o
 .debug_str     0x0000957b     0x8a09 /tmp/ccPHr5Ry.o
 .debug_str     0x0000957b     0x8afe /tmp/cchAjj34.o
 .debug_str     0x0000957b     0x89cb /tmp/cc8iFroQ.o
 .debug_str     0x0000957b      0x1c3 /usr/lib/gcc/arm-none-eabi/13.2.1/../../../arm-none-eabi/lib/thumb/v6-m/nofp/libc_nano.a(libc_a-memcpy-stub.o)
 .debug_str     0x0000957b      0x66a /usr/lib/gcc/arm-none-eabi/13.2.1/thumb/v6-m/nofp/libgcc.a(_muldi3.o)

.comment        0x00000000       0x26
 .comment       0x00000000       0x26 /tmp/ccfA7sxt.o
                                 0x27 (size before relaxing)
 .comment       0x00000026       0x27 /tmp/cckxXbNj.o
 .comment       0x00000026       0x27 /tmp/ccPHr5Ry.o
 .comment       0x00000026       0x27 /tmp/cchAjj34.o
 .comment       0x00000026       0x27 /tmp/cc8iFroQ.o
 .comment       0x00000026       0x27 /usr/lib/gcc/arm-none-eabi/13.2.1/../../../arm-none-eabi/lib/thumb/v6-m/nofp/libc_nano.a(libc_a-memcpy-stub.o)
 .comment       0x00000026       0x27 /usr/lib/gcc/arm-none-eabi/13.2.1/thumb/v6-m/nofp/libgcc.a(_muldi3.o)

.ARM.attributes
                0x00000000       0x2c
 .ARM.attributes
                0x00000000       0x2c /tmp/ccfA7sxt.o
 .ARM.attributes
                0x0000002c       0x2c /tmp/cckxXbNj.o
 .ARM.attributes
                0x00000058       0x2c /tmp/ccPHr5Ry.o
 .ARM.attributes
                0x00000084       0x2c /tmp/cchAjj34.o
 .ARM.attributes
                0x000000b0       0x2c /tmp/cc8iFroQ.o
 .ARM.attributes
                0x000000dc       0x2c /usr/lib/gcc/arm-none-eabi/13.2.1/../../../arm-none-eabi/lib/thumb/v6-m/nofp/libc_nano.a(libc_a-memcpy-stub.o)
 .ARM.attributes
                0x00000108       0x2c /usr/lib/gcc/arm-none-eabi/13.2.1/thumb/v6-m/nofp/libgcc.a(_muldi3.o)

.debug_frame    0x00000000      0x48c
 .debug_frame   0x00000000      0x104 /tmp/ccfA7sxt.o
 .debug_frame   0x00000104       0xac /tmp/cckxXbNj.o
 .debug_frame   0x000001b0       0x6c /tmp/ccPHr5Ry.o
 .debug_frame   0x0000021c      0x19c /tmp/cchAjj34.o
 .debug_frame   0x000003b8       0x70 /tmp/cc8iFroQ.o
 .debug_frame   0x00000428       0x30 /usr/lib/gcc/arm-none-eabi/13.2.1/../../../arm-none-eabi/lib/thumb/v6-m/nofp/libc_nano.a(libc_a-memcpy-stub.o)
 .debug_frame   0x00000458       0x34 /usr/lib/gcc/arm-none-eabi/13.2.1/thumb/v6-m/nofp/libgcc.a(_muldi3.o)

.debug_loclists
                0x00000000      0x403
 .debug_loclists
                0x00000000      0x2c7 /usr/lib/gcc/arm-none-eabi/13.2.1/../../../arm-none-eabi/lib/thumb/v6-m/nofp/libc_nano.a(libc_a-memcpy-stub.o)
 .debug_loclists
                0x000002c7      0x13c /usr/lib/gcc/arm-none-eabi/13.2.1/thumb/v6-m/nofp/libgcc.a(_muldi3.o)
