Archive member included to satisfy reference by file (symbol)

/usr/lib/gcc/arm-none-eabi/13.2.1/../../../arm-none-eabi/lib/thumb/v7e-m+dp/hard/libc_nano.a(libc_a-memcpy.o)
                              /tmp/ccsfXr0i.o (memcpy)

Discarded input sections

 .group         0x00000000        0xc /tmp/cchG3lCq.o
 .group         0x00000000        0xc /tmp/cchG3lCq.o
 .group         0x00000000        0xc /tmp/cchG3lCq.o
 .group         0x00000000        0xc /tmp/cchG3lCq.o
 .group         0x00000000        0xc /tmp/cchG3lCq.o
 .group         0x00000000        0xc /tmp/cchG3lCq.o
 .group         0x00000000        0xc /tmp/cchG3lCq.o
 .group         0x00000000        0xc /tmp/cchG3lCq.o
 .group         0x00000000        0xc /tmp/cchG3lCq.o
 .group         0x00000000        0xc /tmp/cchG3lCq.o
 .group         0x00000000        0xc /tmp/cchG3lCq.o
 .group         0x00000000        0xc /tmp/cchG3lCq.o
 .group         0x00000000        0xc /tmp/cchG3lCq.o
 .group         0x00000000        0xc /tmp/cchG3lCq.o
 .group         0x00000000        0xc /tmp/cchG3lCq.o
 .group         0x00000000        0xc /tmp/cchG3lCq.o
 .group         0x00000000        0xc /tmp/cchG3lCq.o
 .group         0x00000000        0xc /tmp/cchG3lCq.o
 .group         0x00000000        0xc /tmp/cchG3lCq.o
 .group         0x00000000        0xc /tmp/cchG3lCq.o
 .group         0x00000000        0xc /tmp/cchG3lCq.o
 .group         0x00000000        0xc /tmp/cchG3lCq.o
 .group         0x00000000        0xc /tmp/cchG3lCq.o
 .group         0x00000000        0xc /tmp/cchG3lCq.o
 .group         0x00000000        0xc /tmp/cchG3lCq.o
 .group         0x00000000        0xc /tmp/cchG3lCq.o
 .group         0x00000000        0xc /tmp/cchG3lCq.o
 .group         0x00000000        0xc /tmp/cchG3lCq.o
 .group         0x00000000        0xc /tmp/cchG3lCq.o
 .group         0x00000000        0xc /tmp/cchG3lCq.o
 .group         0x00000000        0xc /tmp/cchG3lCq.o
 .group         0x00000000        0xc /tmp/cchG3lCq.o
 .group         0x00000000        0xc /tmp/cchG3lCq.o
 .group         0x00000000        0xc /tmp/cchG3lCq.o
 .group         0x00000000        0xc /tmp/cchG3lCq.o
 .group         0x00000000        0xc /tmp/cchG3lCq.o
 .text          0x00000000        0x0 /tmp/cchG3lCq.o
 .data          0x00000000        0x0 /tmp/cchG3lCq.o
 .bss           0x00000000        0x0 /tmp/cchG3lCq.o
 .bss.temp      0x00000000       0x40 /tmp/cchG3lCq.o
 .text.flash_quick_test
                0x00000000       0x6c /tmp/cchG3lCq.o
 .group         0x00000000        0xc /tmp/cccywE33.o
 .group         0x00000000        0xc /tmp/cccywE33.o
 .text          0x00000000        0x0 /tmp/cccywE33.o
 .data          0x00000000        0x0 /tmp/cccywE33.o
 .bss           0x00000000        0x0 /tmp/cccywE33.o
 .text.SysTick_IRQHandler
                0x00000000        0x8 /tmp/cccywE33.o
 .text.FDCAN1_IT0_IRQHandler
                0x00000000        0x8 /tmp/cccywE33.o
 .debug_macro   0x00000000      0xade /tmp/cccywE33.o
 .debug_macro   0x00000000      0x34e /tmp/cccywE33.o
 .group         0x00000000        0xc /tmp/ccdqW250.o
 .group         0x00000000        0xc /tmp/ccdqW250.o
 .group         0x00000000        0xc /tmp/ccdqW250.o
 .group         0x00000000        0xc /tmp/ccdqW250.o
 .group         0x00000000        0xc /tmp/ccdqW250.o
 .group         0x00000000        0xc /tmp/ccdqW250.o
 .group         0x00000000        0xc /tmp/ccdqW250.o
 .group         0x00000000        0xc /tmp/ccdqW250.o
 .group         0x00000000        0xc /tmp/ccdqW250.o
 .group         0x00000000        0xc /tmp/ccdqW250.o
 .group         0x00000000        0xc /tmp/ccdqW250.o
 .group         0x00000000        0xc /tmp/ccdqW250.o
 .group         0x00000000        0xc /tmp/ccdqW250.o
 .group         0x00000000        0xc /tmp/ccdqW250.o
 .group         0x00000000        0xc /tmp/ccdqW250.o
 .group         0x00000000        0xc /tmp/ccdqW250.o
 .group         0x00000000        0xc /tmp/ccdqW250.o
 .group         0x00000000        0xc /tmp/ccdqW250.o
 .group         0x00000000        0xc /tmp/ccdqW250.o
 .group         0x00000000        0xc /tmp/ccdqW250.o
 .group         0x00000000        0xc /tmp/ccdqW250.o
 .group         0x00000000        0xc /tmp/ccdqW250.o
 .group         0x00000000        0xc /tmp/ccdqW250.o
 .group         0x00000000        0xc /tmp/ccdqW250.o
 .group         0x00000000        0xc /tmp/ccdqW250.o
 .group         0x00000000        0xc /tmp/ccdqW250.o
 .group         0x00000000        0xc /tmp/ccdqW250.o
 .group         0x00000000        0xc /tmp/ccdqW250.o
 .text          0x00000000        0x0 /tmp/ccdqW250.o
 .data          0x00000000        0x0 /tmp/ccdqW250.o
 .bss           0x00000000        0x0 /tmp/ccdqW250.o
 .debug_macro   0x00000000      0xade /tmp/ccdqW250.o
 .debug_macro   0x00000000       0x29 /tmp/ccdqW250.o
 .debug_macro   0x00000000       0x22 /tmp/ccdqW250.o
 .debug_macro   0x00000000       0x54 /tmp/ccdqW250.o
 .debug_macro   0x00000000       0x94 /tmp/ccdqW250.o
 .debug_macro   0x00000000       0x43 /tmp/ccdqW250.o
 .debug_macro   0x00000000       0x16 /tmp/ccdqW250.o
 .debug_macro   0x00000000       0x9b /tmp/ccdqW250.o
 .debug_macro   0x00000000       0x57 /tmp/ccdqW250.o
 .debug_macro   0x00000000      0x370 /tmp/ccdqW250.o
 .debug_macro   0x00000000       0x16 /tmp/ccdqW250.o
 .debug_macro   0x00000000       0x4a /tmp/ccdqW250.o
 .debug_macro   0x00000000       0x34 /tmp/ccdqW250.o
 .debug_macro   0x00000000       0x10 /tmp/ccdqW250.o
 .debug_macro   0x00000000       0x52 /tmp/ccdqW250.o
 .debug_macro   0x00000000       0x8e /tmp/ccdqW250.o
 .debug_macro   0x00000000       0x1c /tmp/ccdqW250.o
 .debug_macro   0x00000000      0x177 /tmp/ccdqW250.o
 .debug_macro   0x00000000       0x16 /tmp/ccdqW250.o
 .debug_macro   0x00000000       0x29 /tmp/ccdqW250.o
 .debug_macro   0x00000000      0x103 /tmp/ccdqW250.o
 .debug_macro   0x00000000      0x34e /tmp/ccdqW250.o
 .debug_macro   0x00000000       0x3c /tmp/ccdqW250.o
 .debug_macro   0x00000000       0x22 /tmp/ccdqW250.o
 .debug_macro   0x00000000      0x151 /tmp/ccdqW250.o
 .group         0x00000000        0xc /tmp/ccPOYpn6.o
 .group         0x00000000        0xc /tmp/ccPOYpn6.o
 .group         0x00000000        0xc /tmp/ccPOYpn6.o
 .group         0x00000000        0xc /tmp/ccPOYpn6.o
 .group         0x00000000        0xc /tmp/ccPOYpn6.o
 .group         0x00000000        0xc /tmp/ccPOYpn6.o
 .group         0x00000000        0xc /tmp/ccPOYpn6.o
 .group         0x00000000        0xc /tmp/ccPOYpn6.o
 .group         0x00000000        0xc /tmp/ccPOYpn6.o
 .group         0x00000000        0xc /tmp/ccPOYpn6.o
 .group         0x00000000        0xc /tmp/ccPOYpn6.o
 .group         0x00000000        0xc /tmp/ccPOYpn6.o
 .group         0x00000000        0xc /tmp/ccPOYpn6.o
 .group         0x00000000        0xc /tmp/ccPOYpn6.o
 .group         0x00000000        0xc /tmp/ccPOYpn6.o
 .group         0x00000000        0xc /tmp/ccPOYpn6.o
 .group         0x00000000        0xc /tmp/ccPOYpn6.o
 .group         0x00000000        0xc /tmp/ccPOYpn6.o
 .group         0x00000000        0xc /tmp/ccPOYpn6.o
 .group         0x00000000        0xc /tmp/ccPOYpn6.o
 .group         0x00000000        0xc /tmp/ccPOYpn6.o
 .group         0x00000000        0xc /tmp/ccPOYpn6.o
 .group         0x00000000        0xc /tmp/ccPOYpn6.o
 .group         0x00000000        0xc /tmp/ccPOYpn6.o
 .group         0x00000000        0xc /tmp/ccPOYpn6.o
 .group         0x00000000        0xc /tmp/ccPOYpn6.o
 .group         0x00000000        0xc /tmp/ccPOYpn6.o
 .group         0x00000000        0xc /tmp/ccPOYpn6.o
 .group         0x00000000        0xc /tmp/ccPOYpn6.o
 .group         0x00000000        0xc /tmp/ccPOYpn6.o
 .text          0x00000000        0x0 /tmp/ccPOYpn6.o
 .data          0x00000000        0x0 /tmp/ccPOYpn6.o
 .bss           0x00000000        0x0 /tmp/ccPOYpn6.o
 .data.chargevoltage
                0x00000000        0x2 /tmp/ccPOYpn6.o
 .data.chargecurrent
                0x00000000        0x2 /tmp/ccPOYpn6.o
 .data.disvoltage
                0x00000000        0x2 /tmp/ccPOYpn6.o
 .data.discurrent
                0x00000000        0x2 /tmp/ccPOYpn6.o
 .bss.mes       0x00000000        0x8 /tmp/ccPOYpn6.o
 .data.bmsname  0x00000000        0x8 /tmp/ccPOYpn6.o
 .data.bmsmanu  0x00000000        0x8 /tmp/ccPOYpn6.o
 .data.SOC      0x00000000        0x4 /tmp/ccPOYpn6.o
 .data.PackVoltage
                0x00000000        0x8 /tmp/ccPOYpn6.o
 .data.AvgTemperature
                0x00000000        0x4 /tmp/ccPOYpn6.o
 .bss.currentact
                0x00000000        0x2 /tmp/ccPOYpn6.o
 .debug_macro   0x00000000      0xade /tmp/ccPOYpn6.o
 .debug_macro   0x00000000       0x22 /tmp/ccPOYpn6.o
 .debug_macro   0x00000000       0x54 /tmp/ccPOYpn6.o
 .debug_macro   0x00000000       0x29 /tmp/ccPOYpn6.o
 .debug_macro   0x00000000       0x94 /tmp/ccPOYpn6.o
 .debug_macro   0x00000000       0x43 /tmp/ccPOYpn6.o
 .debug_macro   0x00000000      0x103 /tmp/ccPOYpn6.o
 .debug_macro   0x00000000       0x3a /tmp/ccPOYpn6.o
 .debug_macro   0x00000000      0x34e /tmp/ccPOYpn6.o
 .debug_macro   0x00000000       0x89 /tmp/ccPOYpn6.o
 .debug_macro   0x00000000      0x379 /tmp/ccPOYpn6.o
 .debug_macro   0x00000000       0x16 /tmp/ccPOYpn6.o
 .debug_macro   0x00000000       0xa5 /tmp/ccPOYpn6.o
 .debug_macro   0x00000000       0x9b /tmp/ccPOYpn6.o
 .debug_macro   0x00000000       0x57 /tmp/ccPOYpn6.o
 .debug_macro   0x00000000      0x370 /tmp/ccPOYpn6.o
 .debug_macro   0x00000000       0x16 /tmp/ccPOYpn6.o
 .debug_macro   0x00000000       0x4a /tmp/ccPOYpn6.o
 .debug_macro   0x00000000       0x34 /tmp/ccPOYpn6.o
 .debug_macro   0x00000000       0x10 /tmp/ccPOYpn6.o
 .debug_macro   0x00000000       0x52 /tmp/ccPOYpn6.o
 .debug_macro   0x00000000       0x8e /tmp/ccPOYpn6.o
 .debug_macro   0x00000000       0x1c /tmp/ccPOYpn6.o
 .debug_macro   0x00000000      0x177 /tmp/ccPOYpn6.o
 .debug_macro   0x00000000       0x16 /tmp/ccPOYpn6.o
 .debug_macro   0x00000000       0x29 /tmp/ccPOYpn6.o
 .debug_macro   0x00000000       0x22 /tmp/ccPOYpn6.o
 .debug_macro   0x00000000       0x16 /tmp/ccPOYpn6.o
 .debug_macro   0x00000000       0x3c /tmp/ccPOYpn6.o
 .debug_macro   0x00000000      0x151 /tmp/ccPOYpn6.o
 .group         0x00000000        0xc /tmp/ccsfXr0i.o
 .group         0x00000000        0xc /tmp/ccsfXr0i.o
 .group         0x00000000        0xc /tmp/ccsfXr0i.o
 .group         0x00000000        0xc /tmp/ccsfXr0i.o
 .group         0x00000000        0xc /tmp/ccsfXr0i.o
 .group         0x00000000        0xc /tmp/ccsfXr0i.o
 .group         0x00000000        0xc /tmp/ccsfXr0i.o
 .group         0x00000000        0xc /tmp/ccsfXr0i.o
 .group         0x00000000        0xc /tmp/ccsfXr0i.o
 .group         0x00000000        0xc /tmp/ccsfXr0i.o
 .group         0x00000000        0xc /tmp/ccsfXr0i.o
 .group         0x00000000        0xc /tmp/ccsfXr0i.o
 .group         0x00000000        0xc /tmp/ccsfXr0i.o
 .group         0x00000000        0xc /tmp/ccsfXr0i.o
 .group         0x00000000        0xc /tmp/ccsfXr0i.o
 .group         0x00000000        0xc /tmp/ccsfXr0i.o
 .group         0x00000000        0xc /tmp/ccsfXr0i.o
 .group         0x00000000        0xc /tmp/ccsfXr0i.o
 .group         0x00000000        0xc /tmp/ccsfXr0i.o
 .group         0x00000000        0xc /tmp/ccsfXr0i.o
 .group         0x00000000        0xc /tmp/ccsfXr0i.o
 .group         0x00000000        0xc /tmp/ccsfXr0i.o
 .group         0x00000000        0xc /tmp/ccsfXr0i.o
 .group         0x00000000        0xc /tmp/ccsfXr0i.o
 .group         0x00000000        0xc /tmp/ccsfXr0i.o
 .group         0x00000000        0xc /tmp/ccsfXr0i.o
 .group         0x00000000        0xc /tmp/ccsfXr0i.o
 .group         0x00000000        0xc /tmp/ccsfXr0i.o
 .group         0x00000000        0xc /tmp/ccsfXr0i.o
 .text          0x00000000        0x0 /tmp/ccsfXr0i.o
 .data          0x00000000        0x0 /tmp/ccsfXr0i.o
 .bss           0x00000000        0x0 /tmp/ccsfXr0i.o
 .debug_macro   0x00000000      0xade /tmp/ccsfXr0i.o
 .debug_macro   0x00000000       0x29 /tmp/ccsfXr0i.o
 .debug_macro   0x00000000       0x22 /tmp/ccsfXr0i.o
 .debug_macro   0x00000000       0x54 /tmp/ccsfXr0i.o
 .debug_macro   0x00000000       0x94 /tmp/ccsfXr0i.o
 .debug_macro   0x00000000       0x43 /tmp/ccsfXr0i.o
 .debug_macro   0x00000000       0x34 /tmp/ccsfXr0i.o
 .debug_macro   0x00000000       0x16 /tmp/ccsfXr0i.o
 .debug_macro   0x00000000      0x11c /tmp/ccsfXr0i.o
 .debug_macro   0x00000000       0x9b /tmp/ccsfXr0i.o
 .debug_macro   0x00000000       0x57 /tmp/ccsfXr0i.o
 .debug_macro   0x00000000      0x370 /tmp/ccsfXr0i.o
 .debug_macro   0x00000000       0x16 /tmp/ccsfXr0i.o
 .debug_macro   0x00000000       0x4a /tmp/ccsfXr0i.o
 .debug_macro   0x00000000       0x34 /tmp/ccsfXr0i.o
 .debug_macro   0x00000000       0x10 /tmp/ccsfXr0i.o
 .debug_macro   0x00000000       0x52 /tmp/ccsfXr0i.o
 .debug_macro   0x00000000       0x8e /tmp/ccsfXr0i.o
 .debug_macro   0x00000000       0x1c /tmp/ccsfXr0i.o
 .debug_macro   0x00000000      0x177 /tmp/ccsfXr0i.o
 .debug_macro   0x00000000       0x16 /tmp/ccsfXr0i.o
 .debug_macro   0x00000000       0x29 /tmp/ccsfXr0i.o
 .debug_macro   0x00000000      0x103 /tmp/ccsfXr0i.o
 .debug_macro   0x00000000      0x34e /tmp/ccsfXr0i.o
 .debug_macro   0x00000000       0x3c /tmp/ccsfXr0i.o
 .debug_macro   0x00000000      0x379 /tmp/ccsfXr0i.o
 .debug_macro   0x00000000       0x22 /tmp/ccsfXr0i.o
 .debug_macro   0x00000000       0x16 /tmp/ccsfXr0i.o
 .debug_macro   0x00000000      0x151 /tmp/ccsfXr0i.o
 .group         0x00000000        0xc /tmp/ccUHTyAO.o
 .group         0x00000000        0xc /tmp/ccUHTyAO.o
 .group         0x00000000        0xc /tmp/ccUHTyAO.o
 .group         0x00000000        0xc /tmp/ccUHTyAO.o
 .group         0x00000000        0xc /tmp/ccUHTyAO.o
 .group         0x00000000        0xc /tmp/ccUHTyAO.o
 .group         0x00000000        0xc /tmp/ccUHTyAO.o
 .group         0x00000000        0xc /tmp/ccUHTyAO.o
 .group         0x00000000        0xc /tmp/ccUHTyAO.o
 .group         0x00000000        0xc /tmp/ccUHTyAO.o
 .group         0x00000000        0xc /tmp/ccUHTyAO.o
 .group         0x00000000        0xc /tmp/ccUHTyAO.o
 .group         0x00000000        0xc /tmp/ccUHTyAO.o
 .group         0x00000000        0xc /tmp/ccUHTyAO.o
 .group         0x00000000        0xc /tmp/ccUHTyAO.o
 .group         0x00000000        0xc /tmp/ccUHTyAO.o
 .group         0x00000000        0xc /tmp/ccUHTyAO.o
 .group         0x00000000        0xc /tmp/ccUHTyAO.o
 .group         0x00000000        0xc /tmp/ccUHTyAO.o
 .group         0x00000000        0xc /tmp/ccUHTyAO.o
 .group         0x00000000        0xc /tmp/ccUHTyAO.o
 .group         0x00000000        0xc /tmp/ccUHTyAO.o
 .group         0x00000000        0xc /tmp/ccUHTyAO.o
 .group         0x00000000        0xc /tmp/ccUHTyAO.o
 .group         0x00000000        0xc /tmp/ccUHTyAO.o
 .group         0x00000000        0xc /tmp/ccUHTyAO.o
 .group         0x00000000        0xc /tmp/ccUHTyAO.o
 .group         0x00000000        0xc /tmp/ccUHTyAO.o
 .text          0x00000000        0x0 /tmp/ccUHTyAO.o
 .data          0x00000000        0x0 /tmp/ccUHTyAO.o
 .bss           0x00000000        0x0 /tmp/ccUHTyAO.o
 .debug_macro   0x00000000      0xade /tmp/ccUHTyAO.o
 .debug_macro   0x00000000       0x22 /tmp/ccUHTyAO.o
 .debug_macro   0x00000000       0x54 /tmp/ccUHTyAO.o
 .debug_macro   0x00000000       0x29 /tmp/ccUHTyAO.o
 .debug_macro   0x00000000       0x94 /tmp/ccUHTyAO.o
 .debug_macro   0x00000000       0x43 /tmp/ccUHTyAO.o
 .debug_macro   0x00000000      0x103 /tmp/ccUHTyAO.o
 .debug_macro   0x00000000       0x3a /tmp/ccUHTyAO.o
 .debug_macro   0x00000000      0x34e /tmp/ccUHTyAO.o
 .debug_macro   0x00000000       0x89 /tmp/ccUHTyAO.o
 .debug_macro   0x00000000      0x379 /tmp/ccUHTyAO.o
 .debug_macro   0x00000000       0x1c /tmp/ccUHTyAO.o
 .debug_macro   0x00000000       0x57 /tmp/ccUHTyAO.o
 .debug_macro   0x00000000      0x370 /tmp/ccUHTyAO.o
 .debug_macro   0x00000000       0x9b /tmp/ccUHTyAO.o
 .debug_macro   0x00000000       0x10 /tmp/ccUHTyAO.o
 .debug_macro   0x00000000       0x16 /tmp/ccUHTyAO.o
 .debug_macro   0x00000000       0x4a /tmp/ccUHTyAO.o
 .debug_macro   0x00000000       0x34 /tmp/ccUHTyAO.o
 .debug_macro   0x00000000       0x10 /tmp/ccUHTyAO.o
 .debug_macro   0x00000000       0x52 /tmp/ccUHTyAO.o
 .debug_macro   0x00000000       0x8e /tmp/ccUHTyAO.o
 .debug_macro   0x00000000       0x1c /tmp/ccUHTyAO.o
 .debug_macro   0x00000000      0x177 /tmp/ccUHTyAO.o
 .debug_macro   0x00000000       0x16 /tmp/ccUHTyAO.o
 .debug_macro   0x00000000      0x146 /tmp/ccUHTyAO.o
 .group         0x00000000        0xc /tmp/ccpyxIxS.o
 .group         0x00000000        0xc /tmp/ccpyxIxS.o
 .group         0x00000000        0xc /tmp/ccpyxIxS.o
 .group         0x00000000        0xc /tmp/ccpyxIxS.o
 .group         0x00000000        0xc /tmp/ccpyxIxS.o
 .group         0x00000000        0xc /tmp/ccpyxIxS.o
 .group         0x00000000        0xc /tmp/ccpyxIxS.o
 .group         0x00000000        0xc /tmp/ccpyxIxS.o
 .group         0x00000000        0xc /tmp/ccpyxIxS.o
 .group         0x00000000        0xc /tmp/ccpyxIxS.o
 .group         0x00000000        0xc /tmp/ccpyxIxS.o
 .text          0x00000000        0x0 /tmp/ccpyxIxS.o
 .data          0x00000000        0x0 /tmp/ccpyxIxS.o
 .bss           0x00000000        0x0 /tmp/ccpyxIxS.o
 .text.lenghtofarray
                0x00000000       0x2e /tmp/ccpyxIxS.o
 .text.int2char
                0x00000000       0xb8 /tmp/ccpyxIxS.o
 .debug_info    0x00000000      0x115 /tmp/ccpyxIxS.o
 .debug_abbrev  0x00000000       0xc4 /tmp/ccpyxIxS.o
 .debug_aranges
                0x00000000       0x28 /tmp/ccpyxIxS.o
 .debug_rnglists
                0x00000000       0x1a /tmp/ccpyxIxS.o
 .debug_macro   0x00000000       0x97 /tmp/ccpyxIxS.o
 .debug_macro   0x00000000      0xade /tmp/ccpyxIxS.o
 .debug_macro   0x00000000       0x22 /tmp/ccpyxIxS.o
 .debug_macro   0x00000000       0x54 /tmp/ccpyxIxS.o
 .debug_macro   0x00000000       0x29 /tmp/ccpyxIxS.o
 .debug_macro   0x00000000       0x94 /tmp/ccpyxIxS.o
 .debug_macro   0x00000000       0x43 /tmp/ccpyxIxS.o
 .debug_macro   0x00000000      0x103 /tmp/ccpyxIxS.o
 .debug_macro   0x00000000       0x3a /tmp/ccpyxIxS.o
 .debug_macro   0x00000000      0x34e /tmp/ccpyxIxS.o
 .debug_macro   0x00000000       0x89 /tmp/ccpyxIxS.o
 .debug_macro   0x00000000      0x379 /tmp/ccpyxIxS.o
 .debug_line    0x00000000      0x202 /tmp/ccpyxIxS.o
 .debug_str     0x00000000     0x4e44 /tmp/ccpyxIxS.o
 .comment       0x00000000       0x27 /tmp/ccpyxIxS.o
 .debug_frame   0x00000000       0x60 /tmp/ccpyxIxS.o
 .ARM.attributes
                0x00000000       0x32 /tmp/ccpyxIxS.o
 .group         0x00000000        0xc /tmp/ccd2H7bu.o
 .group         0x00000000        0xc /tmp/ccd2H7bu.o
 .group         0x00000000        0xc /tmp/ccd2H7bu.o
 .group         0x00000000        0xc /tmp/ccd2H7bu.o
 .group         0x00000000        0xc /tmp/ccd2H7bu.o
 .group         0x00000000        0xc /tmp/ccd2H7bu.o
 .group         0x00000000        0xc /tmp/ccd2H7bu.o
 .group         0x00000000        0xc /tmp/ccd2H7bu.o
 .group         0x00000000        0xc /tmp/ccd2H7bu.o
 .group         0x00000000        0xc /tmp/ccd2H7bu.o
 .group         0x00000000        0xc /tmp/ccd2H7bu.o
 .group         0x00000000        0xc /tmp/ccd2H7bu.o
 .group         0x00000000        0xc /tmp/ccd2H7bu.o
 .group         0x00000000        0xc /tmp/ccd2H7bu.o
 .group         0x00000000        0xc /tmp/ccd2H7bu.o
 .group         0x00000000        0xc /tmp/ccd2H7bu.o
 .group         0x00000000        0xc /tmp/ccd2H7bu.o
 .group         0x00000000        0xc /tmp/ccd2H7bu.o
 .group         0x00000000        0xc /tmp/ccd2H7bu.o
 .group         0x00000000        0xc /tmp/ccd2H7bu.o
 .group         0x00000000        0xc /tmp/ccd2H7bu.o
 .group         0x00000000        0xc /tmp/ccd2H7bu.o
 .group         0x00000000        0xc /tmp/ccd2H7bu.o
 .group         0x00000000        0xc /tmp/ccd2H7bu.o
 .group         0x00000000        0xc /tmp/ccd2H7bu.o
 .group         0x00000000        0xc /tmp/ccd2H7bu.o
 .group         0x00000000        0xc /tmp/ccd2H7bu.o
 .group         0x00000000        0xc /tmp/ccd2H7bu.o
 .group         0x00000000        0xc /tmp/ccd2H7bu.o
 .text          0x00000000        0x0 /tmp/ccd2H7bu.o
 .data          0x00000000        0x0 /tmp/ccd2H7bu.o
 .bss           0x00000000        0x0 /tmp/ccd2H7bu.o
 .text.delay_us
                0x00000000       0x2c /tmp/ccd2H7bu.o
 .text.mx25l_init
                0x00000000      0x11c /tmp/ccd2H7bu.o
 .text.spi_transfer
                0x00000000       0x4c /tmp/ccd2H7bu.o
 .text.mx25l_read_id
                0x00000000       0x54 /tmp/ccd2H7bu.o
 .text.mx25l_write_enable
                0x00000000       0x24 /tmp/ccd2H7bu.o
 .text.mx25l_read_status
                0x00000000       0x34 /tmp/ccd2H7bu.o
 .text.mx25l_wait_ready
                0x00000000       0x44 /tmp/ccd2H7bu.o
 .text.mx25l_sector_erase
                0x00000000       0x60 /tmp/ccd2H7bu.o
 .text.mx25l_page_program
                0x00000000       0x94 /tmp/ccd2H7bu.o
 .text.mx25l_read_data
                0x00000000       0x74 /tmp/ccd2H7bu.o
 .text.mx25l_write_variable
                0x00000000       0xae /tmp/ccd2H7bu.o
 .text.mx25l_read_variable
                0x00000000       0x20 /tmp/ccd2H7bu.o
 .debug_info    0x00000000      0x980 /tmp/ccd2H7bu.o
 .debug_abbrev  0x00000000      0x208 /tmp/ccd2H7bu.o
 .debug_aranges
                0x00000000       0x78 /tmp/ccd2H7bu.o
 .debug_rnglists
                0x00000000       0x58 /tmp/ccd2H7bu.o
 .debug_macro   0x00000000      0x158 /tmp/ccd2H7bu.o
 .debug_macro   0x00000000      0xade /tmp/ccd2H7bu.o
 .debug_macro   0x00000000       0x22 /tmp/ccd2H7bu.o
 .debug_macro   0x00000000       0x54 /tmp/ccd2H7bu.o
 .debug_macro   0x00000000       0x29 /tmp/ccd2H7bu.o
 .debug_macro   0x00000000       0x94 /tmp/ccd2H7bu.o
 .debug_macro   0x00000000       0x43 /tmp/ccd2H7bu.o
 .debug_macro   0x00000000      0x103 /tmp/ccd2H7bu.o
 .debug_macro   0x00000000       0x3a /tmp/ccd2H7bu.o
 .debug_macro   0x00000000      0x34e /tmp/ccd2H7bu.o
 .debug_macro   0x00000000       0x89 /tmp/ccd2H7bu.o
 .debug_macro   0x00000000      0x379 /tmp/ccd2H7bu.o
 .debug_macro   0x00000000       0x22 /tmp/ccd2H7bu.o
 .debug_macro   0x00000000       0x16 /tmp/ccd2H7bu.o
 .debug_macro   0x00000000       0xa5 /tmp/ccd2H7bu.o
 .debug_macro   0x00000000       0x9b /tmp/ccd2H7bu.o
 .debug_macro   0x00000000       0x57 /tmp/ccd2H7bu.o
 .debug_macro   0x00000000      0x370 /tmp/ccd2H7bu.o
 .debug_macro   0x00000000       0x16 /tmp/ccd2H7bu.o
 .debug_macro   0x00000000       0x4a /tmp/ccd2H7bu.o
 .debug_macro   0x00000000       0x34 /tmp/ccd2H7bu.o
 .debug_macro   0x00000000       0x10 /tmp/ccd2H7bu.o
 .debug_macro   0x00000000       0x52 /tmp/ccd2H7bu.o
 .debug_macro   0x00000000       0x8e /tmp/ccd2H7bu.o
 .debug_macro   0x00000000       0x1c /tmp/ccd2H7bu.o
 .debug_macro   0x00000000      0x177 /tmp/ccd2H7bu.o
 .debug_macro   0x00000000       0x16 /tmp/ccd2H7bu.o
 .debug_macro   0x00000000       0x29 /tmp/ccd2H7bu.o
 .debug_macro   0x00000000      0x151 /tmp/ccd2H7bu.o
 .debug_macro   0x00000000       0x70 /tmp/ccd2H7bu.o
 .debug_line    0x00000000      0x560 /tmp/ccd2H7bu.o
 .debug_str     0x00000000     0x91e9 /tmp/ccd2H7bu.o
 .comment       0x00000000       0x27 /tmp/ccd2H7bu.o
 .debug_frame   0x00000000      0x1c8 /tmp/ccd2H7bu.o
 .ARM.attributes
                0x00000000       0x32 /tmp/ccd2H7bu.o
 .data          0x00000000        0x0 /usr/lib/gcc/arm-none-eabi/13.2.1/../../../arm-none-eabi/lib/thumb/v7e-m+dp/hard/libc_nano.a(libc_a-memcpy.o)
 .bss           0x00000000        0x0 /usr/lib/gcc/arm-none-eabi/13.2.1/../../../arm-none-eabi/lib/thumb/v7e-m+dp/hard/libc_nano.a(libc_a-memcpy.o)
 .ARM.extab     0x00000000        0x0 /usr/lib/gcc/arm-none-eabi/13.2.1/../../../arm-none-eabi/lib/thumb/v7e-m+dp/hard/libc_nano.a(libc_a-memcpy.o)
 .eh_frame      0x00000000       0x2c /usr/lib/gcc/arm-none-eabi/13.2.1/../../../arm-none-eabi/lib/thumb/v7e-m+dp/hard/libc_nano.a(libc_a-memcpy.o)

Memory Configuration

Name             Origin             Length             Attributes
flash            0x08000000         0x00100000         xr
dtcm             0x20000000         0x00020000         xrw
axi_sram         0x24000000         0x00060000         xrw
sram1            0x30000000         0x00008000         xrw
sram2            0x30020000         0x00004000         xrw
sram4            0x38000000         0x00010000         xrw
itcm             0x00000000         0x00010000         xrw
backup           0x38800000         0x00001000         xrw
*default*        0x00000000         0xffffffff

Linker script and memory map

LOAD /tmp/cchG3lCq.o
LOAD /tmp/cccywE33.o
LOAD /tmp/ccdqW250.o
LOAD /tmp/ccPOYpn6.o
LOAD /tmp/ccsfXr0i.o
LOAD /tmp/ccUHTyAO.o
LOAD /tmp/ccpyxIxS.o
LOAD /tmp/ccd2H7bu.o
LOAD /usr/lib/gcc/arm-none-eabi/13.2.1/../../../arm-none-eabi/lib/thumb/v7e-m+dp/hard/libc_nano.a
LOAD /usr/lib/gcc/arm-none-eabi/13.2.1/thumb/v7e-m+dp/hard/libgcc.a
                0x20020000                        _estack = (ORIGIN (dtcm) + LENGTH (dtcm))

.vectors        0x08000000      0x298
 *(.vectors)
 .vectors       0x08000000      0x298 /tmp/cccywE33.o
                0x08000000                tab

.text           0x08000298     0x2110
 *(.text*)
 .text.clock_init
                0x08000298      0x12c /tmp/cchG3lCq.o
                0x08000298                clock_init
 .text.systick_init
                0x080003c4       0x34 /tmp/cchG3lCq.o
 .text.gpio_init_PC0
                0x080003f8       0x54 /tmp/cchG3lCq.o
                0x080003f8                gpio_init_PC0
 .text.enable_fpu
                0x0800044c       0x28 /tmp/cchG3lCq.o
                0x0800044c                enable_fpu
 .text.main     0x08000474      0x240 /tmp/cchG3lCq.o
                0x08000474                main
 .text.SysTick_IRQHandler
                0x080006b4       0x44 /tmp/cchG3lCq.o
                0x080006b4                SysTick_IRQHandler
 .text.FDCAN1_IT0_IRQHandler
                0x080006f8      0x290 /tmp/cchG3lCq.o
                0x080006f8                FDCAN1_IT0_IRQHandler
 .text._reset   0x08000988       0x44 /tmp/cccywE33.o
                0x08000988                _reset
 .text.NMI_Handler
                0x080009cc        0x8 /tmp/cccywE33.o
                0x080009cc                NMI_Handler
 .text.HardFault_Handler
                0x080009d4        0x8 /tmp/cccywE33.o
                0x080009d4                HardFault_Handler
 .text.MemManage_Handler
                0x080009dc        0x8 /tmp/cccywE33.o
                0x080009dc                MemManage_Handler
 .text.BusFault_Handler
                0x080009e4        0x8 /tmp/cccywE33.o
                0x080009e4                BusFault_Handler
 .text.UsageFault_Handler
                0x080009ec        0x8 /tmp/cccywE33.o
                0x080009ec                UsageFault_Handler
 .text.SVCall_Handler
                0x080009f4        0x8 /tmp/cccywE33.o
                0x080009f4                SVCall_Handler
 .text.DebugMon_Handler
                0x080009fc        0x8 /tmp/cccywE33.o
                0x080009fc                DebugMon_Handler
 .text.PendSV_Handler
                0x08000a04        0x8 /tmp/cccywE33.o
                0x08000a04                PendSV_Handler
 .text.WWDG1_IRQHandler
                0x08000a0c        0x8 /tmp/cccywE33.o
                0x08000a0c                WWDG1_IRQHandler
 .text.PVD_PVM_IRQHandler
                0x08000a14        0x8 /tmp/cccywE33.o
                0x08000a14                PVD_PVM_IRQHandler
 .text.RTC_TAMP_STAMP_CSS_LSE_IRQHandler
                0x08000a1c        0x8 /tmp/cccywE33.o
                0x08000a1c                RTC_TAMP_STAMP_CSS_LSE_IRQHandler
 .text.RTC_WKUP_IRQHandler
                0x08000a24        0x8 /tmp/cccywE33.o
                0x08000a24                RTC_WKUP_IRQHandler
 .text.FLASH_IRQHandler
                0x08000a2c        0x8 /tmp/cccywE33.o
                0x08000a2c                FLASH_IRQHandler
 .text.RCC_IRQHandler
                0x08000a34        0x8 /tmp/cccywE33.o
                0x08000a34                RCC_IRQHandler
 .text.EXTI0_IRQHandler
                0x08000a3c        0x8 /tmp/cccywE33.o
                0x08000a3c                EXTI0_IRQHandler
 .text.EXTI1_IRQHandler
                0x08000a44        0x8 /tmp/cccywE33.o
                0x08000a44                EXTI1_IRQHandler
 .text.EXTI2_IRQHandler
                0x08000a4c        0x8 /tmp/cccywE33.o
                0x08000a4c                EXTI2_IRQHandler
 .text.EXTI3_IRQHandler
                0x08000a54        0x8 /tmp/cccywE33.o
                0x08000a54                EXTI3_IRQHandler
 .text.EXTI4_IRQHandler
                0x08000a5c        0x8 /tmp/cccywE33.o
                0x08000a5c                EXTI4_IRQHandler
 .text.DMA_STR0_IRQHandler
                0x08000a64        0x8 /tmp/cccywE33.o
                0x08000a64                DMA_STR0_IRQHandler
 .text.DMA_STR1_IRQHandler
                0x08000a6c        0x8 /tmp/cccywE33.o
                0x08000a6c                DMA_STR1_IRQHandler
 .text.DMA_STR2_IRQHandler
                0x08000a74        0x8 /tmp/cccywE33.o
                0x08000a74                DMA_STR2_IRQHandler
 .text.DMA_STR3_IRQHandler
                0x08000a7c        0x8 /tmp/cccywE33.o
                0x08000a7c                DMA_STR3_IRQHandler
 .text.DMA_STR4_IRQHandler
                0x08000a84        0x8 /tmp/cccywE33.o
                0x08000a84                DMA_STR4_IRQHandler
 .text.DMA_STR5_IRQHandler
                0x08000a8c        0x8 /tmp/cccywE33.o
                0x08000a8c                DMA_STR5_IRQHandler
 .text.DMA_STR6_IRQHandler
                0x08000a94        0x8 /tmp/cccywE33.o
                0x08000a94                DMA_STR6_IRQHandler
 .text.ADC1_2_IRQHandler
                0x08000a9c        0x8 /tmp/cccywE33.o
                0x08000a9c                ADC1_2_IRQHandler
 .text.FDCAN2_IT0_IRQHandler
                0x08000aa4        0x8 /tmp/cccywE33.o
                0x08000aa4                FDCAN2_IT0_IRQHandler
 .text.FDCAN1_IT1_IRQHandler
                0x08000aac        0x8 /tmp/cccywE33.o
                0x08000aac                FDCAN1_IT1_IRQHandler
 .text.FDCAN2_IT1_IRQHandler
                0x08000ab4        0x8 /tmp/cccywE33.o
                0x08000ab4                FDCAN2_IT1_IRQHandler
 .text.EXTI9_5_IRQHandler
                0x08000abc        0x8 /tmp/cccywE33.o
                0x08000abc                EXTI9_5_IRQHandler
 .text.TIM1_BRK_IRQHandler
                0x08000ac4        0x8 /tmp/cccywE33.o
                0x08000ac4                TIM1_BRK_IRQHandler
 .text.TIM1_UP_IRQHandler
                0x08000acc        0x8 /tmp/cccywE33.o
                0x08000acc                TIM1_UP_IRQHandler
 .text.TIM1_TRG_COM_IRQHandler
                0x08000ad4        0x8 /tmp/cccywE33.o
                0x08000ad4                TIM1_TRG_COM_IRQHandler
 .text.TIM_CC_IRQHandler
                0x08000adc        0x8 /tmp/cccywE33.o
                0x08000adc                TIM_CC_IRQHandler
 .text.TIM2_IRQHandler
                0x08000ae4        0x8 /tmp/cccywE33.o
                0x08000ae4                TIM2_IRQHandler
 .text.TIM3_IRQHandler
                0x08000aec        0x8 /tmp/cccywE33.o
                0x08000aec                TIM3_IRQHandler
 .text.TIM4_IRQHandler
                0x08000af4        0x8 /tmp/cccywE33.o
                0x08000af4                TIM4_IRQHandler
 .text.I2C1_EV_IRQHandler
                0x08000afc        0x8 /tmp/cccywE33.o
                0x08000afc                I2C1_EV_IRQHandler
 .text.I2C1_ER_IRQHandler
                0x08000b04        0x8 /tmp/cccywE33.o
                0x08000b04                I2C1_ER_IRQHandler
 .text.I2C2_EV_IRQHandler
                0x08000b0c        0x8 /tmp/cccywE33.o
                0x08000b0c                I2C2_EV_IRQHandler
 .text.I2C2_ER_IRQHandler
                0x08000b14        0x8 /tmp/cccywE33.o
                0x08000b14                I2C2_ER_IRQHandler
 .text.SPI1_IRQHandler
                0x08000b1c        0x8 /tmp/cccywE33.o
                0x08000b1c                SPI1_IRQHandler
 .text.SPI2_IRQHandler
                0x08000b24        0x8 /tmp/cccywE33.o
                0x08000b24                SPI2_IRQHandler
 .text.USART1_IRQHandler
                0x08000b2c        0x8 /tmp/cccywE33.o
                0x08000b2c                USART1_IRQHandler
 .text.USART2_IRQHandler
                0x08000b34        0x8 /tmp/cccywE33.o
                0x08000b34                USART2_IRQHandler
 .text.USART3_IRQHandler
                0x08000b3c        0x8 /tmp/cccywE33.o
                0x08000b3c                USART3_IRQHandler
 .text.EXTI15_10_IRQHandler
                0x08000b44        0x8 /tmp/cccywE33.o
                0x08000b44                EXTI15_10_IRQHandler
 .text.RTC_ALARM_IRQHandler
                0x08000b4c        0x8 /tmp/cccywE33.o
                0x08000b4c                RTC_ALARM_IRQHandler
 .text.TIM8_BRK_TIM12_IRQHandler
                0x08000b54        0x8 /tmp/cccywE33.o
                0x08000b54                TIM8_BRK_TIM12_IRQHandler
 .text.TIM8_UP_TIM13_IRQHandler
                0x08000b5c        0x8 /tmp/cccywE33.o
                0x08000b5c                TIM8_UP_TIM13_IRQHandler
 .text.TIM8_TRG_COM_TIM14_IRQHandler
                0x08000b64        0x8 /tmp/cccywE33.o
                0x08000b64                TIM8_TRG_COM_TIM14_IRQHandler
 .text.TIM8_CC_IRQHandler
                0x08000b6c        0x8 /tmp/cccywE33.o
                0x08000b6c                TIM8_CC_IRQHandler
 .text.DMA1_STR7_IRQHandler
                0x08000b74        0x8 /tmp/cccywE33.o
                0x08000b74                DMA1_STR7_IRQHandler
 .text.FMC_IRQHandler
                0x08000b7c        0x8 /tmp/cccywE33.o
                0x08000b7c                FMC_IRQHandler
 .text.SDMMC1_IRQHandler
                0x08000b84        0x8 /tmp/cccywE33.o
                0x08000b84                SDMMC1_IRQHandler
 .text.TIM5_IRQHandler
                0x08000b8c        0x8 /tmp/cccywE33.o
                0x08000b8c                TIM5_IRQHandler
 .text.SPI3_IRQHandler
                0x08000b94        0x8 /tmp/cccywE33.o
                0x08000b94                SPI3_IRQHandler
 .text.UART4_IRQHandler
                0x08000b9c        0x8 /tmp/cccywE33.o
                0x08000b9c                UART4_IRQHandler
 .text.UART5_IRQHandler
                0x08000ba4        0x8 /tmp/cccywE33.o
                0x08000ba4                UART5_IRQHandler
 .text.TIM6_DAC_IRQHandler
                0x08000bac        0x8 /tmp/cccywE33.o
                0x08000bac                TIM6_DAC_IRQHandler
 .text.TIM7_IRQHandler
                0x08000bb4        0x8 /tmp/cccywE33.o
                0x08000bb4                TIM7_IRQHandler
 .text.DMA2_STR0_IRQHandler
                0x08000bbc        0x8 /tmp/cccywE33.o
                0x08000bbc                DMA2_STR0_IRQHandler
 .text.DMA2_STR1_IRQHandler
                0x08000bc4        0x8 /tmp/cccywE33.o
                0x08000bc4                DMA2_STR1_IRQHandler
 .text.DMA2_STR2_IRQHandler
                0x08000bcc        0x8 /tmp/cccywE33.o
                0x08000bcc                DMA2_STR2_IRQHandler
 .text.DMA2_STR3_IRQHandler
                0x08000bd4        0x8 /tmp/cccywE33.o
                0x08000bd4                DMA2_STR3_IRQHandler
 .text.DMA2_STR4_IRQHandler
                0x08000bdc        0x8 /tmp/cccywE33.o
                0x08000bdc                DMA2_STR4_IRQHandler
 .text.ETH_IRQHandler
                0x08000be4        0x8 /tmp/cccywE33.o
                0x08000be4                ETH_IRQHandler
 .text.ETH_WKUP_IRQHandler
                0x08000bec        0x8 /tmp/cccywE33.o
                0x08000bec                ETH_WKUP_IRQHandler
 .text.FDCAN_CAL_IRQHandler
                0x08000bf4        0x8 /tmp/cccywE33.o
                0x08000bf4                FDCAN_CAL_IRQHandler
 .text.DMA2_STR5_IRQHandler
                0x08000bfc        0x8 /tmp/cccywE33.o
                0x08000bfc                DMA2_STR5_IRQHandler
 .text.DMA2_STR6_IRQHandler
                0x08000c04        0x8 /tmp/cccywE33.o
                0x08000c04                DMA2_STR6_IRQHandler
 .text.DMA2_STR7_IRQHandler
                0x08000c0c        0x8 /tmp/cccywE33.o
                0x08000c0c                DMA2_STR7_IRQHandler
 .text.USART6_IRQHandler
                0x08000c14        0x8 /tmp/cccywE33.o
                0x08000c14                USART6_IRQHandler
 .text.I2C3_EV_IRQHandler
                0x08000c1c        0x8 /tmp/cccywE33.o
                0x08000c1c                I2C3_EV_IRQHandler
 .text.I2C3_ER_IRQHandler
                0x08000c24        0x8 /tmp/cccywE33.o
                0x08000c24                I2C3_ER_IRQHandler
 .text.OTG_HS_EP1_OUT_IRQHandler
                0x08000c2c        0x8 /tmp/cccywE33.o
                0x08000c2c                OTG_HS_EP1_OUT_IRQHandler
 .text.OTG_HS_EP1_IN_IRQHandler
                0x08000c34        0x8 /tmp/cccywE33.o
                0x08000c34                OTG_HS_EP1_IN_IRQHandler
 .text.OTG_HS_WKUP_IRQHandler
                0x08000c3c        0x8 /tmp/cccywE33.o
                0x08000c3c                OTG_HS_WKUP_IRQHandler
 .text.OTG_HS_IRQHandler
                0x08000c44        0x8 /tmp/cccywE33.o
                0x08000c44                OTG_HS_IRQHandler
 .text.DCMI_IRQHandler
                0x08000c4c        0x8 /tmp/cccywE33.o
                0x08000c4c                DCMI_IRQHandler
 .text.CRYP_IRQHandler
                0x08000c54        0x8 /tmp/cccywE33.o
                0x08000c54                CRYP_IRQHandler
 .text.HASH_RNG_IRQHandler
                0x08000c5c        0x8 /tmp/cccywE33.o
                0x08000c5c                HASH_RNG_IRQHandler
 .text.FPU_IRQHandler
                0x08000c64        0x8 /tmp/cccywE33.o
                0x08000c64                FPU_IRQHandler
 .text.UART7_IRQHandler
                0x08000c6c        0x8 /tmp/cccywE33.o
                0x08000c6c                UART7_IRQHandler
 .text.UART8_IRQHandler
                0x08000c74        0x8 /tmp/cccywE33.o
                0x08000c74                UART8_IRQHandler
 .text.SPI4_IRQHandler
                0x08000c7c        0x8 /tmp/cccywE33.o
                0x08000c7c                SPI4_IRQHandler
 .text.SPI5_IRQHandler
                0x08000c84        0x8 /tmp/cccywE33.o
                0x08000c84                SPI5_IRQHandler
 .text.SPI6_IRQHandler
                0x08000c8c        0x8 /tmp/cccywE33.o
                0x08000c8c                SPI6_IRQHandler
 .text.SAI1_IRQHandler
                0x08000c94        0x8 /tmp/cccywE33.o
                0x08000c94                SAI1_IRQHandler
 .text.LTDC_IRQHandler
                0x08000c9c        0x8 /tmp/cccywE33.o
                0x08000c9c                LTDC_IRQHandler
 .text.LTDC_ER_IRQHandler
                0x08000ca4        0x8 /tmp/cccywE33.o
                0x08000ca4                LTDC_ER_IRQHandler
 .text.DMA2D_IRQHandler
                0x08000cac        0x8 /tmp/cccywE33.o
                0x08000cac                DMA2D_IRQHandler
 .text.SAI2_IRQHandler
                0x08000cb4        0x8 /tmp/cccywE33.o
                0x08000cb4                SAI2_IRQHandler
 .text.QUADSPI_IRQHandler
                0x08000cbc        0x8 /tmp/cccywE33.o
                0x08000cbc                QUADSPI_IRQHandler
 .text.LPTIM1_IRQHandler
                0x08000cc4        0x8 /tmp/cccywE33.o
                0x08000cc4                LPTIM1_IRQHandler
 .text.CEC_IRQHandler
                0x08000ccc        0x8 /tmp/cccywE33.o
                0x08000ccc                CEC_IRQHandler
 .text.I2C4_EV_IRQHandler
                0x08000cd4        0x8 /tmp/cccywE33.o
                0x08000cd4                I2C4_EV_IRQHandler
 .text.I2C4_ER_IRQHandler
                0x08000cdc        0x8 /tmp/cccywE33.o
                0x08000cdc                I2C4_ER_IRQHandler
 .text.SPDIF_IRQHandler
                0x08000ce4        0x8 /tmp/cccywE33.o
                0x08000ce4                SPDIF_IRQHandler
 .text.OTG_FS_EP1_OUT_IRQHandler
                0x08000cec        0x8 /tmp/cccywE33.o
                0x08000cec                OTG_FS_EP1_OUT_IRQHandler
 .text.OTG_FS_EP1_IN_IRQHandler
                0x08000cf4        0x8 /tmp/cccywE33.o
                0x08000cf4                OTG_FS_EP1_IN_IRQHandler
 .text.OTG_FS_WKUP_IRQHandler
                0x08000cfc        0x8 /tmp/cccywE33.o
                0x08000cfc                OTG_FS_WKUP_IRQHandler
 .text.OTG_FS_IRQHandler
                0x08000d04        0x8 /tmp/cccywE33.o
                0x08000d04                OTG_FS_IRQHandler
 .text.DMAMUX1_OV_IRQHandler
                0x08000d0c        0x8 /tmp/cccywE33.o
                0x08000d0c                DMAMUX1_OV_IRQHandler
 .text.HRTIM1_MST_IRQHandler
                0x08000d14        0x8 /tmp/cccywE33.o
                0x08000d14                HRTIM1_MST_IRQHandler
 .text.HRTIM1_TIMA_IRQHandler
                0x08000d1c        0x8 /tmp/cccywE33.o
                0x08000d1c                HRTIM1_TIMA_IRQHandler
 .text.HRTIM_TIMB_IRQHandler
                0x08000d24        0x8 /tmp/cccywE33.o
                0x08000d24                HRTIM_TIMB_IRQHandler
 .text.HRTIM1_TIMC_IRQHandler
                0x08000d2c        0x8 /tmp/cccywE33.o
                0x08000d2c                HRTIM1_TIMC_IRQHandler
 .text.HRTIM1_TIMD_IRQHandler
                0x08000d34        0x8 /tmp/cccywE33.o
                0x08000d34                HRTIM1_TIMD_IRQHandler
 .text.HRTIM_TIME_IRQHandler
                0x08000d3c        0x8 /tmp/cccywE33.o
                0x08000d3c                HRTIM_TIME_IRQHandler
 .text.HRTIM1_FLT_IRQHandler
                0x08000d44        0x8 /tmp/cccywE33.o
                0x08000d44                HRTIM1_FLT_IRQHandler
 .text.DFSDM1_FLT0_IRQHandler
                0x08000d4c        0x8 /tmp/cccywE33.o
                0x08000d4c                DFSDM1_FLT0_IRQHandler
 .text.DFSDM1_FLT1_IRQHandler
                0x08000d54        0x8 /tmp/cccywE33.o
                0x08000d54                DFSDM1_FLT1_IRQHandler
 .text.DFSDM1_FLT2_IRQHandler
                0x08000d5c        0x8 /tmp/cccywE33.o
                0x08000d5c                DFSDM1_FLT2_IRQHandler
 .text.DFSDM1_FLT3_IRQHandler
                0x08000d64        0x8 /tmp/cccywE33.o
                0x08000d64                DFSDM1_FLT3_IRQHandler
 .text.SAI3_IRQHandler
                0x08000d6c        0x8 /tmp/cccywE33.o
                0x08000d6c                SAI3_IRQHandler
 .text.SWPMI1_IRQHandler
                0x08000d74        0x8 /tmp/cccywE33.o
                0x08000d74                SWPMI1_IRQHandler
 .text.TIM15_IRQHandler
                0x08000d7c        0x8 /tmp/cccywE33.o
                0x08000d7c                TIM15_IRQHandler
 .text.TIM16_IRQHandler
                0x08000d84        0x8 /tmp/cccywE33.o
                0x08000d84                TIM16_IRQHandler
 .text.TIM17_IRQHandler
                0x08000d8c        0x8 /tmp/cccywE33.o
                0x08000d8c                TIM17_IRQHandler
 .text.MDIOS_WKUP_IRQHandler
                0x08000d94        0x8 /tmp/cccywE33.o
                0x08000d94                MDIOS_WKUP_IRQHandler
 .text.MDIOS_IRQHandler
                0x08000d9c        0x8 /tmp/cccywE33.o
                0x08000d9c                MDIOS_IRQHandler
 .text.JPEG_IRQHandler
                0x08000da4        0x8 /tmp/cccywE33.o
                0x08000da4                JPEG_IRQHandler
 .text.MDMA_IRQHandler
                0x08000dac        0x8 /tmp/cccywE33.o
                0x08000dac                MDMA_IRQHandler
 .text.SDMMC2_IRQHandler
                0x08000db4        0x8 /tmp/cccywE33.o
                0x08000db4                SDMMC2_IRQHandler
 .text.HSEM0_IRQHandler
                0x08000dbc        0x8 /tmp/cccywE33.o
                0x08000dbc                HSEM0_IRQHandler
 .text.ADC3_IRQHandler
                0x08000dc4        0x8 /tmp/cccywE33.o
                0x08000dc4                ADC3_IRQHandler
 .text.DMAMUX2_OVR_IRQHandler
                0x08000dcc        0x8 /tmp/cccywE33.o
                0x08000dcc                DMAMUX2_OVR_IRQHandler
 .text.BDMA_CH0_IRQHandler
                0x08000dd4        0x8 /tmp/cccywE33.o
                0x08000dd4                BDMA_CH0_IRQHandler
 .text.BDMA_CH1_IRQHandler
                0x08000ddc        0x8 /tmp/cccywE33.o
                0x08000ddc                BDMA_CH1_IRQHandler
 .text.BDMA_CH2_IRQHandler
                0x08000de4        0x8 /tmp/cccywE33.o
                0x08000de4                BDMA_CH2_IRQHandler
 .text.BDMA_CH3_IRQHandler
                0x08000dec        0x8 /tmp/cccywE33.o
                0x08000dec                BDMA_CH3_IRQHandler
 .text.BDMA_CH4_IRQHandler
                0x08000df4        0x8 /tmp/cccywE33.o
                0x08000df4                BDMA_CH4_IRQHandler
 .text.BDMA_CH5_IRQHandler
                0x08000dfc        0x8 /tmp/cccywE33.o
                0x08000dfc                BDMA_CH5_IRQHandler
 .text.BDMA_CH6_IRQHandler
                0x08000e04        0x8 /tmp/cccywE33.o
                0x08000e04                BDMA_CH6_IRQHandler
 .text.BDMA_CH7_IRQHandler
                0x08000e0c        0x8 /tmp/cccywE33.o
                0x08000e0c                BDMA_CH7_IRQHandler
 .text.COMP_IRQHandler
                0x08000e14        0x8 /tmp/cccywE33.o
                0x08000e14                COMP_IRQHandler
 .text.LPTIM2_IRQHandler
                0x08000e1c        0x8 /tmp/cccywE33.o
                0x08000e1c                LPTIM2_IRQHandler
 .text.LPTIM3_IRQHandler
                0x08000e24        0x8 /tmp/cccywE33.o
                0x08000e24                LPTIM3_IRQHandler
 .text.LPTIM4_IRQHandler
                0x08000e2c        0x8 /tmp/cccywE33.o
                0x08000e2c                LPTIM4_IRQHandler
 .text.LPTIM5_IRQHandler
                0x08000e34        0x8 /tmp/cccywE33.o
                0x08000e34                LPTIM5_IRQHandler
 .text.LPUART_IRQHandler
                0x08000e3c        0x8 /tmp/cccywE33.o
                0x08000e3c                LPUART_IRQHandler
 .text.WWDG1_RST_IRQHandler
                0x08000e44        0x8 /tmp/cccywE33.o
                0x08000e44                WWDG1_RST_IRQHandler
 .text.CRS_IRQHandler
                0x08000e4c        0x8 /tmp/cccywE33.o
                0x08000e4c                CRS_IRQHandler
 .text.RAMECC1_IRQHandler
                0x08000e54        0x8 /tmp/cccywE33.o
                0x08000e54                RAMECC1_IRQHandler
 .text.SAI4_IRQHandler
                0x08000e5c        0x8 /tmp/cccywE33.o
                0x08000e5c                SAI4_IRQHandler
 .text.WKUP_IRQHandler
                0x08000e64        0x8 /tmp/cccywE33.o
                0x08000e64                WKUP_IRQHandler
 .text.RTC_init
                0x08000e6c      0x190 /tmp/ccdqW250.o
                0x08000e6c                RTC_init
 .text.RTC_read_datetime
                0x08000ffc      0x134 /tmp/ccdqW250.o
                0x08000ffc                RTC_read_datetime
 .text.VECan_Init
                0x08001130      0x54c /tmp/ccPOYpn6.o
                0x08001130                VECan_Init
 .text.update_can_message_356
                0x0800167c       0xbc /tmp/ccPOYpn6.o
                0x0800167c                update_can_message_356
 .text.VECan_send
                0x08001738       0xb4 /tmp/ccPOYpn6.o
                0x08001738                VECan_send
 .text.FDCAN1_init
                0x080017ec      0x30c /tmp/ccsfXr0i.o
                0x080017ec                FDCAN1_init
 .text.FDCAN2_init
                0x08001af8      0x338 /tmp/ccsfXr0i.o
                0x08001af8                FDCAN2_init
 .text.FDCAN1_transmit_message
                0x08001e30       0xbc /tmp/ccsfXr0i.o
                0x08001e30                FDCAN1_transmit_message
 .text.FDCAN2_transmit_message
                0x08001eec       0xc8 /tmp/ccsfXr0i.o
                0x08001eec                FDCAN2_transmit_message
 .text.convert_0x0426_to_milliampere
                0x08001fb4       0x46 /tmp/ccUHTyAO.o
                0x08001fb4                convert_0x0426_to_milliampere
 .text.convert_0x0427_to_millivolts
                0x08001ffa       0x32 /tmp/ccUHTyAO.o
                0x08001ffa                convert_0x0427_to_millivolts
 .text.convert_0x0428_to_temperature
                0x0800202c       0x32 /tmp/ccUHTyAO.o
                0x0800202c                convert_0x0428_to_temperature
 .text.convert_0x0429_to_microvolts
                0x0800205e       0x46 /tmp/ccUHTyAO.o
                0x0800205e                convert_0x0429_to_microvolts
 .text.convert_0x042A_to_power
                0x080020a4       0x88 /tmp/ccUHTyAO.o
                0x080020a4                convert_0x042A_to_power
 .text.convert_0x042B_to_DieID
                0x0800212c       0x38 /tmp/ccUHTyAO.o
                0x0800212c                convert_0x042B_to_DieID
 .text.convert_0x042C_to_ManufacturerID
                0x08002164       0x38 /tmp/ccUHTyAO.o
                0x08002164                convert_0x042C_to_ManufacturerID
 .text.convert_0x042D_to_energy
                0x0800219c       0x6c /tmp/ccUHTyAO.o
                0x0800219c                convert_0x042D_to_energy
 .text.convert_0x042E_to_charge
                0x08002208       0x6c /tmp/ccUHTyAO.o
                0x08002208                convert_0x042E_to_charge
 .text          0x08002274      0x134 /usr/lib/gcc/arm-none-eabi/13.2.1/../../../arm-none-eabi/lib/thumb/v7e-m+dp/hard/libc_nano.a(libc_a-memcpy.o)
                0x08002274                memcpy

.glue_7         0x080023a8        0x0
 .glue_7        0x080023a8        0x0 linker stubs

.glue_7t        0x080023a8        0x0
 .glue_7t       0x080023a8        0x0 linker stubs

.vfp11_veneer   0x080023a8        0x0
 .vfp11_veneer  0x080023a8        0x0 linker stubs

.v4_bx          0x080023a8        0x0
 .v4_bx         0x080023a8        0x0 linker stubs

.iplt           0x080023a8        0x0
 .iplt          0x080023a8        0x0 /tmp/cchG3lCq.o

.rel.dyn        0x080023a8        0x0
 .rel.iplt      0x080023a8        0x0 /tmp/cchG3lCq.o

.rodata
 *(.rodata*)

.ARM.exidx      0x080023a8        0x8
 .ARM.exidx     0x080023a8        0x8 /usr/lib/gcc/arm-none-eabi/13.2.1/../../../arm-none-eabi/lib/thumb/v7e-m+dp/hard/libc_nano.a(libc_a-memcpy.o)

.data           0x20000000       0x14 load address 0x080023b0
                0x20000000                        _sdata = .
 *(.first_data)
 *(.data SORT_BY_NAME(.data.*))
 .data.SOH      0x20000000        0x2 /tmp/ccPOYpn6.o
                0x20000000                SOH
 *fill*         0x20000002        0x2 
 .data.snPart1  0x20000004        0x8 /tmp/ccPOYpn6.o
                0x20000004                snPart1
 .data.snPart2  0x2000000c        0x8 /tmp/ccPOYpn6.o
                0x2000000c                snPart2
                0x20000014                        _edata = .
                0x080023b0                        _sidata = LOADADDR (.data)

.igot.plt       0x20000014        0x0 load address 0x080023c4
 .igot.plt      0x20000014        0x0 /tmp/cchG3lCq.o

.bss            0x20000014      0x1c5 load address 0x080023c4
                0x20000014                        _sbss = .
 *(.bss SORT_BY_NAME(.bss.*) COMMON)
 .bss.bus_voltage
                0x20000014        0x4 /tmp/cchG3lCq.o
                0x20000014                bus_voltage
 .bss.charge    0x20000018        0x4 /tmp/cchG3lCq.o
                0x20000018                charge
 .bss.charge_Ah
                0x2000001c        0x4 /tmp/cchG3lCq.o
                0x2000001c                charge_Ah
 .bss.counter_loop
                0x20000020        0x4 /tmp/ccsfXr0i.o
                0x20000020                counter_loop
 .bss.current   0x20000024        0x4 /tmp/cchG3lCq.o
                0x20000024                current
 .bss.die_id    0x20000028        0x2 /tmp/cchG3lCq.o
                0x20000028                die_id
 *fill*         0x2000002a        0x2 
 .bss.dt        0x2000002c        0x7 /tmp/cchG3lCq.o
                0x2000002c                dt
 *fill*         0x20000033        0x1 
 .bss.energy    0x20000034        0x4 /tmp/cchG3lCq.o
                0x20000034                energy
 .bss.energy_kWh
                0x20000038        0x4 /tmp/cchG3lCq.o
                0x20000038                energy_kWh
 .bss.fifo_full_counter
                0x2000003c        0x4 /tmp/cchG3lCq.o
                0x2000003c                fifo_full_counter
 .bss.fifo_message_lost_counter
                0x20000040        0x4 /tmp/cchG3lCq.o
                0x20000040                fifo_message_lost_counter
 .bss.manufacturer_id
                0x20000044        0x2 /tmp/cchG3lCq.o
                0x20000044                manufacturer_id
 .bss.minutes   0x20000046        0x1 /tmp/cchG3lCq.o
                0x20000046                minutes
 *fill*         0x20000047        0x1 
 .bss.power     0x20000048        0x4 /tmp/cchG3lCq.o
                0x20000048                power
 .bss.rx_message_426
                0x2000004c        0x8 /tmp/cchG3lCq.o
                0x2000004c                rx_message_426
 .bss.rx_message_427
                0x20000054        0x8 /tmp/cchG3lCq.o
                0x20000054                rx_message_427
 .bss.rx_message_428
                0x2000005c        0x8 /tmp/cchG3lCq.o
                0x2000005c                rx_message_428
 .bss.rx_message_429
                0x20000064        0x8 /tmp/cchG3lCq.o
                0x20000064                rx_message_429
 .bss.rx_message_42A
                0x2000006c        0x8 /tmp/cchG3lCq.o
                0x2000006c                rx_message_42A
 .bss.rx_message_42B
                0x20000074        0x8 /tmp/cchG3lCq.o
                0x20000074                rx_message_42B
 .bss.rx_message_42C
                0x2000007c        0x8 /tmp/cchG3lCq.o
                0x2000007c                rx_message_42C
 .bss.rx_message_42D
                0x20000084        0x8 /tmp/cchG3lCq.o
                0x20000084                rx_message_42D
 .bss.rx_message_42E
                0x2000008c        0x8 /tmp/cchG3lCq.o
                0x2000008c                rx_message_42E
 .bss.seconds   0x20000094        0x1 /tmp/cchG3lCq.o
                0x20000094                seconds
 *fill*         0x20000095        0x3 
 .bss.shunt_voltage
                0x20000098        0x4 /tmp/cchG3lCq.o
                0x20000098                shunt_voltage
 .bss.splitter  0x2000009c        0x2 /tmp/ccPOYpn6.o
                0x2000009c                splitter
 *fill*         0x2000009e        0x2 
 .bss.temperature
                0x200000a0        0x4 /tmp/cchG3lCq.o
                0x200000a0                temperature
 .bss.threeeighty
                0x200000a4       0x10 /tmp/ccPOYpn6.o
                0x200000a4                threeeighty
 .bss.threeeightyone
                0x200000b4       0x10 /tmp/ccPOYpn6.o
                0x200000b4                threeeightyone
 .bss.threefiftyA
                0x200000c4       0x10 /tmp/ccPOYpn6.o
                0x200000c4                threefiftyA
 .bss.threefiftyE
                0x200000d4       0x10 /tmp/ccPOYpn6.o
                0x200000d4                threefiftyE
 .bss.threefiftyF
                0x200000e4       0x10 /tmp/ccPOYpn6.o
                0x200000e4                threefiftyF
 .bss.threefiftyfive
                0x200000f4       0x10 /tmp/ccPOYpn6.o
                0x200000f4                threefiftyfive
 .bss.threefiftyone
                0x20000104       0x10 /tmp/ccPOYpn6.o
                0x20000104                threefiftyone
 .bss.threefiftysix
                0x20000114       0x10 /tmp/ccPOYpn6.o
                0x20000114                threefiftysix
 .bss.threeseventyeight
                0x20000124       0x10 /tmp/ccPOYpn6.o
                0x20000124                threeseventyeight
 .bss.threeseventyfive
                0x20000134       0x10 /tmp/ccPOYpn6.o
                0x20000134                threeseventyfive
 .bss.threeseventyfour
                0x20000144       0x10 /tmp/ccPOYpn6.o
                0x20000144                threeseventyfour
 .bss.threeseventynine
                0x20000154       0x10 /tmp/ccPOYpn6.o
                0x20000154                threeseventynine
 .bss.threeseventyseven
                0x20000164       0x10 /tmp/ccPOYpn6.o
                0x20000164                threeseventyseven
 .bss.threeseventysix
                0x20000174       0x10 /tmp/ccPOYpn6.o
                0x20000174                threeseventysix
 .bss.threeseventythree
                0x20000184       0x10 /tmp/ccPOYpn6.o
                0x20000184                threeseventythree
 .bss.threeseventytwo
                0x20000194       0x10 /tmp/ccPOYpn6.o
                0x20000194                threeseventytwo
 .bss.threesixty
                0x200001a4       0x10 /tmp/ccPOYpn6.o
                0x200001a4                threesixty
 .bss.tick      0x200001b4        0x4 /tmp/cchG3lCq.o
                0x200001b4                tick
 .bss.tx_127    0x200001b8       0x10 /tmp/cchG3lCq.o
                0x200001b8                tx_127
 .bss.tx_128    0x200001c8       0x10 /tmp/cchG3lCq.o
                0x200001c8                tx_128
 .bss.zonk      0x200001d8        0x1 /tmp/cchG3lCq.o
                0x200001d8                zonk
                0x200001d9                        _ebss = .

.sram1_data
 *(.sram1_data)

.sram2_data
 *(.sram2_data)

.backup_data
 *(.backup_data)
                0x200001e0                        . = ALIGN (0x8)
                0x200001e0                        _end = .
OUTPUT(firmware.elf elf32-littlearm)
LOAD linker stubs

.debug_info     0x00000000     0x3867
 .debug_info    0x00000000     0x1278 /tmp/cchG3lCq.o
 .debug_info    0x00001278      0xb3a /tmp/cccywE33.o
 .debug_info    0x00001db2      0x7b0 /tmp/ccdqW250.o
 .debug_info    0x00002562      0x40c /tmp/ccPOYpn6.o
 .debug_info    0x0000296e      0xbe5 /tmp/ccsfXr0i.o
 .debug_info    0x00003553      0x2e1 /tmp/ccUHTyAO.o
 .debug_info    0x00003834       0x33 /usr/lib/gcc/arm-none-eabi/13.2.1/../../../arm-none-eabi/lib/thumb/v7e-m+dp/hard/libc_nano.a(libc_a-memcpy.o)

.debug_abbrev   0x00000000      0x922
 .debug_abbrev  0x00000000      0x2b5 /tmp/cchG3lCq.o
 .debug_abbrev  0x000002b5      0x105 /tmp/cccywE33.o
 .debug_abbrev  0x000003ba      0x132 /tmp/ccdqW250.o
 .debug_abbrev  0x000004ec      0x146 /tmp/ccPOYpn6.o
 .debug_abbrev  0x00000632      0x226 /tmp/ccsfXr0i.o
 .debug_abbrev  0x00000858       0xa2 /tmp/ccUHTyAO.o
 .debug_abbrev  0x000008fa       0x28 /usr/lib/gcc/arm-none-eabi/13.2.1/../../../arm-none-eabi/lib/thumb/v7e-m+dp/hard/libc_nano.a(libc_a-memcpy.o)

.debug_aranges  0x00000000      0x638
 .debug_aranges
                0x00000000       0x58 /tmp/cchG3lCq.o
 .debug_aranges
                0x00000058      0x4d0 /tmp/cccywE33.o
 .debug_aranges
                0x00000528       0x28 /tmp/ccdqW250.o
 .debug_aranges
                0x00000550       0x30 /tmp/ccPOYpn6.o
 .debug_aranges
                0x00000580       0x38 /tmp/ccsfXr0i.o
 .debug_aranges
                0x000005b8       0x60 /tmp/ccUHTyAO.o
 .debug_aranges
                0x00000618       0x20 /usr/lib/gcc/arm-none-eabi/13.2.1/../../../arm-none-eabi/lib/thumb/v7e-m+dp/hard/libc_nano.a(libc_a-memcpy.o)

.debug_rnglists
                0x00000000      0x481
 .debug_rnglists
                0x00000000       0x40 /tmp/cchG3lCq.o
 .debug_rnglists
                0x00000040      0x397 /tmp/cccywE33.o
 .debug_rnglists
                0x000003d7       0x1b /tmp/ccdqW250.o
 .debug_rnglists
                0x000003f2       0x22 /tmp/ccPOYpn6.o
 .debug_rnglists
                0x00000414       0x29 /tmp/ccsfXr0i.o
 .debug_rnglists
                0x0000043d       0x44 /tmp/ccUHTyAO.o

.debug_macro    0x00000000     0x2e88
 .debug_macro   0x00000000      0x20e /tmp/cchG3lCq.o
 .debug_macro   0x0000020e      0xade /tmp/cchG3lCq.o
 .debug_macro   0x00000cec       0x22 /tmp/cchG3lCq.o
 .debug_macro   0x00000d0e       0x54 /tmp/cchG3lCq.o
 .debug_macro   0x00000d62       0x29 /tmp/cchG3lCq.o
 .debug_macro   0x00000d8b       0x94 /tmp/cchG3lCq.o
 .debug_macro   0x00000e1f       0x43 /tmp/cchG3lCq.o
 .debug_macro   0x00000e62      0x103 /tmp/cchG3lCq.o
 .debug_macro   0x00000f65       0x3a /tmp/cchG3lCq.o
 .debug_macro   0x00000f9f      0x34e /tmp/cchG3lCq.o
 .debug_macro   0x000012ed       0x89 /tmp/cchG3lCq.o
 .debug_macro   0x00001376      0x379 /tmp/cchG3lCq.o
 .debug_macro   0x000016ef       0x22 /tmp/cchG3lCq.o
 .debug_macro   0x00001711       0x16 /tmp/cchG3lCq.o
 .debug_macro   0x00001727       0xa5 /tmp/cchG3lCq.o
 .debug_macro   0x000017cc       0x9b /tmp/cchG3lCq.o
 .debug_macro   0x00001867       0x57 /tmp/cchG3lCq.o
 .debug_macro   0x000018be      0x370 /tmp/cchG3lCq.o
 .debug_macro   0x00001c2e       0x16 /tmp/cchG3lCq.o
 .debug_macro   0x00001c44       0x4a /tmp/cchG3lCq.o
 .debug_macro   0x00001c8e       0x34 /tmp/cchG3lCq.o
 .debug_macro   0x00001cc2       0x10 /tmp/cchG3lCq.o
 .debug_macro   0x00001cd2       0x52 /tmp/cchG3lCq.o
 .debug_macro   0x00001d24       0x8e /tmp/cchG3lCq.o
 .debug_macro   0x00001db2       0x1c /tmp/cchG3lCq.o
 .debug_macro   0x00001dce      0x177 /tmp/cchG3lCq.o
 .debug_macro   0x00001f45       0x16 /tmp/cchG3lCq.o
 .debug_macro   0x00001f5b       0x29 /tmp/cchG3lCq.o
 .debug_macro   0x00001f84       0x16 /tmp/cchG3lCq.o
 .debug_macro   0x00001f9a       0x3c /tmp/cchG3lCq.o
 .debug_macro   0x00001fd6      0x151 /tmp/cchG3lCq.o
 .debug_macro   0x00002127       0x1c /tmp/cchG3lCq.o
 .debug_macro   0x00002143       0x10 /tmp/cchG3lCq.o
 .debug_macro   0x00002153       0x1c /tmp/cchG3lCq.o
 .debug_macro   0x0000216f       0x16 /tmp/cchG3lCq.o
 .debug_macro   0x00002185      0x146 /tmp/cchG3lCq.o
 .debug_macro   0x000022cb       0x76 /tmp/cchG3lCq.o
 .debug_macro   0x00002341       0x1a /tmp/cccywE33.o
 .debug_macro   0x0000235b      0x159 /tmp/ccdqW250.o
 .debug_macro   0x000024b4       0x34 /tmp/ccdqW250.o
 .debug_macro   0x000024e8      0x11c /tmp/ccdqW250.o
 .debug_macro   0x00002604      0x379 /tmp/ccdqW250.o
 .debug_macro   0x0000297d      0x182 /tmp/ccPOYpn6.o
 .debug_macro   0x00002aff      0x184 /tmp/ccsfXr0i.o
 .debug_macro   0x00002c83      0x151 /tmp/ccUHTyAO.o
 .debug_macro   0x00002dd4       0x9e /tmp/ccUHTyAO.o
 .debug_macro   0x00002e72       0x16 /tmp/ccUHTyAO.o

.debug_line     0x00000000     0x2718
 .debug_line    0x00000000      0x727 /tmp/cchG3lCq.o
 .debug_line    0x00000727      0xd11 /tmp/cccywE33.o
 .debug_line    0x00001438      0x38c /tmp/ccdqW250.o
 .debug_line    0x000017c4      0x451 /tmp/ccPOYpn6.o
 .debug_line    0x00001c15      0x676 /tmp/ccsfXr0i.o
 .debug_line    0x0000228b      0x3d4 /tmp/ccUHTyAO.o
 .debug_line    0x0000265f       0xb9 /usr/lib/gcc/arm-none-eabi/13.2.1/../../../arm-none-eabi/lib/thumb/v7e-m+dp/hard/libc_nano.a(libc_a-memcpy.o)

.debug_str      0x00000000     0xaa8c
 .debug_str     0x00000000     0xaa8c /tmp/cchG3lCq.o
                               0x9de3 (size before relaxing)
 .debug_str     0x0000aa8c     0x446a /tmp/cccywE33.o
 .debug_str     0x0000aa8c     0x8f59 /tmp/ccdqW250.o
 .debug_str     0x0000aa8c     0x8dca /tmp/ccPOYpn6.o
 .debug_str     0x0000aa8c     0x90b2 /tmp/ccsfXr0i.o
 .debug_str     0x0000aa8c     0x85fd /tmp/ccUHTyAO.o
 .debug_str     0x0000aa8c       0xac /usr/lib/gcc/arm-none-eabi/13.2.1/../../../arm-none-eabi/lib/thumb/v7e-m+dp/hard/libc_nano.a(libc_a-memcpy.o)

.comment        0x00000000       0x26
 .comment       0x00000000       0x26 /tmp/cchG3lCq.o
                                 0x27 (size before relaxing)
 .comment       0x00000026       0x27 /tmp/cccywE33.o
 .comment       0x00000026       0x27 /tmp/ccdqW250.o
 .comment       0x00000026       0x27 /tmp/ccPOYpn6.o
 .comment       0x00000026       0x27 /tmp/ccsfXr0i.o
 .comment       0x00000026       0x27 /tmp/ccUHTyAO.o

.ARM.attributes
                0x00000000       0x30
 .ARM.attributes
                0x00000000       0x32 /tmp/cchG3lCq.o
 .ARM.attributes
                0x00000032       0x32 /tmp/cccywE33.o
 .ARM.attributes
                0x00000064       0x32 /tmp/ccdqW250.o
 .ARM.attributes
                0x00000096       0x32 /tmp/ccPOYpn6.o
 .ARM.attributes
                0x000000c8       0x32 /tmp/ccsfXr0i.o
 .ARM.attributes
                0x000000fa       0x32 /tmp/ccUHTyAO.o
 .ARM.attributes
                0x0000012c       0x1e /usr/lib/gcc/arm-none-eabi/13.2.1/../../../arm-none-eabi/lib/thumb/v7e-m+dp/hard/libc_nano.a(libc_a-memcpy.o)

.debug_frame    0x00000000     0x1250
 .debug_frame   0x00000000      0x124 /tmp/cchG3lCq.o
 .debug_frame   0x00000124      0xe30 /tmp/cccywE33.o
 .debug_frame   0x00000f54       0x60 /tmp/ccdqW250.o
 .debug_frame   0x00000fb4       0x78 /tmp/ccPOYpn6.o
 .debug_frame   0x0000102c       0xac /tmp/ccsfXr0i.o
 .debug_frame   0x000010d8      0x178 /tmp/ccUHTyAO.o

.debug_line_str
                0x00000000       0x99
 .debug_line_str
                0x00000000       0x99 /usr/lib/gcc/arm-none-eabi/13.2.1/../../../arm-none-eabi/lib/thumb/v7e-m+dp/hard/libc_nano.a(libc_a-memcpy.o)
