Archive member included to satisfy reference by file (symbol)

/usr/lib/gcc/arm-none-eabi/13.2.1/../../../arm-none-eabi/lib/thumb/v6-m/nofp/libc_nano.a(libc_a-memcpy-stub.o)
                              /tmp/ccu12fX3.o (memcpy)
/usr/lib/gcc/arm-none-eabi/13.2.1/thumb/v6-m/nofp/libgcc.a(_muldi3.o)
                              /tmp/cc8dv4xR.o (__aeabi_lmul)

Discarded input sections

 .group         0x00000000        0xc /tmp/ccu12fX3.o
 .group         0x00000000        0xc /tmp/ccu12fX3.o
 .group         0x00000000        0xc /tmp/ccu12fX3.o
 .group         0x00000000        0xc /tmp/ccu12fX3.o
 .group         0x00000000        0xc /tmp/ccu12fX3.o
 .group         0x00000000        0xc /tmp/ccu12fX3.o
 .group         0x00000000        0xc /tmp/ccu12fX3.o
 .group         0x00000000        0xc /tmp/ccu12fX3.o
 .group         0x00000000        0xc /tmp/ccu12fX3.o
 .group         0x00000000        0xc /tmp/ccu12fX3.o
 .group         0x00000000        0xc /tmp/ccu12fX3.o
 .group         0x00000000        0xc /tmp/ccu12fX3.o
 .group         0x00000000        0xc /tmp/ccu12fX3.o
 .group         0x00000000        0xc /tmp/ccu12fX3.o
 .group         0x00000000        0xc /tmp/ccu12fX3.o
 .group         0x00000000        0xc /tmp/ccu12fX3.o
 .group         0x00000000        0xc /tmp/ccu12fX3.o
 .group         0x00000000        0xc /tmp/ccu12fX3.o
 .group         0x00000000        0xc /tmp/ccu12fX3.o
 .group         0x00000000        0xc /tmp/ccu12fX3.o
 .group         0x00000000        0xc /tmp/ccu12fX3.o
 .group         0x00000000        0xc /tmp/ccu12fX3.o
 .group         0x00000000        0xc /tmp/ccu12fX3.o
 .group         0x00000000        0xc /tmp/ccu12fX3.o
 .group         0x00000000        0xc /tmp/ccu12fX3.o
 .group         0x00000000        0xc /tmp/ccu12fX3.o
 .group         0x00000000        0xc /tmp/ccu12fX3.o
 .group         0x00000000        0xc /tmp/ccu12fX3.o
 .group         0x00000000        0xc /tmp/ccu12fX3.o
 .group         0x00000000        0xc /tmp/ccu12fX3.o
 .group         0x00000000        0xc /tmp/ccu12fX3.o
 .text          0x00000000        0x0 /tmp/ccu12fX3.o
 .data          0x00000000        0x0 /tmp/ccu12fX3.o
 .bss           0x00000000        0x0 /tmp/ccu12fX3.o
 .data.can_receive_FifO0
                0x00000000        0x4 /tmp/ccu12fX3.o
 .bss.temp      0x00000000        0x4 /tmp/ccu12fX3.o
 .bss.test      0x00000000        0x2 /tmp/ccu12fX3.o
 .bss.rx_received
                0x00000000        0x8 /tmp/ccu12fX3.o
 .group         0x00000000        0xc /tmp/cczztKfJ.o
 .group         0x00000000        0xc /tmp/cczztKfJ.o
 .text          0x00000000        0x0 /tmp/cczztKfJ.o
 .data          0x00000000        0x0 /tmp/cczztKfJ.o
 .bss           0x00000000        0x0 /tmp/cczztKfJ.o
 .text.SysTick_IRQHandler
                0x00000000        0x8 /tmp/cczztKfJ.o
 .text.TIM16_FDCAN_IT0_IRQHandler
                0x00000000        0x8 /tmp/cczztKfJ.o
 .debug_macro   0x00000000      0xa9c /tmp/cczztKfJ.o
 .debug_macro   0x00000000      0x34e /tmp/cczztKfJ.o
 .group         0x00000000        0xc /tmp/ccxl09vM.o
 .group         0x00000000        0xc /tmp/ccxl09vM.o
 .group         0x00000000        0xc /tmp/ccxl09vM.o
 .group         0x00000000        0xc /tmp/ccxl09vM.o
 .group         0x00000000        0xc /tmp/ccxl09vM.o
 .group         0x00000000        0xc /tmp/ccxl09vM.o
 .group         0x00000000        0xc /tmp/ccxl09vM.o
 .group         0x00000000        0xc /tmp/ccxl09vM.o
 .group         0x00000000        0xc /tmp/ccxl09vM.o
 .group         0x00000000        0xc /tmp/ccxl09vM.o
 .group         0x00000000        0xc /tmp/ccxl09vM.o
 .group         0x00000000        0xc /tmp/ccxl09vM.o
 .group         0x00000000        0xc /tmp/ccxl09vM.o
 .group         0x00000000        0xc /tmp/ccxl09vM.o
 .group         0x00000000        0xc /tmp/ccxl09vM.o
 .group         0x00000000        0xc /tmp/ccxl09vM.o
 .group         0x00000000        0xc /tmp/ccxl09vM.o
 .group         0x00000000        0xc /tmp/ccxl09vM.o
 .group         0x00000000        0xc /tmp/ccxl09vM.o
 .group         0x00000000        0xc /tmp/ccxl09vM.o
 .group         0x00000000        0xc /tmp/ccxl09vM.o
 .group         0x00000000        0xc /tmp/ccxl09vM.o
 .group         0x00000000        0xc /tmp/ccxl09vM.o
 .group         0x00000000        0xc /tmp/ccxl09vM.o
 .group         0x00000000        0xc /tmp/ccxl09vM.o
 .group         0x00000000        0xc /tmp/ccxl09vM.o
 .group         0x00000000        0xc /tmp/ccxl09vM.o
 .group         0x00000000        0xc /tmp/ccxl09vM.o
 .group         0x00000000        0xc /tmp/ccxl09vM.o
 .text          0x00000000        0x0 /tmp/ccxl09vM.o
 .data          0x00000000        0x0 /tmp/ccxl09vM.o
 .bss           0x00000000        0x0 /tmp/ccxl09vM.o
 .debug_macro   0x00000000      0xa9c /tmp/ccxl09vM.o
 .debug_macro   0x00000000       0x24 /tmp/ccxl09vM.o
 .debug_macro   0x00000000       0x22 /tmp/ccxl09vM.o
 .debug_macro   0x00000000       0x54 /tmp/ccxl09vM.o
 .debug_macro   0x00000000       0x94 /tmp/ccxl09vM.o
 .debug_macro   0x00000000       0x43 /tmp/ccxl09vM.o
 .debug_macro   0x00000000       0x16 /tmp/ccxl09vM.o
 .debug_macro   0x00000000       0x9b /tmp/ccxl09vM.o
 .debug_macro   0x00000000       0x57 /tmp/ccxl09vM.o
 .debug_macro   0x00000000      0x370 /tmp/ccxl09vM.o
 .debug_macro   0x00000000       0x16 /tmp/ccxl09vM.o
 .debug_macro   0x00000000       0x4a /tmp/ccxl09vM.o
 .debug_macro   0x00000000       0x34 /tmp/ccxl09vM.o
 .debug_macro   0x00000000       0x10 /tmp/ccxl09vM.o
 .debug_macro   0x00000000       0x52 /tmp/ccxl09vM.o
 .debug_macro   0x00000000       0x8e /tmp/ccxl09vM.o
 .debug_macro   0x00000000       0x1c /tmp/ccxl09vM.o
 .debug_macro   0x00000000      0x177 /tmp/ccxl09vM.o
 .debug_macro   0x00000000       0x16 /tmp/ccxl09vM.o
 .debug_macro   0x00000000       0x29 /tmp/ccxl09vM.o
 .debug_macro   0x00000000      0x103 /tmp/ccxl09vM.o
 .debug_macro   0x00000000      0x34e /tmp/ccxl09vM.o
 .debug_macro   0x00000000       0x3c /tmp/ccxl09vM.o
 .debug_macro   0x00000000       0x22 /tmp/ccxl09vM.o
 .debug_macro   0x00000000       0xee /tmp/ccxl09vM.o
 .group         0x00000000        0xc /tmp/cc8dv4xR.o
 .group         0x00000000        0xc /tmp/cc8dv4xR.o
 .group         0x00000000        0xc /tmp/cc8dv4xR.o
 .group         0x00000000        0xc /tmp/cc8dv4xR.o
 .group         0x00000000        0xc /tmp/cc8dv4xR.o
 .group         0x00000000        0xc /tmp/cc8dv4xR.o
 .group         0x00000000        0xc /tmp/cc8dv4xR.o
 .group         0x00000000        0xc /tmp/cc8dv4xR.o
 .group         0x00000000        0xc /tmp/cc8dv4xR.o
 .group         0x00000000        0xc /tmp/cc8dv4xR.o
 .group         0x00000000        0xc /tmp/cc8dv4xR.o
 .group         0x00000000        0xc /tmp/cc8dv4xR.o
 .group         0x00000000        0xc /tmp/cc8dv4xR.o
 .group         0x00000000        0xc /tmp/cc8dv4xR.o
 .group         0x00000000        0xc /tmp/cc8dv4xR.o
 .group         0x00000000        0xc /tmp/cc8dv4xR.o
 .group         0x00000000        0xc /tmp/cc8dv4xR.o
 .group         0x00000000        0xc /tmp/cc8dv4xR.o
 .group         0x00000000        0xc /tmp/cc8dv4xR.o
 .group         0x00000000        0xc /tmp/cc8dv4xR.o
 .group         0x00000000        0xc /tmp/cc8dv4xR.o
 .group         0x00000000        0xc /tmp/cc8dv4xR.o
 .group         0x00000000        0xc /tmp/cc8dv4xR.o
 .group         0x00000000        0xc /tmp/cc8dv4xR.o
 .group         0x00000000        0xc /tmp/cc8dv4xR.o
 .group         0x00000000        0xc /tmp/cc8dv4xR.o
 .group         0x00000000        0xc /tmp/cc8dv4xR.o
 .group         0x00000000        0xc /tmp/cc8dv4xR.o
 .group         0x00000000        0xc /tmp/cc8dv4xR.o
 .text          0x00000000        0x0 /tmp/cc8dv4xR.o
 .data          0x00000000        0x0 /tmp/cc8dv4xR.o
 .bss           0x00000000        0x0 /tmp/cc8dv4xR.o
 .bss.counter   0x00000000        0x4 /tmp/cc8dv4xR.o
 .debug_macro   0x00000000      0xa9c /tmp/cc8dv4xR.o
 .debug_macro   0x00000000       0x22 /tmp/cc8dv4xR.o
 .debug_macro   0x00000000       0x54 /tmp/cc8dv4xR.o
 .debug_macro   0x00000000       0x24 /tmp/cc8dv4xR.o
 .debug_macro   0x00000000       0x94 /tmp/cc8dv4xR.o
 .debug_macro   0x00000000       0x43 /tmp/cc8dv4xR.o
 .debug_macro   0x00000000      0x103 /tmp/cc8dv4xR.o
 .debug_macro   0x00000000       0x3a /tmp/cc8dv4xR.o
 .debug_macro   0x00000000      0x34e /tmp/cc8dv4xR.o
 .debug_macro   0x00000000       0x89 /tmp/cc8dv4xR.o
 .debug_macro   0x00000000      0x379 /tmp/cc8dv4xR.o
 .debug_macro   0x00000000       0x22 /tmp/cc8dv4xR.o
 .debug_macro   0x00000000       0x16 /tmp/cc8dv4xR.o
 .debug_macro   0x00000000       0xa5 /tmp/cc8dv4xR.o
 .debug_macro   0x00000000       0x9b /tmp/cc8dv4xR.o
 .debug_macro   0x00000000       0x57 /tmp/cc8dv4xR.o
 .debug_macro   0x00000000      0x370 /tmp/cc8dv4xR.o
 .debug_macro   0x00000000       0x16 /tmp/cc8dv4xR.o
 .debug_macro   0x00000000       0x4a /tmp/cc8dv4xR.o
 .debug_macro   0x00000000       0x34 /tmp/cc8dv4xR.o
 .debug_macro   0x00000000       0x10 /tmp/cc8dv4xR.o
 .debug_macro   0x00000000       0x52 /tmp/cc8dv4xR.o
 .debug_macro   0x00000000       0x8e /tmp/cc8dv4xR.o
 .debug_macro   0x00000000       0x1c /tmp/cc8dv4xR.o
 .debug_macro   0x00000000      0x177 /tmp/cc8dv4xR.o
 .debug_macro   0x00000000       0x16 /tmp/cc8dv4xR.o
 .debug_macro   0x00000000       0x29 /tmp/cc8dv4xR.o
 .debug_macro   0x00000000       0xee /tmp/cc8dv4xR.o
 .debug_macro   0x00000000       0x58 /tmp/cc8dv4xR.o
 .group         0x00000000        0xc /tmp/cc6SOj6L.o
 .group         0x00000000        0xc /tmp/cc6SOj6L.o
 .group         0x00000000        0xc /tmp/cc6SOj6L.o
 .group         0x00000000        0xc /tmp/cc6SOj6L.o
 .group         0x00000000        0xc /tmp/cc6SOj6L.o
 .group         0x00000000        0xc /tmp/cc6SOj6L.o
 .group         0x00000000        0xc /tmp/cc6SOj6L.o
 .group         0x00000000        0xc /tmp/cc6SOj6L.o
 .group         0x00000000        0xc /tmp/cc6SOj6L.o
 .group         0x00000000        0xc /tmp/cc6SOj6L.o
 .group         0x00000000        0xc /tmp/cc6SOj6L.o
 .group         0x00000000        0xc /tmp/cc6SOj6L.o
 .group         0x00000000        0xc /tmp/cc6SOj6L.o
 .group         0x00000000        0xc /tmp/cc6SOj6L.o
 .group         0x00000000        0xc /tmp/cc6SOj6L.o
 .group         0x00000000        0xc /tmp/cc6SOj6L.o
 .group         0x00000000        0xc /tmp/cc6SOj6L.o
 .group         0x00000000        0xc /tmp/cc6SOj6L.o
 .group         0x00000000        0xc /tmp/cc6SOj6L.o
 .group         0x00000000        0xc /tmp/cc6SOj6L.o
 .group         0x00000000        0xc /tmp/cc6SOj6L.o
 .group         0x00000000        0xc /tmp/cc6SOj6L.o
 .group         0x00000000        0xc /tmp/cc6SOj6L.o
 .group         0x00000000        0xc /tmp/cc6SOj6L.o
 .group         0x00000000        0xc /tmp/cc6SOj6L.o
 .group         0x00000000        0xc /tmp/cc6SOj6L.o
 .group         0x00000000        0xc /tmp/cc6SOj6L.o
 .group         0x00000000        0xc /tmp/cc6SOj6L.o
 .text          0x00000000        0x0 /tmp/cc6SOj6L.o
 .data          0x00000000        0x0 /tmp/cc6SOj6L.o
 .bss           0x00000000        0x0 /tmp/cc6SOj6L.o
 .debug_macro   0x00000000      0xa9c /tmp/cc6SOj6L.o
 .debug_macro   0x00000000       0x24 /tmp/cc6SOj6L.o
 .debug_macro   0x00000000       0x22 /tmp/cc6SOj6L.o
 .debug_macro   0x00000000       0x54 /tmp/cc6SOj6L.o
 .debug_macro   0x00000000       0x94 /tmp/cc6SOj6L.o
 .debug_macro   0x00000000       0x43 /tmp/cc6SOj6L.o
 .debug_macro   0x00000000       0x34 /tmp/cc6SOj6L.o
 .debug_macro   0x00000000       0x16 /tmp/cc6SOj6L.o
 .debug_macro   0x00000000      0x11c /tmp/cc6SOj6L.o
 .debug_macro   0x00000000       0x9b /tmp/cc6SOj6L.o
 .debug_macro   0x00000000       0x57 /tmp/cc6SOj6L.o
 .debug_macro   0x00000000      0x370 /tmp/cc6SOj6L.o
 .debug_macro   0x00000000       0x16 /tmp/cc6SOj6L.o
 .debug_macro   0x00000000       0x4a /tmp/cc6SOj6L.o
 .debug_macro   0x00000000       0x34 /tmp/cc6SOj6L.o
 .debug_macro   0x00000000       0x10 /tmp/cc6SOj6L.o
 .debug_macro   0x00000000       0x52 /tmp/cc6SOj6L.o
 .debug_macro   0x00000000       0x8e /tmp/cc6SOj6L.o
 .debug_macro   0x00000000       0x1c /tmp/cc6SOj6L.o
 .debug_macro   0x00000000      0x177 /tmp/cc6SOj6L.o
 .debug_macro   0x00000000       0x16 /tmp/cc6SOj6L.o
 .debug_macro   0x00000000       0x29 /tmp/cc6SOj6L.o
 .debug_macro   0x00000000      0x103 /tmp/cc6SOj6L.o
 .debug_macro   0x00000000      0x34e /tmp/cc6SOj6L.o
 .debug_macro   0x00000000       0x3c /tmp/cc6SOj6L.o
 .debug_macro   0x00000000      0x379 /tmp/cc6SOj6L.o
 .debug_macro   0x00000000       0x22 /tmp/cc6SOj6L.o
 .debug_macro   0x00000000       0xee /tmp/cc6SOj6L.o
 .data          0x00000000        0x0 /usr/lib/gcc/arm-none-eabi/13.2.1/../../../arm-none-eabi/lib/thumb/v6-m/nofp/libc_nano.a(libc_a-memcpy-stub.o)
 .bss           0x00000000        0x0 /usr/lib/gcc/arm-none-eabi/13.2.1/../../../arm-none-eabi/lib/thumb/v6-m/nofp/libc_nano.a(libc_a-memcpy-stub.o)
 .data          0x00000000        0x0 /usr/lib/gcc/arm-none-eabi/13.2.1/thumb/v6-m/nofp/libgcc.a(_muldi3.o)
 .bss           0x00000000        0x0 /usr/lib/gcc/arm-none-eabi/13.2.1/thumb/v6-m/nofp/libgcc.a(_muldi3.o)

Memory Configuration

Name             Origin             Length             Attributes
flash            0x08000000         0x00080000         xr
sram             0x20000000         0x00024000         xrw
*default*        0x00000000         0xffffffff

Linker script and memory map

LOAD /tmp/ccu12fX3.o
LOAD /tmp/cczztKfJ.o
LOAD /tmp/ccxl09vM.o
LOAD /tmp/cc8dv4xR.o
LOAD /tmp/cc6SOj6L.o
LOAD /usr/lib/gcc/arm-none-eabi/13.2.1/../../../arm-none-eabi/lib/thumb/v6-m/nofp/libc_nano.a
LOAD /usr/lib/gcc/arm-none-eabi/13.2.1/thumb/v6-m/nofp/libgcc.a
                0x20024000                        _estack = (ORIGIN (sram) + LENGTH (sram))

.vectors        0x08000000       0xc0
 *(.vectors)
 .vectors       0x08000000       0xc0 /tmp/cczztKfJ.o
                0x08000000                tab

.text           0x080000c0     0x1878
 *(.text*)
 .text.init_clock
                0x080000c0       0x38 /tmp/ccu12fX3.o
 .text.systick_init
                0x080000f8       0x4c /tmp/ccu12fX3.o
 .text.PA2_out_init
                0x08000144       0x4c /tmp/ccu12fX3.o
 .text.PB4_out_init
                0x08000190       0x88 /tmp/ccu12fX3.o
 .text.INA228_Read_Values
                0x08000218      0x404 /tmp/ccu12fX3.o
                0x08000218                INA228_Read_Values
 .text.main     0x0800061c       0xe4 /tmp/ccu12fX3.o
                0x0800061c                main
 .text.SysTick_IRQHandler
                0x08000700       0x28 /tmp/ccu12fX3.o
                0x08000700                SysTick_IRQHandler
 .text.TIM16_FDCAN_IT0_IRQHandler
                0x08000728      0x234 /tmp/ccu12fX3.o
                0x08000728                TIM16_FDCAN_IT0_IRQHandler
 .text._reset   0x0800095c       0x44 /tmp/cczztKfJ.o
                0x0800095c                _reset
 .text.TIM17_FDCAN_IT1_IRQHandler
                0x080009a0        0x8 /tmp/cczztKfJ.o
                0x080009a0                TIM17_FDCAN_IT1_IRQHandler
 .text.USART1_IRQHandler
                0x080009a8        0x8 /tmp/cczztKfJ.o
                0x080009a8                USART1_IRQHandler
 .text.USART2_IRQHandler
                0x080009b0        0x8 /tmp/cczztKfJ.o
                0x080009b0                USART2_IRQHandler
 .text.I2C1_Init
                0x080009b8      0x12c /tmp/ccxl09vM.o
                0x080009b8                I2C1_Init
 .text.I2C1_Write
                0x08000ae4      0x17c /tmp/ccxl09vM.o
                0x08000ae4                I2C1_Write
 .text.I2C1_ReadReg
                0x08000c60      0x1b4 /tmp/ccxl09vM.o
                0x08000c60                I2C1_ReadReg
 .text.INA228_Init
                0x08000e14       0x80 /tmp/cc8dv4xR.o
                0x08000e14                INA228_Init
 .text.INA228_ReadRegister
                0x08000e94       0x3c /tmp/cc8dv4xR.o
                0x08000e94                INA228_ReadRegister
 .text.INA228_WriteRegister
                0x08000ed0       0x4c /tmp/cc8dv4xR.o
                0x08000ed0                INA228_WriteRegister
 .text.INA228_SetShuntTempco
                0x08000f1c       0x2a /tmp/cc8dv4xR.o
                0x08000f1c                INA228_SetShuntTempco
 .text.INA228_ReadVBUS
                0x08000f46       0xa6 /tmp/cc8dv4xR.o
                0x08000f46                INA228_ReadVBUS
 .text.INA228_ReadCurr
                0x08000fec       0x84 /tmp/cc8dv4xR.o
                0x08000fec                INA228_ReadCurr
 .text.INA228_ReadShuntV
                0x08001070       0x94 /tmp/cc8dv4xR.o
                0x08001070                INA228_ReadShuntV
 .text.INA228_ReadPower
                0x08001104       0x50 /tmp/cc8dv4xR.o
                0x08001104                INA228_ReadPower
 .text.INA228_ReadEnergy
                0x08001154      0x12a /tmp/cc8dv4xR.o
                0x08001154                INA228_ReadEnergy
 .text.INA228_ReadTemp
                0x0800127e       0x70 /tmp/cc8dv4xR.o
                0x0800127e                INA228_ReadTemp
 .text.INA228_ReadManufacturerID
                0x080012ee       0x56 /tmp/cc8dv4xR.o
                0x080012ee                INA228_ReadManufacturerID
 .text.INA228_ReadDieID
                0x08001344       0x56 /tmp/cc8dv4xR.o
                0x08001344                INA228_ReadDieID
 .text.INA228_ReadCharge
                0x0800139a      0x12a /tmp/cc8dv4xR.o
                0x0800139a                INA228_ReadCharge
 .text.Can_Init
                0x080014c4      0x224 /tmp/cc6SOj6L.o
                0x080014c4                Can_Init
 .text.Init_FDCAN_INA228_Message
                0x080016e8       0xa0 /tmp/cc6SOj6L.o
                0x080016e8                Init_FDCAN_INA228_Message
 .text.FDCAN2_Send_Std_CAN_Message
                0x08001788       0xc8 /tmp/cc6SOj6L.o
                0x08001788                FDCAN2_Send_Std_CAN_Message
 .text          0x08001850       0x8c /usr/lib/gcc/arm-none-eabi/13.2.1/../../../arm-none-eabi/lib/thumb/v6-m/nofp/libc_nano.a(libc_a-memcpy-stub.o)
                0x08001850                memcpy
 .text          0x080018dc       0x5c /usr/lib/gcc/arm-none-eabi/13.2.1/thumb/v6-m/nofp/libgcc.a(_muldi3.o)
                0x080018dc                __aeabi_lmul
                0x080018dc                __muldi3

.glue_7         0x08001938        0x0
 .glue_7        0x08001938        0x0 linker stubs

.glue_7t        0x08001938        0x0
 .glue_7t       0x08001938        0x0 linker stubs

.vfp11_veneer   0x08001938        0x0
 .vfp11_veneer  0x08001938        0x0 linker stubs

.v4_bx          0x08001938        0x0
 .v4_bx         0x08001938        0x0 linker stubs

.iplt           0x08001938        0x0
 .iplt          0x08001938        0x0 /tmp/ccu12fX3.o

.rel.dyn        0x08001938        0x0
 .rel.iplt      0x08001938        0x0 /tmp/ccu12fX3.o

.rodata
 *(.rodata*)

.data           0x20000000        0x4 load address 0x08001938
                0x20000000                        _sdata = .
 *(.first_data)
 *(.data SORT_BY_NAME(.data.*))
 .data.timeout  0x20000000        0x4 /tmp/ccxl09vM.o
                0x20000000                timeout
                0x20000004                        _edata = .
                0x08001938                        _sidata = LOADADDR (.data)

.igot.plt       0x20000004        0x0 load address 0x0800193c
 .igot.plt      0x20000004        0x0 /tmp/ccu12fX3.o

.bss            0x20000008      0x326 load address 0x0800193c
                0x20000008                        _sbss = .
 *(.bss SORT_BY_NAME(.bss.*) COMMON)
 .bss.CAN_TxError
                0x20000008        0x1 /tmp/ccu12fX3.o
                0x20000008                CAN_TxError
 *fill*         0x20000009        0x3 
 .bss.HostCommand
                0x2000000c        0x8 /tmp/ccu12fX3.o
                0x2000000c                HostCommand
 .bss.HostStatus
                0x20000014        0x8 /tmp/ccu12fX3.o
                0x20000014                HostStatus
 *fill*         0x2000001c        0x4 
 .bss.INA228_Charge_Coulombs
                0x20000020        0x8 /tmp/ccu12fX3.o
                0x20000020                INA228_Charge_Coulombs
 .bss.INA228_Current_mA
                0x20000028        0x4 /tmp/ccu12fX3.o
                0x20000028                INA228_Current_mA
 .bss.INA228_DieID
                0x2000002c        0x2 /tmp/ccu12fX3.o
                0x2000002c                INA228_DieID
 *fill*         0x2000002e        0x2 
 .bss.INA228_Energy_Joule
                0x20000030        0x8 /tmp/ccu12fX3.o
                0x20000030                INA228_Energy_Joule
 .bss.INA228_ManufacturerID
                0x20000038        0x2 /tmp/ccu12fX3.o
                0x20000038                INA228_ManufacturerID
 *fill*         0x2000003a        0x2 
 .bss.INA228_Power_mW
                0x2000003c        0x4 /tmp/ccu12fX3.o
                0x2000003c                INA228_Power_mW
 .bss.INA228_ShuntVltg
                0x20000040        0x4 /tmp/ccu12fX3.o
                0x20000040                INA228_ShuntVltg
 .bss.INA228_Temp
                0x20000044        0x2 /tmp/ccu12fX3.o
                0x20000044                INA228_Temp
 .bss.INA228_vbus
                0x20000046        0x2 /tmp/ccu12fX3.o
                0x20000046                INA228_vbus
 .bss.TxFrames  0x20000048      0x288 /tmp/ccu12fX3.o
                0x20000048                TxFrames
 .bss.counter_loop
                0x200002d0        0x4 /tmp/cc6SOj6L.o
                0x200002d0                counter_loop
 .bss.msg_counter
                0x200002d4        0x1 /tmp/ccu12fX3.o
                0x200002d4                msg_counter
 *fill*         0x200002d5        0x3 
 .bss.one_sec_tick
                0x200002d8        0x4 /tmp/ccu12fX3.o
                0x200002d8                one_sec_tick
 .bss.previous_tec_value
                0x200002dc        0x4 /tmp/ccu12fX3.o
                0x200002dc                previous_tec_value
 .bss.rx_flag   0x200002e0        0x1 /tmp/ccu12fX3.o
                0x200002e0                rx_flag
 *fill*         0x200002e1        0x3 
 .bss.rx_temp   0x200002e4       0x48 /tmp/ccu12fX3.o
                0x200002e4                rx_temp
 .bss.x         0x2000032c        0x1 /tmp/ccu12fX3.o
                0x2000032c                x
 .bss.y         0x2000032d        0x1 /tmp/ccu12fX3.o
                0x2000032d                y
                0x2000032e                        _ebss = .
                0x20000330                        . = ALIGN (0x8)
                0x20000330                        _end = .
OUTPUT(firmware.elf elf32-littlearm)
LOAD linker stubs

.debug_info     0x00000000     0x21f2
 .debug_info    0x00000000      0xab5 /tmp/ccu12fX3.o
 .debug_info    0x00000ab5      0x194 /tmp/cczztKfJ.o
 .debug_info    0x00000c49      0x415 /tmp/ccxl09vM.o
 .debug_info    0x0000105e      0x531 /tmp/cc8dv4xR.o
 .debug_info    0x0000158f      0x6f1 /tmp/cc6SOj6L.o
 .debug_info    0x00001c80      0x152 /usr/lib/gcc/arm-none-eabi/13.2.1/../../../arm-none-eabi/lib/thumb/v6-m/nofp/libc_nano.a(libc_a-memcpy-stub.o)
 .debug_info    0x00001dd2      0x420 /usr/lib/gcc/arm-none-eabi/13.2.1/thumb/v6-m/nofp/libgcc.a(_muldi3.o)

.debug_abbrev   0x00000000      0x913
 .debug_abbrev  0x00000000      0x215 /tmp/ccu12fX3.o
 .debug_abbrev  0x00000215      0x105 /tmp/cczztKfJ.o
 .debug_abbrev  0x0000031a      0x139 /tmp/ccxl09vM.o
 .debug_abbrev  0x00000453      0x117 /tmp/cc8dv4xR.o
 .debug_abbrev  0x0000056a      0x18d /tmp/cc6SOj6L.o
 .debug_abbrev  0x000006f7       0xca /usr/lib/gcc/arm-none-eabi/13.2.1/../../../arm-none-eabi/lib/thumb/v6-m/nofp/libc_nano.a(libc_a-memcpy-stub.o)
 .debug_abbrev  0x000007c1      0x152 /usr/lib/gcc/arm-none-eabi/13.2.1/thumb/v6-m/nofp/libgcc.a(_muldi3.o)

.debug_aranges  0x00000000      0x1c0
 .debug_aranges
                0x00000000       0x58 /tmp/ccu12fX3.o
 .debug_aranges
                0x00000058       0x48 /tmp/cczztKfJ.o
 .debug_aranges
                0x000000a0       0x30 /tmp/ccxl09vM.o
 .debug_aranges
                0x000000d0       0x80 /tmp/cc8dv4xR.o
 .debug_aranges
                0x00000150       0x30 /tmp/cc6SOj6L.o
 .debug_aranges
                0x00000180       0x20 /usr/lib/gcc/arm-none-eabi/13.2.1/../../../arm-none-eabi/lib/thumb/v6-m/nofp/libc_nano.a(libc_a-memcpy-stub.o)
 .debug_aranges
                0x000001a0       0x20 /usr/lib/gcc/arm-none-eabi/13.2.1/thumb/v6-m/nofp/libgcc.a(_muldi3.o)

.debug_rnglists
                0x00000000      0x139
 .debug_rnglists
                0x00000000       0x41 /tmp/ccu12fX3.o
 .debug_rnglists
                0x00000041       0x31 /tmp/cczztKfJ.o
 .debug_rnglists
                0x00000072       0x22 /tmp/ccxl09vM.o
 .debug_rnglists
                0x00000094       0x61 /tmp/cc8dv4xR.o
 .debug_rnglists
                0x000000f5       0x22 /tmp/cc6SOj6L.o
 .debug_rnglists
                0x00000117       0x22 /usr/lib/gcc/arm-none-eabi/13.2.1/thumb/v6-m/nofp/libgcc.a(_muldi3.o)

.debug_macro    0x00000000     0x29de
 .debug_macro   0x00000000      0x1a7 /tmp/ccu12fX3.o
 .debug_macro   0x000001a7      0xa9c /tmp/ccu12fX3.o
 .debug_macro   0x00000c43       0x22 /tmp/ccu12fX3.o
 .debug_macro   0x00000c65       0x54 /tmp/ccu12fX3.o
 .debug_macro   0x00000cb9       0x24 /tmp/ccu12fX3.o
 .debug_macro   0x00000cdd       0x94 /tmp/ccu12fX3.o
 .debug_macro   0x00000d71       0x43 /tmp/ccu12fX3.o
 .debug_macro   0x00000db4      0x103 /tmp/ccu12fX3.o
 .debug_macro   0x00000eb7       0x3a /tmp/ccu12fX3.o
 .debug_macro   0x00000ef1      0x34e /tmp/ccu12fX3.o
 .debug_macro   0x0000123f       0x89 /tmp/ccu12fX3.o
 .debug_macro   0x000012c8      0x379 /tmp/ccu12fX3.o
 .debug_macro   0x00001641       0x22 /tmp/ccu12fX3.o
 .debug_macro   0x00001663       0x16 /tmp/ccu12fX3.o
 .debug_macro   0x00001679       0xa5 /tmp/ccu12fX3.o
 .debug_macro   0x0000171e       0x9b /tmp/ccu12fX3.o
 .debug_macro   0x000017b9       0x57 /tmp/ccu12fX3.o
 .debug_macro   0x00001810      0x370 /tmp/ccu12fX3.o
 .debug_macro   0x00001b80       0x16 /tmp/ccu12fX3.o
 .debug_macro   0x00001b96       0x4a /tmp/ccu12fX3.o
 .debug_macro   0x00001be0       0x34 /tmp/ccu12fX3.o
 .debug_macro   0x00001c14       0x10 /tmp/ccu12fX3.o
 .debug_macro   0x00001c24       0x52 /tmp/ccu12fX3.o
 .debug_macro   0x00001c76       0x8e /tmp/ccu12fX3.o
 .debug_macro   0x00001d04       0x1c /tmp/ccu12fX3.o
 .debug_macro   0x00001d20      0x177 /tmp/ccu12fX3.o
 .debug_macro   0x00001e97       0x16 /tmp/ccu12fX3.o
 .debug_macro   0x00001ead       0x29 /tmp/ccu12fX3.o
 .debug_macro   0x00001ed6       0x16 /tmp/ccu12fX3.o
 .debug_macro   0x00001eec       0x3c /tmp/ccu12fX3.o
 .debug_macro   0x00001f28       0xee /tmp/ccu12fX3.o
 .debug_macro   0x00002016       0x5e /tmp/ccu12fX3.o
 .debug_macro   0x00002074       0x1a /tmp/cczztKfJ.o
 .debug_macro   0x0000208e      0x164 /tmp/ccxl09vM.o
 .debug_macro   0x000021f2       0x34 /tmp/ccxl09vM.o
 .debug_macro   0x00002226      0x11c /tmp/ccxl09vM.o
 .debug_macro   0x00002342      0x379 /tmp/ccxl09vM.o
 .debug_macro   0x000026bb       0x58 /tmp/ccxl09vM.o
 .debug_macro   0x00002713      0x168 /tmp/cc8dv4xR.o
 .debug_macro   0x0000287b      0x163 /tmp/cc6SOj6L.o

.debug_line     0x00000000     0x1a1f
 .debug_line    0x00000000      0x705 /tmp/ccu12fX3.o
 .debug_line    0x00000705      0x126 /tmp/cczztKfJ.o
 .debug_line    0x0000082b      0x50c /tmp/ccxl09vM.o
 .debug_line    0x00000d37      0x5f9 /tmp/cc8dv4xR.o
 .debug_line    0x00001330      0x3e9 /tmp/cc6SOj6L.o
 .debug_line    0x00001719      0x1e7 /usr/lib/gcc/arm-none-eabi/13.2.1/../../../arm-none-eabi/lib/thumb/v6-m/nofp/libc_nano.a(libc_a-memcpy-stub.o)
 .debug_line    0x00001900      0x11f /usr/lib/gcc/arm-none-eabi/13.2.1/thumb/v6-m/nofp/libgcc.a(_muldi3.o)

.debug_str      0x00000000     0x95b5
 .debug_str     0x00000000     0x95b5 /tmp/ccu12fX3.o
                               0x8ded (size before relaxing)
 .debug_str     0x000095b5     0x3866 /tmp/cczztKfJ.o
 .debug_str     0x000095b5     0x8a09 /tmp/ccxl09vM.o
 .debug_str     0x000095b5     0x8b2e /tmp/cc8dv4xR.o
 .debug_str     0x000095b5     0x89cb /tmp/cc6SOj6L.o
 .debug_str     0x000095b5      0x1c3 /usr/lib/gcc/arm-none-eabi/13.2.1/../../../arm-none-eabi/lib/thumb/v6-m/nofp/libc_nano.a(libc_a-memcpy-stub.o)
 .debug_str     0x000095b5      0x66a /usr/lib/gcc/arm-none-eabi/13.2.1/thumb/v6-m/nofp/libgcc.a(_muldi3.o)

.comment        0x00000000       0x26
 .comment       0x00000000       0x26 /tmp/ccu12fX3.o
                                 0x27 (size before relaxing)
 .comment       0x00000026       0x27 /tmp/cczztKfJ.o
 .comment       0x00000026       0x27 /tmp/ccxl09vM.o
 .comment       0x00000026       0x27 /tmp/cc8dv4xR.o
 .comment       0x00000026       0x27 /tmp/cc6SOj6L.o
 .comment       0x00000026       0x27 /usr/lib/gcc/arm-none-eabi/13.2.1/../../../arm-none-eabi/lib/thumb/v6-m/nofp/libc_nano.a(libc_a-memcpy-stub.o)
 .comment       0x00000026       0x27 /usr/lib/gcc/arm-none-eabi/13.2.1/thumb/v6-m/nofp/libgcc.a(_muldi3.o)

.ARM.attributes
                0x00000000       0x2c
 .ARM.attributes
                0x00000000       0x2c /tmp/ccu12fX3.o
 .ARM.attributes
                0x0000002c       0x2c /tmp/cczztKfJ.o
 .ARM.attributes
                0x00000058       0x2c /tmp/ccxl09vM.o
 .ARM.attributes
                0x00000084       0x2c /tmp/cc8dv4xR.o
 .ARM.attributes
                0x000000b0       0x2c /tmp/cc6SOj6L.o
 .ARM.attributes
                0x000000dc       0x2c /usr/lib/gcc/arm-none-eabi/13.2.1/../../../arm-none-eabi/lib/thumb/v6-m/nofp/libc_nano.a(libc_a-memcpy-stub.o)
 .ARM.attributes
                0x00000108       0x2c /usr/lib/gcc/arm-none-eabi/13.2.1/thumb/v6-m/nofp/libgcc.a(_muldi3.o)

.debug_frame    0x00000000      0x4b0
 .debug_frame   0x00000000      0x104 /tmp/ccu12fX3.o
 .debug_frame   0x00000104       0xac /tmp/cczztKfJ.o
 .debug_frame   0x000001b0       0x6c /tmp/ccxl09vM.o
 .debug_frame   0x0000021c      0x1c0 /tmp/cc8dv4xR.o
 .debug_frame   0x000003dc       0x70 /tmp/cc6SOj6L.o
 .debug_frame   0x0000044c       0x30 /usr/lib/gcc/arm-none-eabi/13.2.1/../../../arm-none-eabi/lib/thumb/v6-m/nofp/libc_nano.a(libc_a-memcpy-stub.o)
 .debug_frame   0x0000047c       0x34 /usr/lib/gcc/arm-none-eabi/13.2.1/thumb/v6-m/nofp/libgcc.a(_muldi3.o)

.debug_loclists
                0x00000000      0x403
 .debug_loclists
                0x00000000      0x2c7 /usr/lib/gcc/arm-none-eabi/13.2.1/../../../arm-none-eabi/lib/thumb/v6-m/nofp/libc_nano.a(libc_a-memcpy-stub.o)
 .debug_loclists
                0x000002c7      0x13c /usr/lib/gcc/arm-none-eabi/13.2.1/thumb/v6-m/nofp/libgcc.a(_muldi3.o)
