Archive member included to satisfy reference by file (symbol)

/usr/lib/gcc/arm-none-eabi/13.2.1/../../../arm-none-eabi/lib/thumb/v7e-m+dp/hard/libc_nano.a(libc_a-memcpy.o)
                              /tmp/cchEzIQY.o (memcpy)
/usr/lib/gcc/arm-none-eabi/13.2.1/thumb/v7e-m+dp/hard/libgcc.a(_arm_addsubdf3.o)
                              /tmp/ccisJMmU.o (__aeabi_ul2d)
/usr/lib/gcc/arm-none-eabi/13.2.1/thumb/v7e-m+dp/hard/libgcc.a(_aeabi_ldivmod.o)
                              /tmp/ccisJMmU.o (__aeabi_ldivmod)
/usr/lib/gcc/arm-none-eabi/13.2.1/thumb/v7e-m+dp/hard/libgcc.a(_udivmoddi4.o)
                              /usr/lib/gcc/arm-none-eabi/13.2.1/thumb/v7e-m+dp/hard/libgcc.a(_aeabi_ldivmod.o) (__udivmoddi4)
/usr/lib/gcc/arm-none-eabi/13.2.1/thumb/v7e-m+dp/hard/libgcc.a(_dvmd_tls.o)
                              /usr/lib/gcc/arm-none-eabi/13.2.1/thumb/v7e-m+dp/hard/libgcc.a(_aeabi_ldivmod.o) (__aeabi_ldiv0)

Discarded input sections

 .group         0x00000000        0xc /tmp/cc12lHb3.o
 .group         0x00000000        0xc /tmp/cc12lHb3.o
 .group         0x00000000        0xc /tmp/cc12lHb3.o
 .group         0x00000000        0xc /tmp/cc12lHb3.o
 .group         0x00000000        0xc /tmp/cc12lHb3.o
 .group         0x00000000        0xc /tmp/cc12lHb3.o
 .group         0x00000000        0xc /tmp/cc12lHb3.o
 .group         0x00000000        0xc /tmp/cc12lHb3.o
 .group         0x00000000        0xc /tmp/cc12lHb3.o
 .group         0x00000000        0xc /tmp/cc12lHb3.o
 .group         0x00000000        0xc /tmp/cc12lHb3.o
 .group         0x00000000        0xc /tmp/cc12lHb3.o
 .group         0x00000000        0xc /tmp/cc12lHb3.o
 .group         0x00000000        0xc /tmp/cc12lHb3.o
 .group         0x00000000        0xc /tmp/cc12lHb3.o
 .group         0x00000000        0xc /tmp/cc12lHb3.o
 .group         0x00000000        0xc /tmp/cc12lHb3.o
 .group         0x00000000        0xc /tmp/cc12lHb3.o
 .group         0x00000000        0xc /tmp/cc12lHb3.o
 .group         0x00000000        0xc /tmp/cc12lHb3.o
 .group         0x00000000        0xc /tmp/cc12lHb3.o
 .group         0x00000000        0xc /tmp/cc12lHb3.o
 .group         0x00000000        0xc /tmp/cc12lHb3.o
 .group         0x00000000        0xc /tmp/cc12lHb3.o
 .group         0x00000000        0xc /tmp/cc12lHb3.o
 .group         0x00000000        0xc /tmp/cc12lHb3.o
 .group         0x00000000        0xc /tmp/cc12lHb3.o
 .group         0x00000000        0xc /tmp/cc12lHb3.o
 .group         0x00000000        0xc /tmp/cc12lHb3.o
 .group         0x00000000        0xc /tmp/cc12lHb3.o
 .text          0x00000000        0x0 /tmp/cc12lHb3.o
 .data          0x00000000        0x0 /tmp/cc12lHb3.o
 .bss           0x00000000        0x0 /tmp/cc12lHb3.o
 .bss.temp      0x00000000       0x40 /tmp/cc12lHb3.o
 .group         0x00000000        0xc /tmp/cc8sFQxi.o
 .group         0x00000000        0xc /tmp/cc8sFQxi.o
 .text          0x00000000        0x0 /tmp/cc8sFQxi.o
 .data          0x00000000        0x0 /tmp/cc8sFQxi.o
 .bss           0x00000000        0x0 /tmp/cc8sFQxi.o
 .text.SysTick_IRQHandler
                0x00000000        0x8 /tmp/cc8sFQxi.o
 .text.FDCAN1_IT0_IRQHandler
                0x00000000        0x8 /tmp/cc8sFQxi.o
 .debug_macro   0x00000000      0xade /tmp/cc8sFQxi.o
 .debug_macro   0x00000000      0x34e /tmp/cc8sFQxi.o
 .group         0x00000000        0xc /tmp/ccxuDoiT.o
 .group         0x00000000        0xc /tmp/ccxuDoiT.o
 .group         0x00000000        0xc /tmp/ccxuDoiT.o
 .group         0x00000000        0xc /tmp/ccxuDoiT.o
 .group         0x00000000        0xc /tmp/ccxuDoiT.o
 .group         0x00000000        0xc /tmp/ccxuDoiT.o
 .group         0x00000000        0xc /tmp/ccxuDoiT.o
 .group         0x00000000        0xc /tmp/ccxuDoiT.o
 .group         0x00000000        0xc /tmp/ccxuDoiT.o
 .group         0x00000000        0xc /tmp/ccxuDoiT.o
 .group         0x00000000        0xc /tmp/ccxuDoiT.o
 .group         0x00000000        0xc /tmp/ccxuDoiT.o
 .group         0x00000000        0xc /tmp/ccxuDoiT.o
 .group         0x00000000        0xc /tmp/ccxuDoiT.o
 .group         0x00000000        0xc /tmp/ccxuDoiT.o
 .group         0x00000000        0xc /tmp/ccxuDoiT.o
 .group         0x00000000        0xc /tmp/ccxuDoiT.o
 .group         0x00000000        0xc /tmp/ccxuDoiT.o
 .group         0x00000000        0xc /tmp/ccxuDoiT.o
 .group         0x00000000        0xc /tmp/ccxuDoiT.o
 .group         0x00000000        0xc /tmp/ccxuDoiT.o
 .group         0x00000000        0xc /tmp/ccxuDoiT.o
 .group         0x00000000        0xc /tmp/ccxuDoiT.o
 .group         0x00000000        0xc /tmp/ccxuDoiT.o
 .group         0x00000000        0xc /tmp/ccxuDoiT.o
 .group         0x00000000        0xc /tmp/ccxuDoiT.o
 .group         0x00000000        0xc /tmp/ccxuDoiT.o
 .group         0x00000000        0xc /tmp/ccxuDoiT.o
 .text          0x00000000        0x0 /tmp/ccxuDoiT.o
 .data          0x00000000        0x0 /tmp/ccxuDoiT.o
 .bss           0x00000000        0x0 /tmp/ccxuDoiT.o
 .debug_macro   0x00000000      0xade /tmp/ccxuDoiT.o
 .debug_macro   0x00000000       0x29 /tmp/ccxuDoiT.o
 .debug_macro   0x00000000       0x22 /tmp/ccxuDoiT.o
 .debug_macro   0x00000000       0x54 /tmp/ccxuDoiT.o
 .debug_macro   0x00000000       0x94 /tmp/ccxuDoiT.o
 .debug_macro   0x00000000       0x43 /tmp/ccxuDoiT.o
 .debug_macro   0x00000000       0x16 /tmp/ccxuDoiT.o
 .debug_macro   0x00000000       0x9b /tmp/ccxuDoiT.o
 .debug_macro   0x00000000       0x57 /tmp/ccxuDoiT.o
 .debug_macro   0x00000000      0x370 /tmp/ccxuDoiT.o
 .debug_macro   0x00000000       0x16 /tmp/ccxuDoiT.o
 .debug_macro   0x00000000       0x4a /tmp/ccxuDoiT.o
 .debug_macro   0x00000000       0x34 /tmp/ccxuDoiT.o
 .debug_macro   0x00000000       0x10 /tmp/ccxuDoiT.o
 .debug_macro   0x00000000       0x52 /tmp/ccxuDoiT.o
 .debug_macro   0x00000000       0x8e /tmp/ccxuDoiT.o
 .debug_macro   0x00000000       0x1c /tmp/ccxuDoiT.o
 .debug_macro   0x00000000      0x177 /tmp/ccxuDoiT.o
 .debug_macro   0x00000000       0x16 /tmp/ccxuDoiT.o
 .debug_macro   0x00000000       0x29 /tmp/ccxuDoiT.o
 .debug_macro   0x00000000      0x103 /tmp/ccxuDoiT.o
 .debug_macro   0x00000000      0x34e /tmp/ccxuDoiT.o
 .debug_macro   0x00000000       0x3c /tmp/ccxuDoiT.o
 .debug_macro   0x00000000       0x22 /tmp/ccxuDoiT.o
 .debug_macro   0x00000000      0x14a /tmp/ccxuDoiT.o
 .group         0x00000000        0xc /tmp/ccjr2EQ0.o
 .group         0x00000000        0xc /tmp/ccjr2EQ0.o
 .group         0x00000000        0xc /tmp/ccjr2EQ0.o
 .group         0x00000000        0xc /tmp/ccjr2EQ0.o
 .group         0x00000000        0xc /tmp/ccjr2EQ0.o
 .group         0x00000000        0xc /tmp/ccjr2EQ0.o
 .group         0x00000000        0xc /tmp/ccjr2EQ0.o
 .group         0x00000000        0xc /tmp/ccjr2EQ0.o
 .group         0x00000000        0xc /tmp/ccjr2EQ0.o
 .group         0x00000000        0xc /tmp/ccjr2EQ0.o
 .group         0x00000000        0xc /tmp/ccjr2EQ0.o
 .group         0x00000000        0xc /tmp/ccjr2EQ0.o
 .group         0x00000000        0xc /tmp/ccjr2EQ0.o
 .group         0x00000000        0xc /tmp/ccjr2EQ0.o
 .group         0x00000000        0xc /tmp/ccjr2EQ0.o
 .group         0x00000000        0xc /tmp/ccjr2EQ0.o
 .group         0x00000000        0xc /tmp/ccjr2EQ0.o
 .group         0x00000000        0xc /tmp/ccjr2EQ0.o
 .group         0x00000000        0xc /tmp/ccjr2EQ0.o
 .group         0x00000000        0xc /tmp/ccjr2EQ0.o
 .group         0x00000000        0xc /tmp/ccjr2EQ0.o
 .group         0x00000000        0xc /tmp/ccjr2EQ0.o
 .group         0x00000000        0xc /tmp/ccjr2EQ0.o
 .group         0x00000000        0xc /tmp/ccjr2EQ0.o
 .group         0x00000000        0xc /tmp/ccjr2EQ0.o
 .group         0x00000000        0xc /tmp/ccjr2EQ0.o
 .group         0x00000000        0xc /tmp/ccjr2EQ0.o
 .group         0x00000000        0xc /tmp/ccjr2EQ0.o
 .group         0x00000000        0xc /tmp/ccjr2EQ0.o
 .group         0x00000000        0xc /tmp/ccjr2EQ0.o
 .text          0x00000000        0x0 /tmp/ccjr2EQ0.o
 .data          0x00000000        0x0 /tmp/ccjr2EQ0.o
 .bss           0x00000000        0x0 /tmp/ccjr2EQ0.o
 .data.chargevoltage
                0x00000000        0x2 /tmp/ccjr2EQ0.o
 .data.chargecurrent
                0x00000000        0x2 /tmp/ccjr2EQ0.o
 .data.disvoltage
                0x00000000        0x2 /tmp/ccjr2EQ0.o
 .data.discurrent
                0x00000000        0x2 /tmp/ccjr2EQ0.o
 .bss.mes       0x00000000        0x8 /tmp/ccjr2EQ0.o
 .data.bmsname  0x00000000        0x8 /tmp/ccjr2EQ0.o
 .data.bmsmanu  0x00000000        0x8 /tmp/ccjr2EQ0.o
 .data.SOC      0x00000000        0x4 /tmp/ccjr2EQ0.o
 .data.PackVoltage
                0x00000000        0x8 /tmp/ccjr2EQ0.o
 .data.AvgTemperature
                0x00000000        0x4 /tmp/ccjr2EQ0.o
 .bss.currentact
                0x00000000        0x2 /tmp/ccjr2EQ0.o
 .debug_macro   0x00000000      0xade /tmp/ccjr2EQ0.o
 .debug_macro   0x00000000       0x22 /tmp/ccjr2EQ0.o
 .debug_macro   0x00000000       0x54 /tmp/ccjr2EQ0.o
 .debug_macro   0x00000000       0x29 /tmp/ccjr2EQ0.o
 .debug_macro   0x00000000       0x94 /tmp/ccjr2EQ0.o
 .debug_macro   0x00000000       0x43 /tmp/ccjr2EQ0.o
 .debug_macro   0x00000000      0x103 /tmp/ccjr2EQ0.o
 .debug_macro   0x00000000       0x3a /tmp/ccjr2EQ0.o
 .debug_macro   0x00000000      0x34e /tmp/ccjr2EQ0.o
 .debug_macro   0x00000000       0x89 /tmp/ccjr2EQ0.o
 .debug_macro   0x00000000      0x379 /tmp/ccjr2EQ0.o
 .debug_macro   0x00000000       0x16 /tmp/ccjr2EQ0.o
 .debug_macro   0x00000000       0xa5 /tmp/ccjr2EQ0.o
 .debug_macro   0x00000000       0x9b /tmp/ccjr2EQ0.o
 .debug_macro   0x00000000       0x57 /tmp/ccjr2EQ0.o
 .debug_macro   0x00000000      0x370 /tmp/ccjr2EQ0.o
 .debug_macro   0x00000000       0x16 /tmp/ccjr2EQ0.o
 .debug_macro   0x00000000       0x4a /tmp/ccjr2EQ0.o
 .debug_macro   0x00000000       0x34 /tmp/ccjr2EQ0.o
 .debug_macro   0x00000000       0x10 /tmp/ccjr2EQ0.o
 .debug_macro   0x00000000       0x52 /tmp/ccjr2EQ0.o
 .debug_macro   0x00000000       0x8e /tmp/ccjr2EQ0.o
 .debug_macro   0x00000000       0x1c /tmp/ccjr2EQ0.o
 .debug_macro   0x00000000      0x177 /tmp/ccjr2EQ0.o
 .debug_macro   0x00000000       0x16 /tmp/ccjr2EQ0.o
 .debug_macro   0x00000000       0x29 /tmp/ccjr2EQ0.o
 .debug_macro   0x00000000       0x22 /tmp/ccjr2EQ0.o
 .debug_macro   0x00000000       0x16 /tmp/ccjr2EQ0.o
 .debug_macro   0x00000000       0x3c /tmp/ccjr2EQ0.o
 .debug_macro   0x00000000      0x14a /tmp/ccjr2EQ0.o
 .group         0x00000000        0xc /tmp/cchEzIQY.o
 .group         0x00000000        0xc /tmp/cchEzIQY.o
 .group         0x00000000        0xc /tmp/cchEzIQY.o
 .group         0x00000000        0xc /tmp/cchEzIQY.o
 .group         0x00000000        0xc /tmp/cchEzIQY.o
 .group         0x00000000        0xc /tmp/cchEzIQY.o
 .group         0x00000000        0xc /tmp/cchEzIQY.o
 .group         0x00000000        0xc /tmp/cchEzIQY.o
 .group         0x00000000        0xc /tmp/cchEzIQY.o
 .group         0x00000000        0xc /tmp/cchEzIQY.o
 .group         0x00000000        0xc /tmp/cchEzIQY.o
 .group         0x00000000        0xc /tmp/cchEzIQY.o
 .group         0x00000000        0xc /tmp/cchEzIQY.o
 .group         0x00000000        0xc /tmp/cchEzIQY.o
 .group         0x00000000        0xc /tmp/cchEzIQY.o
 .group         0x00000000        0xc /tmp/cchEzIQY.o
 .group         0x00000000        0xc /tmp/cchEzIQY.o
 .group         0x00000000        0xc /tmp/cchEzIQY.o
 .group         0x00000000        0xc /tmp/cchEzIQY.o
 .group         0x00000000        0xc /tmp/cchEzIQY.o
 .group         0x00000000        0xc /tmp/cchEzIQY.o
 .group         0x00000000        0xc /tmp/cchEzIQY.o
 .group         0x00000000        0xc /tmp/cchEzIQY.o
 .group         0x00000000        0xc /tmp/cchEzIQY.o
 .group         0x00000000        0xc /tmp/cchEzIQY.o
 .group         0x00000000        0xc /tmp/cchEzIQY.o
 .group         0x00000000        0xc /tmp/cchEzIQY.o
 .group         0x00000000        0xc /tmp/cchEzIQY.o
 .group         0x00000000        0xc /tmp/cchEzIQY.o
 .text          0x00000000        0x0 /tmp/cchEzIQY.o
 .data          0x00000000        0x0 /tmp/cchEzIQY.o
 .bss           0x00000000        0x0 /tmp/cchEzIQY.o
 .debug_macro   0x00000000      0xade /tmp/cchEzIQY.o
 .debug_macro   0x00000000       0x29 /tmp/cchEzIQY.o
 .debug_macro   0x00000000       0x22 /tmp/cchEzIQY.o
 .debug_macro   0x00000000       0x54 /tmp/cchEzIQY.o
 .debug_macro   0x00000000       0x94 /tmp/cchEzIQY.o
 .debug_macro   0x00000000       0x43 /tmp/cchEzIQY.o
 .debug_macro   0x00000000       0x34 /tmp/cchEzIQY.o
 .debug_macro   0x00000000       0x16 /tmp/cchEzIQY.o
 .debug_macro   0x00000000      0x11c /tmp/cchEzIQY.o
 .debug_macro   0x00000000       0x9b /tmp/cchEzIQY.o
 .debug_macro   0x00000000       0x57 /tmp/cchEzIQY.o
 .debug_macro   0x00000000      0x370 /tmp/cchEzIQY.o
 .debug_macro   0x00000000       0x16 /tmp/cchEzIQY.o
 .debug_macro   0x00000000       0x4a /tmp/cchEzIQY.o
 .debug_macro   0x00000000       0x34 /tmp/cchEzIQY.o
 .debug_macro   0x00000000       0x10 /tmp/cchEzIQY.o
 .debug_macro   0x00000000       0x52 /tmp/cchEzIQY.o
 .debug_macro   0x00000000       0x8e /tmp/cchEzIQY.o
 .debug_macro   0x00000000       0x1c /tmp/cchEzIQY.o
 .debug_macro   0x00000000      0x177 /tmp/cchEzIQY.o
 .debug_macro   0x00000000       0x16 /tmp/cchEzIQY.o
 .debug_macro   0x00000000       0x29 /tmp/cchEzIQY.o
 .debug_macro   0x00000000      0x103 /tmp/cchEzIQY.o
 .debug_macro   0x00000000      0x34e /tmp/cchEzIQY.o
 .debug_macro   0x00000000       0x3c /tmp/cchEzIQY.o
 .debug_macro   0x00000000      0x379 /tmp/cchEzIQY.o
 .debug_macro   0x00000000       0x22 /tmp/cchEzIQY.o
 .debug_macro   0x00000000       0x16 /tmp/cchEzIQY.o
 .debug_macro   0x00000000      0x14a /tmp/cchEzIQY.o
 .group         0x00000000        0xc /tmp/ccisJMmU.o
 .group         0x00000000        0xc /tmp/ccisJMmU.o
 .group         0x00000000        0xc /tmp/ccisJMmU.o
 .group         0x00000000        0xc /tmp/ccisJMmU.o
 .group         0x00000000        0xc /tmp/ccisJMmU.o
 .group         0x00000000        0xc /tmp/ccisJMmU.o
 .group         0x00000000        0xc /tmp/ccisJMmU.o
 .group         0x00000000        0xc /tmp/ccisJMmU.o
 .group         0x00000000        0xc /tmp/ccisJMmU.o
 .group         0x00000000        0xc /tmp/ccisJMmU.o
 .group         0x00000000        0xc /tmp/ccisJMmU.o
 .group         0x00000000        0xc /tmp/ccisJMmU.o
 .text          0x00000000        0x0 /tmp/ccisJMmU.o
 .data          0x00000000        0x0 /tmp/ccisJMmU.o
 .bss           0x00000000        0x0 /tmp/ccisJMmU.o
 .debug_macro   0x00000000      0xade /tmp/ccisJMmU.o
 .debug_macro   0x00000000       0x22 /tmp/ccisJMmU.o
 .debug_macro   0x00000000       0x54 /tmp/ccisJMmU.o
 .debug_macro   0x00000000       0x29 /tmp/ccisJMmU.o
 .debug_macro   0x00000000       0x94 /tmp/ccisJMmU.o
 .debug_macro   0x00000000       0x43 /tmp/ccisJMmU.o
 .debug_macro   0x00000000      0x103 /tmp/ccisJMmU.o
 .debug_macro   0x00000000       0x3a /tmp/ccisJMmU.o
 .debug_macro   0x00000000      0x34e /tmp/ccisJMmU.o
 .debug_macro   0x00000000       0x89 /tmp/ccisJMmU.o
 .debug_macro   0x00000000      0x379 /tmp/ccisJMmU.o
 .data          0x00000000        0x0 /usr/lib/gcc/arm-none-eabi/13.2.1/../../../arm-none-eabi/lib/thumb/v7e-m+dp/hard/libc_nano.a(libc_a-memcpy.o)
 .bss           0x00000000        0x0 /usr/lib/gcc/arm-none-eabi/13.2.1/../../../arm-none-eabi/lib/thumb/v7e-m+dp/hard/libc_nano.a(libc_a-memcpy.o)
 .ARM.extab     0x00000000        0x0 /usr/lib/gcc/arm-none-eabi/13.2.1/../../../arm-none-eabi/lib/thumb/v7e-m+dp/hard/libc_nano.a(libc_a-memcpy.o)
 .eh_frame      0x00000000       0x2c /usr/lib/gcc/arm-none-eabi/13.2.1/../../../arm-none-eabi/lib/thumb/v7e-m+dp/hard/libc_nano.a(libc_a-memcpy.o)
 .data          0x00000000        0x0 /usr/lib/gcc/arm-none-eabi/13.2.1/thumb/v7e-m+dp/hard/libgcc.a(_arm_addsubdf3.o)
 .bss           0x00000000        0x0 /usr/lib/gcc/arm-none-eabi/13.2.1/thumb/v7e-m+dp/hard/libgcc.a(_arm_addsubdf3.o)
 .data          0x00000000        0x0 /usr/lib/gcc/arm-none-eabi/13.2.1/thumb/v7e-m+dp/hard/libgcc.a(_aeabi_ldivmod.o)
 .bss           0x00000000        0x0 /usr/lib/gcc/arm-none-eabi/13.2.1/thumb/v7e-m+dp/hard/libgcc.a(_aeabi_ldivmod.o)
 .data          0x00000000        0x0 /usr/lib/gcc/arm-none-eabi/13.2.1/thumb/v7e-m+dp/hard/libgcc.a(_udivmoddi4.o)
 .bss           0x00000000        0x0 /usr/lib/gcc/arm-none-eabi/13.2.1/thumb/v7e-m+dp/hard/libgcc.a(_udivmoddi4.o)
 .ARM.extab     0x00000000        0x0 /usr/lib/gcc/arm-none-eabi/13.2.1/thumb/v7e-m+dp/hard/libgcc.a(_udivmoddi4.o)
 .data          0x00000000        0x0 /usr/lib/gcc/arm-none-eabi/13.2.1/thumb/v7e-m+dp/hard/libgcc.a(_dvmd_tls.o)
 .bss           0x00000000        0x0 /usr/lib/gcc/arm-none-eabi/13.2.1/thumb/v7e-m+dp/hard/libgcc.a(_dvmd_tls.o)

Memory Configuration

Name             Origin             Length             Attributes
flash            0x08000000         0x00100000         xr
dtcm             0x20000000         0x00020000         xrw
axi_sram         0x24000000         0x00060000         xrw
sram1            0x30000000         0x00008000         xrw
sram2            0x30020000         0x00004000         xrw
sram4            0x38000000         0x00010000         xrw
itcm             0x00000000         0x00010000         xrw
backup           0x38800000         0x00001000         xrw
*default*        0x00000000         0xffffffff

Linker script and memory map

LOAD /tmp/cc12lHb3.o
LOAD /tmp/cc8sFQxi.o
LOAD /tmp/ccxuDoiT.o
LOAD /tmp/ccjr2EQ0.o
LOAD /tmp/cchEzIQY.o
LOAD /tmp/ccisJMmU.o
LOAD /usr/lib/gcc/arm-none-eabi/13.2.1/../../../arm-none-eabi/lib/thumb/v7e-m+dp/hard/libc_nano.a
LOAD /usr/lib/gcc/arm-none-eabi/13.2.1/thumb/v7e-m+dp/hard/libgcc.a
                0x20020000                        _estack = (ORIGIN (dtcm) + LENGTH (dtcm))

.vectors        0x08000000      0x298
 *(.vectors)
 .vectors       0x08000000      0x298 /tmp/cc8sFQxi.o
                0x08000000                tab

.text           0x08000298     0x294c
 *(.text*)
 .text.clock_init
                0x08000298      0x12c /tmp/cc12lHb3.o
                0x08000298                clock_init
 .text.systick_init
                0x080003c4       0x34 /tmp/cc12lHb3.o
 .text.gpio_init_PC0
                0x080003f8       0x54 /tmp/cc12lHb3.o
                0x080003f8                gpio_init_PC0
 .text.enable_fpu
                0x0800044c       0x28 /tmp/cc12lHb3.o
                0x0800044c                enable_fpu
 .text.main     0x08000474      0x114 /tmp/cc12lHb3.o
                0x08000474                main
 .text.SysTick_IRQHandler
                0x08000588      0x110 /tmp/cc12lHb3.o
                0x08000588                SysTick_IRQHandler
 .text.FDCAN1_IT0_IRQHandler
                0x08000698      0x290 /tmp/cc12lHb3.o
                0x08000698                FDCAN1_IT0_IRQHandler
 .text._reset   0x08000928       0x44 /tmp/cc8sFQxi.o
                0x08000928                _reset
 .text.NMI_Handler
                0x0800096c        0x8 /tmp/cc8sFQxi.o
                0x0800096c                NMI_Handler
 .text.HardFault_Handler
                0x08000974        0x8 /tmp/cc8sFQxi.o
                0x08000974                HardFault_Handler
 .text.MemManage_Handler
                0x0800097c        0x8 /tmp/cc8sFQxi.o
                0x0800097c                MemManage_Handler
 .text.BusFault_Handler
                0x08000984        0x8 /tmp/cc8sFQxi.o
                0x08000984                BusFault_Handler
 .text.UsageFault_Handler
                0x0800098c        0x8 /tmp/cc8sFQxi.o
                0x0800098c                UsageFault_Handler
 .text.SVCall_Handler
                0x08000994        0x8 /tmp/cc8sFQxi.o
                0x08000994                SVCall_Handler
 .text.DebugMon_Handler
                0x0800099c        0x8 /tmp/cc8sFQxi.o
                0x0800099c                DebugMon_Handler
 .text.PendSV_Handler
                0x080009a4        0x8 /tmp/cc8sFQxi.o
                0x080009a4                PendSV_Handler
 .text.WWDG1_IRQHandler
                0x080009ac        0x8 /tmp/cc8sFQxi.o
                0x080009ac                WWDG1_IRQHandler
 .text.PVD_PVM_IRQHandler
                0x080009b4        0x8 /tmp/cc8sFQxi.o
                0x080009b4                PVD_PVM_IRQHandler
 .text.RTC_TAMP_STAMP_CSS_LSE_IRQHandler
                0x080009bc        0x8 /tmp/cc8sFQxi.o
                0x080009bc                RTC_TAMP_STAMP_CSS_LSE_IRQHandler
 .text.RTC_WKUP_IRQHandler
                0x080009c4        0x8 /tmp/cc8sFQxi.o
                0x080009c4                RTC_WKUP_IRQHandler
 .text.FLASH_IRQHandler
                0x080009cc        0x8 /tmp/cc8sFQxi.o
                0x080009cc                FLASH_IRQHandler
 .text.RCC_IRQHandler
                0x080009d4        0x8 /tmp/cc8sFQxi.o
                0x080009d4                RCC_IRQHandler
 .text.EXTI0_IRQHandler
                0x080009dc        0x8 /tmp/cc8sFQxi.o
                0x080009dc                EXTI0_IRQHandler
 .text.EXTI1_IRQHandler
                0x080009e4        0x8 /tmp/cc8sFQxi.o
                0x080009e4                EXTI1_IRQHandler
 .text.EXTI2_IRQHandler
                0x080009ec        0x8 /tmp/cc8sFQxi.o
                0x080009ec                EXTI2_IRQHandler
 .text.EXTI3_IRQHandler
                0x080009f4        0x8 /tmp/cc8sFQxi.o
                0x080009f4                EXTI3_IRQHandler
 .text.EXTI4_IRQHandler
                0x080009fc        0x8 /tmp/cc8sFQxi.o
                0x080009fc                EXTI4_IRQHandler
 .text.DMA_STR0_IRQHandler
                0x08000a04        0x8 /tmp/cc8sFQxi.o
                0x08000a04                DMA_STR0_IRQHandler
 .text.DMA_STR1_IRQHandler
                0x08000a0c        0x8 /tmp/cc8sFQxi.o
                0x08000a0c                DMA_STR1_IRQHandler
 .text.DMA_STR2_IRQHandler
                0x08000a14        0x8 /tmp/cc8sFQxi.o
                0x08000a14                DMA_STR2_IRQHandler
 .text.DMA_STR3_IRQHandler
                0x08000a1c        0x8 /tmp/cc8sFQxi.o
                0x08000a1c                DMA_STR3_IRQHandler
 .text.DMA_STR4_IRQHandler
                0x08000a24        0x8 /tmp/cc8sFQxi.o
                0x08000a24                DMA_STR4_IRQHandler
 .text.DMA_STR5_IRQHandler
                0x08000a2c        0x8 /tmp/cc8sFQxi.o
                0x08000a2c                DMA_STR5_IRQHandler
 .text.DMA_STR6_IRQHandler
                0x08000a34        0x8 /tmp/cc8sFQxi.o
                0x08000a34                DMA_STR6_IRQHandler
 .text.ADC1_2_IRQHandler
                0x08000a3c        0x8 /tmp/cc8sFQxi.o
                0x08000a3c                ADC1_2_IRQHandler
 .text.FDCAN2_IT0_IRQHandler
                0x08000a44        0x8 /tmp/cc8sFQxi.o
                0x08000a44                FDCAN2_IT0_IRQHandler
 .text.FDCAN1_IT1_IRQHandler
                0x08000a4c        0x8 /tmp/cc8sFQxi.o
                0x08000a4c                FDCAN1_IT1_IRQHandler
 .text.FDCAN2_IT1_IRQHandler
                0x08000a54        0x8 /tmp/cc8sFQxi.o
                0x08000a54                FDCAN2_IT1_IRQHandler
 .text.EXTI9_5_IRQHandler
                0x08000a5c        0x8 /tmp/cc8sFQxi.o
                0x08000a5c                EXTI9_5_IRQHandler
 .text.TIM1_BRK_IRQHandler
                0x08000a64        0x8 /tmp/cc8sFQxi.o
                0x08000a64                TIM1_BRK_IRQHandler
 .text.TIM1_UP_IRQHandler
                0x08000a6c        0x8 /tmp/cc8sFQxi.o
                0x08000a6c                TIM1_UP_IRQHandler
 .text.TIM1_TRG_COM_IRQHandler
                0x08000a74        0x8 /tmp/cc8sFQxi.o
                0x08000a74                TIM1_TRG_COM_IRQHandler
 .text.TIM_CC_IRQHandler
                0x08000a7c        0x8 /tmp/cc8sFQxi.o
                0x08000a7c                TIM_CC_IRQHandler
 .text.TIM2_IRQHandler
                0x08000a84        0x8 /tmp/cc8sFQxi.o
                0x08000a84                TIM2_IRQHandler
 .text.TIM3_IRQHandler
                0x08000a8c        0x8 /tmp/cc8sFQxi.o
                0x08000a8c                TIM3_IRQHandler
 .text.TIM4_IRQHandler
                0x08000a94        0x8 /tmp/cc8sFQxi.o
                0x08000a94                TIM4_IRQHandler
 .text.I2C1_EV_IRQHandler
                0x08000a9c        0x8 /tmp/cc8sFQxi.o
                0x08000a9c                I2C1_EV_IRQHandler
 .text.I2C1_ER_IRQHandler
                0x08000aa4        0x8 /tmp/cc8sFQxi.o
                0x08000aa4                I2C1_ER_IRQHandler
 .text.I2C2_EV_IRQHandler
                0x08000aac        0x8 /tmp/cc8sFQxi.o
                0x08000aac                I2C2_EV_IRQHandler
 .text.I2C2_ER_IRQHandler
                0x08000ab4        0x8 /tmp/cc8sFQxi.o
                0x08000ab4                I2C2_ER_IRQHandler
 .text.SPI1_IRQHandler
                0x08000abc        0x8 /tmp/cc8sFQxi.o
                0x08000abc                SPI1_IRQHandler
 .text.SPI2_IRQHandler
                0x08000ac4        0x8 /tmp/cc8sFQxi.o
                0x08000ac4                SPI2_IRQHandler
 .text.USART1_IRQHandler
                0x08000acc        0x8 /tmp/cc8sFQxi.o
                0x08000acc                USART1_IRQHandler
 .text.USART2_IRQHandler
                0x08000ad4        0x8 /tmp/cc8sFQxi.o
                0x08000ad4                USART2_IRQHandler
 .text.USART3_IRQHandler
                0x08000adc        0x8 /tmp/cc8sFQxi.o
                0x08000adc                USART3_IRQHandler
 .text.EXTI15_10_IRQHandler
                0x08000ae4        0x8 /tmp/cc8sFQxi.o
                0x08000ae4                EXTI15_10_IRQHandler
 .text.RTC_ALARM_IRQHandler
                0x08000aec        0x8 /tmp/cc8sFQxi.o
                0x08000aec                RTC_ALARM_IRQHandler
 .text.TIM8_BRK_TIM12_IRQHandler
                0x08000af4        0x8 /tmp/cc8sFQxi.o
                0x08000af4                TIM8_BRK_TIM12_IRQHandler
 .text.TIM8_UP_TIM13_IRQHandler
                0x08000afc        0x8 /tmp/cc8sFQxi.o
                0x08000afc                TIM8_UP_TIM13_IRQHandler
 .text.TIM8_TRG_COM_TIM14_IRQHandler
                0x08000b04        0x8 /tmp/cc8sFQxi.o
                0x08000b04                TIM8_TRG_COM_TIM14_IRQHandler
 .text.TIM8_CC_IRQHandler
                0x08000b0c        0x8 /tmp/cc8sFQxi.o
                0x08000b0c                TIM8_CC_IRQHandler
 .text.DMA1_STR7_IRQHandler
                0x08000b14        0x8 /tmp/cc8sFQxi.o
                0x08000b14                DMA1_STR7_IRQHandler
 .text.FMC_IRQHandler
                0x08000b1c        0x8 /tmp/cc8sFQxi.o
                0x08000b1c                FMC_IRQHandler
 .text.SDMMC1_IRQHandler
                0x08000b24        0x8 /tmp/cc8sFQxi.o
                0x08000b24                SDMMC1_IRQHandler
 .text.TIM5_IRQHandler
                0x08000b2c        0x8 /tmp/cc8sFQxi.o
                0x08000b2c                TIM5_IRQHandler
 .text.SPI3_IRQHandler
                0x08000b34        0x8 /tmp/cc8sFQxi.o
                0x08000b34                SPI3_IRQHandler
 .text.UART4_IRQHandler
                0x08000b3c        0x8 /tmp/cc8sFQxi.o
                0x08000b3c                UART4_IRQHandler
 .text.UART5_IRQHandler
                0x08000b44        0x8 /tmp/cc8sFQxi.o
                0x08000b44                UART5_IRQHandler
 .text.TIM6_DAC_IRQHandler
                0x08000b4c        0x8 /tmp/cc8sFQxi.o
                0x08000b4c                TIM6_DAC_IRQHandler
 .text.TIM7_IRQHandler
                0x08000b54        0x8 /tmp/cc8sFQxi.o
                0x08000b54                TIM7_IRQHandler
 .text.DMA2_STR0_IRQHandler
                0x08000b5c        0x8 /tmp/cc8sFQxi.o
                0x08000b5c                DMA2_STR0_IRQHandler
 .text.DMA2_STR1_IRQHandler
                0x08000b64        0x8 /tmp/cc8sFQxi.o
                0x08000b64                DMA2_STR1_IRQHandler
 .text.DMA2_STR2_IRQHandler
                0x08000b6c        0x8 /tmp/cc8sFQxi.o
                0x08000b6c                DMA2_STR2_IRQHandler
 .text.DMA2_STR3_IRQHandler
                0x08000b74        0x8 /tmp/cc8sFQxi.o
                0x08000b74                DMA2_STR3_IRQHandler
 .text.DMA2_STR4_IRQHandler
                0x08000b7c        0x8 /tmp/cc8sFQxi.o
                0x08000b7c                DMA2_STR4_IRQHandler
 .text.ETH_IRQHandler
                0x08000b84        0x8 /tmp/cc8sFQxi.o
                0x08000b84                ETH_IRQHandler
 .text.ETH_WKUP_IRQHandler
                0x08000b8c        0x8 /tmp/cc8sFQxi.o
                0x08000b8c                ETH_WKUP_IRQHandler
 .text.FDCAN_CAL_IRQHandler
                0x08000b94        0x8 /tmp/cc8sFQxi.o
                0x08000b94                FDCAN_CAL_IRQHandler
 .text.DMA2_STR5_IRQHandler
                0x08000b9c        0x8 /tmp/cc8sFQxi.o
                0x08000b9c                DMA2_STR5_IRQHandler
 .text.DMA2_STR6_IRQHandler
                0x08000ba4        0x8 /tmp/cc8sFQxi.o
                0x08000ba4                DMA2_STR6_IRQHandler
 .text.DMA2_STR7_IRQHandler
                0x08000bac        0x8 /tmp/cc8sFQxi.o
                0x08000bac                DMA2_STR7_IRQHandler
 .text.USART6_IRQHandler
                0x08000bb4        0x8 /tmp/cc8sFQxi.o
                0x08000bb4                USART6_IRQHandler
 .text.I2C3_EV_IRQHandler
                0x08000bbc        0x8 /tmp/cc8sFQxi.o
                0x08000bbc                I2C3_EV_IRQHandler
 .text.I2C3_ER_IRQHandler
                0x08000bc4        0x8 /tmp/cc8sFQxi.o
                0x08000bc4                I2C3_ER_IRQHandler
 .text.OTG_HS_EP1_OUT_IRQHandler
                0x08000bcc        0x8 /tmp/cc8sFQxi.o
                0x08000bcc                OTG_HS_EP1_OUT_IRQHandler
 .text.OTG_HS_EP1_IN_IRQHandler
                0x08000bd4        0x8 /tmp/cc8sFQxi.o
                0x08000bd4                OTG_HS_EP1_IN_IRQHandler
 .text.OTG_HS_WKUP_IRQHandler
                0x08000bdc        0x8 /tmp/cc8sFQxi.o
                0x08000bdc                OTG_HS_WKUP_IRQHandler
 .text.OTG_HS_IRQHandler
                0x08000be4        0x8 /tmp/cc8sFQxi.o
                0x08000be4                OTG_HS_IRQHandler
 .text.DCMI_IRQHandler
                0x08000bec        0x8 /tmp/cc8sFQxi.o
                0x08000bec                DCMI_IRQHandler
 .text.CRYP_IRQHandler
                0x08000bf4        0x8 /tmp/cc8sFQxi.o
                0x08000bf4                CRYP_IRQHandler
 .text.HASH_RNG_IRQHandler
                0x08000bfc        0x8 /tmp/cc8sFQxi.o
                0x08000bfc                HASH_RNG_IRQHandler
 .text.FPU_IRQHandler
                0x08000c04        0x8 /tmp/cc8sFQxi.o
                0x08000c04                FPU_IRQHandler
 .text.UART7_IRQHandler
                0x08000c0c        0x8 /tmp/cc8sFQxi.o
                0x08000c0c                UART7_IRQHandler
 .text.UART8_IRQHandler
                0x08000c14        0x8 /tmp/cc8sFQxi.o
                0x08000c14                UART8_IRQHandler
 .text.SPI4_IRQHandler
                0x08000c1c        0x8 /tmp/cc8sFQxi.o
                0x08000c1c                SPI4_IRQHandler
 .text.SPI5_IRQHandler
                0x08000c24        0x8 /tmp/cc8sFQxi.o
                0x08000c24                SPI5_IRQHandler
 .text.SPI6_IRQHandler
                0x08000c2c        0x8 /tmp/cc8sFQxi.o
                0x08000c2c                SPI6_IRQHandler
 .text.SAI1_IRQHandler
                0x08000c34        0x8 /tmp/cc8sFQxi.o
                0x08000c34                SAI1_IRQHandler
 .text.LTDC_IRQHandler
                0x08000c3c        0x8 /tmp/cc8sFQxi.o
                0x08000c3c                LTDC_IRQHandler
 .text.LTDC_ER_IRQHandler
                0x08000c44        0x8 /tmp/cc8sFQxi.o
                0x08000c44                LTDC_ER_IRQHandler
 .text.DMA2D_IRQHandler
                0x08000c4c        0x8 /tmp/cc8sFQxi.o
                0x08000c4c                DMA2D_IRQHandler
 .text.SAI2_IRQHandler
                0x08000c54        0x8 /tmp/cc8sFQxi.o
                0x08000c54                SAI2_IRQHandler
 .text.QUADSPI_IRQHandler
                0x08000c5c        0x8 /tmp/cc8sFQxi.o
                0x08000c5c                QUADSPI_IRQHandler
 .text.LPTIM1_IRQHandler
                0x08000c64        0x8 /tmp/cc8sFQxi.o
                0x08000c64                LPTIM1_IRQHandler
 .text.CEC_IRQHandler
                0x08000c6c        0x8 /tmp/cc8sFQxi.o
                0x08000c6c                CEC_IRQHandler
 .text.I2C4_EV_IRQHandler
                0x08000c74        0x8 /tmp/cc8sFQxi.o
                0x08000c74                I2C4_EV_IRQHandler
 .text.I2C4_ER_IRQHandler
                0x08000c7c        0x8 /tmp/cc8sFQxi.o
                0x08000c7c                I2C4_ER_IRQHandler
 .text.SPDIF_IRQHandler
                0x08000c84        0x8 /tmp/cc8sFQxi.o
                0x08000c84                SPDIF_IRQHandler
 .text.OTG_FS_EP1_OUT_IRQHandler
                0x08000c8c        0x8 /tmp/cc8sFQxi.o
                0x08000c8c                OTG_FS_EP1_OUT_IRQHandler
 .text.OTG_FS_EP1_IN_IRQHandler
                0x08000c94        0x8 /tmp/cc8sFQxi.o
                0x08000c94                OTG_FS_EP1_IN_IRQHandler
 .text.OTG_FS_WKUP_IRQHandler
                0x08000c9c        0x8 /tmp/cc8sFQxi.o
                0x08000c9c                OTG_FS_WKUP_IRQHandler
 .text.OTG_FS_IRQHandler
                0x08000ca4        0x8 /tmp/cc8sFQxi.o
                0x08000ca4                OTG_FS_IRQHandler
 .text.DMAMUX1_OV_IRQHandler
                0x08000cac        0x8 /tmp/cc8sFQxi.o
                0x08000cac                DMAMUX1_OV_IRQHandler
 .text.HRTIM1_MST_IRQHandler
                0x08000cb4        0x8 /tmp/cc8sFQxi.o
                0x08000cb4                HRTIM1_MST_IRQHandler
 .text.HRTIM1_TIMA_IRQHandler
                0x08000cbc        0x8 /tmp/cc8sFQxi.o
                0x08000cbc                HRTIM1_TIMA_IRQHandler
 .text.HRTIM_TIMB_IRQHandler
                0x08000cc4        0x8 /tmp/cc8sFQxi.o
                0x08000cc4                HRTIM_TIMB_IRQHandler
 .text.HRTIM1_TIMC_IRQHandler
                0x08000ccc        0x8 /tmp/cc8sFQxi.o
                0x08000ccc                HRTIM1_TIMC_IRQHandler
 .text.HRTIM1_TIMD_IRQHandler
                0x08000cd4        0x8 /tmp/cc8sFQxi.o
                0x08000cd4                HRTIM1_TIMD_IRQHandler
 .text.HRTIM_TIME_IRQHandler
                0x08000cdc        0x8 /tmp/cc8sFQxi.o
                0x08000cdc                HRTIM_TIME_IRQHandler
 .text.HRTIM1_FLT_IRQHandler
                0x08000ce4        0x8 /tmp/cc8sFQxi.o
                0x08000ce4                HRTIM1_FLT_IRQHandler
 .text.DFSDM1_FLT0_IRQHandler
                0x08000cec        0x8 /tmp/cc8sFQxi.o
                0x08000cec                DFSDM1_FLT0_IRQHandler
 .text.DFSDM1_FLT1_IRQHandler
                0x08000cf4        0x8 /tmp/cc8sFQxi.o
                0x08000cf4                DFSDM1_FLT1_IRQHandler
 .text.DFSDM1_FLT2_IRQHandler
                0x08000cfc        0x8 /tmp/cc8sFQxi.o
                0x08000cfc                DFSDM1_FLT2_IRQHandler
 .text.DFSDM1_FLT3_IRQHandler
                0x08000d04        0x8 /tmp/cc8sFQxi.o
                0x08000d04                DFSDM1_FLT3_IRQHandler
 .text.SAI3_IRQHandler
                0x08000d0c        0x8 /tmp/cc8sFQxi.o
                0x08000d0c                SAI3_IRQHandler
 .text.SWPMI1_IRQHandler
                0x08000d14        0x8 /tmp/cc8sFQxi.o
                0x08000d14                SWPMI1_IRQHandler
 .text.TIM15_IRQHandler
                0x08000d1c        0x8 /tmp/cc8sFQxi.o
                0x08000d1c                TIM15_IRQHandler
 .text.TIM16_IRQHandler
                0x08000d24        0x8 /tmp/cc8sFQxi.o
                0x08000d24                TIM16_IRQHandler
 .text.TIM17_IRQHandler
                0x08000d2c        0x8 /tmp/cc8sFQxi.o
                0x08000d2c                TIM17_IRQHandler
 .text.MDIOS_WKUP_IRQHandler
                0x08000d34        0x8 /tmp/cc8sFQxi.o
                0x08000d34                MDIOS_WKUP_IRQHandler
 .text.MDIOS_IRQHandler
                0x08000d3c        0x8 /tmp/cc8sFQxi.o
                0x08000d3c                MDIOS_IRQHandler
 .text.JPEG_IRQHandler
                0x08000d44        0x8 /tmp/cc8sFQxi.o
                0x08000d44                JPEG_IRQHandler
 .text.MDMA_IRQHandler
                0x08000d4c        0x8 /tmp/cc8sFQxi.o
                0x08000d4c                MDMA_IRQHandler
 .text.SDMMC2_IRQHandler
                0x08000d54        0x8 /tmp/cc8sFQxi.o
                0x08000d54                SDMMC2_IRQHandler
 .text.HSEM0_IRQHandler
                0x08000d5c        0x8 /tmp/cc8sFQxi.o
                0x08000d5c                HSEM0_IRQHandler
 .text.ADC3_IRQHandler
                0x08000d64        0x8 /tmp/cc8sFQxi.o
                0x08000d64                ADC3_IRQHandler
 .text.DMAMUX2_OVR_IRQHandler
                0x08000d6c        0x8 /tmp/cc8sFQxi.o
                0x08000d6c                DMAMUX2_OVR_IRQHandler
 .text.BDMA_CH0_IRQHandler
                0x08000d74        0x8 /tmp/cc8sFQxi.o
                0x08000d74                BDMA_CH0_IRQHandler
 .text.BDMA_CH1_IRQHandler
                0x08000d7c        0x8 /tmp/cc8sFQxi.o
                0x08000d7c                BDMA_CH1_IRQHandler
 .text.BDMA_CH2_IRQHandler
                0x08000d84        0x8 /tmp/cc8sFQxi.o
                0x08000d84                BDMA_CH2_IRQHandler
 .text.BDMA_CH3_IRQHandler
                0x08000d8c        0x8 /tmp/cc8sFQxi.o
                0x08000d8c                BDMA_CH3_IRQHandler
 .text.BDMA_CH4_IRQHandler
                0x08000d94        0x8 /tmp/cc8sFQxi.o
                0x08000d94                BDMA_CH4_IRQHandler
 .text.BDMA_CH5_IRQHandler
                0x08000d9c        0x8 /tmp/cc8sFQxi.o
                0x08000d9c                BDMA_CH5_IRQHandler
 .text.BDMA_CH6_IRQHandler
                0x08000da4        0x8 /tmp/cc8sFQxi.o
                0x08000da4                BDMA_CH6_IRQHandler
 .text.BDMA_CH7_IRQHandler
                0x08000dac        0x8 /tmp/cc8sFQxi.o
                0x08000dac                BDMA_CH7_IRQHandler
 .text.COMP_IRQHandler
                0x08000db4        0x8 /tmp/cc8sFQxi.o
                0x08000db4                COMP_IRQHandler
 .text.LPTIM2_IRQHandler
                0x08000dbc        0x8 /tmp/cc8sFQxi.o
                0x08000dbc                LPTIM2_IRQHandler
 .text.LPTIM3_IRQHandler
                0x08000dc4        0x8 /tmp/cc8sFQxi.o
                0x08000dc4                LPTIM3_IRQHandler
 .text.LPTIM4_IRQHandler
                0x08000dcc        0x8 /tmp/cc8sFQxi.o
                0x08000dcc                LPTIM4_IRQHandler
 .text.LPTIM5_IRQHandler
                0x08000dd4        0x8 /tmp/cc8sFQxi.o
                0x08000dd4                LPTIM5_IRQHandler
 .text.LPUART_IRQHandler
                0x08000ddc        0x8 /tmp/cc8sFQxi.o
                0x08000ddc                LPUART_IRQHandler
 .text.WWDG1_RST_IRQHandler
                0x08000de4        0x8 /tmp/cc8sFQxi.o
                0x08000de4                WWDG1_RST_IRQHandler
 .text.CRS_IRQHandler
                0x08000dec        0x8 /tmp/cc8sFQxi.o
                0x08000dec                CRS_IRQHandler
 .text.RAMECC1_IRQHandler
                0x08000df4        0x8 /tmp/cc8sFQxi.o
                0x08000df4                RAMECC1_IRQHandler
 .text.SAI4_IRQHandler
                0x08000dfc        0x8 /tmp/cc8sFQxi.o
                0x08000dfc                SAI4_IRQHandler
 .text.WKUP_IRQHandler
                0x08000e04        0x8 /tmp/cc8sFQxi.o
                0x08000e04                WKUP_IRQHandler
 .text.RTC_init
                0x08000e0c      0x190 /tmp/ccxuDoiT.o
                0x08000e0c                RTC_init
 .text.RTC_read_datetime
                0x08000f9c      0x134 /tmp/ccxuDoiT.o
                0x08000f9c                RTC_read_datetime
 .text.VECan_Init
                0x080010d0      0x54c /tmp/ccjr2EQ0.o
                0x080010d0                VECan_Init
 .text.VECan_send
                0x0800161c       0xb4 /tmp/ccjr2EQ0.o
                0x0800161c                VECan_send
 .text.FDCAN1_init
                0x080016d0      0x30c /tmp/cchEzIQY.o
                0x080016d0                FDCAN1_init
 .text.FDCAN2_init
                0x080019dc      0x338 /tmp/cchEzIQY.o
                0x080019dc                FDCAN2_init
 .text.FDCAN1_transmit_message
                0x08001d14       0xbc /tmp/cchEzIQY.o
                0x08001d14                FDCAN1_transmit_message
 .text.FDCAN2_transmit_message
                0x08001dd0       0xc8 /tmp/cchEzIQY.o
                0x08001dd0                FDCAN2_transmit_message
 .text.convert_0x0426_to_milliampere
                0x08001e98       0x46 /tmp/ccisJMmU.o
                0x08001e98                convert_0x0426_to_milliampere
 .text.convert_0x0427_to_millivolts
                0x08001ede       0x32 /tmp/ccisJMmU.o
                0x08001ede                convert_0x0427_to_millivolts
 .text.convert_0x0428_to_temperature
                0x08001f10       0x32 /tmp/ccisJMmU.o
                0x08001f10                convert_0x0428_to_temperature
 .text.convert_0x0429_to_microvolts
                0x08001f42       0x46 /tmp/ccisJMmU.o
                0x08001f42                convert_0x0429_to_microvolts
 .text.convert_0x042A_to_milliwatts
                0x08001f88       0x88 /tmp/ccisJMmU.o
                0x08001f88                convert_0x042A_to_milliwatts
 .text.convert_0x042B_to_DieID
                0x08002010       0x38 /tmp/ccisJMmU.o
                0x08002010                convert_0x042B_to_DieID
 .text.convert_0x042C_to_ManufacturerID
                0x08002048       0x38 /tmp/ccisJMmU.o
                0x08002048                convert_0x042C_to_ManufacturerID
 .text.convert_0x042D_to_energy
                0x08002080      0x1c0 /tmp/ccisJMmU.o
                0x08002080                convert_0x042D_to_energy
 .text.convert_0x042E_to_charge
                0x08002240      0x198 /tmp/ccisJMmU.o
                0x08002240                convert_0x042E_to_charge
 .text          0x080023d8      0x134 /usr/lib/gcc/arm-none-eabi/13.2.1/../../../arm-none-eabi/lib/thumb/v7e-m+dp/hard/libc_nano.a(libc_a-memcpy.o)
                0x080023d8                memcpy
 .text          0x0800250c      0x378 /usr/lib/gcc/arm-none-eabi/13.2.1/thumb/v7e-m+dp/hard/libgcc.a(_arm_addsubdf3.o)
                0x0800250c                __aeabi_drsub
                0x08002514                __aeabi_dsub
                0x08002514                __subdf3
                0x08002518                __adddf3
                0x08002518                __aeabi_dadd
                0x08002790                __aeabi_ui2d
                0x08002790                __floatunsidf
                0x080027b0                __floatsidf
                0x080027b0                __aeabi_i2d
                0x080027d4                __extendsfdf2
                0x080027d4                __aeabi_f2d
                0x08002818                __aeabi_ul2d
                0x08002818                __floatundidf
                0x08002828                __floatdidf
                0x08002828                __aeabi_l2d
 .text          0x08002884       0xa0 /usr/lib/gcc/arm-none-eabi/13.2.1/thumb/v7e-m+dp/hard/libgcc.a(_aeabi_ldivmod.o)
                0x08002884                __aeabi_ldivmod
 .text          0x08002924      0x2bc /usr/lib/gcc/arm-none-eabi/13.2.1/thumb/v7e-m+dp/hard/libgcc.a(_udivmoddi4.o)
                0x08002924                __udivmoddi4
 .text          0x08002be0        0x4 /usr/lib/gcc/arm-none-eabi/13.2.1/thumb/v7e-m+dp/hard/libgcc.a(_dvmd_tls.o)
                0x08002be0                __aeabi_ldiv0
                0x08002be0                __aeabi_idiv0

.glue_7         0x08002be4        0x0
 .glue_7        0x08002be4        0x0 linker stubs

.glue_7t        0x08002be4        0x0
 .glue_7t       0x08002be4        0x0 linker stubs

.vfp11_veneer   0x08002be4        0x0
 .vfp11_veneer  0x08002be4        0x0 linker stubs

.v4_bx          0x08002be4        0x0
 .v4_bx         0x08002be4        0x0 linker stubs

.iplt           0x08002be4        0x0
 .iplt          0x08002be4        0x0 /tmp/cc12lHb3.o

.rel.dyn        0x08002be4        0x0
 .rel.iplt      0x08002be4        0x0 /tmp/cc12lHb3.o

.rodata
 *(.rodata*)

.ARM.exidx      0x08002be4        0x8
 .ARM.exidx     0x08002be4        0x8 /usr/lib/gcc/arm-none-eabi/13.2.1/../../../arm-none-eabi/lib/thumb/v7e-m+dp/hard/libc_nano.a(libc_a-memcpy.o)
 .ARM.exidx     0x08002bec        0x0 /usr/lib/gcc/arm-none-eabi/13.2.1/thumb/v7e-m+dp/hard/libgcc.a(_udivmoddi4.o)
                                  0x8 (size before relaxing)

.data           0x20000000       0x14 load address 0x08002bec
                0x20000000                        _sdata = .
 *(.first_data)
 *(.data SORT_BY_NAME(.data.*))
 .data.SOH      0x20000000        0x2 /tmp/ccjr2EQ0.o
                0x20000000                SOH
 *fill*         0x20000002        0x2 
 .data.snPart1  0x20000004        0x8 /tmp/ccjr2EQ0.o
                0x20000004                snPart1
 .data.snPart2  0x2000000c        0x8 /tmp/ccjr2EQ0.o
                0x2000000c                snPart2
                0x20000014                        _edata = .
                0x08002bec                        _sidata = LOADADDR (.data)

.igot.plt       0x20000014        0x0 load address 0x08002c00
 .igot.plt      0x20000014        0x0 /tmp/cc12lHb3.o

.bss            0x20000018      0x1d5 load address 0x08002c00
                0x20000018                        _sbss = .
 *(.bss SORT_BY_NAME(.bss.*) COMMON)
 .bss.bus_voltage
                0x20000018        0x4 /tmp/cc12lHb3.o
                0x20000018                bus_voltage
 *fill*         0x2000001c        0x4 
 .bss.charge    0x20000020        0x8 /tmp/cc12lHb3.o
                0x20000020                charge
 .bss.counter_loop
                0x20000028        0x4 /tmp/cchEzIQY.o
                0x20000028                counter_loop
 .bss.current   0x2000002c        0x4 /tmp/cc12lHb3.o
                0x2000002c                current
 .bss.die_id    0x20000030        0x2 /tmp/cc12lHb3.o
                0x20000030                die_id
 *fill*         0x20000032        0x2 
 .bss.dt        0x20000034        0x7 /tmp/cc12lHb3.o
                0x20000034                dt
 *fill*         0x2000003b        0x5 
 .bss.energy    0x20000040        0x8 /tmp/cc12lHb3.o
                0x20000040                energy
 .bss.fifo_full_counter
                0x20000048        0x4 /tmp/cc12lHb3.o
                0x20000048                fifo_full_counter
 .bss.fifo_message_lost_counter
                0x2000004c        0x4 /tmp/cc12lHb3.o
                0x2000004c                fifo_message_lost_counter
 .bss.manufacturer_id
                0x20000050        0x2 /tmp/cc12lHb3.o
                0x20000050                manufacturer_id
 .bss.minutes   0x20000052        0x1 /tmp/cc12lHb3.o
                0x20000052                minutes
 *fill*         0x20000053        0x5 
 .bss.power     0x20000058        0x8 /tmp/cc12lHb3.o
                0x20000058                power
 .bss.rx_message_426
                0x20000060        0x8 /tmp/cc12lHb3.o
                0x20000060                rx_message_426
 .bss.rx_message_427
                0x20000068        0x8 /tmp/cc12lHb3.o
                0x20000068                rx_message_427
 .bss.rx_message_428
                0x20000070        0x8 /tmp/cc12lHb3.o
                0x20000070                rx_message_428
 .bss.rx_message_429
                0x20000078        0x8 /tmp/cc12lHb3.o
                0x20000078                rx_message_429
 .bss.rx_message_42A
                0x20000080        0x8 /tmp/cc12lHb3.o
                0x20000080                rx_message_42A
 .bss.rx_message_42B
                0x20000088        0x8 /tmp/cc12lHb3.o
                0x20000088                rx_message_42B
 .bss.rx_message_42C
                0x20000090        0x8 /tmp/cc12lHb3.o
                0x20000090                rx_message_42C
 .bss.rx_message_42D
                0x20000098        0x8 /tmp/cc12lHb3.o
                0x20000098                rx_message_42D
 .bss.rx_message_42E
                0x200000a0        0x8 /tmp/cc12lHb3.o
                0x200000a0                rx_message_42E
 .bss.seconds   0x200000a8        0x1 /tmp/cc12lHb3.o
                0x200000a8                seconds
 *fill*         0x200000a9        0x3 
 .bss.shunt_voltage
                0x200000ac        0x4 /tmp/cc12lHb3.o
                0x200000ac                shunt_voltage
 .bss.splitter  0x200000b0        0x2 /tmp/ccjr2EQ0.o
                0x200000b0                splitter
 *fill*         0x200000b2        0x2 
 .bss.temperature
                0x200000b4        0x4 /tmp/cc12lHb3.o
                0x200000b4                temperature
 .bss.threeeighty
                0x200000b8       0x10 /tmp/ccjr2EQ0.o
                0x200000b8                threeeighty
 .bss.threeeightyone
                0x200000c8       0x10 /tmp/ccjr2EQ0.o
                0x200000c8                threeeightyone
 .bss.threefiftyA
                0x200000d8       0x10 /tmp/ccjr2EQ0.o
                0x200000d8                threefiftyA
 .bss.threefiftyE
                0x200000e8       0x10 /tmp/ccjr2EQ0.o
                0x200000e8                threefiftyE
 .bss.threefiftyF
                0x200000f8       0x10 /tmp/ccjr2EQ0.o
                0x200000f8                threefiftyF
 .bss.threefiftyfive
                0x20000108       0x10 /tmp/ccjr2EQ0.o
                0x20000108                threefiftyfive
 .bss.threefiftyone
                0x20000118       0x10 /tmp/ccjr2EQ0.o
                0x20000118                threefiftyone
 .bss.threefiftysix
                0x20000128       0x10 /tmp/ccjr2EQ0.o
                0x20000128                threefiftysix
 .bss.threeseventyeight
                0x20000138       0x10 /tmp/ccjr2EQ0.o
                0x20000138                threeseventyeight
 .bss.threeseventyfive
                0x20000148       0x10 /tmp/ccjr2EQ0.o
                0x20000148                threeseventyfive
 .bss.threeseventyfour
                0x20000158       0x10 /tmp/ccjr2EQ0.o
                0x20000158                threeseventyfour
 .bss.threeseventynine
                0x20000168       0x10 /tmp/ccjr2EQ0.o
                0x20000168                threeseventynine
 .bss.threeseventyseven
                0x20000178       0x10 /tmp/ccjr2EQ0.o
                0x20000178                threeseventyseven
 .bss.threeseventysix
                0x20000188       0x10 /tmp/ccjr2EQ0.o
                0x20000188                threeseventysix
 .bss.threeseventythree
                0x20000198       0x10 /tmp/ccjr2EQ0.o
                0x20000198                threeseventythree
 .bss.threeseventytwo
                0x200001a8       0x10 /tmp/ccjr2EQ0.o
                0x200001a8                threeseventytwo
 .bss.threesixty
                0x200001b8       0x10 /tmp/ccjr2EQ0.o
                0x200001b8                threesixty
 .bss.tick      0x200001c8        0x4 /tmp/cc12lHb3.o
                0x200001c8                tick
 .bss.tx_127    0x200001cc       0x10 /tmp/cc12lHb3.o
                0x200001cc                tx_127
 .bss.tx_128    0x200001dc       0x10 /tmp/cc12lHb3.o
                0x200001dc                tx_128
 .bss.zonk      0x200001ec        0x1 /tmp/cc12lHb3.o
                0x200001ec                zonk
                0x200001ed                        _ebss = .

.sram1_data
 *(.sram1_data)

.sram2_data
 *(.sram2_data)

.backup_data
 *(.backup_data)
                0x200001f0                        . = ALIGN (0x8)
                0x200001f0                        _end = .
OUTPUT(firmware.elf elf32-littlearm)
LOAD linker stubs

.debug_info     0x00000000     0x3eff
 .debug_info    0x00000000     0x118b /tmp/cc12lHb3.o
 .debug_info    0x0000118b      0xb3a /tmp/cc8sFQxi.o
 .debug_info    0x00001cc5      0x7b0 /tmp/ccxuDoiT.o
 .debug_info    0x00002475      0x380 /tmp/ccjr2EQ0.o
 .debug_info    0x000027f5      0xbe5 /tmp/cchEzIQY.o
 .debug_info    0x000033da      0x2c9 /tmp/ccisJMmU.o
 .debug_info    0x000036a3       0x33 /usr/lib/gcc/arm-none-eabi/13.2.1/../../../arm-none-eabi/lib/thumb/v7e-m+dp/hard/libc_nano.a(libc_a-memcpy.o)
 .debug_info    0x000036d6       0xd3 /usr/lib/gcc/arm-none-eabi/13.2.1/thumb/v7e-m+dp/hard/libgcc.a(_arm_addsubdf3.o)
 .debug_info    0x000037a9       0x25 /usr/lib/gcc/arm-none-eabi/13.2.1/thumb/v7e-m+dp/hard/libgcc.a(_aeabi_ldivmod.o)
 .debug_info    0x000037ce      0x6f5 /usr/lib/gcc/arm-none-eabi/13.2.1/thumb/v7e-m+dp/hard/libgcc.a(_udivmoddi4.o)
 .debug_info    0x00003ec3       0x3c /usr/lib/gcc/arm-none-eabi/13.2.1/thumb/v7e-m+dp/hard/libgcc.a(_dvmd_tls.o)

.debug_abbrev   0x00000000      0xa6f
 .debug_abbrev  0x00000000      0x25f /tmp/cc12lHb3.o
 .debug_abbrev  0x0000025f      0x105 /tmp/cc8sFQxi.o
 .debug_abbrev  0x00000364      0x132 /tmp/ccxuDoiT.o
 .debug_abbrev  0x00000496       0xff /tmp/ccjr2EQ0.o
 .debug_abbrev  0x00000595      0x226 /tmp/cchEzIQY.o
 .debug_abbrev  0x000007bb       0xc0 /tmp/ccisJMmU.o
 .debug_abbrev  0x0000087b       0x28 /usr/lib/gcc/arm-none-eabi/13.2.1/../../../arm-none-eabi/lib/thumb/v7e-m+dp/hard/libc_nano.a(libc_a-memcpy.o)
 .debug_abbrev  0x000008a3       0x28 /usr/lib/gcc/arm-none-eabi/13.2.1/thumb/v7e-m+dp/hard/libgcc.a(_arm_addsubdf3.o)
 .debug_abbrev  0x000008cb       0x14 /usr/lib/gcc/arm-none-eabi/13.2.1/thumb/v7e-m+dp/hard/libgcc.a(_aeabi_ldivmod.o)
 .debug_abbrev  0x000008df      0x16a /usr/lib/gcc/arm-none-eabi/13.2.1/thumb/v7e-m+dp/hard/libgcc.a(_udivmoddi4.o)
 .debug_abbrev  0x00000a49       0x26 /usr/lib/gcc/arm-none-eabi/13.2.1/thumb/v7e-m+dp/hard/libgcc.a(_dvmd_tls.o)

.debug_aranges  0x00000000      0x6a8
 .debug_aranges
                0x00000000       0x50 /tmp/cc12lHb3.o
 .debug_aranges
                0x00000050      0x4d0 /tmp/cc8sFQxi.o
 .debug_aranges
                0x00000520       0x28 /tmp/ccxuDoiT.o
 .debug_aranges
                0x00000548       0x28 /tmp/ccjr2EQ0.o
 .debug_aranges
                0x00000570       0x38 /tmp/cchEzIQY.o
 .debug_aranges
                0x000005a8       0x60 /tmp/ccisJMmU.o
 .debug_aranges
                0x00000608       0x20 /usr/lib/gcc/arm-none-eabi/13.2.1/../../../arm-none-eabi/lib/thumb/v7e-m+dp/hard/libc_nano.a(libc_a-memcpy.o)
 .debug_aranges
                0x00000628       0x20 /usr/lib/gcc/arm-none-eabi/13.2.1/thumb/v7e-m+dp/hard/libgcc.a(_arm_addsubdf3.o)
 .debug_aranges
                0x00000648       0x20 /usr/lib/gcc/arm-none-eabi/13.2.1/thumb/v7e-m+dp/hard/libgcc.a(_aeabi_ldivmod.o)
 .debug_aranges
                0x00000668       0x20 /usr/lib/gcc/arm-none-eabi/13.2.1/thumb/v7e-m+dp/hard/libgcc.a(_udivmoddi4.o)
 .debug_aranges
                0x00000688       0x20 /usr/lib/gcc/arm-none-eabi/13.2.1/thumb/v7e-m+dp/hard/libgcc.a(_dvmd_tls.o)

.debug_rnglists
                0x00000000      0x4fb
 .debug_rnglists
                0x00000000       0x3b /tmp/cc12lHb3.o
 .debug_rnglists
                0x0000003b      0x397 /tmp/cc8sFQxi.o
 .debug_rnglists
                0x000003d2       0x1b /tmp/ccxuDoiT.o
 .debug_rnglists
                0x000003ed       0x1b /tmp/ccjr2EQ0.o
 .debug_rnglists
                0x00000408       0x29 /tmp/cchEzIQY.o
 .debug_rnglists
                0x00000431       0x46 /tmp/ccisJMmU.o
 .debug_rnglists
                0x00000477       0x84 /usr/lib/gcc/arm-none-eabi/13.2.1/thumb/v7e-m+dp/hard/libgcc.a(_udivmoddi4.o)

.debug_macro    0x00000000     0x2bcc
 .debug_macro   0x00000000      0x1c3 /tmp/cc12lHb3.o
 .debug_macro   0x000001c3      0xade /tmp/cc12lHb3.o
 .debug_macro   0x00000ca1       0x22 /tmp/cc12lHb3.o
 .debug_macro   0x00000cc3       0x54 /tmp/cc12lHb3.o
 .debug_macro   0x00000d17       0x29 /tmp/cc12lHb3.o
 .debug_macro   0x00000d40       0x94 /tmp/cc12lHb3.o
 .debug_macro   0x00000dd4       0x43 /tmp/cc12lHb3.o
 .debug_macro   0x00000e17      0x103 /tmp/cc12lHb3.o
 .debug_macro   0x00000f1a       0x3a /tmp/cc12lHb3.o
 .debug_macro   0x00000f54      0x34e /tmp/cc12lHb3.o
 .debug_macro   0x000012a2       0x89 /tmp/cc12lHb3.o
 .debug_macro   0x0000132b      0x379 /tmp/cc12lHb3.o
 .debug_macro   0x000016a4       0x22 /tmp/cc12lHb3.o
 .debug_macro   0x000016c6       0x16 /tmp/cc12lHb3.o
 .debug_macro   0x000016dc       0xa5 /tmp/cc12lHb3.o
 .debug_macro   0x00001781       0x9b /tmp/cc12lHb3.o
 .debug_macro   0x0000181c       0x57 /tmp/cc12lHb3.o
 .debug_macro   0x00001873      0x370 /tmp/cc12lHb3.o
 .debug_macro   0x00001be3       0x16 /tmp/cc12lHb3.o
 .debug_macro   0x00001bf9       0x4a /tmp/cc12lHb3.o
 .debug_macro   0x00001c43       0x34 /tmp/cc12lHb3.o
 .debug_macro   0x00001c77       0x10 /tmp/cc12lHb3.o
 .debug_macro   0x00001c87       0x52 /tmp/cc12lHb3.o
 .debug_macro   0x00001cd9       0x8e /tmp/cc12lHb3.o
 .debug_macro   0x00001d67       0x1c /tmp/cc12lHb3.o
 .debug_macro   0x00001d83      0x177 /tmp/cc12lHb3.o
 .debug_macro   0x00001efa       0x16 /tmp/cc12lHb3.o
 .debug_macro   0x00001f10       0x29 /tmp/cc12lHb3.o
 .debug_macro   0x00001f39       0x16 /tmp/cc12lHb3.o
 .debug_macro   0x00001f4f       0x3c /tmp/cc12lHb3.o
 .debug_macro   0x00001f8b      0x14a /tmp/cc12lHb3.o
 .debug_macro   0x000020d5       0x1a /tmp/cc8sFQxi.o
 .debug_macro   0x000020ef      0x159 /tmp/ccxuDoiT.o
 .debug_macro   0x00002248       0x34 /tmp/ccxuDoiT.o
 .debug_macro   0x0000227c      0x11c /tmp/ccxuDoiT.o
 .debug_macro   0x00002398      0x379 /tmp/ccxuDoiT.o
 .debug_macro   0x00002711      0x17e /tmp/ccjr2EQ0.o
 .debug_macro   0x0000288f      0x184 /tmp/cchEzIQY.o
 .debug_macro   0x00002a13       0xa0 /tmp/ccisJMmU.o
 .debug_macro   0x00002ab3      0x119 /tmp/ccisJMmU.o

.debug_line     0x00000000     0x2d9b
 .debug_line    0x00000000      0x683 /tmp/cc12lHb3.o
 .debug_line    0x00000683      0xd11 /tmp/cc8sFQxi.o
 .debug_line    0x00001394      0x38c /tmp/ccxuDoiT.o
 .debug_line    0x00001720      0x3fa /tmp/ccjr2EQ0.o
 .debug_line    0x00001b1a      0x676 /tmp/cchEzIQY.o
 .debug_line    0x00002190      0x3b9 /tmp/ccisJMmU.o
 .debug_line    0x00002549       0xb9 /usr/lib/gcc/arm-none-eabi/13.2.1/../../../arm-none-eabi/lib/thumb/v7e-m+dp/hard/libc_nano.a(libc_a-memcpy.o)
 .debug_line    0x00002602      0x16f /usr/lib/gcc/arm-none-eabi/13.2.1/thumb/v7e-m+dp/hard/libgcc.a(_arm_addsubdf3.o)
 .debug_line    0x00002771       0x6c /usr/lib/gcc/arm-none-eabi/13.2.1/thumb/v7e-m+dp/hard/libgcc.a(_aeabi_ldivmod.o)
 .debug_line    0x000027dd      0x574 /usr/lib/gcc/arm-none-eabi/13.2.1/thumb/v7e-m+dp/hard/libgcc.a(_udivmoddi4.o)
 .debug_line    0x00002d51       0x4a /usr/lib/gcc/arm-none-eabi/13.2.1/thumb/v7e-m+dp/hard/libgcc.a(_dvmd_tls.o)

.debug_str      0x00000000     0xa8bf
 .debug_str     0x00000000     0xa8bf /tmp/cc12lHb3.o
                               0x9545 (size before relaxing)
 .debug_str     0x0000a8bf     0x446a /tmp/cc8sFQxi.o
 .debug_str     0x0000a8bf     0x8f38 /tmp/ccxuDoiT.o
 .debug_str     0x0000a8bf     0x8d2d /tmp/ccjr2EQ0.o
 .debug_str     0x0000a8bf     0x9091 /tmp/cchEzIQY.o
 .debug_str     0x0000a8bf     0x51fe /tmp/ccisJMmU.o
 .debug_str     0x0000a8bf       0xac /usr/lib/gcc/arm-none-eabi/13.2.1/../../../arm-none-eabi/lib/thumb/v7e-m+dp/hard/libc_nano.a(libc_a-memcpy.o)
 .debug_str     0x0000a8bf      0x154 /usr/lib/gcc/arm-none-eabi/13.2.1/thumb/v7e-m+dp/hard/libgcc.a(_arm_addsubdf3.o)
 .debug_str     0x0000a8bf       0xa3 /usr/lib/gcc/arm-none-eabi/13.2.1/thumb/v7e-m+dp/hard/libgcc.a(_aeabi_ldivmod.o)
 .debug_str     0x0000a8bf      0x688 /usr/lib/gcc/arm-none-eabi/13.2.1/thumb/v7e-m+dp/hard/libgcc.a(_udivmoddi4.o)
 .debug_str     0x0000a8bf       0xc3 /usr/lib/gcc/arm-none-eabi/13.2.1/thumb/v7e-m+dp/hard/libgcc.a(_dvmd_tls.o)

.comment        0x00000000       0x26
 .comment       0x00000000       0x26 /tmp/cc12lHb3.o
                                 0x27 (size before relaxing)
 .comment       0x00000026       0x27 /tmp/cc8sFQxi.o
 .comment       0x00000026       0x27 /tmp/ccxuDoiT.o
 .comment       0x00000026       0x27 /tmp/ccjr2EQ0.o
 .comment       0x00000026       0x27 /tmp/cchEzIQY.o
 .comment       0x00000026       0x27 /tmp/ccisJMmU.o
 .comment       0x00000026       0x27 /usr/lib/gcc/arm-none-eabi/13.2.1/thumb/v7e-m+dp/hard/libgcc.a(_udivmoddi4.o)

.ARM.attributes
                0x00000000       0x30
 .ARM.attributes
                0x00000000       0x32 /tmp/cc12lHb3.o
 .ARM.attributes
                0x00000032       0x32 /tmp/cc8sFQxi.o
 .ARM.attributes
                0x00000064       0x32 /tmp/ccxuDoiT.o
 .ARM.attributes
                0x00000096       0x32 /tmp/ccjr2EQ0.o
 .ARM.attributes
                0x000000c8       0x32 /tmp/cchEzIQY.o
 .ARM.attributes
                0x000000fa       0x32 /tmp/ccisJMmU.o
 .ARM.attributes
                0x0000012c       0x1e /usr/lib/gcc/arm-none-eabi/13.2.1/../../../arm-none-eabi/lib/thumb/v7e-m+dp/hard/libc_nano.a(libc_a-memcpy.o)
 .ARM.attributes
                0x0000014a       0x20 /usr/lib/gcc/arm-none-eabi/13.2.1/thumb/v7e-m+dp/hard/libgcc.a(_arm_addsubdf3.o)
 .ARM.attributes
                0x0000016a       0x20 /usr/lib/gcc/arm-none-eabi/13.2.1/thumb/v7e-m+dp/hard/libgcc.a(_aeabi_ldivmod.o)
 .ARM.attributes
                0x0000018a       0x32 /usr/lib/gcc/arm-none-eabi/13.2.1/thumb/v7e-m+dp/hard/libgcc.a(_udivmoddi4.o)
 .ARM.attributes
                0x000001bc       0x20 /usr/lib/gcc/arm-none-eabi/13.2.1/thumb/v7e-m+dp/hard/libgcc.a(_dvmd_tls.o)

.debug_frame    0x00000000     0x133c
 .debug_frame   0x00000000       0xfc /tmp/cc12lHb3.o
 .debug_frame   0x000000fc      0xe30 /tmp/cc8sFQxi.o
 .debug_frame   0x00000f2c       0x60 /tmp/ccxuDoiT.o
 .debug_frame   0x00000f8c       0x50 /tmp/ccjr2EQ0.o
 .debug_frame   0x00000fdc       0xac /tmp/cchEzIQY.o
 .debug_frame   0x00001088      0x190 /tmp/ccisJMmU.o
 .debug_frame   0x00001218       0xac /usr/lib/gcc/arm-none-eabi/13.2.1/thumb/v7e-m+dp/hard/libgcc.a(_arm_addsubdf3.o)
 .debug_frame   0x000012c4       0x44 /usr/lib/gcc/arm-none-eabi/13.2.1/thumb/v7e-m+dp/hard/libgcc.a(_aeabi_ldivmod.o)
 .debug_frame   0x00001308       0x34 /usr/lib/gcc/arm-none-eabi/13.2.1/thumb/v7e-m+dp/hard/libgcc.a(_udivmoddi4.o)

.debug_line_str
                0x00000000      0x149
 .debug_line_str
                0x00000000      0x149 /usr/lib/gcc/arm-none-eabi/13.2.1/../../../arm-none-eabi/lib/thumb/v7e-m+dp/hard/libc_nano.a(libc_a-memcpy.o)
                                 0x99 (size before relaxing)
 .debug_line_str
                0x00000149       0x9c /usr/lib/gcc/arm-none-eabi/13.2.1/thumb/v7e-m+dp/hard/libgcc.a(_arm_addsubdf3.o)
 .debug_line_str
                0x00000149       0x97 /usr/lib/gcc/arm-none-eabi/13.2.1/thumb/v7e-m+dp/hard/libgcc.a(_aeabi_ldivmod.o)
 .debug_line_str
                0x00000149       0x9b /usr/lib/gcc/arm-none-eabi/13.2.1/thumb/v7e-m+dp/hard/libgcc.a(_dvmd_tls.o)

.debug_loclists
                0x00000000      0x9e4
 .debug_loclists
                0x00000000      0x9e4 /usr/lib/gcc/arm-none-eabi/13.2.1/thumb/v7e-m+dp/hard/libgcc.a(_udivmoddi4.o)
