Archive member included to satisfy reference by file (symbol)

/usr/lib/gcc/arm-none-eabi/13.2.1/../../../arm-none-eabi/lib/thumb/v7e-m+dp/hard/libc_nano.a(libc_a-memcpy.o)
                              /tmp/cctc2kRK.o (memcpy)

Discarded input sections

 .group         0x00000000        0xc /tmp/ccrgv6cw.o
 .group         0x00000000        0xc /tmp/ccrgv6cw.o
 .group         0x00000000        0xc /tmp/ccrgv6cw.o
 .group         0x00000000        0xc /tmp/ccrgv6cw.o
 .group         0x00000000        0xc /tmp/ccrgv6cw.o
 .group         0x00000000        0xc /tmp/ccrgv6cw.o
 .group         0x00000000        0xc /tmp/ccrgv6cw.o
 .group         0x00000000        0xc /tmp/ccrgv6cw.o
 .group         0x00000000        0xc /tmp/ccrgv6cw.o
 .group         0x00000000        0xc /tmp/ccrgv6cw.o
 .group         0x00000000        0xc /tmp/ccrgv6cw.o
 .group         0x00000000        0xc /tmp/ccrgv6cw.o
 .group         0x00000000        0xc /tmp/ccrgv6cw.o
 .group         0x00000000        0xc /tmp/ccrgv6cw.o
 .group         0x00000000        0xc /tmp/ccrgv6cw.o
 .group         0x00000000        0xc /tmp/ccrgv6cw.o
 .group         0x00000000        0xc /tmp/ccrgv6cw.o
 .group         0x00000000        0xc /tmp/ccrgv6cw.o
 .group         0x00000000        0xc /tmp/ccrgv6cw.o
 .group         0x00000000        0xc /tmp/ccrgv6cw.o
 .group         0x00000000        0xc /tmp/ccrgv6cw.o
 .group         0x00000000        0xc /tmp/ccrgv6cw.o
 .group         0x00000000        0xc /tmp/ccrgv6cw.o
 .group         0x00000000        0xc /tmp/ccrgv6cw.o
 .group         0x00000000        0xc /tmp/ccrgv6cw.o
 .group         0x00000000        0xc /tmp/ccrgv6cw.o
 .group         0x00000000        0xc /tmp/ccrgv6cw.o
 .group         0x00000000        0xc /tmp/ccrgv6cw.o
 .group         0x00000000        0xc /tmp/ccrgv6cw.o
 .group         0x00000000        0xc /tmp/ccrgv6cw.o
 .group         0x00000000        0xc /tmp/ccrgv6cw.o
 .group         0x00000000        0xc /tmp/ccrgv6cw.o
 .group         0x00000000        0xc /tmp/ccrgv6cw.o
 .group         0x00000000        0xc /tmp/ccrgv6cw.o
 .group         0x00000000        0xc /tmp/ccrgv6cw.o
 .group         0x00000000        0xc /tmp/ccrgv6cw.o
 .text          0x00000000        0x0 /tmp/ccrgv6cw.o
 .data          0x00000000        0x0 /tmp/ccrgv6cw.o
 .bss           0x00000000        0x0 /tmp/ccrgv6cw.o
 .bss.flash_status
                0x00000000        0x4 /tmp/ccrgv6cw.o
 .bss.temp      0x00000000       0x40 /tmp/ccrgv6cw.o
 .group         0x00000000        0xc /tmp/ccGpAozy.o
 .group         0x00000000        0xc /tmp/ccGpAozy.o
 .text          0x00000000        0x0 /tmp/ccGpAozy.o
 .data          0x00000000        0x0 /tmp/ccGpAozy.o
 .bss           0x00000000        0x0 /tmp/ccGpAozy.o
 .text.SysTick_IRQHandler
                0x00000000        0x8 /tmp/ccGpAozy.o
 .text.FDCAN1_IT0_IRQHandler
                0x00000000        0x8 /tmp/ccGpAozy.o
 .text.SPI4_IRQHandler
                0x00000000        0x8 /tmp/ccGpAozy.o
 .debug_macro   0x00000000      0xade /tmp/ccGpAozy.o
 .debug_macro   0x00000000      0x34e /tmp/ccGpAozy.o
 .group         0x00000000        0xc /tmp/ccwWqvrB.o
 .group         0x00000000        0xc /tmp/ccwWqvrB.o
 .group         0x00000000        0xc /tmp/ccwWqvrB.o
 .group         0x00000000        0xc /tmp/ccwWqvrB.o
 .group         0x00000000        0xc /tmp/ccwWqvrB.o
 .group         0x00000000        0xc /tmp/ccwWqvrB.o
 .group         0x00000000        0xc /tmp/ccwWqvrB.o
 .group         0x00000000        0xc /tmp/ccwWqvrB.o
 .group         0x00000000        0xc /tmp/ccwWqvrB.o
 .group         0x00000000        0xc /tmp/ccwWqvrB.o
 .group         0x00000000        0xc /tmp/ccwWqvrB.o
 .group         0x00000000        0xc /tmp/ccwWqvrB.o
 .group         0x00000000        0xc /tmp/ccwWqvrB.o
 .group         0x00000000        0xc /tmp/ccwWqvrB.o
 .group         0x00000000        0xc /tmp/ccwWqvrB.o
 .group         0x00000000        0xc /tmp/ccwWqvrB.o
 .group         0x00000000        0xc /tmp/ccwWqvrB.o
 .group         0x00000000        0xc /tmp/ccwWqvrB.o
 .group         0x00000000        0xc /tmp/ccwWqvrB.o
 .group         0x00000000        0xc /tmp/ccwWqvrB.o
 .group         0x00000000        0xc /tmp/ccwWqvrB.o
 .group         0x00000000        0xc /tmp/ccwWqvrB.o
 .group         0x00000000        0xc /tmp/ccwWqvrB.o
 .group         0x00000000        0xc /tmp/ccwWqvrB.o
 .group         0x00000000        0xc /tmp/ccwWqvrB.o
 .group         0x00000000        0xc /tmp/ccwWqvrB.o
 .group         0x00000000        0xc /tmp/ccwWqvrB.o
 .group         0x00000000        0xc /tmp/ccwWqvrB.o
 .text          0x00000000        0x0 /tmp/ccwWqvrB.o
 .data          0x00000000        0x0 /tmp/ccwWqvrB.o
 .bss           0x00000000        0x0 /tmp/ccwWqvrB.o
 .debug_macro   0x00000000      0xade /tmp/ccwWqvrB.o
 .debug_macro   0x00000000       0x29 /tmp/ccwWqvrB.o
 .debug_macro   0x00000000       0x22 /tmp/ccwWqvrB.o
 .debug_macro   0x00000000       0x54 /tmp/ccwWqvrB.o
 .debug_macro   0x00000000       0x94 /tmp/ccwWqvrB.o
 .debug_macro   0x00000000       0x43 /tmp/ccwWqvrB.o
 .debug_macro   0x00000000       0x16 /tmp/ccwWqvrB.o
 .debug_macro   0x00000000       0x9b /tmp/ccwWqvrB.o
 .debug_macro   0x00000000       0x57 /tmp/ccwWqvrB.o
 .debug_macro   0x00000000      0x370 /tmp/ccwWqvrB.o
 .debug_macro   0x00000000       0x16 /tmp/ccwWqvrB.o
 .debug_macro   0x00000000       0x4a /tmp/ccwWqvrB.o
 .debug_macro   0x00000000       0x34 /tmp/ccwWqvrB.o
 .debug_macro   0x00000000       0x10 /tmp/ccwWqvrB.o
 .debug_macro   0x00000000       0x52 /tmp/ccwWqvrB.o
 .debug_macro   0x00000000       0x8e /tmp/ccwWqvrB.o
 .debug_macro   0x00000000       0x1c /tmp/ccwWqvrB.o
 .debug_macro   0x00000000      0x177 /tmp/ccwWqvrB.o
 .debug_macro   0x00000000       0x16 /tmp/ccwWqvrB.o
 .debug_macro   0x00000000       0x29 /tmp/ccwWqvrB.o
 .debug_macro   0x00000000      0x103 /tmp/ccwWqvrB.o
 .debug_macro   0x00000000      0x34e /tmp/ccwWqvrB.o
 .debug_macro   0x00000000       0x3c /tmp/ccwWqvrB.o
 .debug_macro   0x00000000       0x22 /tmp/ccwWqvrB.o
 .debug_macro   0x00000000      0x158 /tmp/ccwWqvrB.o
 .group         0x00000000        0xc /tmp/ccqrsm33.o
 .group         0x00000000        0xc /tmp/ccqrsm33.o
 .group         0x00000000        0xc /tmp/ccqrsm33.o
 .group         0x00000000        0xc /tmp/ccqrsm33.o
 .group         0x00000000        0xc /tmp/ccqrsm33.o
 .group         0x00000000        0xc /tmp/ccqrsm33.o
 .group         0x00000000        0xc /tmp/ccqrsm33.o
 .group         0x00000000        0xc /tmp/ccqrsm33.o
 .group         0x00000000        0xc /tmp/ccqrsm33.o
 .group         0x00000000        0xc /tmp/ccqrsm33.o
 .group         0x00000000        0xc /tmp/ccqrsm33.o
 .group         0x00000000        0xc /tmp/ccqrsm33.o
 .group         0x00000000        0xc /tmp/ccqrsm33.o
 .group         0x00000000        0xc /tmp/ccqrsm33.o
 .group         0x00000000        0xc /tmp/ccqrsm33.o
 .group         0x00000000        0xc /tmp/ccqrsm33.o
 .group         0x00000000        0xc /tmp/ccqrsm33.o
 .group         0x00000000        0xc /tmp/ccqrsm33.o
 .group         0x00000000        0xc /tmp/ccqrsm33.o
 .group         0x00000000        0xc /tmp/ccqrsm33.o
 .group         0x00000000        0xc /tmp/ccqrsm33.o
 .group         0x00000000        0xc /tmp/ccqrsm33.o
 .group         0x00000000        0xc /tmp/ccqrsm33.o
 .group         0x00000000        0xc /tmp/ccqrsm33.o
 .group         0x00000000        0xc /tmp/ccqrsm33.o
 .group         0x00000000        0xc /tmp/ccqrsm33.o
 .group         0x00000000        0xc /tmp/ccqrsm33.o
 .group         0x00000000        0xc /tmp/ccqrsm33.o
 .group         0x00000000        0xc /tmp/ccqrsm33.o
 .group         0x00000000        0xc /tmp/ccqrsm33.o
 .text          0x00000000        0x0 /tmp/ccqrsm33.o
 .data          0x00000000        0x0 /tmp/ccqrsm33.o
 .bss           0x00000000        0x0 /tmp/ccqrsm33.o
 .data.chargevoltage
                0x00000000        0x2 /tmp/ccqrsm33.o
 .data.chargecurrent
                0x00000000        0x2 /tmp/ccqrsm33.o
 .data.disvoltage
                0x00000000        0x2 /tmp/ccqrsm33.o
 .data.discurrent
                0x00000000        0x2 /tmp/ccqrsm33.o
 .bss.mes       0x00000000        0x8 /tmp/ccqrsm33.o
 .data.bmsname  0x00000000        0x8 /tmp/ccqrsm33.o
 .data.bmsmanu  0x00000000        0x8 /tmp/ccqrsm33.o
 .data.SOC      0x00000000        0x4 /tmp/ccqrsm33.o
 .data.PackVoltage
                0x00000000        0x8 /tmp/ccqrsm33.o
 .data.AvgTemperature
                0x00000000        0x4 /tmp/ccqrsm33.o
 .bss.currentact
                0x00000000        0x2 /tmp/ccqrsm33.o
 .debug_macro   0x00000000      0xade /tmp/ccqrsm33.o
 .debug_macro   0x00000000       0x22 /tmp/ccqrsm33.o
 .debug_macro   0x00000000       0x54 /tmp/ccqrsm33.o
 .debug_macro   0x00000000       0x29 /tmp/ccqrsm33.o
 .debug_macro   0x00000000       0x94 /tmp/ccqrsm33.o
 .debug_macro   0x00000000       0x43 /tmp/ccqrsm33.o
 .debug_macro   0x00000000      0x103 /tmp/ccqrsm33.o
 .debug_macro   0x00000000       0x3a /tmp/ccqrsm33.o
 .debug_macro   0x00000000      0x34e /tmp/ccqrsm33.o
 .debug_macro   0x00000000       0x89 /tmp/ccqrsm33.o
 .debug_macro   0x00000000      0x379 /tmp/ccqrsm33.o
 .debug_macro   0x00000000       0x16 /tmp/ccqrsm33.o
 .debug_macro   0x00000000       0xa5 /tmp/ccqrsm33.o
 .debug_macro   0x00000000       0x9b /tmp/ccqrsm33.o
 .debug_macro   0x00000000       0x57 /tmp/ccqrsm33.o
 .debug_macro   0x00000000      0x370 /tmp/ccqrsm33.o
 .debug_macro   0x00000000       0x16 /tmp/ccqrsm33.o
 .debug_macro   0x00000000       0x4a /tmp/ccqrsm33.o
 .debug_macro   0x00000000       0x34 /tmp/ccqrsm33.o
 .debug_macro   0x00000000       0x10 /tmp/ccqrsm33.o
 .debug_macro   0x00000000       0x52 /tmp/ccqrsm33.o
 .debug_macro   0x00000000       0x8e /tmp/ccqrsm33.o
 .debug_macro   0x00000000       0x1c /tmp/ccqrsm33.o
 .debug_macro   0x00000000      0x177 /tmp/ccqrsm33.o
 .debug_macro   0x00000000       0x16 /tmp/ccqrsm33.o
 .debug_macro   0x00000000       0x29 /tmp/ccqrsm33.o
 .debug_macro   0x00000000       0x22 /tmp/ccqrsm33.o
 .debug_macro   0x00000000       0x16 /tmp/ccqrsm33.o
 .debug_macro   0x00000000       0x3c /tmp/ccqrsm33.o
 .debug_macro   0x00000000      0x158 /tmp/ccqrsm33.o
 .group         0x00000000        0xc /tmp/cctc2kRK.o
 .group         0x00000000        0xc /tmp/cctc2kRK.o
 .group         0x00000000        0xc /tmp/cctc2kRK.o
 .group         0x00000000        0xc /tmp/cctc2kRK.o
 .group         0x00000000        0xc /tmp/cctc2kRK.o
 .group         0x00000000        0xc /tmp/cctc2kRK.o
 .group         0x00000000        0xc /tmp/cctc2kRK.o
 .group         0x00000000        0xc /tmp/cctc2kRK.o
 .group         0x00000000        0xc /tmp/cctc2kRK.o
 .group         0x00000000        0xc /tmp/cctc2kRK.o
 .group         0x00000000        0xc /tmp/cctc2kRK.o
 .group         0x00000000        0xc /tmp/cctc2kRK.o
 .group         0x00000000        0xc /tmp/cctc2kRK.o
 .group         0x00000000        0xc /tmp/cctc2kRK.o
 .group         0x00000000        0xc /tmp/cctc2kRK.o
 .group         0x00000000        0xc /tmp/cctc2kRK.o
 .group         0x00000000        0xc /tmp/cctc2kRK.o
 .group         0x00000000        0xc /tmp/cctc2kRK.o
 .group         0x00000000        0xc /tmp/cctc2kRK.o
 .group         0x00000000        0xc /tmp/cctc2kRK.o
 .group         0x00000000        0xc /tmp/cctc2kRK.o
 .group         0x00000000        0xc /tmp/cctc2kRK.o
 .group         0x00000000        0xc /tmp/cctc2kRK.o
 .group         0x00000000        0xc /tmp/cctc2kRK.o
 .group         0x00000000        0xc /tmp/cctc2kRK.o
 .group         0x00000000        0xc /tmp/cctc2kRK.o
 .group         0x00000000        0xc /tmp/cctc2kRK.o
 .group         0x00000000        0xc /tmp/cctc2kRK.o
 .group         0x00000000        0xc /tmp/cctc2kRK.o
 .text          0x00000000        0x0 /tmp/cctc2kRK.o
 .data          0x00000000        0x0 /tmp/cctc2kRK.o
 .bss           0x00000000        0x0 /tmp/cctc2kRK.o
 .debug_macro   0x00000000      0xade /tmp/cctc2kRK.o
 .debug_macro   0x00000000       0x29 /tmp/cctc2kRK.o
 .debug_macro   0x00000000       0x22 /tmp/cctc2kRK.o
 .debug_macro   0x00000000       0x54 /tmp/cctc2kRK.o
 .debug_macro   0x00000000       0x94 /tmp/cctc2kRK.o
 .debug_macro   0x00000000       0x43 /tmp/cctc2kRK.o
 .debug_macro   0x00000000       0x34 /tmp/cctc2kRK.o
 .debug_macro   0x00000000       0x16 /tmp/cctc2kRK.o
 .debug_macro   0x00000000      0x11c /tmp/cctc2kRK.o
 .debug_macro   0x00000000       0x9b /tmp/cctc2kRK.o
 .debug_macro   0x00000000       0x57 /tmp/cctc2kRK.o
 .debug_macro   0x00000000      0x370 /tmp/cctc2kRK.o
 .debug_macro   0x00000000       0x16 /tmp/cctc2kRK.o
 .debug_macro   0x00000000       0x4a /tmp/cctc2kRK.o
 .debug_macro   0x00000000       0x34 /tmp/cctc2kRK.o
 .debug_macro   0x00000000       0x10 /tmp/cctc2kRK.o
 .debug_macro   0x00000000       0x52 /tmp/cctc2kRK.o
 .debug_macro   0x00000000       0x8e /tmp/cctc2kRK.o
 .debug_macro   0x00000000       0x1c /tmp/cctc2kRK.o
 .debug_macro   0x00000000      0x177 /tmp/cctc2kRK.o
 .debug_macro   0x00000000       0x16 /tmp/cctc2kRK.o
 .debug_macro   0x00000000       0x29 /tmp/cctc2kRK.o
 .debug_macro   0x00000000      0x103 /tmp/cctc2kRK.o
 .debug_macro   0x00000000      0x34e /tmp/cctc2kRK.o
 .debug_macro   0x00000000       0x3c /tmp/cctc2kRK.o
 .debug_macro   0x00000000      0x379 /tmp/cctc2kRK.o
 .debug_macro   0x00000000       0x22 /tmp/cctc2kRK.o
 .debug_macro   0x00000000       0x16 /tmp/cctc2kRK.o
 .debug_macro   0x00000000      0x158 /tmp/cctc2kRK.o
 .group         0x00000000        0xc /tmp/cc1bKMEn.o
 .group         0x00000000        0xc /tmp/cc1bKMEn.o
 .group         0x00000000        0xc /tmp/cc1bKMEn.o
 .group         0x00000000        0xc /tmp/cc1bKMEn.o
 .group         0x00000000        0xc /tmp/cc1bKMEn.o
 .group         0x00000000        0xc /tmp/cc1bKMEn.o
 .group         0x00000000        0xc /tmp/cc1bKMEn.o
 .group         0x00000000        0xc /tmp/cc1bKMEn.o
 .group         0x00000000        0xc /tmp/cc1bKMEn.o
 .group         0x00000000        0xc /tmp/cc1bKMEn.o
 .group         0x00000000        0xc /tmp/cc1bKMEn.o
 .group         0x00000000        0xc /tmp/cc1bKMEn.o
 .group         0x00000000        0xc /tmp/cc1bKMEn.o
 .group         0x00000000        0xc /tmp/cc1bKMEn.o
 .group         0x00000000        0xc /tmp/cc1bKMEn.o
 .group         0x00000000        0xc /tmp/cc1bKMEn.o
 .group         0x00000000        0xc /tmp/cc1bKMEn.o
 .group         0x00000000        0xc /tmp/cc1bKMEn.o
 .group         0x00000000        0xc /tmp/cc1bKMEn.o
 .group         0x00000000        0xc /tmp/cc1bKMEn.o
 .group         0x00000000        0xc /tmp/cc1bKMEn.o
 .group         0x00000000        0xc /tmp/cc1bKMEn.o
 .group         0x00000000        0xc /tmp/cc1bKMEn.o
 .group         0x00000000        0xc /tmp/cc1bKMEn.o
 .group         0x00000000        0xc /tmp/cc1bKMEn.o
 .group         0x00000000        0xc /tmp/cc1bKMEn.o
 .group         0x00000000        0xc /tmp/cc1bKMEn.o
 .group         0x00000000        0xc /tmp/cc1bKMEn.o
 .text          0x00000000        0x0 /tmp/cc1bKMEn.o
 .data          0x00000000        0x0 /tmp/cc1bKMEn.o
 .bss           0x00000000        0x0 /tmp/cc1bKMEn.o
 .debug_macro   0x00000000      0xade /tmp/cc1bKMEn.o
 .debug_macro   0x00000000       0x22 /tmp/cc1bKMEn.o
 .debug_macro   0x00000000       0x54 /tmp/cc1bKMEn.o
 .debug_macro   0x00000000       0x29 /tmp/cc1bKMEn.o
 .debug_macro   0x00000000       0x94 /tmp/cc1bKMEn.o
 .debug_macro   0x00000000       0x43 /tmp/cc1bKMEn.o
 .debug_macro   0x00000000      0x103 /tmp/cc1bKMEn.o
 .debug_macro   0x00000000       0x3a /tmp/cc1bKMEn.o
 .debug_macro   0x00000000      0x34e /tmp/cc1bKMEn.o
 .debug_macro   0x00000000       0x89 /tmp/cc1bKMEn.o
 .debug_macro   0x00000000      0x379 /tmp/cc1bKMEn.o
 .debug_macro   0x00000000       0x1c /tmp/cc1bKMEn.o
 .debug_macro   0x00000000       0x57 /tmp/cc1bKMEn.o
 .debug_macro   0x00000000      0x370 /tmp/cc1bKMEn.o
 .debug_macro   0x00000000       0x9b /tmp/cc1bKMEn.o
 .debug_macro   0x00000000       0x10 /tmp/cc1bKMEn.o
 .debug_macro   0x00000000       0x16 /tmp/cc1bKMEn.o
 .debug_macro   0x00000000       0x4a /tmp/cc1bKMEn.o
 .debug_macro   0x00000000       0x34 /tmp/cc1bKMEn.o
 .debug_macro   0x00000000       0x10 /tmp/cc1bKMEn.o
 .debug_macro   0x00000000       0x52 /tmp/cc1bKMEn.o
 .debug_macro   0x00000000       0x8e /tmp/cc1bKMEn.o
 .debug_macro   0x00000000       0x1c /tmp/cc1bKMEn.o
 .debug_macro   0x00000000      0x177 /tmp/cc1bKMEn.o
 .debug_macro   0x00000000       0x16 /tmp/cc1bKMEn.o
 .debug_macro   0x00000000      0x146 /tmp/cc1bKMEn.o
 .group         0x00000000        0xc /tmp/ccVhsnIz.o
 .group         0x00000000        0xc /tmp/ccVhsnIz.o
 .group         0x00000000        0xc /tmp/ccVhsnIz.o
 .group         0x00000000        0xc /tmp/ccVhsnIz.o
 .group         0x00000000        0xc /tmp/ccVhsnIz.o
 .group         0x00000000        0xc /tmp/ccVhsnIz.o
 .group         0x00000000        0xc /tmp/ccVhsnIz.o
 .group         0x00000000        0xc /tmp/ccVhsnIz.o
 .group         0x00000000        0xc /tmp/ccVhsnIz.o
 .group         0x00000000        0xc /tmp/ccVhsnIz.o
 .group         0x00000000        0xc /tmp/ccVhsnIz.o
 .text          0x00000000        0x0 /tmp/ccVhsnIz.o
 .data          0x00000000        0x0 /tmp/ccVhsnIz.o
 .bss           0x00000000        0x0 /tmp/ccVhsnIz.o
 .text.lenghtofarray
                0x00000000       0x2e /tmp/ccVhsnIz.o
 .text.int2char
                0x00000000       0xb8 /tmp/ccVhsnIz.o
 .debug_info    0x00000000      0x115 /tmp/ccVhsnIz.o
 .debug_abbrev  0x00000000       0xc4 /tmp/ccVhsnIz.o
 .debug_aranges
                0x00000000       0x28 /tmp/ccVhsnIz.o
 .debug_rnglists
                0x00000000       0x1a /tmp/ccVhsnIz.o
 .debug_macro   0x00000000       0x97 /tmp/ccVhsnIz.o
 .debug_macro   0x00000000      0xade /tmp/ccVhsnIz.o
 .debug_macro   0x00000000       0x22 /tmp/ccVhsnIz.o
 .debug_macro   0x00000000       0x54 /tmp/ccVhsnIz.o
 .debug_macro   0x00000000       0x29 /tmp/ccVhsnIz.o
 .debug_macro   0x00000000       0x94 /tmp/ccVhsnIz.o
 .debug_macro   0x00000000       0x43 /tmp/ccVhsnIz.o
 .debug_macro   0x00000000      0x103 /tmp/ccVhsnIz.o
 .debug_macro   0x00000000       0x3a /tmp/ccVhsnIz.o
 .debug_macro   0x00000000      0x34e /tmp/ccVhsnIz.o
 .debug_macro   0x00000000       0x89 /tmp/ccVhsnIz.o
 .debug_macro   0x00000000      0x379 /tmp/ccVhsnIz.o
 .debug_line    0x00000000      0x202 /tmp/ccVhsnIz.o
 .debug_str     0x00000000     0x4e44 /tmp/ccVhsnIz.o
 .comment       0x00000000       0x27 /tmp/ccVhsnIz.o
 .debug_frame   0x00000000       0x60 /tmp/ccVhsnIz.o
 .ARM.attributes
                0x00000000       0x32 /tmp/ccVhsnIz.o
 .group         0x00000000        0xc /tmp/ccETf5xr.o
 .group         0x00000000        0xc /tmp/ccETf5xr.o
 .group         0x00000000        0xc /tmp/ccETf5xr.o
 .group         0x00000000        0xc /tmp/ccETf5xr.o
 .group         0x00000000        0xc /tmp/ccETf5xr.o
 .group         0x00000000        0xc /tmp/ccETf5xr.o
 .group         0x00000000        0xc /tmp/ccETf5xr.o
 .group         0x00000000        0xc /tmp/ccETf5xr.o
 .group         0x00000000        0xc /tmp/ccETf5xr.o
 .group         0x00000000        0xc /tmp/ccETf5xr.o
 .group         0x00000000        0xc /tmp/ccETf5xr.o
 .group         0x00000000        0xc /tmp/ccETf5xr.o
 .group         0x00000000        0xc /tmp/ccETf5xr.o
 .group         0x00000000        0xc /tmp/ccETf5xr.o
 .group         0x00000000        0xc /tmp/ccETf5xr.o
 .group         0x00000000        0xc /tmp/ccETf5xr.o
 .group         0x00000000        0xc /tmp/ccETf5xr.o
 .group         0x00000000        0xc /tmp/ccETf5xr.o
 .group         0x00000000        0xc /tmp/ccETf5xr.o
 .group         0x00000000        0xc /tmp/ccETf5xr.o
 .group         0x00000000        0xc /tmp/ccETf5xr.o
 .group         0x00000000        0xc /tmp/ccETf5xr.o
 .group         0x00000000        0xc /tmp/ccETf5xr.o
 .group         0x00000000        0xc /tmp/ccETf5xr.o
 .group         0x00000000        0xc /tmp/ccETf5xr.o
 .group         0x00000000        0xc /tmp/ccETf5xr.o
 .group         0x00000000        0xc /tmp/ccETf5xr.o
 .group         0x00000000        0xc /tmp/ccETf5xr.o
 .group         0x00000000        0xc /tmp/ccETf5xr.o
 .text          0x00000000        0x0 /tmp/ccETf5xr.o
 .data          0x00000000        0x0 /tmp/ccETf5xr.o
 .bss           0x00000000        0x0 /tmp/ccETf5xr.o
 .text.flash_wait_ready
                0x00000000       0x50 /tmp/ccETf5xr.o
 .text.flash_erase_sector
                0x00000000       0xe0 /tmp/ccETf5xr.o
 .text.flash_read_status
                0x00000000       0xcc /tmp/ccETf5xr.o
 .text.flash_write_enable
                0x00000000       0xb4 /tmp/ccETf5xr.o
 .text.flash_write_page
                0x00000000      0x124 /tmp/ccETf5xr.o
 .debug_macro   0x00000000      0xade /tmp/ccETf5xr.o
 .debug_macro   0x00000000       0x22 /tmp/ccETf5xr.o
 .debug_macro   0x00000000       0x54 /tmp/ccETf5xr.o
 .debug_macro   0x00000000       0x29 /tmp/ccETf5xr.o
 .debug_macro   0x00000000       0x94 /tmp/ccETf5xr.o
 .debug_macro   0x00000000       0x43 /tmp/ccETf5xr.o
 .debug_macro   0x00000000      0x103 /tmp/ccETf5xr.o
 .debug_macro   0x00000000       0x3a /tmp/ccETf5xr.o
 .debug_macro   0x00000000      0x34e /tmp/ccETf5xr.o
 .debug_macro   0x00000000       0x89 /tmp/ccETf5xr.o
 .debug_macro   0x00000000      0x379 /tmp/ccETf5xr.o
 .debug_macro   0x00000000       0x22 /tmp/ccETf5xr.o
 .debug_macro   0x00000000       0x16 /tmp/ccETf5xr.o
 .debug_macro   0x00000000       0xa5 /tmp/ccETf5xr.o
 .debug_macro   0x00000000       0x9b /tmp/ccETf5xr.o
 .debug_macro   0x00000000       0x57 /tmp/ccETf5xr.o
 .debug_macro   0x00000000      0x370 /tmp/ccETf5xr.o
 .debug_macro   0x00000000       0x16 /tmp/ccETf5xr.o
 .debug_macro   0x00000000       0x4a /tmp/ccETf5xr.o
 .debug_macro   0x00000000       0x34 /tmp/ccETf5xr.o
 .debug_macro   0x00000000       0x10 /tmp/ccETf5xr.o
 .debug_macro   0x00000000       0x52 /tmp/ccETf5xr.o
 .debug_macro   0x00000000       0x8e /tmp/ccETf5xr.o
 .debug_macro   0x00000000       0x1c /tmp/ccETf5xr.o
 .debug_macro   0x00000000      0x177 /tmp/ccETf5xr.o
 .debug_macro   0x00000000       0x16 /tmp/ccETf5xr.o
 .debug_macro   0x00000000       0x29 /tmp/ccETf5xr.o
 .debug_macro   0x00000000      0x158 /tmp/ccETf5xr.o
 .group         0x00000000        0xc /tmp/cc8FXuLC.o
 .group         0x00000000        0xc /tmp/cc8FXuLC.o
 .group         0x00000000        0xc /tmp/cc8FXuLC.o
 .group         0x00000000        0xc /tmp/cc8FXuLC.o
 .group         0x00000000        0xc /tmp/cc8FXuLC.o
 .group         0x00000000        0xc /tmp/cc8FXuLC.o
 .group         0x00000000        0xc /tmp/cc8FXuLC.o
 .group         0x00000000        0xc /tmp/cc8FXuLC.o
 .group         0x00000000        0xc /tmp/cc8FXuLC.o
 .group         0x00000000        0xc /tmp/cc8FXuLC.o
 .group         0x00000000        0xc /tmp/cc8FXuLC.o
 .group         0x00000000        0xc /tmp/cc8FXuLC.o
 .group         0x00000000        0xc /tmp/cc8FXuLC.o
 .group         0x00000000        0xc /tmp/cc8FXuLC.o
 .group         0x00000000        0xc /tmp/cc8FXuLC.o
 .group         0x00000000        0xc /tmp/cc8FXuLC.o
 .group         0x00000000        0xc /tmp/cc8FXuLC.o
 .group         0x00000000        0xc /tmp/cc8FXuLC.o
 .group         0x00000000        0xc /tmp/cc8FXuLC.o
 .group         0x00000000        0xc /tmp/cc8FXuLC.o
 .group         0x00000000        0xc /tmp/cc8FXuLC.o
 .group         0x00000000        0xc /tmp/cc8FXuLC.o
 .group         0x00000000        0xc /tmp/cc8FXuLC.o
 .group         0x00000000        0xc /tmp/cc8FXuLC.o
 .group         0x00000000        0xc /tmp/cc8FXuLC.o
 .group         0x00000000        0xc /tmp/cc8FXuLC.o
 .group         0x00000000        0xc /tmp/cc8FXuLC.o
 .group         0x00000000        0xc /tmp/cc8FXuLC.o
 .text          0x00000000        0x0 /tmp/cc8FXuLC.o
 .data          0x00000000        0x0 /tmp/cc8FXuLC.o
 .bss           0x00000000        0x0 /tmp/cc8FXuLC.o
 .text.SPI3_TransmitReceiveByte
                0x00000000       0x58 /tmp/cc8FXuLC.o
 .text.SPI3_TransmitReceive
                0x00000000       0x60 /tmp/cc8FXuLC.o
 .text.delay_ms
                0x00000000       0x40 /tmp/cc8FXuLC.o
 .text.LTC6813_Wakeup
                0x00000000       0x34 /tmp/cc8FXuLC.o
 .rodata.pec15Table
                0x00000000      0x200 /tmp/cc8FXuLC.o
 .text.LTC6813_CalculatePEC
                0x00000000       0x68 /tmp/cc8FXuLC.o
 .text.LTC6813_SendCommand
                0x00000000       0x50 /tmp/cc8FXuLC.o
 .text.LTC6813_ReadRegisterGroup
                0x00000000       0xac /tmp/cc8FXuLC.o
 .text.LTC6813_StartCellVoltageConversion
                0x00000000       0x34 /tmp/cc8FXuLC.o
 .text.LTC6813_ReadAllCellVoltages
                0x00000000      0x1ce /tmp/cc8FXuLC.o
 .text.LTC6813_ConvertToMillivolts
                0x00000000       0x2c /tmp/cc8FXuLC.o
 .debug_macro   0x00000000      0xade /tmp/cc8FXuLC.o
 .debug_macro   0x00000000       0x22 /tmp/cc8FXuLC.o
 .debug_macro   0x00000000       0x54 /tmp/cc8FXuLC.o
 .debug_macro   0x00000000       0x29 /tmp/cc8FXuLC.o
 .debug_macro   0x00000000       0x94 /tmp/cc8FXuLC.o
 .debug_macro   0x00000000       0x43 /tmp/cc8FXuLC.o
 .debug_macro   0x00000000      0x103 /tmp/cc8FXuLC.o
 .debug_macro   0x00000000       0x3a /tmp/cc8FXuLC.o
 .debug_macro   0x00000000      0x34e /tmp/cc8FXuLC.o
 .debug_macro   0x00000000       0x89 /tmp/cc8FXuLC.o
 .debug_macro   0x00000000      0x379 /tmp/cc8FXuLC.o
 .debug_macro   0x00000000       0x22 /tmp/cc8FXuLC.o
 .debug_macro   0x00000000       0x16 /tmp/cc8FXuLC.o
 .debug_macro   0x00000000       0xa5 /tmp/cc8FXuLC.o
 .debug_macro   0x00000000       0x9b /tmp/cc8FXuLC.o
 .debug_macro   0x00000000       0x57 /tmp/cc8FXuLC.o
 .debug_macro   0x00000000      0x370 /tmp/cc8FXuLC.o
 .debug_macro   0x00000000       0x16 /tmp/cc8FXuLC.o
 .debug_macro   0x00000000       0x4a /tmp/cc8FXuLC.o
 .debug_macro   0x00000000       0x34 /tmp/cc8FXuLC.o
 .debug_macro   0x00000000       0x10 /tmp/cc8FXuLC.o
 .debug_macro   0x00000000       0x52 /tmp/cc8FXuLC.o
 .debug_macro   0x00000000       0x8e /tmp/cc8FXuLC.o
 .debug_macro   0x00000000       0x1c /tmp/cc8FXuLC.o
 .debug_macro   0x00000000      0x177 /tmp/cc8FXuLC.o
 .debug_macro   0x00000000       0x16 /tmp/cc8FXuLC.o
 .debug_macro   0x00000000       0x29 /tmp/cc8FXuLC.o
 .debug_macro   0x00000000      0x158 /tmp/cc8FXuLC.o
 .data          0x00000000        0x0 /usr/lib/gcc/arm-none-eabi/13.2.1/../../../arm-none-eabi/lib/thumb/v7e-m+dp/hard/libc_nano.a(libc_a-memcpy.o)
 .bss           0x00000000        0x0 /usr/lib/gcc/arm-none-eabi/13.2.1/../../../arm-none-eabi/lib/thumb/v7e-m+dp/hard/libc_nano.a(libc_a-memcpy.o)
 .ARM.extab     0x00000000        0x0 /usr/lib/gcc/arm-none-eabi/13.2.1/../../../arm-none-eabi/lib/thumb/v7e-m+dp/hard/libc_nano.a(libc_a-memcpy.o)
 .eh_frame      0x00000000       0x2c /usr/lib/gcc/arm-none-eabi/13.2.1/../../../arm-none-eabi/lib/thumb/v7e-m+dp/hard/libc_nano.a(libc_a-memcpy.o)

Memory Configuration

Name             Origin             Length             Attributes
flash            0x08000000         0x00100000         xr
dtcm             0x20000000         0x00020000         xrw
axi_sram         0x24000000         0x00060000         xrw
sram1            0x30000000         0x00008000         xrw
sram2            0x30020000         0x00004000         xrw
sram4            0x38000000         0x00010000         xrw
itcm             0x00000000         0x00010000         xrw
backup           0x38800000         0x00001000         xrw
*default*        0x00000000         0xffffffff

Linker script and memory map

LOAD /tmp/ccrgv6cw.o
LOAD /tmp/ccGpAozy.o
LOAD /tmp/ccwWqvrB.o
LOAD /tmp/ccqrsm33.o
LOAD /tmp/cctc2kRK.o
LOAD /tmp/cc1bKMEn.o
LOAD /tmp/ccVhsnIz.o
LOAD /tmp/ccETf5xr.o
LOAD /tmp/cc8FXuLC.o
LOAD /usr/lib/gcc/arm-none-eabi/13.2.1/../../../arm-none-eabi/lib/thumb/v7e-m+dp/hard/libc_nano.a
LOAD /usr/lib/gcc/arm-none-eabi/13.2.1/thumb/v7e-m+dp/hard/libgcc.a
                0x20020000                        _estack = (ORIGIN (dtcm) + LENGTH (dtcm))

.vectors        0x08000000      0x298
 *(.vectors)
 .vectors       0x08000000      0x298 /tmp/ccGpAozy.o
                0x08000000                tab

.text           0x08000298     0x2900
 *(.text*)
 .text.clock_init
                0x08000298      0x12c /tmp/ccrgv6cw.o
                0x08000298                clock_init
 .text.systick_init
                0x080003c4       0x34 /tmp/ccrgv6cw.o
 .text.gpio_init_PC0
                0x080003f8       0x54 /tmp/ccrgv6cw.o
                0x080003f8                gpio_init_PC0
 .text.enable_fpu
                0x0800044c       0x28 /tmp/ccrgv6cw.o
                0x0800044c                enable_fpu
 .text.main     0x08000474      0x2fc /tmp/ccrgv6cw.o
                0x08000474                main
 .text.SysTick_IRQHandler
                0x08000770       0x44 /tmp/ccrgv6cw.o
                0x08000770                SysTick_IRQHandler
 .text.FDCAN1_IT0_IRQHandler
                0x080007b4      0x290 /tmp/ccrgv6cw.o
                0x080007b4                FDCAN1_IT0_IRQHandler
 .text._reset   0x08000a44       0x44 /tmp/ccGpAozy.o
                0x08000a44                _reset
 .text.NMI_Handler
                0x08000a88        0x8 /tmp/ccGpAozy.o
                0x08000a88                NMI_Handler
 .text.HardFault_Handler
                0x08000a90        0x8 /tmp/ccGpAozy.o
                0x08000a90                HardFault_Handler
 .text.MemManage_Handler
                0x08000a98        0x8 /tmp/ccGpAozy.o
                0x08000a98                MemManage_Handler
 .text.BusFault_Handler
                0x08000aa0        0x8 /tmp/ccGpAozy.o
                0x08000aa0                BusFault_Handler
 .text.UsageFault_Handler
                0x08000aa8        0x8 /tmp/ccGpAozy.o
                0x08000aa8                UsageFault_Handler
 .text.SVCall_Handler
                0x08000ab0        0x8 /tmp/ccGpAozy.o
                0x08000ab0                SVCall_Handler
 .text.DebugMon_Handler
                0x08000ab8        0x8 /tmp/ccGpAozy.o
                0x08000ab8                DebugMon_Handler
 .text.PendSV_Handler
                0x08000ac0        0x8 /tmp/ccGpAozy.o
                0x08000ac0                PendSV_Handler
 .text.WWDG1_IRQHandler
                0x08000ac8        0x8 /tmp/ccGpAozy.o
                0x08000ac8                WWDG1_IRQHandler
 .text.PVD_PVM_IRQHandler
                0x08000ad0        0x8 /tmp/ccGpAozy.o
                0x08000ad0                PVD_PVM_IRQHandler
 .text.RTC_TAMP_STAMP_CSS_LSE_IRQHandler
                0x08000ad8        0x8 /tmp/ccGpAozy.o
                0x08000ad8                RTC_TAMP_STAMP_CSS_LSE_IRQHandler
 .text.RTC_WKUP_IRQHandler
                0x08000ae0        0x8 /tmp/ccGpAozy.o
                0x08000ae0                RTC_WKUP_IRQHandler
 .text.FLASH_IRQHandler
                0x08000ae8        0x8 /tmp/ccGpAozy.o
                0x08000ae8                FLASH_IRQHandler
 .text.RCC_IRQHandler
                0x08000af0        0x8 /tmp/ccGpAozy.o
                0x08000af0                RCC_IRQHandler
 .text.EXTI0_IRQHandler
                0x08000af8        0x8 /tmp/ccGpAozy.o
                0x08000af8                EXTI0_IRQHandler
 .text.EXTI1_IRQHandler
                0x08000b00        0x8 /tmp/ccGpAozy.o
                0x08000b00                EXTI1_IRQHandler
 .text.EXTI2_IRQHandler
                0x08000b08        0x8 /tmp/ccGpAozy.o
                0x08000b08                EXTI2_IRQHandler
 .text.EXTI3_IRQHandler
                0x08000b10        0x8 /tmp/ccGpAozy.o
                0x08000b10                EXTI3_IRQHandler
 .text.EXTI4_IRQHandler
                0x08000b18        0x8 /tmp/ccGpAozy.o
                0x08000b18                EXTI4_IRQHandler
 .text.DMA_STR0_IRQHandler
                0x08000b20        0x8 /tmp/ccGpAozy.o
                0x08000b20                DMA_STR0_IRQHandler
 .text.DMA_STR1_IRQHandler
                0x08000b28        0x8 /tmp/ccGpAozy.o
                0x08000b28                DMA_STR1_IRQHandler
 .text.DMA_STR2_IRQHandler
                0x08000b30        0x8 /tmp/ccGpAozy.o
                0x08000b30                DMA_STR2_IRQHandler
 .text.DMA_STR3_IRQHandler
                0x08000b38        0x8 /tmp/ccGpAozy.o
                0x08000b38                DMA_STR3_IRQHandler
 .text.DMA_STR4_IRQHandler
                0x08000b40        0x8 /tmp/ccGpAozy.o
                0x08000b40                DMA_STR4_IRQHandler
 .text.DMA_STR5_IRQHandler
                0x08000b48        0x8 /tmp/ccGpAozy.o
                0x08000b48                DMA_STR5_IRQHandler
 .text.DMA_STR6_IRQHandler
                0x08000b50        0x8 /tmp/ccGpAozy.o
                0x08000b50                DMA_STR6_IRQHandler
 .text.ADC1_2_IRQHandler
                0x08000b58        0x8 /tmp/ccGpAozy.o
                0x08000b58                ADC1_2_IRQHandler
 .text.FDCAN2_IT0_IRQHandler
                0x08000b60        0x8 /tmp/ccGpAozy.o
                0x08000b60                FDCAN2_IT0_IRQHandler
 .text.FDCAN1_IT1_IRQHandler
                0x08000b68        0x8 /tmp/ccGpAozy.o
                0x08000b68                FDCAN1_IT1_IRQHandler
 .text.FDCAN2_IT1_IRQHandler
                0x08000b70        0x8 /tmp/ccGpAozy.o
                0x08000b70                FDCAN2_IT1_IRQHandler
 .text.EXTI9_5_IRQHandler
                0x08000b78        0x8 /tmp/ccGpAozy.o
                0x08000b78                EXTI9_5_IRQHandler
 .text.TIM1_BRK_IRQHandler
                0x08000b80        0x8 /tmp/ccGpAozy.o
                0x08000b80                TIM1_BRK_IRQHandler
 .text.TIM1_UP_IRQHandler
                0x08000b88        0x8 /tmp/ccGpAozy.o
                0x08000b88                TIM1_UP_IRQHandler
 .text.TIM1_TRG_COM_IRQHandler
                0x08000b90        0x8 /tmp/ccGpAozy.o
                0x08000b90                TIM1_TRG_COM_IRQHandler
 .text.TIM_CC_IRQHandler
                0x08000b98        0x8 /tmp/ccGpAozy.o
                0x08000b98                TIM_CC_IRQHandler
 .text.TIM2_IRQHandler
                0x08000ba0        0x8 /tmp/ccGpAozy.o
                0x08000ba0                TIM2_IRQHandler
 .text.TIM3_IRQHandler
                0x08000ba8        0x8 /tmp/ccGpAozy.o
                0x08000ba8                TIM3_IRQHandler
 .text.TIM4_IRQHandler
                0x08000bb0        0x8 /tmp/ccGpAozy.o
                0x08000bb0                TIM4_IRQHandler
 .text.I2C1_EV_IRQHandler
                0x08000bb8        0x8 /tmp/ccGpAozy.o
                0x08000bb8                I2C1_EV_IRQHandler
 .text.I2C1_ER_IRQHandler
                0x08000bc0        0x8 /tmp/ccGpAozy.o
                0x08000bc0                I2C1_ER_IRQHandler
 .text.I2C2_EV_IRQHandler
                0x08000bc8        0x8 /tmp/ccGpAozy.o
                0x08000bc8                I2C2_EV_IRQHandler
 .text.I2C2_ER_IRQHandler
                0x08000bd0        0x8 /tmp/ccGpAozy.o
                0x08000bd0                I2C2_ER_IRQHandler
 .text.SPI1_IRQHandler
                0x08000bd8        0x8 /tmp/ccGpAozy.o
                0x08000bd8                SPI1_IRQHandler
 .text.SPI2_IRQHandler
                0x08000be0        0x8 /tmp/ccGpAozy.o
                0x08000be0                SPI2_IRQHandler
 .text.USART1_IRQHandler
                0x08000be8        0x8 /tmp/ccGpAozy.o
                0x08000be8                USART1_IRQHandler
 .text.USART2_IRQHandler
                0x08000bf0        0x8 /tmp/ccGpAozy.o
                0x08000bf0                USART2_IRQHandler
 .text.USART3_IRQHandler
                0x08000bf8        0x8 /tmp/ccGpAozy.o
                0x08000bf8                USART3_IRQHandler
 .text.EXTI15_10_IRQHandler
                0x08000c00        0x8 /tmp/ccGpAozy.o
                0x08000c00                EXTI15_10_IRQHandler
 .text.RTC_ALARM_IRQHandler
                0x08000c08        0x8 /tmp/ccGpAozy.o
                0x08000c08                RTC_ALARM_IRQHandler
 .text.TIM8_BRK_TIM12_IRQHandler
                0x08000c10        0x8 /tmp/ccGpAozy.o
                0x08000c10                TIM8_BRK_TIM12_IRQHandler
 .text.TIM8_UP_TIM13_IRQHandler
                0x08000c18        0x8 /tmp/ccGpAozy.o
                0x08000c18                TIM8_UP_TIM13_IRQHandler
 .text.TIM8_TRG_COM_TIM14_IRQHandler
                0x08000c20        0x8 /tmp/ccGpAozy.o
                0x08000c20                TIM8_TRG_COM_TIM14_IRQHandler
 .text.TIM8_CC_IRQHandler
                0x08000c28        0x8 /tmp/ccGpAozy.o
                0x08000c28                TIM8_CC_IRQHandler
 .text.DMA1_STR7_IRQHandler
                0x08000c30        0x8 /tmp/ccGpAozy.o
                0x08000c30                DMA1_STR7_IRQHandler
 .text.FMC_IRQHandler
                0x08000c38        0x8 /tmp/ccGpAozy.o
                0x08000c38                FMC_IRQHandler
 .text.SDMMC1_IRQHandler
                0x08000c40        0x8 /tmp/ccGpAozy.o
                0x08000c40                SDMMC1_IRQHandler
 .text.TIM5_IRQHandler
                0x08000c48        0x8 /tmp/ccGpAozy.o
                0x08000c48                TIM5_IRQHandler
 .text.SPI3_IRQHandler
                0x08000c50        0x8 /tmp/ccGpAozy.o
                0x08000c50                SPI3_IRQHandler
 .text.UART4_IRQHandler
                0x08000c58        0x8 /tmp/ccGpAozy.o
                0x08000c58                UART4_IRQHandler
 .text.UART5_IRQHandler
                0x08000c60        0x8 /tmp/ccGpAozy.o
                0x08000c60                UART5_IRQHandler
 .text.TIM6_DAC_IRQHandler
                0x08000c68        0x8 /tmp/ccGpAozy.o
                0x08000c68                TIM6_DAC_IRQHandler
 .text.TIM7_IRQHandler
                0x08000c70        0x8 /tmp/ccGpAozy.o
                0x08000c70                TIM7_IRQHandler
 .text.DMA2_STR0_IRQHandler
                0x08000c78        0x8 /tmp/ccGpAozy.o
                0x08000c78                DMA2_STR0_IRQHandler
 .text.DMA2_STR1_IRQHandler
                0x08000c80        0x8 /tmp/ccGpAozy.o
                0x08000c80                DMA2_STR1_IRQHandler
 .text.DMA2_STR2_IRQHandler
                0x08000c88        0x8 /tmp/ccGpAozy.o
                0x08000c88                DMA2_STR2_IRQHandler
 .text.DMA2_STR3_IRQHandler
                0x08000c90        0x8 /tmp/ccGpAozy.o
                0x08000c90                DMA2_STR3_IRQHandler
 .text.DMA2_STR4_IRQHandler
                0x08000c98        0x8 /tmp/ccGpAozy.o
                0x08000c98                DMA2_STR4_IRQHandler
 .text.ETH_IRQHandler
                0x08000ca0        0x8 /tmp/ccGpAozy.o
                0x08000ca0                ETH_IRQHandler
 .text.ETH_WKUP_IRQHandler
                0x08000ca8        0x8 /tmp/ccGpAozy.o
                0x08000ca8                ETH_WKUP_IRQHandler
 .text.FDCAN_CAL_IRQHandler
                0x08000cb0        0x8 /tmp/ccGpAozy.o
                0x08000cb0                FDCAN_CAL_IRQHandler
 .text.DMA2_STR5_IRQHandler
                0x08000cb8        0x8 /tmp/ccGpAozy.o
                0x08000cb8                DMA2_STR5_IRQHandler
 .text.DMA2_STR6_IRQHandler
                0x08000cc0        0x8 /tmp/ccGpAozy.o
                0x08000cc0                DMA2_STR6_IRQHandler
 .text.DMA2_STR7_IRQHandler
                0x08000cc8        0x8 /tmp/ccGpAozy.o
                0x08000cc8                DMA2_STR7_IRQHandler
 .text.USART6_IRQHandler
                0x08000cd0        0x8 /tmp/ccGpAozy.o
                0x08000cd0                USART6_IRQHandler
 .text.I2C3_EV_IRQHandler
                0x08000cd8        0x8 /tmp/ccGpAozy.o
                0x08000cd8                I2C3_EV_IRQHandler
 .text.I2C3_ER_IRQHandler
                0x08000ce0        0x8 /tmp/ccGpAozy.o
                0x08000ce0                I2C3_ER_IRQHandler
 .text.OTG_HS_EP1_OUT_IRQHandler
                0x08000ce8        0x8 /tmp/ccGpAozy.o
                0x08000ce8                OTG_HS_EP1_OUT_IRQHandler
 .text.OTG_HS_EP1_IN_IRQHandler
                0x08000cf0        0x8 /tmp/ccGpAozy.o
                0x08000cf0                OTG_HS_EP1_IN_IRQHandler
 .text.OTG_HS_WKUP_IRQHandler
                0x08000cf8        0x8 /tmp/ccGpAozy.o
                0x08000cf8                OTG_HS_WKUP_IRQHandler
 .text.OTG_HS_IRQHandler
                0x08000d00        0x8 /tmp/ccGpAozy.o
                0x08000d00                OTG_HS_IRQHandler
 .text.DCMI_IRQHandler
                0x08000d08        0x8 /tmp/ccGpAozy.o
                0x08000d08                DCMI_IRQHandler
 .text.CRYP_IRQHandler
                0x08000d10        0x8 /tmp/ccGpAozy.o
                0x08000d10                CRYP_IRQHandler
 .text.HASH_RNG_IRQHandler
                0x08000d18        0x8 /tmp/ccGpAozy.o
                0x08000d18                HASH_RNG_IRQHandler
 .text.FPU_IRQHandler
                0x08000d20        0x8 /tmp/ccGpAozy.o
                0x08000d20                FPU_IRQHandler
 .text.UART7_IRQHandler
                0x08000d28        0x8 /tmp/ccGpAozy.o
                0x08000d28                UART7_IRQHandler
 .text.UART8_IRQHandler
                0x08000d30        0x8 /tmp/ccGpAozy.o
                0x08000d30                UART8_IRQHandler
 .text.SPI5_IRQHandler
                0x08000d38        0x8 /tmp/ccGpAozy.o
                0x08000d38                SPI5_IRQHandler
 .text.SPI6_IRQHandler
                0x08000d40        0x8 /tmp/ccGpAozy.o
                0x08000d40                SPI6_IRQHandler
 .text.SAI1_IRQHandler
                0x08000d48        0x8 /tmp/ccGpAozy.o
                0x08000d48                SAI1_IRQHandler
 .text.LTDC_IRQHandler
                0x08000d50        0x8 /tmp/ccGpAozy.o
                0x08000d50                LTDC_IRQHandler
 .text.LTDC_ER_IRQHandler
                0x08000d58        0x8 /tmp/ccGpAozy.o
                0x08000d58                LTDC_ER_IRQHandler
 .text.DMA2D_IRQHandler
                0x08000d60        0x8 /tmp/ccGpAozy.o
                0x08000d60                DMA2D_IRQHandler
 .text.SAI2_IRQHandler
                0x08000d68        0x8 /tmp/ccGpAozy.o
                0x08000d68                SAI2_IRQHandler
 .text.QUADSPI_IRQHandler
                0x08000d70        0x8 /tmp/ccGpAozy.o
                0x08000d70                QUADSPI_IRQHandler
 .text.LPTIM1_IRQHandler
                0x08000d78        0x8 /tmp/ccGpAozy.o
                0x08000d78                LPTIM1_IRQHandler
 .text.CEC_IRQHandler
                0x08000d80        0x8 /tmp/ccGpAozy.o
                0x08000d80                CEC_IRQHandler
 .text.I2C4_EV_IRQHandler
                0x08000d88        0x8 /tmp/ccGpAozy.o
                0x08000d88                I2C4_EV_IRQHandler
 .text.I2C4_ER_IRQHandler
                0x08000d90        0x8 /tmp/ccGpAozy.o
                0x08000d90                I2C4_ER_IRQHandler
 .text.SPDIF_IRQHandler
                0x08000d98        0x8 /tmp/ccGpAozy.o
                0x08000d98                SPDIF_IRQHandler
 .text.OTG_FS_EP1_OUT_IRQHandler
                0x08000da0        0x8 /tmp/ccGpAozy.o
                0x08000da0                OTG_FS_EP1_OUT_IRQHandler
 .text.OTG_FS_EP1_IN_IRQHandler
                0x08000da8        0x8 /tmp/ccGpAozy.o
                0x08000da8                OTG_FS_EP1_IN_IRQHandler
 .text.OTG_FS_WKUP_IRQHandler
                0x08000db0        0x8 /tmp/ccGpAozy.o
                0x08000db0                OTG_FS_WKUP_IRQHandler
 .text.OTG_FS_IRQHandler
                0x08000db8        0x8 /tmp/ccGpAozy.o
                0x08000db8                OTG_FS_IRQHandler
 .text.DMAMUX1_OV_IRQHandler
                0x08000dc0        0x8 /tmp/ccGpAozy.o
                0x08000dc0                DMAMUX1_OV_IRQHandler
 .text.HRTIM1_MST_IRQHandler
                0x08000dc8        0x8 /tmp/ccGpAozy.o
                0x08000dc8                HRTIM1_MST_IRQHandler
 .text.HRTIM1_TIMA_IRQHandler
                0x08000dd0        0x8 /tmp/ccGpAozy.o
                0x08000dd0                HRTIM1_TIMA_IRQHandler
 .text.HRTIM_TIMB_IRQHandler
                0x08000dd8        0x8 /tmp/ccGpAozy.o
                0x08000dd8                HRTIM_TIMB_IRQHandler
 .text.HRTIM1_TIMC_IRQHandler
                0x08000de0        0x8 /tmp/ccGpAozy.o
                0x08000de0                HRTIM1_TIMC_IRQHandler
 .text.HRTIM1_TIMD_IRQHandler
                0x08000de8        0x8 /tmp/ccGpAozy.o
                0x08000de8                HRTIM1_TIMD_IRQHandler
 .text.HRTIM_TIME_IRQHandler
                0x08000df0        0x8 /tmp/ccGpAozy.o
                0x08000df0                HRTIM_TIME_IRQHandler
 .text.HRTIM1_FLT_IRQHandler
                0x08000df8        0x8 /tmp/ccGpAozy.o
                0x08000df8                HRTIM1_FLT_IRQHandler
 .text.DFSDM1_FLT0_IRQHandler
                0x08000e00        0x8 /tmp/ccGpAozy.o
                0x08000e00                DFSDM1_FLT0_IRQHandler
 .text.DFSDM1_FLT1_IRQHandler
                0x08000e08        0x8 /tmp/ccGpAozy.o
                0x08000e08                DFSDM1_FLT1_IRQHandler
 .text.DFSDM1_FLT2_IRQHandler
                0x08000e10        0x8 /tmp/ccGpAozy.o
                0x08000e10                DFSDM1_FLT2_IRQHandler
 .text.DFSDM1_FLT3_IRQHandler
                0x08000e18        0x8 /tmp/ccGpAozy.o
                0x08000e18                DFSDM1_FLT3_IRQHandler
 .text.SAI3_IRQHandler
                0x08000e20        0x8 /tmp/ccGpAozy.o
                0x08000e20                SAI3_IRQHandler
 .text.SWPMI1_IRQHandler
                0x08000e28        0x8 /tmp/ccGpAozy.o
                0x08000e28                SWPMI1_IRQHandler
 .text.TIM15_IRQHandler
                0x08000e30        0x8 /tmp/ccGpAozy.o
                0x08000e30                TIM15_IRQHandler
 .text.TIM16_IRQHandler
                0x08000e38        0x8 /tmp/ccGpAozy.o
                0x08000e38                TIM16_IRQHandler
 .text.TIM17_IRQHandler
                0x08000e40        0x8 /tmp/ccGpAozy.o
                0x08000e40                TIM17_IRQHandler
 .text.MDIOS_WKUP_IRQHandler
                0x08000e48        0x8 /tmp/ccGpAozy.o
                0x08000e48                MDIOS_WKUP_IRQHandler
 .text.MDIOS_IRQHandler
                0x08000e50        0x8 /tmp/ccGpAozy.o
                0x08000e50                MDIOS_IRQHandler
 .text.JPEG_IRQHandler
                0x08000e58        0x8 /tmp/ccGpAozy.o
                0x08000e58                JPEG_IRQHandler
 .text.MDMA_IRQHandler
                0x08000e60        0x8 /tmp/ccGpAozy.o
                0x08000e60                MDMA_IRQHandler
 .text.SDMMC2_IRQHandler
                0x08000e68        0x8 /tmp/ccGpAozy.o
                0x08000e68                SDMMC2_IRQHandler
 .text.HSEM0_IRQHandler
                0x08000e70        0x8 /tmp/ccGpAozy.o
                0x08000e70                HSEM0_IRQHandler
 .text.ADC3_IRQHandler
                0x08000e78        0x8 /tmp/ccGpAozy.o
                0x08000e78                ADC3_IRQHandler
 .text.DMAMUX2_OVR_IRQHandler
                0x08000e80        0x8 /tmp/ccGpAozy.o
                0x08000e80                DMAMUX2_OVR_IRQHandler
 .text.BDMA_CH0_IRQHandler
                0x08000e88        0x8 /tmp/ccGpAozy.o
                0x08000e88                BDMA_CH0_IRQHandler
 .text.BDMA_CH1_IRQHandler
                0x08000e90        0x8 /tmp/ccGpAozy.o
                0x08000e90                BDMA_CH1_IRQHandler
 .text.BDMA_CH2_IRQHandler
                0x08000e98        0x8 /tmp/ccGpAozy.o
                0x08000e98                BDMA_CH2_IRQHandler
 .text.BDMA_CH3_IRQHandler
                0x08000ea0        0x8 /tmp/ccGpAozy.o
                0x08000ea0                BDMA_CH3_IRQHandler
 .text.BDMA_CH4_IRQHandler
                0x08000ea8        0x8 /tmp/ccGpAozy.o
                0x08000ea8                BDMA_CH4_IRQHandler
 .text.BDMA_CH5_IRQHandler
                0x08000eb0        0x8 /tmp/ccGpAozy.o
                0x08000eb0                BDMA_CH5_IRQHandler
 .text.BDMA_CH6_IRQHandler
                0x08000eb8        0x8 /tmp/ccGpAozy.o
                0x08000eb8                BDMA_CH6_IRQHandler
 .text.BDMA_CH7_IRQHandler
                0x08000ec0        0x8 /tmp/ccGpAozy.o
                0x08000ec0                BDMA_CH7_IRQHandler
 .text.COMP_IRQHandler
                0x08000ec8        0x8 /tmp/ccGpAozy.o
                0x08000ec8                COMP_IRQHandler
 .text.LPTIM2_IRQHandler
                0x08000ed0        0x8 /tmp/ccGpAozy.o
                0x08000ed0                LPTIM2_IRQHandler
 .text.LPTIM3_IRQHandler
                0x08000ed8        0x8 /tmp/ccGpAozy.o
                0x08000ed8                LPTIM3_IRQHandler
 .text.LPTIM4_IRQHandler
                0x08000ee0        0x8 /tmp/ccGpAozy.o
                0x08000ee0                LPTIM4_IRQHandler
 .text.LPTIM5_IRQHandler
                0x08000ee8        0x8 /tmp/ccGpAozy.o
                0x08000ee8                LPTIM5_IRQHandler
 .text.LPUART_IRQHandler
                0x08000ef0        0x8 /tmp/ccGpAozy.o
                0x08000ef0                LPUART_IRQHandler
 .text.WWDG1_RST_IRQHandler
                0x08000ef8        0x8 /tmp/ccGpAozy.o
                0x08000ef8                WWDG1_RST_IRQHandler
 .text.CRS_IRQHandler
                0x08000f00        0x8 /tmp/ccGpAozy.o
                0x08000f00                CRS_IRQHandler
 .text.RAMECC1_IRQHandler
                0x08000f08        0x8 /tmp/ccGpAozy.o
                0x08000f08                RAMECC1_IRQHandler
 .text.SAI4_IRQHandler
                0x08000f10        0x8 /tmp/ccGpAozy.o
                0x08000f10                SAI4_IRQHandler
 .text.WKUP_IRQHandler
                0x08000f18        0x8 /tmp/ccGpAozy.o
                0x08000f18                WKUP_IRQHandler
 .text.RTC_init
                0x08000f20      0x190 /tmp/ccwWqvrB.o
                0x08000f20                RTC_init
 .text.RTC_read_datetime
                0x080010b0      0x134 /tmp/ccwWqvrB.o
                0x080010b0                RTC_read_datetime
 .text.VECan_Init
                0x080011e4      0x54c /tmp/ccqrsm33.o
                0x080011e4                VECan_Init
 .text.update_can_message_356
                0x08001730       0xbc /tmp/ccqrsm33.o
                0x08001730                update_can_message_356
 .text.VECan_send
                0x080017ec       0xb4 /tmp/ccqrsm33.o
                0x080017ec                VECan_send
 .text.FDCAN1_init
                0x080018a0      0x30c /tmp/cctc2kRK.o
                0x080018a0                FDCAN1_init
 .text.FDCAN2_init
                0x08001bac      0x338 /tmp/cctc2kRK.o
                0x08001bac                FDCAN2_init
 .text.FDCAN1_transmit_message
                0x08001ee4       0xbc /tmp/cctc2kRK.o
                0x08001ee4                FDCAN1_transmit_message
 .text.FDCAN2_transmit_message
                0x08001fa0       0xc8 /tmp/cctc2kRK.o
                0x08001fa0                FDCAN2_transmit_message
 .text.convert_0x0426_to_milliampere
                0x08002068       0x46 /tmp/cc1bKMEn.o
                0x08002068                convert_0x0426_to_milliampere
 .text.convert_0x0427_to_millivolts
                0x080020ae       0x32 /tmp/cc1bKMEn.o
                0x080020ae                convert_0x0427_to_millivolts
 .text.convert_0x0428_to_temperature
                0x080020e0       0x32 /tmp/cc1bKMEn.o
                0x080020e0                convert_0x0428_to_temperature
 .text.convert_0x0429_to_microvolts
                0x08002112       0x46 /tmp/cc1bKMEn.o
                0x08002112                convert_0x0429_to_microvolts
 .text.convert_0x042A_to_power
                0x08002158       0x88 /tmp/cc1bKMEn.o
                0x08002158                convert_0x042A_to_power
 .text.convert_0x042B_to_DieID
                0x080021e0       0x38 /tmp/cc1bKMEn.o
                0x080021e0                convert_0x042B_to_DieID
 .text.convert_0x042C_to_ManufacturerID
                0x08002218       0x38 /tmp/cc1bKMEn.o
                0x08002218                convert_0x042C_to_ManufacturerID
 .text.convert_0x042D_to_energy
                0x08002250       0x6c /tmp/cc1bKMEn.o
                0x08002250                convert_0x042D_to_energy
 .text.convert_0x042E_to_charge
                0x080022bc       0x6c /tmp/cc1bKMEn.o
                0x080022bc                convert_0x042E_to_charge
 .text.delay_us
                0x08002328       0x2c /tmp/ccETf5xr.o
                0x08002328                delay_us
 .text.is_flash_operation_complete
                0x08002354       0x18 /tmp/ccETf5xr.o
                0x08002354                is_flash_operation_complete
 .text.return_data_word
                0x0800236c       0x48 /tmp/ccETf5xr.o
                0x0800236c                return_data_word
 .text.mx25l_init
                0x080023b4      0x194 /tmp/ccETf5xr.o
                0x080023b4                mx25l_init
 .text.read_flash_id_sequence
                0x08002548       0xb0 /tmp/ccETf5xr.o
                0x08002548                read_flash_id_sequence
 .text.flash_read_word
                0x080025f8       0xbc /tmp/ccETf5xr.o
                0x080025f8                flash_read_word
 .text.SPI4_IRQHandler
                0x080026b4      0x164 /tmp/ccETf5xr.o
                0x080026b4                SPI4_IRQHandler
 .text.SPI3_LTC6813_Init
                0x08002818      0x24c /tmp/cc8FXuLC.o
                0x08002818                SPI3_LTC6813_Init
 .text          0x08002a64      0x134 /usr/lib/gcc/arm-none-eabi/13.2.1/../../../arm-none-eabi/lib/thumb/v7e-m+dp/hard/libc_nano.a(libc_a-memcpy.o)
                0x08002a64                memcpy

.glue_7         0x08002b98        0x0
 .glue_7        0x08002b98        0x0 linker stubs

.glue_7t        0x08002b98        0x0
 .glue_7t       0x08002b98        0x0 linker stubs

.vfp11_veneer   0x08002b98        0x0
 .vfp11_veneer  0x08002b98        0x0 linker stubs

.v4_bx          0x08002b98        0x0
 .v4_bx         0x08002b98        0x0 linker stubs

.iplt           0x08002b98        0x0
 .iplt          0x08002b98        0x0 /tmp/ccrgv6cw.o

.rel.dyn        0x08002b98        0x0
 .rel.iplt      0x08002b98        0x0 /tmp/ccrgv6cw.o

.rodata
 *(.rodata*)

.ARM.exidx      0x08002b98        0x8
 .ARM.exidx     0x08002b98        0x8 /usr/lib/gcc/arm-none-eabi/13.2.1/../../../arm-none-eabi/lib/thumb/v7e-m+dp/hard/libc_nano.a(libc_a-memcpy.o)

.data           0x20000000       0x14 load address 0x08002ba0
                0x20000000                        _sdata = .
 *(.first_data)
 *(.data SORT_BY_NAME(.data.*))
 .data.SOH      0x20000000        0x2 /tmp/ccqrsm33.o
                0x20000000                SOH
 .data.flash_operation_complete
                0x20000002        0x1 /tmp/ccETf5xr.o
 *fill*         0x20000003        0x1 
 .data.snPart1  0x20000004        0x8 /tmp/ccqrsm33.o
                0x20000004                snPart1
 .data.snPart2  0x2000000c        0x8 /tmp/ccqrsm33.o
                0x2000000c                snPart2
                0x20000014                        _edata = .
                0x08002ba0                        _sidata = LOADADDR (.data)

.igot.plt       0x20000014        0x0 load address 0x08002bb4
 .igot.plt      0x20000014        0x0 /tmp/ccrgv6cw.o

.bss            0x20000014      0x1dd load address 0x08002bb4
                0x20000014                        _sbss = .
 *(.bss SORT_BY_NAME(.bss.*) COMMON)
 .bss.bus_voltage
                0x20000014        0x4 /tmp/ccrgv6cw.o
                0x20000014                bus_voltage
 .bss.charge    0x20000018        0x4 /tmp/ccrgv6cw.o
                0x20000018                charge
 .bss.charge_Ah
                0x2000001c        0x4 /tmp/ccrgv6cw.o
                0x2000001c                charge_Ah
 .bss.counter_loop
                0x20000020        0x4 /tmp/cctc2kRK.o
                0x20000020                counter_loop
 .bss.current   0x20000024        0x4 /tmp/ccrgv6cw.o
                0x20000024                current
 .bss.die_id    0x20000028        0x2 /tmp/ccrgv6cw.o
                0x20000028                die_id
 *fill*         0x2000002a        0x2 
 .bss.dt        0x2000002c        0x7 /tmp/ccrgv6cw.o
                0x2000002c                dt
 *fill*         0x20000033        0x1 
 .bss.energy    0x20000034        0x4 /tmp/ccrgv6cw.o
                0x20000034                energy
 .bss.energy_kWh
                0x20000038        0x4 /tmp/ccrgv6cw.o
                0x20000038                energy_kWh
 .bss.fifo_full_counter
                0x2000003c        0x4 /tmp/ccrgv6cw.o
                0x2000003c                fifo_full_counter
 .bss.fifo_message_lost_counter
                0x20000040        0x4 /tmp/ccrgv6cw.o
                0x20000040                fifo_message_lost_counter
 .bss.flash_byte
                0x20000044        0x4 /tmp/ccrgv6cw.o
                0x20000044                flash_byte
 .bss.flash_id  0x20000048        0x4 /tmp/ccrgv6cw.o
                0x20000048                flash_id
 .bss.flash_operation_type
                0x2000004c        0x1 /tmp/ccETf5xr.o
 *fill*         0x2000004d        0x3 
 .bss.flash_read_buffer
                0x20000050        0x4 /tmp/ccETf5xr.o
 .bss.flash_status_reg
                0x20000054        0x1 /tmp/ccETf5xr.o
 .bss.kazonk    0x20000055        0x1 /tmp/ccrgv6cw.o
                0x20000055                kazonk
 .bss.manufacturer_id
                0x20000056        0x2 /tmp/ccrgv6cw.o
                0x20000056                manufacturer_id
 .bss.minutes   0x20000058        0x1 /tmp/ccrgv6cw.o
                0x20000058                minutes
 *fill*         0x20000059        0x3 
 .bss.power     0x2000005c        0x4 /tmp/ccrgv6cw.o
                0x2000005c                power
 .bss.rx_message_426
                0x20000060        0x8 /tmp/ccrgv6cw.o
                0x20000060                rx_message_426
 .bss.rx_message_427
                0x20000068        0x8 /tmp/ccrgv6cw.o
                0x20000068                rx_message_427
 .bss.rx_message_428
                0x20000070        0x8 /tmp/ccrgv6cw.o
                0x20000070                rx_message_428
 .bss.rx_message_429
                0x20000078        0x8 /tmp/ccrgv6cw.o
                0x20000078                rx_message_429
 .bss.rx_message_42A
                0x20000080        0x8 /tmp/ccrgv6cw.o
                0x20000080                rx_message_42A
 .bss.rx_message_42B
                0x20000088        0x8 /tmp/ccrgv6cw.o
                0x20000088                rx_message_42B
 .bss.rx_message_42C
                0x20000090        0x8 /tmp/ccrgv6cw.o
                0x20000090                rx_message_42C
 .bss.rx_message_42D
                0x20000098        0x8 /tmp/ccrgv6cw.o
                0x20000098                rx_message_42D
 .bss.rx_message_42E
                0x200000a0        0x8 /tmp/ccrgv6cw.o
                0x200000a0                rx_message_42E
 .bss.seconds   0x200000a8        0x1 /tmp/ccrgv6cw.o
                0x200000a8                seconds
 *fill*         0x200000a9        0x3 
 .bss.shunt_voltage
                0x200000ac        0x4 /tmp/ccrgv6cw.o
                0x200000ac                shunt_voltage
 .bss.splitter  0x200000b0        0x2 /tmp/ccqrsm33.o
                0x200000b0                splitter
 *fill*         0x200000b2        0x2 
 .bss.temperature
                0x200000b4        0x4 /tmp/ccrgv6cw.o
                0x200000b4                temperature
 .bss.test_buffer
                0x200000b8        0x4 /tmp/ccrgv6cw.o
                0x200000b8                test_buffer
 .bss.threeeighty
                0x200000bc       0x10 /tmp/ccqrsm33.o
                0x200000bc                threeeighty
 .bss.threeeightyone
                0x200000cc       0x10 /tmp/ccqrsm33.o
                0x200000cc                threeeightyone
 .bss.threefiftyA
                0x200000dc       0x10 /tmp/ccqrsm33.o
                0x200000dc                threefiftyA
 .bss.threefiftyE
                0x200000ec       0x10 /tmp/ccqrsm33.o
                0x200000ec                threefiftyE
 .bss.threefiftyF
                0x200000fc       0x10 /tmp/ccqrsm33.o
                0x200000fc                threefiftyF
 .bss.threefiftyfive
                0x2000010c       0x10 /tmp/ccqrsm33.o
                0x2000010c                threefiftyfive
 .bss.threefiftyone
                0x2000011c       0x10 /tmp/ccqrsm33.o
                0x2000011c                threefiftyone
 .bss.threefiftysix
                0x2000012c       0x10 /tmp/ccqrsm33.o
                0x2000012c                threefiftysix
 .bss.threeseventyeight
                0x2000013c       0x10 /tmp/ccqrsm33.o
                0x2000013c                threeseventyeight
 .bss.threeseventyfive
                0x2000014c       0x10 /tmp/ccqrsm33.o
                0x2000014c                threeseventyfive
 .bss.threeseventyfour
                0x2000015c       0x10 /tmp/ccqrsm33.o
                0x2000015c                threeseventyfour
 .bss.threeseventynine
                0x2000016c       0x10 /tmp/ccqrsm33.o
                0x2000016c                threeseventynine
 .bss.threeseventyseven
                0x2000017c       0x10 /tmp/ccqrsm33.o
                0x2000017c                threeseventyseven
 .bss.threeseventysix
                0x2000018c       0x10 /tmp/ccqrsm33.o
                0x2000018c                threeseventysix
 .bss.threeseventythree
                0x2000019c       0x10 /tmp/ccqrsm33.o
                0x2000019c                threeseventythree
 .bss.threeseventytwo
                0x200001ac       0x10 /tmp/ccqrsm33.o
                0x200001ac                threeseventytwo
 .bss.threesixty
                0x200001bc       0x10 /tmp/ccqrsm33.o
                0x200001bc                threesixty
 .bss.tick      0x200001cc        0x4 /tmp/ccrgv6cw.o
                0x200001cc                tick
 .bss.tx_127    0x200001d0       0x10 /tmp/ccrgv6cw.o
                0x200001d0                tx_127
 .bss.tx_128    0x200001e0       0x10 /tmp/ccrgv6cw.o
                0x200001e0                tx_128
 .bss.zonk      0x200001f0        0x1 /tmp/ccrgv6cw.o
                0x200001f0                zonk
                0x200001f1                        _ebss = .

.sram1_data
 *(.sram1_data)

.sram2_data
 *(.sram2_data)

.backup_data
 *(.backup_data)
                0x200001f8                        . = ALIGN (0x8)
                0x200001f8                        _end = .
OUTPUT(firmware.elf elf32-littlearm)
LOAD linker stubs

.debug_info     0x00000000     0x4d64
 .debug_info    0x00000000     0x129d /tmp/ccrgv6cw.o
 .debug_info    0x0000129d      0xb3a /tmp/ccGpAozy.o
 .debug_info    0x00001dd7      0x7b0 /tmp/ccwWqvrB.o
 .debug_info    0x00002587      0x40c /tmp/ccqrsm33.o
 .debug_info    0x00002993      0xbe5 /tmp/cctc2kRK.o
 .debug_info    0x00003578      0x2e1 /tmp/cc1bKMEn.o
 .debug_info    0x00003859      0xad6 /tmp/ccETf5xr.o
 .debug_info    0x0000432f      0xa02 /tmp/cc8FXuLC.o
 .debug_info    0x00004d31       0x33 /usr/lib/gcc/arm-none-eabi/13.2.1/../../../arm-none-eabi/lib/thumb/v7e-m+dp/hard/libc_nano.a(libc_a-memcpy.o)

.debug_abbrev   0x00000000      0xe05
 .debug_abbrev  0x00000000      0x2a4 /tmp/ccrgv6cw.o
 .debug_abbrev  0x000002a4      0x105 /tmp/ccGpAozy.o
 .debug_abbrev  0x000003a9      0x132 /tmp/ccwWqvrB.o
 .debug_abbrev  0x000004db      0x146 /tmp/ccqrsm33.o
 .debug_abbrev  0x00000621      0x226 /tmp/cctc2kRK.o
 .debug_abbrev  0x00000847       0xa2 /tmp/cc1bKMEn.o
 .debug_abbrev  0x000008e9      0x292 /tmp/ccETf5xr.o
 .debug_abbrev  0x00000b7b      0x262 /tmp/cc8FXuLC.o
 .debug_abbrev  0x00000ddd       0x28 /usr/lib/gcc/arm-none-eabi/13.2.1/../../../arm-none-eabi/lib/thumb/v7e-m+dp/hard/libc_nano.a(libc_a-memcpy.o)

.debug_aranges  0x00000000      0x718
 .debug_aranges
                0x00000000       0x50 /tmp/ccrgv6cw.o
 .debug_aranges
                0x00000050      0x4d0 /tmp/ccGpAozy.o
 .debug_aranges
                0x00000520       0x28 /tmp/ccwWqvrB.o
 .debug_aranges
                0x00000548       0x30 /tmp/ccqrsm33.o
 .debug_aranges
                0x00000578       0x38 /tmp/cctc2kRK.o
 .debug_aranges
                0x000005b0       0x60 /tmp/cc1bKMEn.o
 .debug_aranges
                0x00000610       0x78 /tmp/ccETf5xr.o
 .debug_aranges
                0x00000688       0x70 /tmp/cc8FXuLC.o
 .debug_aranges
                0x000006f8       0x20 /usr/lib/gcc/arm-none-eabi/13.2.1/../../../arm-none-eabi/lib/thumb/v7e-m+dp/hard/libc_nano.a(libc_a-memcpy.o)

.debug_rnglists
                0x00000000      0x52a
 .debug_rnglists
                0x00000000       0x3a /tmp/ccrgv6cw.o
 .debug_rnglists
                0x0000003a      0x397 /tmp/ccGpAozy.o
 .debug_rnglists
                0x000003d1       0x1b /tmp/ccwWqvrB.o
 .debug_rnglists
                0x000003ec       0x22 /tmp/ccqrsm33.o
 .debug_rnglists
                0x0000040e       0x29 /tmp/cctc2kRK.o
 .debug_rnglists
                0x00000437       0x44 /tmp/cc1bKMEn.o
 .debug_rnglists
                0x0000047b       0x5d /tmp/ccETf5xr.o
 .debug_rnglists
                0x000004d8       0x52 /tmp/cc8FXuLC.o

.debug_macro    0x00000000     0x32ae
 .debug_macro   0x00000000      0x218 /tmp/ccrgv6cw.o
 .debug_macro   0x00000218      0xade /tmp/ccrgv6cw.o
 .debug_macro   0x00000cf6       0x22 /tmp/ccrgv6cw.o
 .debug_macro   0x00000d18       0x54 /tmp/ccrgv6cw.o
 .debug_macro   0x00000d6c       0x29 /tmp/ccrgv6cw.o
 .debug_macro   0x00000d95       0x94 /tmp/ccrgv6cw.o
 .debug_macro   0x00000e29       0x43 /tmp/ccrgv6cw.o
 .debug_macro   0x00000e6c      0x103 /tmp/ccrgv6cw.o
 .debug_macro   0x00000f6f       0x3a /tmp/ccrgv6cw.o
 .debug_macro   0x00000fa9      0x34e /tmp/ccrgv6cw.o
 .debug_macro   0x000012f7       0x89 /tmp/ccrgv6cw.o
 .debug_macro   0x00001380      0x379 /tmp/ccrgv6cw.o
 .debug_macro   0x000016f9       0x22 /tmp/ccrgv6cw.o
 .debug_macro   0x0000171b       0x16 /tmp/ccrgv6cw.o
 .debug_macro   0x00001731       0xa5 /tmp/ccrgv6cw.o
 .debug_macro   0x000017d6       0x9b /tmp/ccrgv6cw.o
 .debug_macro   0x00001871       0x57 /tmp/ccrgv6cw.o
 .debug_macro   0x000018c8      0x370 /tmp/ccrgv6cw.o
 .debug_macro   0x00001c38       0x16 /tmp/ccrgv6cw.o
 .debug_macro   0x00001c4e       0x4a /tmp/ccrgv6cw.o
 .debug_macro   0x00001c98       0x34 /tmp/ccrgv6cw.o
 .debug_macro   0x00001ccc       0x10 /tmp/ccrgv6cw.o
 .debug_macro   0x00001cdc       0x52 /tmp/ccrgv6cw.o
 .debug_macro   0x00001d2e       0x8e /tmp/ccrgv6cw.o
 .debug_macro   0x00001dbc       0x1c /tmp/ccrgv6cw.o
 .debug_macro   0x00001dd8      0x177 /tmp/ccrgv6cw.o
 .debug_macro   0x00001f4f       0x16 /tmp/ccrgv6cw.o
 .debug_macro   0x00001f65       0x29 /tmp/ccrgv6cw.o
 .debug_macro   0x00001f8e       0x16 /tmp/ccrgv6cw.o
 .debug_macro   0x00001fa4       0x3c /tmp/ccrgv6cw.o
 .debug_macro   0x00001fe0      0x158 /tmp/ccrgv6cw.o
 .debug_macro   0x00002138       0x1c /tmp/ccrgv6cw.o
 .debug_macro   0x00002154       0x10 /tmp/ccrgv6cw.o
 .debug_macro   0x00002164       0x1c /tmp/ccrgv6cw.o
 .debug_macro   0x00002180       0x16 /tmp/ccrgv6cw.o
 .debug_macro   0x00002196      0x146 /tmp/ccrgv6cw.o
 .debug_macro   0x000022dc       0x76 /tmp/ccrgv6cw.o
 .debug_macro   0x00002352       0x1a /tmp/ccGpAozy.o
 .debug_macro   0x0000236c      0x159 /tmp/ccwWqvrB.o
 .debug_macro   0x000024c5       0x34 /tmp/ccwWqvrB.o
 .debug_macro   0x000024f9      0x11c /tmp/ccwWqvrB.o
 .debug_macro   0x00002615      0x379 /tmp/ccwWqvrB.o
 .debug_macro   0x0000298e      0x182 /tmp/ccqrsm33.o
 .debug_macro   0x00002b10      0x184 /tmp/cctc2kRK.o
 .debug_macro   0x00002c94      0x151 /tmp/cc1bKMEn.o
 .debug_macro   0x00002de5       0x9e /tmp/cc1bKMEn.o
 .debug_macro   0x00002e83       0x16 /tmp/cc1bKMEn.o
 .debug_macro   0x00002e99      0x158 /tmp/ccETf5xr.o
 .debug_macro   0x00002ff1       0x70 /tmp/ccETf5xr.o
 .debug_macro   0x00003061      0x24d /tmp/cc8FXuLC.o

.debug_line     0x00000000     0x36aa
 .debug_line    0x00000000      0x763 /tmp/ccrgv6cw.o
 .debug_line    0x00000763      0xd11 /tmp/ccGpAozy.o
 .debug_line    0x00001474      0x38c /tmp/ccwWqvrB.o
 .debug_line    0x00001800      0x451 /tmp/ccqrsm33.o
 .debug_line    0x00001c51      0x676 /tmp/cctc2kRK.o
 .debug_line    0x000022c7      0x3d4 /tmp/cc1bKMEn.o
 .debug_line    0x0000269b      0x823 /tmp/ccETf5xr.o
 .debug_line    0x00002ebe      0x733 /tmp/cc8FXuLC.o
 .debug_line    0x000035f1       0xb9 /usr/lib/gcc/arm-none-eabi/13.2.1/../../../arm-none-eabi/lib/thumb/v7e-m+dp/hard/libc_nano.a(libc_a-memcpy.o)

.debug_str      0x00000000     0xb275
 .debug_str     0x00000000     0xb275 /tmp/ccrgv6cw.o
                               0x9e56 (size before relaxing)
 .debug_str     0x0000b275     0x446a /tmp/ccGpAozy.o
 .debug_str     0x0000b275     0x8f7a /tmp/ccwWqvrB.o
 .debug_str     0x0000b275     0x8deb /tmp/ccqrsm33.o
 .debug_str     0x0000b275     0x90d3 /tmp/cctc2kRK.o
 .debug_str     0x0000b275     0x85fd /tmp/cc1bKMEn.o
 .debug_str     0x0000b275     0x9338 /tmp/ccETf5xr.o
 .debug_str     0x0000b275     0x94d8 /tmp/cc8FXuLC.o
 .debug_str     0x0000b275       0xac /usr/lib/gcc/arm-none-eabi/13.2.1/../../../arm-none-eabi/lib/thumb/v7e-m+dp/hard/libc_nano.a(libc_a-memcpy.o)

.comment        0x00000000       0x26
 .comment       0x00000000       0x26 /tmp/ccrgv6cw.o
                                 0x27 (size before relaxing)
 .comment       0x00000026       0x27 /tmp/ccGpAozy.o
 .comment       0x00000026       0x27 /tmp/ccwWqvrB.o
 .comment       0x00000026       0x27 /tmp/ccqrsm33.o
 .comment       0x00000026       0x27 /tmp/cctc2kRK.o
 .comment       0x00000026       0x27 /tmp/cc1bKMEn.o
 .comment       0x00000026       0x27 /tmp/ccETf5xr.o
 .comment       0x00000026       0x27 /tmp/cc8FXuLC.o

.ARM.attributes
                0x00000000       0x30
 .ARM.attributes
                0x00000000       0x32 /tmp/ccrgv6cw.o
 .ARM.attributes
                0x00000032       0x32 /tmp/ccGpAozy.o
 .ARM.attributes
                0x00000064       0x32 /tmp/ccwWqvrB.o
 .ARM.attributes
                0x00000096       0x32 /tmp/ccqrsm33.o
 .ARM.attributes
                0x000000c8       0x32 /tmp/cctc2kRK.o
 .ARM.attributes
                0x000000fa       0x32 /tmp/cc1bKMEn.o
 .ARM.attributes
                0x0000012c       0x32 /tmp/ccETf5xr.o
 .ARM.attributes
                0x0000015e       0x32 /tmp/cc8FXuLC.o
 .ARM.attributes
                0x00000190       0x1e /usr/lib/gcc/arm-none-eabi/13.2.1/../../../arm-none-eabi/lib/thumb/v7e-m+dp/hard/libc_nano.a(libc_a-memcpy.o)

.debug_frame    0x00000000     0x15a8
 .debug_frame   0x00000000      0x100 /tmp/ccrgv6cw.o
 .debug_frame   0x00000100      0xe30 /tmp/ccGpAozy.o
 .debug_frame   0x00000f30       0x60 /tmp/ccwWqvrB.o
 .debug_frame   0x00000f90       0x78 /tmp/ccqrsm33.o
 .debug_frame   0x00001008       0xac /tmp/cctc2kRK.o
 .debug_frame   0x000010b4      0x178 /tmp/cc1bKMEn.o
 .debug_frame   0x0000122c      0x1c8 /tmp/ccETf5xr.o
 .debug_frame   0x000013f4      0x1b4 /tmp/cc8FXuLC.o

.debug_line_str
                0x00000000       0x99
 .debug_line_str
                0x00000000       0x99 /usr/lib/gcc/arm-none-eabi/13.2.1/../../../arm-none-eabi/lib/thumb/v7e-m+dp/hard/libc_nano.a(libc_a-memcpy.o)
