Archive member included to satisfy reference by file (symbol)

/usr/lib/gcc/arm-none-eabi/13.2.1/../../../arm-none-eabi/lib/thumb/v7e-m+dp/hard/libc_nano.a(libc_a-memcpy.o)
                              /tmp/ccwRsA0p.o (memcpy)

Discarded input sections

 .group         0x00000000        0xc /tmp/cckBbCVZ.o
 .group         0x00000000        0xc /tmp/cckBbCVZ.o
 .group         0x00000000        0xc /tmp/cckBbCVZ.o
 .group         0x00000000        0xc /tmp/cckBbCVZ.o
 .group         0x00000000        0xc /tmp/cckBbCVZ.o
 .group         0x00000000        0xc /tmp/cckBbCVZ.o
 .group         0x00000000        0xc /tmp/cckBbCVZ.o
 .group         0x00000000        0xc /tmp/cckBbCVZ.o
 .group         0x00000000        0xc /tmp/cckBbCVZ.o
 .group         0x00000000        0xc /tmp/cckBbCVZ.o
 .group         0x00000000        0xc /tmp/cckBbCVZ.o
 .group         0x00000000        0xc /tmp/cckBbCVZ.o
 .group         0x00000000        0xc /tmp/cckBbCVZ.o
 .group         0x00000000        0xc /tmp/cckBbCVZ.o
 .group         0x00000000        0xc /tmp/cckBbCVZ.o
 .group         0x00000000        0xc /tmp/cckBbCVZ.o
 .group         0x00000000        0xc /tmp/cckBbCVZ.o
 .group         0x00000000        0xc /tmp/cckBbCVZ.o
 .group         0x00000000        0xc /tmp/cckBbCVZ.o
 .group         0x00000000        0xc /tmp/cckBbCVZ.o
 .group         0x00000000        0xc /tmp/cckBbCVZ.o
 .group         0x00000000        0xc /tmp/cckBbCVZ.o
 .group         0x00000000        0xc /tmp/cckBbCVZ.o
 .group         0x00000000        0xc /tmp/cckBbCVZ.o
 .group         0x00000000        0xc /tmp/cckBbCVZ.o
 .group         0x00000000        0xc /tmp/cckBbCVZ.o
 .group         0x00000000        0xc /tmp/cckBbCVZ.o
 .group         0x00000000        0xc /tmp/cckBbCVZ.o
 .group         0x00000000        0xc /tmp/cckBbCVZ.o
 .group         0x00000000        0xc /tmp/cckBbCVZ.o
 .group         0x00000000        0xc /tmp/cckBbCVZ.o
 .group         0x00000000        0xc /tmp/cckBbCVZ.o
 .group         0x00000000        0xc /tmp/cckBbCVZ.o
 .group         0x00000000        0xc /tmp/cckBbCVZ.o
 .group         0x00000000        0xc /tmp/cckBbCVZ.o
 .group         0x00000000        0xc /tmp/cckBbCVZ.o
 .text          0x00000000        0x0 /tmp/cckBbCVZ.o
 .data          0x00000000        0x0 /tmp/cckBbCVZ.o
 .bss           0x00000000        0x0 /tmp/cckBbCVZ.o
 .bss.REMS      0x00000000        0x2 /tmp/cckBbCVZ.o
 .bss.temp      0x00000000       0x40 /tmp/cckBbCVZ.o
 .group         0x00000000        0xc /tmp/ccyouOIV.o
 .group         0x00000000        0xc /tmp/ccyouOIV.o
 .text          0x00000000        0x0 /tmp/ccyouOIV.o
 .data          0x00000000        0x0 /tmp/ccyouOIV.o
 .bss           0x00000000        0x0 /tmp/ccyouOIV.o
 .text.SysTick_IRQHandler
                0x00000000        0x8 /tmp/ccyouOIV.o
 .text.FDCAN1_IT0_IRQHandler
                0x00000000        0x8 /tmp/ccyouOIV.o
 .text.SPI4_IRQHandler
                0x00000000        0x8 /tmp/ccyouOIV.o
 .debug_macro   0x00000000      0xade /tmp/ccyouOIV.o
 .debug_macro   0x00000000      0x34e /tmp/ccyouOIV.o
 .group         0x00000000        0xc /tmp/cce2voz4.o
 .group         0x00000000        0xc /tmp/cce2voz4.o
 .group         0x00000000        0xc /tmp/cce2voz4.o
 .group         0x00000000        0xc /tmp/cce2voz4.o
 .group         0x00000000        0xc /tmp/cce2voz4.o
 .group         0x00000000        0xc /tmp/cce2voz4.o
 .group         0x00000000        0xc /tmp/cce2voz4.o
 .group         0x00000000        0xc /tmp/cce2voz4.o
 .group         0x00000000        0xc /tmp/cce2voz4.o
 .group         0x00000000        0xc /tmp/cce2voz4.o
 .group         0x00000000        0xc /tmp/cce2voz4.o
 .group         0x00000000        0xc /tmp/cce2voz4.o
 .group         0x00000000        0xc /tmp/cce2voz4.o
 .group         0x00000000        0xc /tmp/cce2voz4.o
 .group         0x00000000        0xc /tmp/cce2voz4.o
 .group         0x00000000        0xc /tmp/cce2voz4.o
 .group         0x00000000        0xc /tmp/cce2voz4.o
 .group         0x00000000        0xc /tmp/cce2voz4.o
 .group         0x00000000        0xc /tmp/cce2voz4.o
 .group         0x00000000        0xc /tmp/cce2voz4.o
 .group         0x00000000        0xc /tmp/cce2voz4.o
 .group         0x00000000        0xc /tmp/cce2voz4.o
 .group         0x00000000        0xc /tmp/cce2voz4.o
 .group         0x00000000        0xc /tmp/cce2voz4.o
 .group         0x00000000        0xc /tmp/cce2voz4.o
 .group         0x00000000        0xc /tmp/cce2voz4.o
 .group         0x00000000        0xc /tmp/cce2voz4.o
 .group         0x00000000        0xc /tmp/cce2voz4.o
 .text          0x00000000        0x0 /tmp/cce2voz4.o
 .data          0x00000000        0x0 /tmp/cce2voz4.o
 .bss           0x00000000        0x0 /tmp/cce2voz4.o
 .debug_macro   0x00000000      0xade /tmp/cce2voz4.o
 .debug_macro   0x00000000       0x29 /tmp/cce2voz4.o
 .debug_macro   0x00000000       0x22 /tmp/cce2voz4.o
 .debug_macro   0x00000000       0x54 /tmp/cce2voz4.o
 .debug_macro   0x00000000       0x94 /tmp/cce2voz4.o
 .debug_macro   0x00000000       0x43 /tmp/cce2voz4.o
 .debug_macro   0x00000000       0x16 /tmp/cce2voz4.o
 .debug_macro   0x00000000       0x9b /tmp/cce2voz4.o
 .debug_macro   0x00000000       0x57 /tmp/cce2voz4.o
 .debug_macro   0x00000000      0x370 /tmp/cce2voz4.o
 .debug_macro   0x00000000       0x16 /tmp/cce2voz4.o
 .debug_macro   0x00000000       0x4a /tmp/cce2voz4.o
 .debug_macro   0x00000000       0x34 /tmp/cce2voz4.o
 .debug_macro   0x00000000       0x10 /tmp/cce2voz4.o
 .debug_macro   0x00000000       0x52 /tmp/cce2voz4.o
 .debug_macro   0x00000000       0x8e /tmp/cce2voz4.o
 .debug_macro   0x00000000       0x1c /tmp/cce2voz4.o
 .debug_macro   0x00000000      0x177 /tmp/cce2voz4.o
 .debug_macro   0x00000000       0x16 /tmp/cce2voz4.o
 .debug_macro   0x00000000       0x29 /tmp/cce2voz4.o
 .debug_macro   0x00000000      0x103 /tmp/cce2voz4.o
 .debug_macro   0x00000000      0x34e /tmp/cce2voz4.o
 .debug_macro   0x00000000       0x3c /tmp/cce2voz4.o
 .debug_macro   0x00000000       0x22 /tmp/cce2voz4.o
 .debug_macro   0x00000000      0x151 /tmp/cce2voz4.o
 .group         0x00000000        0xc /tmp/cclWVdlU.o
 .group         0x00000000        0xc /tmp/cclWVdlU.o
 .group         0x00000000        0xc /tmp/cclWVdlU.o
 .group         0x00000000        0xc /tmp/cclWVdlU.o
 .group         0x00000000        0xc /tmp/cclWVdlU.o
 .group         0x00000000        0xc /tmp/cclWVdlU.o
 .group         0x00000000        0xc /tmp/cclWVdlU.o
 .group         0x00000000        0xc /tmp/cclWVdlU.o
 .group         0x00000000        0xc /tmp/cclWVdlU.o
 .group         0x00000000        0xc /tmp/cclWVdlU.o
 .group         0x00000000        0xc /tmp/cclWVdlU.o
 .group         0x00000000        0xc /tmp/cclWVdlU.o
 .group         0x00000000        0xc /tmp/cclWVdlU.o
 .group         0x00000000        0xc /tmp/cclWVdlU.o
 .group         0x00000000        0xc /tmp/cclWVdlU.o
 .group         0x00000000        0xc /tmp/cclWVdlU.o
 .group         0x00000000        0xc /tmp/cclWVdlU.o
 .group         0x00000000        0xc /tmp/cclWVdlU.o
 .group         0x00000000        0xc /tmp/cclWVdlU.o
 .group         0x00000000        0xc /tmp/cclWVdlU.o
 .group         0x00000000        0xc /tmp/cclWVdlU.o
 .group         0x00000000        0xc /tmp/cclWVdlU.o
 .group         0x00000000        0xc /tmp/cclWVdlU.o
 .group         0x00000000        0xc /tmp/cclWVdlU.o
 .group         0x00000000        0xc /tmp/cclWVdlU.o
 .group         0x00000000        0xc /tmp/cclWVdlU.o
 .group         0x00000000        0xc /tmp/cclWVdlU.o
 .group         0x00000000        0xc /tmp/cclWVdlU.o
 .group         0x00000000        0xc /tmp/cclWVdlU.o
 .group         0x00000000        0xc /tmp/cclWVdlU.o
 .text          0x00000000        0x0 /tmp/cclWVdlU.o
 .data          0x00000000        0x0 /tmp/cclWVdlU.o
 .bss           0x00000000        0x0 /tmp/cclWVdlU.o
 .data.chargevoltage
                0x00000000        0x2 /tmp/cclWVdlU.o
 .data.chargecurrent
                0x00000000        0x2 /tmp/cclWVdlU.o
 .data.disvoltage
                0x00000000        0x2 /tmp/cclWVdlU.o
 .data.discurrent
                0x00000000        0x2 /tmp/cclWVdlU.o
 .bss.mes       0x00000000        0x8 /tmp/cclWVdlU.o
 .data.bmsname  0x00000000        0x8 /tmp/cclWVdlU.o
 .data.bmsmanu  0x00000000        0x8 /tmp/cclWVdlU.o
 .data.SOC      0x00000000        0x4 /tmp/cclWVdlU.o
 .data.PackVoltage
                0x00000000        0x8 /tmp/cclWVdlU.o
 .data.AvgTemperature
                0x00000000        0x4 /tmp/cclWVdlU.o
 .bss.currentact
                0x00000000        0x2 /tmp/cclWVdlU.o
 .debug_macro   0x00000000      0xade /tmp/cclWVdlU.o
 .debug_macro   0x00000000       0x22 /tmp/cclWVdlU.o
 .debug_macro   0x00000000       0x54 /tmp/cclWVdlU.o
 .debug_macro   0x00000000       0x29 /tmp/cclWVdlU.o
 .debug_macro   0x00000000       0x94 /tmp/cclWVdlU.o
 .debug_macro   0x00000000       0x43 /tmp/cclWVdlU.o
 .debug_macro   0x00000000      0x103 /tmp/cclWVdlU.o
 .debug_macro   0x00000000       0x3a /tmp/cclWVdlU.o
 .debug_macro   0x00000000      0x34e /tmp/cclWVdlU.o
 .debug_macro   0x00000000       0x89 /tmp/cclWVdlU.o
 .debug_macro   0x00000000      0x379 /tmp/cclWVdlU.o
 .debug_macro   0x00000000       0x16 /tmp/cclWVdlU.o
 .debug_macro   0x00000000       0xa5 /tmp/cclWVdlU.o
 .debug_macro   0x00000000       0x9b /tmp/cclWVdlU.o
 .debug_macro   0x00000000       0x57 /tmp/cclWVdlU.o
 .debug_macro   0x00000000      0x370 /tmp/cclWVdlU.o
 .debug_macro   0x00000000       0x16 /tmp/cclWVdlU.o
 .debug_macro   0x00000000       0x4a /tmp/cclWVdlU.o
 .debug_macro   0x00000000       0x34 /tmp/cclWVdlU.o
 .debug_macro   0x00000000       0x10 /tmp/cclWVdlU.o
 .debug_macro   0x00000000       0x52 /tmp/cclWVdlU.o
 .debug_macro   0x00000000       0x8e /tmp/cclWVdlU.o
 .debug_macro   0x00000000       0x1c /tmp/cclWVdlU.o
 .debug_macro   0x00000000      0x177 /tmp/cclWVdlU.o
 .debug_macro   0x00000000       0x16 /tmp/cclWVdlU.o
 .debug_macro   0x00000000       0x29 /tmp/cclWVdlU.o
 .debug_macro   0x00000000       0x22 /tmp/cclWVdlU.o
 .debug_macro   0x00000000       0x16 /tmp/cclWVdlU.o
 .debug_macro   0x00000000       0x3c /tmp/cclWVdlU.o
 .debug_macro   0x00000000      0x151 /tmp/cclWVdlU.o
 .group         0x00000000        0xc /tmp/ccwRsA0p.o
 .group         0x00000000        0xc /tmp/ccwRsA0p.o
 .group         0x00000000        0xc /tmp/ccwRsA0p.o
 .group         0x00000000        0xc /tmp/ccwRsA0p.o
 .group         0x00000000        0xc /tmp/ccwRsA0p.o
 .group         0x00000000        0xc /tmp/ccwRsA0p.o
 .group         0x00000000        0xc /tmp/ccwRsA0p.o
 .group         0x00000000        0xc /tmp/ccwRsA0p.o
 .group         0x00000000        0xc /tmp/ccwRsA0p.o
 .group         0x00000000        0xc /tmp/ccwRsA0p.o
 .group         0x00000000        0xc /tmp/ccwRsA0p.o
 .group         0x00000000        0xc /tmp/ccwRsA0p.o
 .group         0x00000000        0xc /tmp/ccwRsA0p.o
 .group         0x00000000        0xc /tmp/ccwRsA0p.o
 .group         0x00000000        0xc /tmp/ccwRsA0p.o
 .group         0x00000000        0xc /tmp/ccwRsA0p.o
 .group         0x00000000        0xc /tmp/ccwRsA0p.o
 .group         0x00000000        0xc /tmp/ccwRsA0p.o
 .group         0x00000000        0xc /tmp/ccwRsA0p.o
 .group         0x00000000        0xc /tmp/ccwRsA0p.o
 .group         0x00000000        0xc /tmp/ccwRsA0p.o
 .group         0x00000000        0xc /tmp/ccwRsA0p.o
 .group         0x00000000        0xc /tmp/ccwRsA0p.o
 .group         0x00000000        0xc /tmp/ccwRsA0p.o
 .group         0x00000000        0xc /tmp/ccwRsA0p.o
 .group         0x00000000        0xc /tmp/ccwRsA0p.o
 .group         0x00000000        0xc /tmp/ccwRsA0p.o
 .group         0x00000000        0xc /tmp/ccwRsA0p.o
 .group         0x00000000        0xc /tmp/ccwRsA0p.o
 .text          0x00000000        0x0 /tmp/ccwRsA0p.o
 .data          0x00000000        0x0 /tmp/ccwRsA0p.o
 .bss           0x00000000        0x0 /tmp/ccwRsA0p.o
 .debug_macro   0x00000000      0xade /tmp/ccwRsA0p.o
 .debug_macro   0x00000000       0x29 /tmp/ccwRsA0p.o
 .debug_macro   0x00000000       0x22 /tmp/ccwRsA0p.o
 .debug_macro   0x00000000       0x54 /tmp/ccwRsA0p.o
 .debug_macro   0x00000000       0x94 /tmp/ccwRsA0p.o
 .debug_macro   0x00000000       0x43 /tmp/ccwRsA0p.o
 .debug_macro   0x00000000       0x34 /tmp/ccwRsA0p.o
 .debug_macro   0x00000000       0x16 /tmp/ccwRsA0p.o
 .debug_macro   0x00000000      0x11c /tmp/ccwRsA0p.o
 .debug_macro   0x00000000       0x9b /tmp/ccwRsA0p.o
 .debug_macro   0x00000000       0x57 /tmp/ccwRsA0p.o
 .debug_macro   0x00000000      0x370 /tmp/ccwRsA0p.o
 .debug_macro   0x00000000       0x16 /tmp/ccwRsA0p.o
 .debug_macro   0x00000000       0x4a /tmp/ccwRsA0p.o
 .debug_macro   0x00000000       0x34 /tmp/ccwRsA0p.o
 .debug_macro   0x00000000       0x10 /tmp/ccwRsA0p.o
 .debug_macro   0x00000000       0x52 /tmp/ccwRsA0p.o
 .debug_macro   0x00000000       0x8e /tmp/ccwRsA0p.o
 .debug_macro   0x00000000       0x1c /tmp/ccwRsA0p.o
 .debug_macro   0x00000000      0x177 /tmp/ccwRsA0p.o
 .debug_macro   0x00000000       0x16 /tmp/ccwRsA0p.o
 .debug_macro   0x00000000       0x29 /tmp/ccwRsA0p.o
 .debug_macro   0x00000000      0x103 /tmp/ccwRsA0p.o
 .debug_macro   0x00000000      0x34e /tmp/ccwRsA0p.o
 .debug_macro   0x00000000       0x3c /tmp/ccwRsA0p.o
 .debug_macro   0x00000000      0x379 /tmp/ccwRsA0p.o
 .debug_macro   0x00000000       0x22 /tmp/ccwRsA0p.o
 .debug_macro   0x00000000       0x16 /tmp/ccwRsA0p.o
 .debug_macro   0x00000000      0x151 /tmp/ccwRsA0p.o
 .group         0x00000000        0xc /tmp/ccmYAvIf.o
 .group         0x00000000        0xc /tmp/ccmYAvIf.o
 .group         0x00000000        0xc /tmp/ccmYAvIf.o
 .group         0x00000000        0xc /tmp/ccmYAvIf.o
 .group         0x00000000        0xc /tmp/ccmYAvIf.o
 .group         0x00000000        0xc /tmp/ccmYAvIf.o
 .group         0x00000000        0xc /tmp/ccmYAvIf.o
 .group         0x00000000        0xc /tmp/ccmYAvIf.o
 .group         0x00000000        0xc /tmp/ccmYAvIf.o
 .group         0x00000000        0xc /tmp/ccmYAvIf.o
 .group         0x00000000        0xc /tmp/ccmYAvIf.o
 .group         0x00000000        0xc /tmp/ccmYAvIf.o
 .group         0x00000000        0xc /tmp/ccmYAvIf.o
 .group         0x00000000        0xc /tmp/ccmYAvIf.o
 .group         0x00000000        0xc /tmp/ccmYAvIf.o
 .group         0x00000000        0xc /tmp/ccmYAvIf.o
 .group         0x00000000        0xc /tmp/ccmYAvIf.o
 .group         0x00000000        0xc /tmp/ccmYAvIf.o
 .group         0x00000000        0xc /tmp/ccmYAvIf.o
 .group         0x00000000        0xc /tmp/ccmYAvIf.o
 .group         0x00000000        0xc /tmp/ccmYAvIf.o
 .group         0x00000000        0xc /tmp/ccmYAvIf.o
 .group         0x00000000        0xc /tmp/ccmYAvIf.o
 .group         0x00000000        0xc /tmp/ccmYAvIf.o
 .group         0x00000000        0xc /tmp/ccmYAvIf.o
 .group         0x00000000        0xc /tmp/ccmYAvIf.o
 .group         0x00000000        0xc /tmp/ccmYAvIf.o
 .group         0x00000000        0xc /tmp/ccmYAvIf.o
 .text          0x00000000        0x0 /tmp/ccmYAvIf.o
 .data          0x00000000        0x0 /tmp/ccmYAvIf.o
 .bss           0x00000000        0x0 /tmp/ccmYAvIf.o
 .debug_macro   0x00000000      0xade /tmp/ccmYAvIf.o
 .debug_macro   0x00000000       0x22 /tmp/ccmYAvIf.o
 .debug_macro   0x00000000       0x54 /tmp/ccmYAvIf.o
 .debug_macro   0x00000000       0x29 /tmp/ccmYAvIf.o
 .debug_macro   0x00000000       0x94 /tmp/ccmYAvIf.o
 .debug_macro   0x00000000       0x43 /tmp/ccmYAvIf.o
 .debug_macro   0x00000000      0x103 /tmp/ccmYAvIf.o
 .debug_macro   0x00000000       0x3a /tmp/ccmYAvIf.o
 .debug_macro   0x00000000      0x34e /tmp/ccmYAvIf.o
 .debug_macro   0x00000000       0x89 /tmp/ccmYAvIf.o
 .debug_macro   0x00000000      0x379 /tmp/ccmYAvIf.o
 .debug_macro   0x00000000       0x1c /tmp/ccmYAvIf.o
 .debug_macro   0x00000000       0x57 /tmp/ccmYAvIf.o
 .debug_macro   0x00000000      0x370 /tmp/ccmYAvIf.o
 .debug_macro   0x00000000       0x9b /tmp/ccmYAvIf.o
 .debug_macro   0x00000000       0x10 /tmp/ccmYAvIf.o
 .debug_macro   0x00000000       0x16 /tmp/ccmYAvIf.o
 .debug_macro   0x00000000       0x4a /tmp/ccmYAvIf.o
 .debug_macro   0x00000000       0x34 /tmp/ccmYAvIf.o
 .debug_macro   0x00000000       0x10 /tmp/ccmYAvIf.o
 .debug_macro   0x00000000       0x52 /tmp/ccmYAvIf.o
 .debug_macro   0x00000000       0x8e /tmp/ccmYAvIf.o
 .debug_macro   0x00000000       0x1c /tmp/ccmYAvIf.o
 .debug_macro   0x00000000      0x177 /tmp/ccmYAvIf.o
 .debug_macro   0x00000000       0x16 /tmp/ccmYAvIf.o
 .debug_macro   0x00000000      0x146 /tmp/ccmYAvIf.o
 .group         0x00000000        0xc /tmp/ccxV6KUu.o
 .group         0x00000000        0xc /tmp/ccxV6KUu.o
 .group         0x00000000        0xc /tmp/ccxV6KUu.o
 .group         0x00000000        0xc /tmp/ccxV6KUu.o
 .group         0x00000000        0xc /tmp/ccxV6KUu.o
 .group         0x00000000        0xc /tmp/ccxV6KUu.o
 .group         0x00000000        0xc /tmp/ccxV6KUu.o
 .group         0x00000000        0xc /tmp/ccxV6KUu.o
 .group         0x00000000        0xc /tmp/ccxV6KUu.o
 .group         0x00000000        0xc /tmp/ccxV6KUu.o
 .group         0x00000000        0xc /tmp/ccxV6KUu.o
 .text          0x00000000        0x0 /tmp/ccxV6KUu.o
 .data          0x00000000        0x0 /tmp/ccxV6KUu.o
 .bss           0x00000000        0x0 /tmp/ccxV6KUu.o
 .text.lenghtofarray
                0x00000000       0x2e /tmp/ccxV6KUu.o
 .text.int2char
                0x00000000       0xb8 /tmp/ccxV6KUu.o
 .debug_info    0x00000000      0x115 /tmp/ccxV6KUu.o
 .debug_abbrev  0x00000000       0xc4 /tmp/ccxV6KUu.o
 .debug_aranges
                0x00000000       0x28 /tmp/ccxV6KUu.o
 .debug_rnglists
                0x00000000       0x1a /tmp/ccxV6KUu.o
 .debug_macro   0x00000000       0x97 /tmp/ccxV6KUu.o
 .debug_macro   0x00000000      0xade /tmp/ccxV6KUu.o
 .debug_macro   0x00000000       0x22 /tmp/ccxV6KUu.o
 .debug_macro   0x00000000       0x54 /tmp/ccxV6KUu.o
 .debug_macro   0x00000000       0x29 /tmp/ccxV6KUu.o
 .debug_macro   0x00000000       0x94 /tmp/ccxV6KUu.o
 .debug_macro   0x00000000       0x43 /tmp/ccxV6KUu.o
 .debug_macro   0x00000000      0x103 /tmp/ccxV6KUu.o
 .debug_macro   0x00000000       0x3a /tmp/ccxV6KUu.o
 .debug_macro   0x00000000      0x34e /tmp/ccxV6KUu.o
 .debug_macro   0x00000000       0x89 /tmp/ccxV6KUu.o
 .debug_macro   0x00000000      0x379 /tmp/ccxV6KUu.o
 .debug_line    0x00000000      0x202 /tmp/ccxV6KUu.o
 .debug_str     0x00000000     0x4e44 /tmp/ccxV6KUu.o
 .comment       0x00000000       0x27 /tmp/ccxV6KUu.o
 .debug_frame   0x00000000       0x60 /tmp/ccxV6KUu.o
 .ARM.attributes
                0x00000000       0x32 /tmp/ccxV6KUu.o
 .group         0x00000000        0xc /tmp/ccs214Pl.o
 .group         0x00000000        0xc /tmp/ccs214Pl.o
 .group         0x00000000        0xc /tmp/ccs214Pl.o
 .group         0x00000000        0xc /tmp/ccs214Pl.o
 .group         0x00000000        0xc /tmp/ccs214Pl.o
 .group         0x00000000        0xc /tmp/ccs214Pl.o
 .group         0x00000000        0xc /tmp/ccs214Pl.o
 .group         0x00000000        0xc /tmp/ccs214Pl.o
 .group         0x00000000        0xc /tmp/ccs214Pl.o
 .group         0x00000000        0xc /tmp/ccs214Pl.o
 .group         0x00000000        0xc /tmp/ccs214Pl.o
 .group         0x00000000        0xc /tmp/ccs214Pl.o
 .group         0x00000000        0xc /tmp/ccs214Pl.o
 .group         0x00000000        0xc /tmp/ccs214Pl.o
 .group         0x00000000        0xc /tmp/ccs214Pl.o
 .group         0x00000000        0xc /tmp/ccs214Pl.o
 .group         0x00000000        0xc /tmp/ccs214Pl.o
 .group         0x00000000        0xc /tmp/ccs214Pl.o
 .group         0x00000000        0xc /tmp/ccs214Pl.o
 .group         0x00000000        0xc /tmp/ccs214Pl.o
 .group         0x00000000        0xc /tmp/ccs214Pl.o
 .group         0x00000000        0xc /tmp/ccs214Pl.o
 .group         0x00000000        0xc /tmp/ccs214Pl.o
 .group         0x00000000        0xc /tmp/ccs214Pl.o
 .group         0x00000000        0xc /tmp/ccs214Pl.o
 .group         0x00000000        0xc /tmp/ccs214Pl.o
 .group         0x00000000        0xc /tmp/ccs214Pl.o
 .group         0x00000000        0xc /tmp/ccs214Pl.o
 .group         0x00000000        0xc /tmp/ccs214Pl.o
 .text          0x00000000        0x0 /tmp/ccs214Pl.o
 .data          0x00000000        0x0 /tmp/ccs214Pl.o
 .bss           0x00000000        0x0 /tmp/ccs214Pl.o
 .text.read_flash_id_sequence
                0x00000000       0x94 /tmp/ccs214Pl.o
 .debug_macro   0x00000000      0xade /tmp/ccs214Pl.o
 .debug_macro   0x00000000       0x22 /tmp/ccs214Pl.o
 .debug_macro   0x00000000       0x54 /tmp/ccs214Pl.o
 .debug_macro   0x00000000       0x29 /tmp/ccs214Pl.o
 .debug_macro   0x00000000       0x94 /tmp/ccs214Pl.o
 .debug_macro   0x00000000       0x43 /tmp/ccs214Pl.o
 .debug_macro   0x00000000      0x103 /tmp/ccs214Pl.o
 .debug_macro   0x00000000       0x3a /tmp/ccs214Pl.o
 .debug_macro   0x00000000      0x34e /tmp/ccs214Pl.o
 .debug_macro   0x00000000       0x89 /tmp/ccs214Pl.o
 .debug_macro   0x00000000      0x379 /tmp/ccs214Pl.o
 .debug_macro   0x00000000       0x22 /tmp/ccs214Pl.o
 .debug_macro   0x00000000       0x16 /tmp/ccs214Pl.o
 .debug_macro   0x00000000       0xa5 /tmp/ccs214Pl.o
 .debug_macro   0x00000000       0x9b /tmp/ccs214Pl.o
 .debug_macro   0x00000000       0x57 /tmp/ccs214Pl.o
 .debug_macro   0x00000000      0x370 /tmp/ccs214Pl.o
 .debug_macro   0x00000000       0x16 /tmp/ccs214Pl.o
 .debug_macro   0x00000000       0x4a /tmp/ccs214Pl.o
 .debug_macro   0x00000000       0x34 /tmp/ccs214Pl.o
 .debug_macro   0x00000000       0x10 /tmp/ccs214Pl.o
 .debug_macro   0x00000000       0x52 /tmp/ccs214Pl.o
 .debug_macro   0x00000000       0x8e /tmp/ccs214Pl.o
 .debug_macro   0x00000000       0x1c /tmp/ccs214Pl.o
 .debug_macro   0x00000000      0x177 /tmp/ccs214Pl.o
 .debug_macro   0x00000000       0x16 /tmp/ccs214Pl.o
 .debug_macro   0x00000000       0x29 /tmp/ccs214Pl.o
 .debug_macro   0x00000000      0x151 /tmp/ccs214Pl.o
 .data          0x00000000        0x0 /usr/lib/gcc/arm-none-eabi/13.2.1/../../../arm-none-eabi/lib/thumb/v7e-m+dp/hard/libc_nano.a(libc_a-memcpy.o)
 .bss           0x00000000        0x0 /usr/lib/gcc/arm-none-eabi/13.2.1/../../../arm-none-eabi/lib/thumb/v7e-m+dp/hard/libc_nano.a(libc_a-memcpy.o)
 .ARM.extab     0x00000000        0x0 /usr/lib/gcc/arm-none-eabi/13.2.1/../../../arm-none-eabi/lib/thumb/v7e-m+dp/hard/libc_nano.a(libc_a-memcpy.o)
 .eh_frame      0x00000000       0x2c /usr/lib/gcc/arm-none-eabi/13.2.1/../../../arm-none-eabi/lib/thumb/v7e-m+dp/hard/libc_nano.a(libc_a-memcpy.o)

Memory Configuration

Name             Origin             Length             Attributes
flash            0x08000000         0x00100000         xr
dtcm             0x20000000         0x00020000         xrw
axi_sram         0x24000000         0x00060000         xrw
sram1            0x30000000         0x00008000         xrw
sram2            0x30020000         0x00004000         xrw
sram4            0x38000000         0x00010000         xrw
itcm             0x00000000         0x00010000         xrw
backup           0x38800000         0x00001000         xrw
*default*        0x00000000         0xffffffff

Linker script and memory map

LOAD /tmp/cckBbCVZ.o
LOAD /tmp/ccyouOIV.o
LOAD /tmp/cce2voz4.o
LOAD /tmp/cclWVdlU.o
LOAD /tmp/ccwRsA0p.o
LOAD /tmp/ccmYAvIf.o
LOAD /tmp/ccxV6KUu.o
LOAD /tmp/ccs214Pl.o
LOAD /usr/lib/gcc/arm-none-eabi/13.2.1/../../../arm-none-eabi/lib/thumb/v7e-m+dp/hard/libc_nano.a
LOAD /usr/lib/gcc/arm-none-eabi/13.2.1/thumb/v7e-m+dp/hard/libgcc.a
                0x20020000                        _estack = (ORIGIN (dtcm) + LENGTH (dtcm))

.vectors        0x08000000      0x298
 *(.vectors)
 .vectors       0x08000000      0x298 /tmp/ccyouOIV.o
                0x08000000                tab

.text           0x08000298     0x251c
 *(.text*)
 .text.clock_init
                0x08000298      0x12c /tmp/cckBbCVZ.o
                0x08000298                clock_init
 .text.systick_init
                0x080003c4       0x34 /tmp/cckBbCVZ.o
 .text.gpio_init_PC0
                0x080003f8       0x54 /tmp/cckBbCVZ.o
                0x080003f8                gpio_init_PC0
 .text.enable_fpu
                0x0800044c       0x28 /tmp/cckBbCVZ.o
                0x0800044c                enable_fpu
 .text.main     0x08000474      0x25c /tmp/cckBbCVZ.o
                0x08000474                main
 .text.SysTick_IRQHandler
                0x080006d0       0x44 /tmp/cckBbCVZ.o
                0x080006d0                SysTick_IRQHandler
 .text.FDCAN1_IT0_IRQHandler
                0x08000714      0x290 /tmp/cckBbCVZ.o
                0x08000714                FDCAN1_IT0_IRQHandler
 .text.SPI4_IRQHandler
                0x080009a4      0x10c /tmp/cckBbCVZ.o
                0x080009a4                SPI4_IRQHandler
 .text._reset   0x08000ab0       0x44 /tmp/ccyouOIV.o
                0x08000ab0                _reset
 .text.NMI_Handler
                0x08000af4        0x8 /tmp/ccyouOIV.o
                0x08000af4                NMI_Handler
 .text.HardFault_Handler
                0x08000afc        0x8 /tmp/ccyouOIV.o
                0x08000afc                HardFault_Handler
 .text.MemManage_Handler
                0x08000b04        0x8 /tmp/ccyouOIV.o
                0x08000b04                MemManage_Handler
 .text.BusFault_Handler
                0x08000b0c        0x8 /tmp/ccyouOIV.o
                0x08000b0c                BusFault_Handler
 .text.UsageFault_Handler
                0x08000b14        0x8 /tmp/ccyouOIV.o
                0x08000b14                UsageFault_Handler
 .text.SVCall_Handler
                0x08000b1c        0x8 /tmp/ccyouOIV.o
                0x08000b1c                SVCall_Handler
 .text.DebugMon_Handler
                0x08000b24        0x8 /tmp/ccyouOIV.o
                0x08000b24                DebugMon_Handler
 .text.PendSV_Handler
                0x08000b2c        0x8 /tmp/ccyouOIV.o
                0x08000b2c                PendSV_Handler
 .text.WWDG1_IRQHandler
                0x08000b34        0x8 /tmp/ccyouOIV.o
                0x08000b34                WWDG1_IRQHandler
 .text.PVD_PVM_IRQHandler
                0x08000b3c        0x8 /tmp/ccyouOIV.o
                0x08000b3c                PVD_PVM_IRQHandler
 .text.RTC_TAMP_STAMP_CSS_LSE_IRQHandler
                0x08000b44        0x8 /tmp/ccyouOIV.o
                0x08000b44                RTC_TAMP_STAMP_CSS_LSE_IRQHandler
 .text.RTC_WKUP_IRQHandler
                0x08000b4c        0x8 /tmp/ccyouOIV.o
                0x08000b4c                RTC_WKUP_IRQHandler
 .text.FLASH_IRQHandler
                0x08000b54        0x8 /tmp/ccyouOIV.o
                0x08000b54                FLASH_IRQHandler
 .text.RCC_IRQHandler
                0x08000b5c        0x8 /tmp/ccyouOIV.o
                0x08000b5c                RCC_IRQHandler
 .text.EXTI0_IRQHandler
                0x08000b64        0x8 /tmp/ccyouOIV.o
                0x08000b64                EXTI0_IRQHandler
 .text.EXTI1_IRQHandler
                0x08000b6c        0x8 /tmp/ccyouOIV.o
                0x08000b6c                EXTI1_IRQHandler
 .text.EXTI2_IRQHandler
                0x08000b74        0x8 /tmp/ccyouOIV.o
                0x08000b74                EXTI2_IRQHandler
 .text.EXTI3_IRQHandler
                0x08000b7c        0x8 /tmp/ccyouOIV.o
                0x08000b7c                EXTI3_IRQHandler
 .text.EXTI4_IRQHandler
                0x08000b84        0x8 /tmp/ccyouOIV.o
                0x08000b84                EXTI4_IRQHandler
 .text.DMA_STR0_IRQHandler
                0x08000b8c        0x8 /tmp/ccyouOIV.o
                0x08000b8c                DMA_STR0_IRQHandler
 .text.DMA_STR1_IRQHandler
                0x08000b94        0x8 /tmp/ccyouOIV.o
                0x08000b94                DMA_STR1_IRQHandler
 .text.DMA_STR2_IRQHandler
                0x08000b9c        0x8 /tmp/ccyouOIV.o
                0x08000b9c                DMA_STR2_IRQHandler
 .text.DMA_STR3_IRQHandler
                0x08000ba4        0x8 /tmp/ccyouOIV.o
                0x08000ba4                DMA_STR3_IRQHandler
 .text.DMA_STR4_IRQHandler
                0x08000bac        0x8 /tmp/ccyouOIV.o
                0x08000bac                DMA_STR4_IRQHandler
 .text.DMA_STR5_IRQHandler
                0x08000bb4        0x8 /tmp/ccyouOIV.o
                0x08000bb4                DMA_STR5_IRQHandler
 .text.DMA_STR6_IRQHandler
                0x08000bbc        0x8 /tmp/ccyouOIV.o
                0x08000bbc                DMA_STR6_IRQHandler
 .text.ADC1_2_IRQHandler
                0x08000bc4        0x8 /tmp/ccyouOIV.o
                0x08000bc4                ADC1_2_IRQHandler
 .text.FDCAN2_IT0_IRQHandler
                0x08000bcc        0x8 /tmp/ccyouOIV.o
                0x08000bcc                FDCAN2_IT0_IRQHandler
 .text.FDCAN1_IT1_IRQHandler
                0x08000bd4        0x8 /tmp/ccyouOIV.o
                0x08000bd4                FDCAN1_IT1_IRQHandler
 .text.FDCAN2_IT1_IRQHandler
                0x08000bdc        0x8 /tmp/ccyouOIV.o
                0x08000bdc                FDCAN2_IT1_IRQHandler
 .text.EXTI9_5_IRQHandler
                0x08000be4        0x8 /tmp/ccyouOIV.o
                0x08000be4                EXTI9_5_IRQHandler
 .text.TIM1_BRK_IRQHandler
                0x08000bec        0x8 /tmp/ccyouOIV.o
                0x08000bec                TIM1_BRK_IRQHandler
 .text.TIM1_UP_IRQHandler
                0x08000bf4        0x8 /tmp/ccyouOIV.o
                0x08000bf4                TIM1_UP_IRQHandler
 .text.TIM1_TRG_COM_IRQHandler
                0x08000bfc        0x8 /tmp/ccyouOIV.o
                0x08000bfc                TIM1_TRG_COM_IRQHandler
 .text.TIM_CC_IRQHandler
                0x08000c04        0x8 /tmp/ccyouOIV.o
                0x08000c04                TIM_CC_IRQHandler
 .text.TIM2_IRQHandler
                0x08000c0c        0x8 /tmp/ccyouOIV.o
                0x08000c0c                TIM2_IRQHandler
 .text.TIM3_IRQHandler
                0x08000c14        0x8 /tmp/ccyouOIV.o
                0x08000c14                TIM3_IRQHandler
 .text.TIM4_IRQHandler
                0x08000c1c        0x8 /tmp/ccyouOIV.o
                0x08000c1c                TIM4_IRQHandler
 .text.I2C1_EV_IRQHandler
                0x08000c24        0x8 /tmp/ccyouOIV.o
                0x08000c24                I2C1_EV_IRQHandler
 .text.I2C1_ER_IRQHandler
                0x08000c2c        0x8 /tmp/ccyouOIV.o
                0x08000c2c                I2C1_ER_IRQHandler
 .text.I2C2_EV_IRQHandler
                0x08000c34        0x8 /tmp/ccyouOIV.o
                0x08000c34                I2C2_EV_IRQHandler
 .text.I2C2_ER_IRQHandler
                0x08000c3c        0x8 /tmp/ccyouOIV.o
                0x08000c3c                I2C2_ER_IRQHandler
 .text.SPI1_IRQHandler
                0x08000c44        0x8 /tmp/ccyouOIV.o
                0x08000c44                SPI1_IRQHandler
 .text.SPI2_IRQHandler
                0x08000c4c        0x8 /tmp/ccyouOIV.o
                0x08000c4c                SPI2_IRQHandler
 .text.USART1_IRQHandler
                0x08000c54        0x8 /tmp/ccyouOIV.o
                0x08000c54                USART1_IRQHandler
 .text.USART2_IRQHandler
                0x08000c5c        0x8 /tmp/ccyouOIV.o
                0x08000c5c                USART2_IRQHandler
 .text.USART3_IRQHandler
                0x08000c64        0x8 /tmp/ccyouOIV.o
                0x08000c64                USART3_IRQHandler
 .text.EXTI15_10_IRQHandler
                0x08000c6c        0x8 /tmp/ccyouOIV.o
                0x08000c6c                EXTI15_10_IRQHandler
 .text.RTC_ALARM_IRQHandler
                0x08000c74        0x8 /tmp/ccyouOIV.o
                0x08000c74                RTC_ALARM_IRQHandler
 .text.TIM8_BRK_TIM12_IRQHandler
                0x08000c7c        0x8 /tmp/ccyouOIV.o
                0x08000c7c                TIM8_BRK_TIM12_IRQHandler
 .text.TIM8_UP_TIM13_IRQHandler
                0x08000c84        0x8 /tmp/ccyouOIV.o
                0x08000c84                TIM8_UP_TIM13_IRQHandler
 .text.TIM8_TRG_COM_TIM14_IRQHandler
                0x08000c8c        0x8 /tmp/ccyouOIV.o
                0x08000c8c                TIM8_TRG_COM_TIM14_IRQHandler
 .text.TIM8_CC_IRQHandler
                0x08000c94        0x8 /tmp/ccyouOIV.o
                0x08000c94                TIM8_CC_IRQHandler
 .text.DMA1_STR7_IRQHandler
                0x08000c9c        0x8 /tmp/ccyouOIV.o
                0x08000c9c                DMA1_STR7_IRQHandler
 .text.FMC_IRQHandler
                0x08000ca4        0x8 /tmp/ccyouOIV.o
                0x08000ca4                FMC_IRQHandler
 .text.SDMMC1_IRQHandler
                0x08000cac        0x8 /tmp/ccyouOIV.o
                0x08000cac                SDMMC1_IRQHandler
 .text.TIM5_IRQHandler
                0x08000cb4        0x8 /tmp/ccyouOIV.o
                0x08000cb4                TIM5_IRQHandler
 .text.SPI3_IRQHandler
                0x08000cbc        0x8 /tmp/ccyouOIV.o
                0x08000cbc                SPI3_IRQHandler
 .text.UART4_IRQHandler
                0x08000cc4        0x8 /tmp/ccyouOIV.o
                0x08000cc4                UART4_IRQHandler
 .text.UART5_IRQHandler
                0x08000ccc        0x8 /tmp/ccyouOIV.o
                0x08000ccc                UART5_IRQHandler
 .text.TIM6_DAC_IRQHandler
                0x08000cd4        0x8 /tmp/ccyouOIV.o
                0x08000cd4                TIM6_DAC_IRQHandler
 .text.TIM7_IRQHandler
                0x08000cdc        0x8 /tmp/ccyouOIV.o
                0x08000cdc                TIM7_IRQHandler
 .text.DMA2_STR0_IRQHandler
                0x08000ce4        0x8 /tmp/ccyouOIV.o
                0x08000ce4                DMA2_STR0_IRQHandler
 .text.DMA2_STR1_IRQHandler
                0x08000cec        0x8 /tmp/ccyouOIV.o
                0x08000cec                DMA2_STR1_IRQHandler
 .text.DMA2_STR2_IRQHandler
                0x08000cf4        0x8 /tmp/ccyouOIV.o
                0x08000cf4                DMA2_STR2_IRQHandler
 .text.DMA2_STR3_IRQHandler
                0x08000cfc        0x8 /tmp/ccyouOIV.o
                0x08000cfc                DMA2_STR3_IRQHandler
 .text.DMA2_STR4_IRQHandler
                0x08000d04        0x8 /tmp/ccyouOIV.o
                0x08000d04                DMA2_STR4_IRQHandler
 .text.ETH_IRQHandler
                0x08000d0c        0x8 /tmp/ccyouOIV.o
                0x08000d0c                ETH_IRQHandler
 .text.ETH_WKUP_IRQHandler
                0x08000d14        0x8 /tmp/ccyouOIV.o
                0x08000d14                ETH_WKUP_IRQHandler
 .text.FDCAN_CAL_IRQHandler
                0x08000d1c        0x8 /tmp/ccyouOIV.o
                0x08000d1c                FDCAN_CAL_IRQHandler
 .text.DMA2_STR5_IRQHandler
                0x08000d24        0x8 /tmp/ccyouOIV.o
                0x08000d24                DMA2_STR5_IRQHandler
 .text.DMA2_STR6_IRQHandler
                0x08000d2c        0x8 /tmp/ccyouOIV.o
                0x08000d2c                DMA2_STR6_IRQHandler
 .text.DMA2_STR7_IRQHandler
                0x08000d34        0x8 /tmp/ccyouOIV.o
                0x08000d34                DMA2_STR7_IRQHandler
 .text.USART6_IRQHandler
                0x08000d3c        0x8 /tmp/ccyouOIV.o
                0x08000d3c                USART6_IRQHandler
 .text.I2C3_EV_IRQHandler
                0x08000d44        0x8 /tmp/ccyouOIV.o
                0x08000d44                I2C3_EV_IRQHandler
 .text.I2C3_ER_IRQHandler
                0x08000d4c        0x8 /tmp/ccyouOIV.o
                0x08000d4c                I2C3_ER_IRQHandler
 .text.OTG_HS_EP1_OUT_IRQHandler
                0x08000d54        0x8 /tmp/ccyouOIV.o
                0x08000d54                OTG_HS_EP1_OUT_IRQHandler
 .text.OTG_HS_EP1_IN_IRQHandler
                0x08000d5c        0x8 /tmp/ccyouOIV.o
                0x08000d5c                OTG_HS_EP1_IN_IRQHandler
 .text.OTG_HS_WKUP_IRQHandler
                0x08000d64        0x8 /tmp/ccyouOIV.o
                0x08000d64                OTG_HS_WKUP_IRQHandler
 .text.OTG_HS_IRQHandler
                0x08000d6c        0x8 /tmp/ccyouOIV.o
                0x08000d6c                OTG_HS_IRQHandler
 .text.DCMI_IRQHandler
                0x08000d74        0x8 /tmp/ccyouOIV.o
                0x08000d74                DCMI_IRQHandler
 .text.CRYP_IRQHandler
                0x08000d7c        0x8 /tmp/ccyouOIV.o
                0x08000d7c                CRYP_IRQHandler
 .text.HASH_RNG_IRQHandler
                0x08000d84        0x8 /tmp/ccyouOIV.o
                0x08000d84                HASH_RNG_IRQHandler
 .text.FPU_IRQHandler
                0x08000d8c        0x8 /tmp/ccyouOIV.o
                0x08000d8c                FPU_IRQHandler
 .text.UART7_IRQHandler
                0x08000d94        0x8 /tmp/ccyouOIV.o
                0x08000d94                UART7_IRQHandler
 .text.UART8_IRQHandler
                0x08000d9c        0x8 /tmp/ccyouOIV.o
                0x08000d9c                UART8_IRQHandler
 .text.SPI5_IRQHandler
                0x08000da4        0x8 /tmp/ccyouOIV.o
                0x08000da4                SPI5_IRQHandler
 .text.SPI6_IRQHandler
                0x08000dac        0x8 /tmp/ccyouOIV.o
                0x08000dac                SPI6_IRQHandler
 .text.SAI1_IRQHandler
                0x08000db4        0x8 /tmp/ccyouOIV.o
                0x08000db4                SAI1_IRQHandler
 .text.LTDC_IRQHandler
                0x08000dbc        0x8 /tmp/ccyouOIV.o
                0x08000dbc                LTDC_IRQHandler
 .text.LTDC_ER_IRQHandler
                0x08000dc4        0x8 /tmp/ccyouOIV.o
                0x08000dc4                LTDC_ER_IRQHandler
 .text.DMA2D_IRQHandler
                0x08000dcc        0x8 /tmp/ccyouOIV.o
                0x08000dcc                DMA2D_IRQHandler
 .text.SAI2_IRQHandler
                0x08000dd4        0x8 /tmp/ccyouOIV.o
                0x08000dd4                SAI2_IRQHandler
 .text.QUADSPI_IRQHandler
                0x08000ddc        0x8 /tmp/ccyouOIV.o
                0x08000ddc                QUADSPI_IRQHandler
 .text.LPTIM1_IRQHandler
                0x08000de4        0x8 /tmp/ccyouOIV.o
                0x08000de4                LPTIM1_IRQHandler
 .text.CEC_IRQHandler
                0x08000dec        0x8 /tmp/ccyouOIV.o
                0x08000dec                CEC_IRQHandler
 .text.I2C4_EV_IRQHandler
                0x08000df4        0x8 /tmp/ccyouOIV.o
                0x08000df4                I2C4_EV_IRQHandler
 .text.I2C4_ER_IRQHandler
                0x08000dfc        0x8 /tmp/ccyouOIV.o
                0x08000dfc                I2C4_ER_IRQHandler
 .text.SPDIF_IRQHandler
                0x08000e04        0x8 /tmp/ccyouOIV.o
                0x08000e04                SPDIF_IRQHandler
 .text.OTG_FS_EP1_OUT_IRQHandler
                0x08000e0c        0x8 /tmp/ccyouOIV.o
                0x08000e0c                OTG_FS_EP1_OUT_IRQHandler
 .text.OTG_FS_EP1_IN_IRQHandler
                0x08000e14        0x8 /tmp/ccyouOIV.o
                0x08000e14                OTG_FS_EP1_IN_IRQHandler
 .text.OTG_FS_WKUP_IRQHandler
                0x08000e1c        0x8 /tmp/ccyouOIV.o
                0x08000e1c                OTG_FS_WKUP_IRQHandler
 .text.OTG_FS_IRQHandler
                0x08000e24        0x8 /tmp/ccyouOIV.o
                0x08000e24                OTG_FS_IRQHandler
 .text.DMAMUX1_OV_IRQHandler
                0x08000e2c        0x8 /tmp/ccyouOIV.o
                0x08000e2c                DMAMUX1_OV_IRQHandler
 .text.HRTIM1_MST_IRQHandler
                0x08000e34        0x8 /tmp/ccyouOIV.o
                0x08000e34                HRTIM1_MST_IRQHandler
 .text.HRTIM1_TIMA_IRQHandler
                0x08000e3c        0x8 /tmp/ccyouOIV.o
                0x08000e3c                HRTIM1_TIMA_IRQHandler
 .text.HRTIM_TIMB_IRQHandler
                0x08000e44        0x8 /tmp/ccyouOIV.o
                0x08000e44                HRTIM_TIMB_IRQHandler
 .text.HRTIM1_TIMC_IRQHandler
                0x08000e4c        0x8 /tmp/ccyouOIV.o
                0x08000e4c                HRTIM1_TIMC_IRQHandler
 .text.HRTIM1_TIMD_IRQHandler
                0x08000e54        0x8 /tmp/ccyouOIV.o
                0x08000e54                HRTIM1_TIMD_IRQHandler
 .text.HRTIM_TIME_IRQHandler
                0x08000e5c        0x8 /tmp/ccyouOIV.o
                0x08000e5c                HRTIM_TIME_IRQHandler
 .text.HRTIM1_FLT_IRQHandler
                0x08000e64        0x8 /tmp/ccyouOIV.o
                0x08000e64                HRTIM1_FLT_IRQHandler
 .text.DFSDM1_FLT0_IRQHandler
                0x08000e6c        0x8 /tmp/ccyouOIV.o
                0x08000e6c                DFSDM1_FLT0_IRQHandler
 .text.DFSDM1_FLT1_IRQHandler
                0x08000e74        0x8 /tmp/ccyouOIV.o
                0x08000e74                DFSDM1_FLT1_IRQHandler
 .text.DFSDM1_FLT2_IRQHandler
                0x08000e7c        0x8 /tmp/ccyouOIV.o
                0x08000e7c                DFSDM1_FLT2_IRQHandler
 .text.DFSDM1_FLT3_IRQHandler
                0x08000e84        0x8 /tmp/ccyouOIV.o
                0x08000e84                DFSDM1_FLT3_IRQHandler
 .text.SAI3_IRQHandler
                0x08000e8c        0x8 /tmp/ccyouOIV.o
                0x08000e8c                SAI3_IRQHandler
 .text.SWPMI1_IRQHandler
                0x08000e94        0x8 /tmp/ccyouOIV.o
                0x08000e94                SWPMI1_IRQHandler
 .text.TIM15_IRQHandler
                0x08000e9c        0x8 /tmp/ccyouOIV.o
                0x08000e9c                TIM15_IRQHandler
 .text.TIM16_IRQHandler
                0x08000ea4        0x8 /tmp/ccyouOIV.o
                0x08000ea4                TIM16_IRQHandler
 .text.TIM17_IRQHandler
                0x08000eac        0x8 /tmp/ccyouOIV.o
                0x08000eac                TIM17_IRQHandler
 .text.MDIOS_WKUP_IRQHandler
                0x08000eb4        0x8 /tmp/ccyouOIV.o
                0x08000eb4                MDIOS_WKUP_IRQHandler
 .text.MDIOS_IRQHandler
                0x08000ebc        0x8 /tmp/ccyouOIV.o
                0x08000ebc                MDIOS_IRQHandler
 .text.JPEG_IRQHandler
                0x08000ec4        0x8 /tmp/ccyouOIV.o
                0x08000ec4                JPEG_IRQHandler
 .text.MDMA_IRQHandler
                0x08000ecc        0x8 /tmp/ccyouOIV.o
                0x08000ecc                MDMA_IRQHandler
 .text.SDMMC2_IRQHandler
                0x08000ed4        0x8 /tmp/ccyouOIV.o
                0x08000ed4                SDMMC2_IRQHandler
 .text.HSEM0_IRQHandler
                0x08000edc        0x8 /tmp/ccyouOIV.o
                0x08000edc                HSEM0_IRQHandler
 .text.ADC3_IRQHandler
                0x08000ee4        0x8 /tmp/ccyouOIV.o
                0x08000ee4                ADC3_IRQHandler
 .text.DMAMUX2_OVR_IRQHandler
                0x08000eec        0x8 /tmp/ccyouOIV.o
                0x08000eec                DMAMUX2_OVR_IRQHandler
 .text.BDMA_CH0_IRQHandler
                0x08000ef4        0x8 /tmp/ccyouOIV.o
                0x08000ef4                BDMA_CH0_IRQHandler
 .text.BDMA_CH1_IRQHandler
                0x08000efc        0x8 /tmp/ccyouOIV.o
                0x08000efc                BDMA_CH1_IRQHandler
 .text.BDMA_CH2_IRQHandler
                0x08000f04        0x8 /tmp/ccyouOIV.o
                0x08000f04                BDMA_CH2_IRQHandler
 .text.BDMA_CH3_IRQHandler
                0x08000f0c        0x8 /tmp/ccyouOIV.o
                0x08000f0c                BDMA_CH3_IRQHandler
 .text.BDMA_CH4_IRQHandler
                0x08000f14        0x8 /tmp/ccyouOIV.o
                0x08000f14                BDMA_CH4_IRQHandler
 .text.BDMA_CH5_IRQHandler
                0x08000f1c        0x8 /tmp/ccyouOIV.o
                0x08000f1c                BDMA_CH5_IRQHandler
 .text.BDMA_CH6_IRQHandler
                0x08000f24        0x8 /tmp/ccyouOIV.o
                0x08000f24                BDMA_CH6_IRQHandler
 .text.BDMA_CH7_IRQHandler
                0x08000f2c        0x8 /tmp/ccyouOIV.o
                0x08000f2c                BDMA_CH7_IRQHandler
 .text.COMP_IRQHandler
                0x08000f34        0x8 /tmp/ccyouOIV.o
                0x08000f34                COMP_IRQHandler
 .text.LPTIM2_IRQHandler
                0x08000f3c        0x8 /tmp/ccyouOIV.o
                0x08000f3c                LPTIM2_IRQHandler
 .text.LPTIM3_IRQHandler
                0x08000f44        0x8 /tmp/ccyouOIV.o
                0x08000f44                LPTIM3_IRQHandler
 .text.LPTIM4_IRQHandler
                0x08000f4c        0x8 /tmp/ccyouOIV.o
                0x08000f4c                LPTIM4_IRQHandler
 .text.LPTIM5_IRQHandler
                0x08000f54        0x8 /tmp/ccyouOIV.o
                0x08000f54                LPTIM5_IRQHandler
 .text.LPUART_IRQHandler
                0x08000f5c        0x8 /tmp/ccyouOIV.o
                0x08000f5c                LPUART_IRQHandler
 .text.WWDG1_RST_IRQHandler
                0x08000f64        0x8 /tmp/ccyouOIV.o
                0x08000f64                WWDG1_RST_IRQHandler
 .text.CRS_IRQHandler
                0x08000f6c        0x8 /tmp/ccyouOIV.o
                0x08000f6c                CRS_IRQHandler
 .text.RAMECC1_IRQHandler
                0x08000f74        0x8 /tmp/ccyouOIV.o
                0x08000f74                RAMECC1_IRQHandler
 .text.SAI4_IRQHandler
                0x08000f7c        0x8 /tmp/ccyouOIV.o
                0x08000f7c                SAI4_IRQHandler
 .text.WKUP_IRQHandler
                0x08000f84        0x8 /tmp/ccyouOIV.o
                0x08000f84                WKUP_IRQHandler
 .text.RTC_init
                0x08000f8c      0x190 /tmp/cce2voz4.o
                0x08000f8c                RTC_init
 .text.RTC_read_datetime
                0x0800111c      0x134 /tmp/cce2voz4.o
                0x0800111c                RTC_read_datetime
 .text.VECan_Init
                0x08001250      0x54c /tmp/cclWVdlU.o
                0x08001250                VECan_Init
 .text.update_can_message_356
                0x0800179c       0xbc /tmp/cclWVdlU.o
                0x0800179c                update_can_message_356
 .text.VECan_send
                0x08001858       0xb4 /tmp/cclWVdlU.o
                0x08001858                VECan_send
 .text.FDCAN1_init
                0x0800190c      0x30c /tmp/ccwRsA0p.o
                0x0800190c                FDCAN1_init
 .text.FDCAN2_init
                0x08001c18      0x338 /tmp/ccwRsA0p.o
                0x08001c18                FDCAN2_init
 .text.FDCAN1_transmit_message
                0x08001f50       0xbc /tmp/ccwRsA0p.o
                0x08001f50                FDCAN1_transmit_message
 .text.FDCAN2_transmit_message
                0x0800200c       0xc8 /tmp/ccwRsA0p.o
                0x0800200c                FDCAN2_transmit_message
 .text.convert_0x0426_to_milliampere
                0x080020d4       0x46 /tmp/ccmYAvIf.o
                0x080020d4                convert_0x0426_to_milliampere
 .text.convert_0x0427_to_millivolts
                0x0800211a       0x32 /tmp/ccmYAvIf.o
                0x0800211a                convert_0x0427_to_millivolts
 .text.convert_0x0428_to_temperature
                0x0800214c       0x32 /tmp/ccmYAvIf.o
                0x0800214c                convert_0x0428_to_temperature
 .text.convert_0x0429_to_microvolts
                0x0800217e       0x46 /tmp/ccmYAvIf.o
                0x0800217e                convert_0x0429_to_microvolts
 .text.convert_0x042A_to_power
                0x080021c4       0x88 /tmp/ccmYAvIf.o
                0x080021c4                convert_0x042A_to_power
 .text.convert_0x042B_to_DieID
                0x0800224c       0x38 /tmp/ccmYAvIf.o
                0x0800224c                convert_0x042B_to_DieID
 .text.convert_0x042C_to_ManufacturerID
                0x08002284       0x38 /tmp/ccmYAvIf.o
                0x08002284                convert_0x042C_to_ManufacturerID
 .text.convert_0x042D_to_energy
                0x080022bc       0x6c /tmp/ccmYAvIf.o
                0x080022bc                convert_0x042D_to_energy
 .text.convert_0x042E_to_charge
                0x08002328       0x6c /tmp/ccmYAvIf.o
                0x08002328                convert_0x042E_to_charge
 .text.delay_us
                0x08002394       0x2c /tmp/ccs214Pl.o
                0x08002394                delay_us
 .text.is_flash_operation_complete
                0x080023c0       0x18 /tmp/ccs214Pl.o
                0x080023c0                is_flash_operation_complete
 .text.get_flash_operation_type
                0x080023d8       0x18 /tmp/ccs214Pl.o
                0x080023d8                get_flash_operation_type
 .text.set_flash_operation_complete
                0x080023f0       0x20 /tmp/ccs214Pl.o
                0x080023f0                set_flash_operation_complete
 .text.set_flash_operation_type
                0x08002410       0x20 /tmp/ccs214Pl.o
                0x08002410                set_flash_operation_type
 .text.mx25l_init
                0x08002430      0x194 /tmp/ccs214Pl.o
                0x08002430                mx25l_init
 .text.flash_read_word
                0x080025c4       0xbc /tmp/ccs214Pl.o
                0x080025c4                flash_read_word
 .text          0x08002680      0x134 /usr/lib/gcc/arm-none-eabi/13.2.1/../../../arm-none-eabi/lib/thumb/v7e-m+dp/hard/libc_nano.a(libc_a-memcpy.o)
                0x08002680                memcpy

.glue_7         0x080027b4        0x0
 .glue_7        0x080027b4        0x0 linker stubs

.glue_7t        0x080027b4        0x0
 .glue_7t       0x080027b4        0x0 linker stubs

.vfp11_veneer   0x080027b4        0x0
 .vfp11_veneer  0x080027b4        0x0 linker stubs

.v4_bx          0x080027b4        0x0
 .v4_bx         0x080027b4        0x0 linker stubs

.iplt           0x080027b4        0x0
 .iplt          0x080027b4        0x0 /tmp/cckBbCVZ.o

.rel.dyn        0x080027b4        0x0
 .rel.iplt      0x080027b4        0x0 /tmp/cckBbCVZ.o

.rodata
 *(.rodata*)

.ARM.exidx      0x080027b4        0x8
 .ARM.exidx     0x080027b4        0x8 /usr/lib/gcc/arm-none-eabi/13.2.1/../../../arm-none-eabi/lib/thumb/v7e-m+dp/hard/libc_nano.a(libc_a-memcpy.o)

.data           0x20000000       0x14 load address 0x080027bc
                0x20000000                        _sdata = .
 *(.first_data)
 *(.data SORT_BY_NAME(.data.*))
 .data.SOH      0x20000000        0x2 /tmp/cclWVdlU.o
                0x20000000                SOH
 .data.flash_operation_complete
                0x20000002        0x1 /tmp/ccs214Pl.o
 *fill*         0x20000003        0x1 
 .data.snPart1  0x20000004        0x8 /tmp/cclWVdlU.o
                0x20000004                snPart1
 .data.snPart2  0x2000000c        0x8 /tmp/cclWVdlU.o
                0x2000000c                snPart2
                0x20000014                        _edata = .
                0x080027bc                        _sidata = LOADADDR (.data)

.igot.plt       0x20000014        0x0 load address 0x080027d0
 .igot.plt      0x20000014        0x0 /tmp/cckBbCVZ.o

.bss            0x20000014      0x1d1 load address 0x080027d0
                0x20000014                        _sbss = .
 *(.bss SORT_BY_NAME(.bss.*) COMMON)
 .bss.RDID      0x20000014        0x4 /tmp/cckBbCVZ.o
                0x20000014                RDID
 .bss.bus_voltage
                0x20000018        0x4 /tmp/cckBbCVZ.o
                0x20000018                bus_voltage
 .bss.charge    0x2000001c        0x4 /tmp/cckBbCVZ.o
                0x2000001c                charge
 .bss.charge_Ah
                0x20000020        0x4 /tmp/cckBbCVZ.o
                0x20000020                charge_Ah
 .bss.counter_loop
                0x20000024        0x4 /tmp/ccwRsA0p.o
                0x20000024                counter_loop
 .bss.current   0x20000028        0x4 /tmp/cckBbCVZ.o
                0x20000028                current
 .bss.die_id    0x2000002c        0x2 /tmp/cckBbCVZ.o
                0x2000002c                die_id
 *fill*         0x2000002e        0x2 
 .bss.dt        0x20000030        0x7 /tmp/cckBbCVZ.o
                0x20000030                dt
 *fill*         0x20000037        0x1 
 .bss.energy    0x20000038        0x4 /tmp/cckBbCVZ.o
                0x20000038                energy
 .bss.energy_kWh
                0x2000003c        0x4 /tmp/cckBbCVZ.o
                0x2000003c                energy_kWh
 .bss.fifo_full_counter
                0x20000040        0x4 /tmp/cckBbCVZ.o
                0x20000040                fifo_full_counter
 .bss.fifo_message_lost_counter
                0x20000044        0x4 /tmp/cckBbCVZ.o
                0x20000044                fifo_message_lost_counter
 .bss.flash_operation_type
                0x20000048        0x1 /tmp/ccs214Pl.o
 *fill*         0x20000049        0x3 
 .bss.flash_read_buffer
                0x2000004c        0x4 /tmp/cckBbCVZ.o
                0x2000004c                flash_read_buffer
 .bss.manufacturer_id
                0x20000050        0x2 /tmp/cckBbCVZ.o
                0x20000050                manufacturer_id
 .bss.minutes   0x20000052        0x1 /tmp/cckBbCVZ.o
                0x20000052                minutes
 *fill*         0x20000053        0x1 
 .bss.power     0x20000054        0x4 /tmp/cckBbCVZ.o
                0x20000054                power
 .bss.rx_message_426
                0x20000058        0x8 /tmp/cckBbCVZ.o
                0x20000058                rx_message_426
 .bss.rx_message_427
                0x20000060        0x8 /tmp/cckBbCVZ.o
                0x20000060                rx_message_427
 .bss.rx_message_428
                0x20000068        0x8 /tmp/cckBbCVZ.o
                0x20000068                rx_message_428
 .bss.rx_message_429
                0x20000070        0x8 /tmp/cckBbCVZ.o
                0x20000070                rx_message_429
 .bss.rx_message_42A
                0x20000078        0x8 /tmp/cckBbCVZ.o
                0x20000078                rx_message_42A
 .bss.rx_message_42B
                0x20000080        0x8 /tmp/cckBbCVZ.o
                0x20000080                rx_message_42B
 .bss.rx_message_42C
                0x20000088        0x8 /tmp/cckBbCVZ.o
                0x20000088                rx_message_42C
 .bss.rx_message_42D
                0x20000090        0x8 /tmp/cckBbCVZ.o
                0x20000090                rx_message_42D
 .bss.rx_message_42E
                0x20000098        0x8 /tmp/cckBbCVZ.o
                0x20000098                rx_message_42E
 .bss.seconds   0x200000a0        0x1 /tmp/cckBbCVZ.o
                0x200000a0                seconds
 *fill*         0x200000a1        0x3 
 .bss.shunt_voltage
                0x200000a4        0x4 /tmp/cckBbCVZ.o
                0x200000a4                shunt_voltage
 .bss.splitter  0x200000a8        0x2 /tmp/cclWVdlU.o
                0x200000a8                splitter
 *fill*         0x200000aa        0x2 
 .bss.temperature
                0x200000ac        0x4 /tmp/cckBbCVZ.o
                0x200000ac                temperature
 .bss.threeeighty
                0x200000b0       0x10 /tmp/cclWVdlU.o
                0x200000b0                threeeighty
 .bss.threeeightyone
                0x200000c0       0x10 /tmp/cclWVdlU.o
                0x200000c0                threeeightyone
 .bss.threefiftyA
                0x200000d0       0x10 /tmp/cclWVdlU.o
                0x200000d0                threefiftyA
 .bss.threefiftyE
                0x200000e0       0x10 /tmp/cclWVdlU.o
                0x200000e0                threefiftyE
 .bss.threefiftyF
                0x200000f0       0x10 /tmp/cclWVdlU.o
                0x200000f0                threefiftyF
 .bss.threefiftyfive
                0x20000100       0x10 /tmp/cclWVdlU.o
                0x20000100                threefiftyfive
 .bss.threefiftyone
                0x20000110       0x10 /tmp/cclWVdlU.o
                0x20000110                threefiftyone
 .bss.threefiftysix
                0x20000120       0x10 /tmp/cclWVdlU.o
                0x20000120                threefiftysix
 .bss.threeseventyeight
                0x20000130       0x10 /tmp/cclWVdlU.o
                0x20000130                threeseventyeight
 .bss.threeseventyfive
                0x20000140       0x10 /tmp/cclWVdlU.o
                0x20000140                threeseventyfive
 .bss.threeseventyfour
                0x20000150       0x10 /tmp/cclWVdlU.o
                0x20000150                threeseventyfour
 .bss.threeseventynine
                0x20000160       0x10 /tmp/cclWVdlU.o
                0x20000160                threeseventynine
 .bss.threeseventyseven
                0x20000170       0x10 /tmp/cclWVdlU.o
                0x20000170                threeseventyseven
 .bss.threeseventysix
                0x20000180       0x10 /tmp/cclWVdlU.o
                0x20000180                threeseventysix
 .bss.threeseventythree
                0x20000190       0x10 /tmp/cclWVdlU.o
                0x20000190                threeseventythree
 .bss.threeseventytwo
                0x200001a0       0x10 /tmp/cclWVdlU.o
                0x200001a0                threeseventytwo
 .bss.threesixty
                0x200001b0       0x10 /tmp/cclWVdlU.o
                0x200001b0                threesixty
 .bss.tick      0x200001c0        0x4 /tmp/cckBbCVZ.o
                0x200001c0                tick
 .bss.tx_127    0x200001c4       0x10 /tmp/cckBbCVZ.o
                0x200001c4                tx_127
 .bss.tx_128    0x200001d4       0x10 /tmp/cckBbCVZ.o
                0x200001d4                tx_128
 .bss.zonk      0x200001e4        0x1 /tmp/cckBbCVZ.o
                0x200001e4                zonk
                0x200001e5                        _ebss = .

.sram1_data
 *(.sram1_data)

.sram2_data
 *(.sram2_data)

.backup_data
 *(.backup_data)
                0x200001e8                        . = ALIGN (0x8)
                0x200001e8                        _end = .
OUTPUT(firmware.elf elf32-littlearm)
LOAD linker stubs

.debug_info     0x00000000     0x43a3
 .debug_info    0x00000000     0x144d /tmp/cckBbCVZ.o
 .debug_info    0x0000144d      0xb3a /tmp/ccyouOIV.o
 .debug_info    0x00001f87      0x7b0 /tmp/cce2voz4.o
 .debug_info    0x00002737      0x40c /tmp/cclWVdlU.o
 .debug_info    0x00002b43      0xbe5 /tmp/ccwRsA0p.o
 .debug_info    0x00003728      0x2e1 /tmp/ccmYAvIf.o
 .debug_info    0x00003a09      0x967 /tmp/ccs214Pl.o
 .debug_info    0x00004370       0x33 /usr/lib/gcc/arm-none-eabi/13.2.1/../../../arm-none-eabi/lib/thumb/v7e-m+dp/hard/libc_nano.a(libc_a-memcpy.o)

.debug_abbrev   0x00000000      0xb35
 .debug_abbrev  0x00000000      0x2c1 /tmp/cckBbCVZ.o
 .debug_abbrev  0x000002c1      0x105 /tmp/ccyouOIV.o
 .debug_abbrev  0x000003c6      0x132 /tmp/cce2voz4.o
 .debug_abbrev  0x000004f8      0x146 /tmp/cclWVdlU.o
 .debug_abbrev  0x0000063e      0x226 /tmp/ccwRsA0p.o
 .debug_abbrev  0x00000864       0xa2 /tmp/ccmYAvIf.o
 .debug_abbrev  0x00000906      0x207 /tmp/ccs214Pl.o
 .debug_abbrev  0x00000b0d       0x28 /usr/lib/gcc/arm-none-eabi/13.2.1/../../../arm-none-eabi/lib/thumb/v7e-m+dp/hard/libc_nano.a(libc_a-memcpy.o)

.debug_aranges  0x00000000      0x690
 .debug_aranges
                0x00000000       0x58 /tmp/cckBbCVZ.o
 .debug_aranges
                0x00000058      0x4d0 /tmp/ccyouOIV.o
 .debug_aranges
                0x00000528       0x28 /tmp/cce2voz4.o
 .debug_aranges
                0x00000550       0x30 /tmp/cclWVdlU.o
 .debug_aranges
                0x00000580       0x38 /tmp/ccwRsA0p.o
 .debug_aranges
                0x000005b8       0x60 /tmp/ccmYAvIf.o
 .debug_aranges
                0x00000618       0x58 /tmp/ccs214Pl.o
 .debug_aranges
                0x00000670       0x20 /usr/lib/gcc/arm-none-eabi/13.2.1/../../../arm-none-eabi/lib/thumb/v7e-m+dp/hard/libc_nano.a(libc_a-memcpy.o)

.debug_rnglists
                0x00000000      0x4c2
 .debug_rnglists
                0x00000000       0x41 /tmp/cckBbCVZ.o
 .debug_rnglists
                0x00000041      0x397 /tmp/ccyouOIV.o
 .debug_rnglists
                0x000003d8       0x1b /tmp/cce2voz4.o
 .debug_rnglists
                0x000003f3       0x22 /tmp/cclWVdlU.o
 .debug_rnglists
                0x00000415       0x29 /tmp/ccwRsA0p.o
 .debug_rnglists
                0x0000043e       0x44 /tmp/ccmYAvIf.o
 .debug_rnglists
                0x00000482       0x40 /tmp/ccs214Pl.o

.debug_macro    0x00000000     0x3050
 .debug_macro   0x00000000      0x20e /tmp/cckBbCVZ.o
 .debug_macro   0x0000020e      0xade /tmp/cckBbCVZ.o
 .debug_macro   0x00000cec       0x22 /tmp/cckBbCVZ.o
 .debug_macro   0x00000d0e       0x54 /tmp/cckBbCVZ.o
 .debug_macro   0x00000d62       0x29 /tmp/cckBbCVZ.o
 .debug_macro   0x00000d8b       0x94 /tmp/cckBbCVZ.o
 .debug_macro   0x00000e1f       0x43 /tmp/cckBbCVZ.o
 .debug_macro   0x00000e62      0x103 /tmp/cckBbCVZ.o
 .debug_macro   0x00000f65       0x3a /tmp/cckBbCVZ.o
 .debug_macro   0x00000f9f      0x34e /tmp/cckBbCVZ.o
 .debug_macro   0x000012ed       0x89 /tmp/cckBbCVZ.o
 .debug_macro   0x00001376      0x379 /tmp/cckBbCVZ.o
 .debug_macro   0x000016ef       0x22 /tmp/cckBbCVZ.o
 .debug_macro   0x00001711       0x16 /tmp/cckBbCVZ.o
 .debug_macro   0x00001727       0xa5 /tmp/cckBbCVZ.o
 .debug_macro   0x000017cc       0x9b /tmp/cckBbCVZ.o
 .debug_macro   0x00001867       0x57 /tmp/cckBbCVZ.o
 .debug_macro   0x000018be      0x370 /tmp/cckBbCVZ.o
 .debug_macro   0x00001c2e       0x16 /tmp/cckBbCVZ.o
 .debug_macro   0x00001c44       0x4a /tmp/cckBbCVZ.o
 .debug_macro   0x00001c8e       0x34 /tmp/cckBbCVZ.o
 .debug_macro   0x00001cc2       0x10 /tmp/cckBbCVZ.o
 .debug_macro   0x00001cd2       0x52 /tmp/cckBbCVZ.o
 .debug_macro   0x00001d24       0x8e /tmp/cckBbCVZ.o
 .debug_macro   0x00001db2       0x1c /tmp/cckBbCVZ.o
 .debug_macro   0x00001dce      0x177 /tmp/cckBbCVZ.o
 .debug_macro   0x00001f45       0x16 /tmp/cckBbCVZ.o
 .debug_macro   0x00001f5b       0x29 /tmp/cckBbCVZ.o
 .debug_macro   0x00001f84       0x16 /tmp/cckBbCVZ.o
 .debug_macro   0x00001f9a       0x3c /tmp/cckBbCVZ.o
 .debug_macro   0x00001fd6      0x151 /tmp/cckBbCVZ.o
 .debug_macro   0x00002127       0x1c /tmp/cckBbCVZ.o
 .debug_macro   0x00002143       0x10 /tmp/cckBbCVZ.o
 .debug_macro   0x00002153       0x1c /tmp/cckBbCVZ.o
 .debug_macro   0x0000216f       0x16 /tmp/cckBbCVZ.o
 .debug_macro   0x00002185      0x146 /tmp/cckBbCVZ.o
 .debug_macro   0x000022cb       0x76 /tmp/cckBbCVZ.o
 .debug_macro   0x00002341       0x1a /tmp/ccyouOIV.o
 .debug_macro   0x0000235b      0x159 /tmp/cce2voz4.o
 .debug_macro   0x000024b4       0x34 /tmp/cce2voz4.o
 .debug_macro   0x000024e8      0x11c /tmp/cce2voz4.o
 .debug_macro   0x00002604      0x379 /tmp/cce2voz4.o
 .debug_macro   0x0000297d      0x182 /tmp/cclWVdlU.o
 .debug_macro   0x00002aff      0x184 /tmp/ccwRsA0p.o
 .debug_macro   0x00002c83      0x151 /tmp/ccmYAvIf.o
 .debug_macro   0x00002dd4       0x9e /tmp/ccmYAvIf.o
 .debug_macro   0x00002e72       0x16 /tmp/ccmYAvIf.o
 .debug_macro   0x00002e88      0x158 /tmp/ccs214Pl.o
 .debug_macro   0x00002fe0       0x70 /tmp/ccs214Pl.o

.debug_line     0x00000000     0x2bee
 .debug_line    0x00000000      0x794 /tmp/cckBbCVZ.o
 .debug_line    0x00000794      0xd11 /tmp/ccyouOIV.o
 .debug_line    0x000014a5      0x38c /tmp/cce2voz4.o
 .debug_line    0x00001831      0x451 /tmp/cclWVdlU.o
 .debug_line    0x00001c82      0x676 /tmp/ccwRsA0p.o
 .debug_line    0x000022f8      0x3d4 /tmp/ccmYAvIf.o
 .debug_line    0x000026cc      0x469 /tmp/ccs214Pl.o
 .debug_line    0x00002b35       0xb9 /usr/lib/gcc/arm-none-eabi/13.2.1/../../../arm-none-eabi/lib/thumb/v7e-m+dp/hard/libc_nano.a(libc_a-memcpy.o)

.debug_str      0x00000000     0xac58
 .debug_str     0x00000000     0xac58 /tmp/cckBbCVZ.o
                               0x9f6d (size before relaxing)
 .debug_str     0x0000ac58     0x446a /tmp/ccyouOIV.o
 .debug_str     0x0000ac58     0x8f59 /tmp/cce2voz4.o
 .debug_str     0x0000ac58     0x8dca /tmp/cclWVdlU.o
 .debug_str     0x0000ac58     0x90b2 /tmp/ccwRsA0p.o
 .debug_str     0x0000ac58     0x85fd /tmp/ccmYAvIf.o
 .debug_str     0x0000ac58     0x92a6 /tmp/ccs214Pl.o
 .debug_str     0x0000ac58       0xac /usr/lib/gcc/arm-none-eabi/13.2.1/../../../arm-none-eabi/lib/thumb/v7e-m+dp/hard/libc_nano.a(libc_a-memcpy.o)

.comment        0x00000000       0x26
 .comment       0x00000000       0x26 /tmp/cckBbCVZ.o
                                 0x27 (size before relaxing)
 .comment       0x00000026       0x27 /tmp/ccyouOIV.o
 .comment       0x00000026       0x27 /tmp/cce2voz4.o
 .comment       0x00000026       0x27 /tmp/cclWVdlU.o
 .comment       0x00000026       0x27 /tmp/ccwRsA0p.o
 .comment       0x00000026       0x27 /tmp/ccmYAvIf.o
 .comment       0x00000026       0x27 /tmp/ccs214Pl.o

.ARM.attributes
                0x00000000       0x30
 .ARM.attributes
                0x00000000       0x32 /tmp/cckBbCVZ.o
 .ARM.attributes
                0x00000032       0x32 /tmp/ccyouOIV.o
 .ARM.attributes
                0x00000064       0x32 /tmp/cce2voz4.o
 .ARM.attributes
                0x00000096       0x32 /tmp/cclWVdlU.o
 .ARM.attributes
                0x000000c8       0x32 /tmp/ccwRsA0p.o
 .ARM.attributes
                0x000000fa       0x32 /tmp/ccmYAvIf.o
 .ARM.attributes
                0x0000012c       0x32 /tmp/ccs214Pl.o
 .ARM.attributes
                0x0000015e       0x1e /usr/lib/gcc/arm-none-eabi/13.2.1/../../../arm-none-eabi/lib/thumb/v7e-m+dp/hard/libc_nano.a(libc_a-memcpy.o)

.debug_frame    0x00000000     0x1384
 .debug_frame   0x00000000      0x124 /tmp/cckBbCVZ.o
 .debug_frame   0x00000124      0xe30 /tmp/ccyouOIV.o
 .debug_frame   0x00000f54       0x60 /tmp/cce2voz4.o
 .debug_frame   0x00000fb4       0x78 /tmp/cclWVdlU.o
 .debug_frame   0x0000102c       0xac /tmp/ccwRsA0p.o
 .debug_frame   0x000010d8      0x178 /tmp/ccmYAvIf.o
 .debug_frame   0x00001250      0x134 /tmp/ccs214Pl.o

.debug_line_str
                0x00000000       0x99
 .debug_line_str
                0x00000000       0x99 /usr/lib/gcc/arm-none-eabi/13.2.1/../../../arm-none-eabi/lib/thumb/v7e-m+dp/hard/libc_nano.a(libc_a-memcpy.o)
