Archive member included to satisfy reference by file (symbol)

/usr/lib/gcc/arm-none-eabi/13.2.1/../../../arm-none-eabi/lib/thumb/v6-m/nofp/libc_nano.a(libc_a-memcpy-stub.o)
                              /tmp/ccaQNO4P.o (memcpy)
/usr/lib/gcc/arm-none-eabi/13.2.1/thumb/v6-m/nofp/libgcc.a(_muldi3.o)
                              /tmp/cct25zJZ.o (__aeabi_lmul)

Discarded input sections

 .group         0x00000000        0xc /tmp/ccaQNO4P.o
 .group         0x00000000        0xc /tmp/ccaQNO4P.o
 .group         0x00000000        0xc /tmp/ccaQNO4P.o
 .group         0x00000000        0xc /tmp/ccaQNO4P.o
 .group         0x00000000        0xc /tmp/ccaQNO4P.o
 .group         0x00000000        0xc /tmp/ccaQNO4P.o
 .group         0x00000000        0xc /tmp/ccaQNO4P.o
 .group         0x00000000        0xc /tmp/ccaQNO4P.o
 .group         0x00000000        0xc /tmp/ccaQNO4P.o
 .group         0x00000000        0xc /tmp/ccaQNO4P.o
 .group         0x00000000        0xc /tmp/ccaQNO4P.o
 .group         0x00000000        0xc /tmp/ccaQNO4P.o
 .group         0x00000000        0xc /tmp/ccaQNO4P.o
 .group         0x00000000        0xc /tmp/ccaQNO4P.o
 .group         0x00000000        0xc /tmp/ccaQNO4P.o
 .group         0x00000000        0xc /tmp/ccaQNO4P.o
 .group         0x00000000        0xc /tmp/ccaQNO4P.o
 .group         0x00000000        0xc /tmp/ccaQNO4P.o
 .group         0x00000000        0xc /tmp/ccaQNO4P.o
 .group         0x00000000        0xc /tmp/ccaQNO4P.o
 .group         0x00000000        0xc /tmp/ccaQNO4P.o
 .group         0x00000000        0xc /tmp/ccaQNO4P.o
 .group         0x00000000        0xc /tmp/ccaQNO4P.o
 .group         0x00000000        0xc /tmp/ccaQNO4P.o
 .group         0x00000000        0xc /tmp/ccaQNO4P.o
 .group         0x00000000        0xc /tmp/ccaQNO4P.o
 .group         0x00000000        0xc /tmp/ccaQNO4P.o
 .group         0x00000000        0xc /tmp/ccaQNO4P.o
 .group         0x00000000        0xc /tmp/ccaQNO4P.o
 .group         0x00000000        0xc /tmp/ccaQNO4P.o
 .group         0x00000000        0xc /tmp/ccaQNO4P.o
 .text          0x00000000        0x0 /tmp/ccaQNO4P.o
 .data          0x00000000        0x0 /tmp/ccaQNO4P.o
 .bss           0x00000000        0x0 /tmp/ccaQNO4P.o
 .data.can_receive_FifO0
                0x00000000        0x4 /tmp/ccaQNO4P.o
 .bss.temp      0x00000000        0x4 /tmp/ccaQNO4P.o
 .bss.test      0x00000000        0x2 /tmp/ccaQNO4P.o
 .bss.zonk      0x00000000        0x1 /tmp/ccaQNO4P.o
 .bss.rx_received
                0x00000000        0x8 /tmp/ccaQNO4P.o
 .group         0x00000000        0xc /tmp/ccssKwYI.o
 .group         0x00000000        0xc /tmp/ccssKwYI.o
 .text          0x00000000        0x0 /tmp/ccssKwYI.o
 .data          0x00000000        0x0 /tmp/ccssKwYI.o
 .bss           0x00000000        0x0 /tmp/ccssKwYI.o
 .text.SysTick_IRQHandler
                0x00000000        0x8 /tmp/ccssKwYI.o
 .text.TIM16_FDCAN_IT0_IRQHandler
                0x00000000        0x8 /tmp/ccssKwYI.o
 .debug_macro   0x00000000      0xa9c /tmp/ccssKwYI.o
 .debug_macro   0x00000000      0x34e /tmp/ccssKwYI.o
 .group         0x00000000        0xc /tmp/cchiW0qF.o
 .group         0x00000000        0xc /tmp/cchiW0qF.o
 .group         0x00000000        0xc /tmp/cchiW0qF.o
 .group         0x00000000        0xc /tmp/cchiW0qF.o
 .group         0x00000000        0xc /tmp/cchiW0qF.o
 .group         0x00000000        0xc /tmp/cchiW0qF.o
 .group         0x00000000        0xc /tmp/cchiW0qF.o
 .group         0x00000000        0xc /tmp/cchiW0qF.o
 .group         0x00000000        0xc /tmp/cchiW0qF.o
 .group         0x00000000        0xc /tmp/cchiW0qF.o
 .group         0x00000000        0xc /tmp/cchiW0qF.o
 .group         0x00000000        0xc /tmp/cchiW0qF.o
 .group         0x00000000        0xc /tmp/cchiW0qF.o
 .group         0x00000000        0xc /tmp/cchiW0qF.o
 .group         0x00000000        0xc /tmp/cchiW0qF.o
 .group         0x00000000        0xc /tmp/cchiW0qF.o
 .group         0x00000000        0xc /tmp/cchiW0qF.o
 .group         0x00000000        0xc /tmp/cchiW0qF.o
 .group         0x00000000        0xc /tmp/cchiW0qF.o
 .group         0x00000000        0xc /tmp/cchiW0qF.o
 .group         0x00000000        0xc /tmp/cchiW0qF.o
 .group         0x00000000        0xc /tmp/cchiW0qF.o
 .group         0x00000000        0xc /tmp/cchiW0qF.o
 .group         0x00000000        0xc /tmp/cchiW0qF.o
 .group         0x00000000        0xc /tmp/cchiW0qF.o
 .group         0x00000000        0xc /tmp/cchiW0qF.o
 .group         0x00000000        0xc /tmp/cchiW0qF.o
 .group         0x00000000        0xc /tmp/cchiW0qF.o
 .group         0x00000000        0xc /tmp/cchiW0qF.o
 .text          0x00000000        0x0 /tmp/cchiW0qF.o
 .data          0x00000000        0x0 /tmp/cchiW0qF.o
 .bss           0x00000000        0x0 /tmp/cchiW0qF.o
 .debug_macro   0x00000000      0xa9c /tmp/cchiW0qF.o
 .debug_macro   0x00000000       0x24 /tmp/cchiW0qF.o
 .debug_macro   0x00000000       0x22 /tmp/cchiW0qF.o
 .debug_macro   0x00000000       0x54 /tmp/cchiW0qF.o
 .debug_macro   0x00000000       0x94 /tmp/cchiW0qF.o
 .debug_macro   0x00000000       0x43 /tmp/cchiW0qF.o
 .debug_macro   0x00000000       0x16 /tmp/cchiW0qF.o
 .debug_macro   0x00000000       0x9b /tmp/cchiW0qF.o
 .debug_macro   0x00000000       0x57 /tmp/cchiW0qF.o
 .debug_macro   0x00000000      0x370 /tmp/cchiW0qF.o
 .debug_macro   0x00000000       0x16 /tmp/cchiW0qF.o
 .debug_macro   0x00000000       0x4a /tmp/cchiW0qF.o
 .debug_macro   0x00000000       0x34 /tmp/cchiW0qF.o
 .debug_macro   0x00000000       0x10 /tmp/cchiW0qF.o
 .debug_macro   0x00000000       0x52 /tmp/cchiW0qF.o
 .debug_macro   0x00000000       0x8e /tmp/cchiW0qF.o
 .debug_macro   0x00000000       0x1c /tmp/cchiW0qF.o
 .debug_macro   0x00000000      0x177 /tmp/cchiW0qF.o
 .debug_macro   0x00000000       0x16 /tmp/cchiW0qF.o
 .debug_macro   0x00000000       0x29 /tmp/cchiW0qF.o
 .debug_macro   0x00000000      0x103 /tmp/cchiW0qF.o
 .debug_macro   0x00000000      0x34e /tmp/cchiW0qF.o
 .debug_macro   0x00000000       0x3c /tmp/cchiW0qF.o
 .debug_macro   0x00000000       0x22 /tmp/cchiW0qF.o
 .debug_macro   0x00000000       0xee /tmp/cchiW0qF.o
 .group         0x00000000        0xc /tmp/cct25zJZ.o
 .group         0x00000000        0xc /tmp/cct25zJZ.o
 .group         0x00000000        0xc /tmp/cct25zJZ.o
 .group         0x00000000        0xc /tmp/cct25zJZ.o
 .group         0x00000000        0xc /tmp/cct25zJZ.o
 .group         0x00000000        0xc /tmp/cct25zJZ.o
 .group         0x00000000        0xc /tmp/cct25zJZ.o
 .group         0x00000000        0xc /tmp/cct25zJZ.o
 .group         0x00000000        0xc /tmp/cct25zJZ.o
 .group         0x00000000        0xc /tmp/cct25zJZ.o
 .group         0x00000000        0xc /tmp/cct25zJZ.o
 .group         0x00000000        0xc /tmp/cct25zJZ.o
 .group         0x00000000        0xc /tmp/cct25zJZ.o
 .group         0x00000000        0xc /tmp/cct25zJZ.o
 .group         0x00000000        0xc /tmp/cct25zJZ.o
 .group         0x00000000        0xc /tmp/cct25zJZ.o
 .group         0x00000000        0xc /tmp/cct25zJZ.o
 .group         0x00000000        0xc /tmp/cct25zJZ.o
 .group         0x00000000        0xc /tmp/cct25zJZ.o
 .group         0x00000000        0xc /tmp/cct25zJZ.o
 .group         0x00000000        0xc /tmp/cct25zJZ.o
 .group         0x00000000        0xc /tmp/cct25zJZ.o
 .group         0x00000000        0xc /tmp/cct25zJZ.o
 .group         0x00000000        0xc /tmp/cct25zJZ.o
 .group         0x00000000        0xc /tmp/cct25zJZ.o
 .group         0x00000000        0xc /tmp/cct25zJZ.o
 .group         0x00000000        0xc /tmp/cct25zJZ.o
 .group         0x00000000        0xc /tmp/cct25zJZ.o
 .group         0x00000000        0xc /tmp/cct25zJZ.o
 .text          0x00000000        0x0 /tmp/cct25zJZ.o
 .data          0x00000000        0x0 /tmp/cct25zJZ.o
 .bss           0x00000000        0x0 /tmp/cct25zJZ.o
 .bss.counter   0x00000000        0x4 /tmp/cct25zJZ.o
 .debug_macro   0x00000000      0xa9c /tmp/cct25zJZ.o
 .debug_macro   0x00000000       0x22 /tmp/cct25zJZ.o
 .debug_macro   0x00000000       0x54 /tmp/cct25zJZ.o
 .debug_macro   0x00000000       0x24 /tmp/cct25zJZ.o
 .debug_macro   0x00000000       0x94 /tmp/cct25zJZ.o
 .debug_macro   0x00000000       0x43 /tmp/cct25zJZ.o
 .debug_macro   0x00000000      0x103 /tmp/cct25zJZ.o
 .debug_macro   0x00000000       0x3a /tmp/cct25zJZ.o
 .debug_macro   0x00000000      0x34e /tmp/cct25zJZ.o
 .debug_macro   0x00000000       0x89 /tmp/cct25zJZ.o
 .debug_macro   0x00000000      0x379 /tmp/cct25zJZ.o
 .debug_macro   0x00000000       0x22 /tmp/cct25zJZ.o
 .debug_macro   0x00000000       0x16 /tmp/cct25zJZ.o
 .debug_macro   0x00000000       0xa5 /tmp/cct25zJZ.o
 .debug_macro   0x00000000       0x9b /tmp/cct25zJZ.o
 .debug_macro   0x00000000       0x57 /tmp/cct25zJZ.o
 .debug_macro   0x00000000      0x370 /tmp/cct25zJZ.o
 .debug_macro   0x00000000       0x16 /tmp/cct25zJZ.o
 .debug_macro   0x00000000       0x4a /tmp/cct25zJZ.o
 .debug_macro   0x00000000       0x34 /tmp/cct25zJZ.o
 .debug_macro   0x00000000       0x10 /tmp/cct25zJZ.o
 .debug_macro   0x00000000       0x52 /tmp/cct25zJZ.o
 .debug_macro   0x00000000       0x8e /tmp/cct25zJZ.o
 .debug_macro   0x00000000       0x1c /tmp/cct25zJZ.o
 .debug_macro   0x00000000      0x177 /tmp/cct25zJZ.o
 .debug_macro   0x00000000       0x16 /tmp/cct25zJZ.o
 .debug_macro   0x00000000       0x29 /tmp/cct25zJZ.o
 .debug_macro   0x00000000       0xee /tmp/cct25zJZ.o
 .debug_macro   0x00000000       0x58 /tmp/cct25zJZ.o
 .group         0x00000000        0xc /tmp/cc52s0WD.o
 .group         0x00000000        0xc /tmp/cc52s0WD.o
 .group         0x00000000        0xc /tmp/cc52s0WD.o
 .group         0x00000000        0xc /tmp/cc52s0WD.o
 .group         0x00000000        0xc /tmp/cc52s0WD.o
 .group         0x00000000        0xc /tmp/cc52s0WD.o
 .group         0x00000000        0xc /tmp/cc52s0WD.o
 .group         0x00000000        0xc /tmp/cc52s0WD.o
 .group         0x00000000        0xc /tmp/cc52s0WD.o
 .group         0x00000000        0xc /tmp/cc52s0WD.o
 .group         0x00000000        0xc /tmp/cc52s0WD.o
 .group         0x00000000        0xc /tmp/cc52s0WD.o
 .group         0x00000000        0xc /tmp/cc52s0WD.o
 .group         0x00000000        0xc /tmp/cc52s0WD.o
 .group         0x00000000        0xc /tmp/cc52s0WD.o
 .group         0x00000000        0xc /tmp/cc52s0WD.o
 .group         0x00000000        0xc /tmp/cc52s0WD.o
 .group         0x00000000        0xc /tmp/cc52s0WD.o
 .group         0x00000000        0xc /tmp/cc52s0WD.o
 .group         0x00000000        0xc /tmp/cc52s0WD.o
 .group         0x00000000        0xc /tmp/cc52s0WD.o
 .group         0x00000000        0xc /tmp/cc52s0WD.o
 .group         0x00000000        0xc /tmp/cc52s0WD.o
 .group         0x00000000        0xc /tmp/cc52s0WD.o
 .group         0x00000000        0xc /tmp/cc52s0WD.o
 .group         0x00000000        0xc /tmp/cc52s0WD.o
 .group         0x00000000        0xc /tmp/cc52s0WD.o
 .group         0x00000000        0xc /tmp/cc52s0WD.o
 .text          0x00000000        0x0 /tmp/cc52s0WD.o
 .data          0x00000000        0x0 /tmp/cc52s0WD.o
 .bss           0x00000000        0x0 /tmp/cc52s0WD.o
 .debug_macro   0x00000000      0xa9c /tmp/cc52s0WD.o
 .debug_macro   0x00000000       0x24 /tmp/cc52s0WD.o
 .debug_macro   0x00000000       0x22 /tmp/cc52s0WD.o
 .debug_macro   0x00000000       0x54 /tmp/cc52s0WD.o
 .debug_macro   0x00000000       0x94 /tmp/cc52s0WD.o
 .debug_macro   0x00000000       0x43 /tmp/cc52s0WD.o
 .debug_macro   0x00000000       0x34 /tmp/cc52s0WD.o
 .debug_macro   0x00000000       0x16 /tmp/cc52s0WD.o
 .debug_macro   0x00000000      0x11c /tmp/cc52s0WD.o
 .debug_macro   0x00000000       0x9b /tmp/cc52s0WD.o
 .debug_macro   0x00000000       0x57 /tmp/cc52s0WD.o
 .debug_macro   0x00000000      0x370 /tmp/cc52s0WD.o
 .debug_macro   0x00000000       0x16 /tmp/cc52s0WD.o
 .debug_macro   0x00000000       0x4a /tmp/cc52s0WD.o
 .debug_macro   0x00000000       0x34 /tmp/cc52s0WD.o
 .debug_macro   0x00000000       0x10 /tmp/cc52s0WD.o
 .debug_macro   0x00000000       0x52 /tmp/cc52s0WD.o
 .debug_macro   0x00000000       0x8e /tmp/cc52s0WD.o
 .debug_macro   0x00000000       0x1c /tmp/cc52s0WD.o
 .debug_macro   0x00000000      0x177 /tmp/cc52s0WD.o
 .debug_macro   0x00000000       0x16 /tmp/cc52s0WD.o
 .debug_macro   0x00000000       0x29 /tmp/cc52s0WD.o
 .debug_macro   0x00000000      0x103 /tmp/cc52s0WD.o
 .debug_macro   0x00000000      0x34e /tmp/cc52s0WD.o
 .debug_macro   0x00000000       0x3c /tmp/cc52s0WD.o
 .debug_macro   0x00000000      0x379 /tmp/cc52s0WD.o
 .debug_macro   0x00000000       0x22 /tmp/cc52s0WD.o
 .debug_macro   0x00000000       0xee /tmp/cc52s0WD.o
 .data          0x00000000        0x0 /usr/lib/gcc/arm-none-eabi/13.2.1/../../../arm-none-eabi/lib/thumb/v6-m/nofp/libc_nano.a(libc_a-memcpy-stub.o)
 .bss           0x00000000        0x0 /usr/lib/gcc/arm-none-eabi/13.2.1/../../../arm-none-eabi/lib/thumb/v6-m/nofp/libc_nano.a(libc_a-memcpy-stub.o)
 .data          0x00000000        0x0 /usr/lib/gcc/arm-none-eabi/13.2.1/thumb/v6-m/nofp/libgcc.a(_muldi3.o)
 .bss           0x00000000        0x0 /usr/lib/gcc/arm-none-eabi/13.2.1/thumb/v6-m/nofp/libgcc.a(_muldi3.o)

Memory Configuration

Name             Origin             Length             Attributes
flash            0x08000000         0x00080000         xr
sram             0x20000000         0x00024000         xrw
*default*        0x00000000         0xffffffff

Linker script and memory map

LOAD /tmp/ccaQNO4P.o
LOAD /tmp/ccssKwYI.o
LOAD /tmp/cchiW0qF.o
LOAD /tmp/cct25zJZ.o
LOAD /tmp/cc52s0WD.o
LOAD /usr/lib/gcc/arm-none-eabi/13.2.1/../../../arm-none-eabi/lib/thumb/v6-m/nofp/libc_nano.a
LOAD /usr/lib/gcc/arm-none-eabi/13.2.1/thumb/v6-m/nofp/libgcc.a
                0x20024000                        _estack = (ORIGIN (sram) + LENGTH (sram))

.vectors        0x08000000       0xc0
 *(.vectors)
 .vectors       0x08000000       0xc0 /tmp/ccssKwYI.o
                0x08000000                tab

.text           0x080000c0     0x17b4
 *(.text*)
 .text.init_clock
                0x080000c0       0x38 /tmp/ccaQNO4P.o
 .text.systick_init
                0x080000f8       0x4c /tmp/ccaQNO4P.o
 .text.PA2_out_init
                0x08000144       0x4c /tmp/ccaQNO4P.o
 .text.PB4_out_init
                0x08000190       0x88 /tmp/ccaQNO4P.o
 .text.INA228_Read_Values
                0x08000218      0x404 /tmp/ccaQNO4P.o
                0x08000218                INA228_Read_Values
 .text.main     0x0800061c       0xbc /tmp/ccaQNO4P.o
                0x0800061c                main
 .text.SysTick_IRQHandler
                0x080006d8       0x28 /tmp/ccaQNO4P.o
                0x080006d8                SysTick_IRQHandler
 .text.TIM16_FDCAN_IT0_IRQHandler
                0x08000700      0x198 /tmp/ccaQNO4P.o
                0x08000700                TIM16_FDCAN_IT0_IRQHandler
 .text._reset   0x08000898       0x44 /tmp/ccssKwYI.o
                0x08000898                _reset
 .text.TIM17_FDCAN_IT1_IRQHandler
                0x080008dc        0x8 /tmp/ccssKwYI.o
                0x080008dc                TIM17_FDCAN_IT1_IRQHandler
 .text.USART1_IRQHandler
                0x080008e4        0x8 /tmp/ccssKwYI.o
                0x080008e4                USART1_IRQHandler
 .text.USART2_IRQHandler
                0x080008ec        0x8 /tmp/ccssKwYI.o
                0x080008ec                USART2_IRQHandler
 .text.I2C1_Init
                0x080008f4      0x12c /tmp/cchiW0qF.o
                0x080008f4                I2C1_Init
 .text.I2C1_Write
                0x08000a20      0x17c /tmp/cchiW0qF.o
                0x08000a20                I2C1_Write
 .text.I2C1_ReadReg
                0x08000b9c      0x1b4 /tmp/cchiW0qF.o
                0x08000b9c                I2C1_ReadReg
 .text.INA228_Init
                0x08000d50       0x80 /tmp/cct25zJZ.o
                0x08000d50                INA228_Init
 .text.INA228_ReadRegister
                0x08000dd0       0x3c /tmp/cct25zJZ.o
                0x08000dd0                INA228_ReadRegister
 .text.INA228_WriteRegister
                0x08000e0c       0x4c /tmp/cct25zJZ.o
                0x08000e0c                INA228_WriteRegister
 .text.INA228_SetShuntTempco
                0x08000e58       0x2a /tmp/cct25zJZ.o
                0x08000e58                INA228_SetShuntTempco
 .text.INA228_ReadVBUS
                0x08000e82       0xa6 /tmp/cct25zJZ.o
                0x08000e82                INA228_ReadVBUS
 .text.INA228_ReadCurr
                0x08000f28       0x84 /tmp/cct25zJZ.o
                0x08000f28                INA228_ReadCurr
 .text.INA228_ReadShuntV
                0x08000fac       0x94 /tmp/cct25zJZ.o
                0x08000fac                INA228_ReadShuntV
 .text.INA228_ReadPower
                0x08001040       0x50 /tmp/cct25zJZ.o
                0x08001040                INA228_ReadPower
 .text.INA228_ReadEnergy
                0x08001090      0x12a /tmp/cct25zJZ.o
                0x08001090                INA228_ReadEnergy
 .text.INA228_ReadTemp
                0x080011ba       0x70 /tmp/cct25zJZ.o
                0x080011ba                INA228_ReadTemp
 .text.INA228_ReadManufacturerID
                0x0800122a       0x56 /tmp/cct25zJZ.o
                0x0800122a                INA228_ReadManufacturerID
 .text.INA228_ReadDieID
                0x08001280       0x56 /tmp/cct25zJZ.o
                0x08001280                INA228_ReadDieID
 .text.INA228_ReadCharge
                0x080012d6      0x12a /tmp/cct25zJZ.o
                0x080012d6                INA228_ReadCharge
 .text.Can_Init
                0x08001400      0x224 /tmp/cc52s0WD.o
                0x08001400                Can_Init
 .text.Init_FDCAN_INA228_Message
                0x08001624       0xa0 /tmp/cc52s0WD.o
                0x08001624                Init_FDCAN_INA228_Message
 .text.FDCAN2_Send_Std_CAN_Message
                0x080016c4       0xc8 /tmp/cc52s0WD.o
                0x080016c4                FDCAN2_Send_Std_CAN_Message
 .text          0x0800178c       0x8c /usr/lib/gcc/arm-none-eabi/13.2.1/../../../arm-none-eabi/lib/thumb/v6-m/nofp/libc_nano.a(libc_a-memcpy-stub.o)
                0x0800178c                memcpy
 .text          0x08001818       0x5c /usr/lib/gcc/arm-none-eabi/13.2.1/thumb/v6-m/nofp/libgcc.a(_muldi3.o)
                0x08001818                __aeabi_lmul
                0x08001818                __muldi3

.glue_7         0x08001874        0x0
 .glue_7        0x08001874        0x0 linker stubs

.glue_7t        0x08001874        0x0
 .glue_7t       0x08001874        0x0 linker stubs

.vfp11_veneer   0x08001874        0x0
 .vfp11_veneer  0x08001874        0x0 linker stubs

.v4_bx          0x08001874        0x0
 .v4_bx         0x08001874        0x0 linker stubs

.iplt           0x08001874        0x0
 .iplt          0x08001874        0x0 /tmp/ccaQNO4P.o

.rel.dyn        0x08001874        0x0
 .rel.iplt      0x08001874        0x0 /tmp/ccaQNO4P.o

.rodata
 *(.rodata*)

.data           0x20000000        0x4 load address 0x08001874
                0x20000000                        _sdata = .
 *(.first_data)
 *(.data SORT_BY_NAME(.data.*))
 .data.timeout  0x20000000        0x4 /tmp/cchiW0qF.o
                0x20000000                timeout
                0x20000004                        _edata = .
                0x08001874                        _sidata = LOADADDR (.data)

.igot.plt       0x20000004        0x0 load address 0x08001878
 .igot.plt      0x20000004        0x0 /tmp/ccaQNO4P.o

.bss            0x20000008      0x31a load address 0x08001878
                0x20000008                        _sbss = .
 *(.bss SORT_BY_NAME(.bss.*) COMMON)
 .bss.HostCommand
                0x20000008        0x8 /tmp/ccaQNO4P.o
                0x20000008                HostCommand
 .bss.HostStatus
                0x20000010        0x8 /tmp/ccaQNO4P.o
                0x20000010                HostStatus
 .bss.INA228_Charge_Coulombs
                0x20000018        0x8 /tmp/ccaQNO4P.o
                0x20000018                INA228_Charge_Coulombs
 .bss.INA228_Current_mA
                0x20000020        0x4 /tmp/ccaQNO4P.o
                0x20000020                INA228_Current_mA
 .bss.INA228_DieID
                0x20000024        0x2 /tmp/ccaQNO4P.o
                0x20000024                INA228_DieID
 *fill*         0x20000026        0x2 
 .bss.INA228_Energy_Joule
                0x20000028        0x8 /tmp/ccaQNO4P.o
                0x20000028                INA228_Energy_Joule
 .bss.INA228_ManufacturerID
                0x20000030        0x2 /tmp/ccaQNO4P.o
                0x20000030                INA228_ManufacturerID
 *fill*         0x20000032        0x2 
 .bss.INA228_Power_mW
                0x20000034        0x4 /tmp/ccaQNO4P.o
                0x20000034                INA228_Power_mW
 .bss.INA228_ShuntVltg
                0x20000038        0x4 /tmp/ccaQNO4P.o
                0x20000038                INA228_ShuntVltg
 .bss.INA228_Temp
                0x2000003c        0x2 /tmp/ccaQNO4P.o
                0x2000003c                INA228_Temp
 .bss.INA228_vbus
                0x2000003e        0x2 /tmp/ccaQNO4P.o
                0x2000003e                INA228_vbus
 .bss.TxFrames  0x20000040      0x288 /tmp/ccaQNO4P.o
                0x20000040                TxFrames
 .bss.counter_loop
                0x200002c8        0x4 /tmp/cc52s0WD.o
                0x200002c8                counter_loop
 .bss.msg_counter
                0x200002cc        0x1 /tmp/ccaQNO4P.o
                0x200002cc                msg_counter
 *fill*         0x200002cd        0x3 
 .bss.one_sec_tick
                0x200002d0        0x4 /tmp/ccaQNO4P.o
                0x200002d0                one_sec_tick
 .bss.rx_flag   0x200002d4        0x1 /tmp/ccaQNO4P.o
                0x200002d4                rx_flag
 *fill*         0x200002d5        0x3 
 .bss.rx_temp   0x200002d8       0x48 /tmp/ccaQNO4P.o
                0x200002d8                rx_temp
 .bss.x         0x20000320        0x1 /tmp/ccaQNO4P.o
                0x20000320                x
 .bss.y         0x20000321        0x1 /tmp/ccaQNO4P.o
                0x20000321                y
                0x20000322                        _ebss = .
                0x20000328                        . = ALIGN (0x8)
                0x20000328                        _end = .
OUTPUT(firmware.elf elf32-littlearm)
LOAD linker stubs

.debug_info     0x00000000     0x2188
 .debug_info    0x00000000      0xa4b /tmp/ccaQNO4P.o
 .debug_info    0x00000a4b      0x194 /tmp/ccssKwYI.o
 .debug_info    0x00000bdf      0x415 /tmp/cchiW0qF.o
 .debug_info    0x00000ff4      0x531 /tmp/cct25zJZ.o
 .debug_info    0x00001525      0x6f1 /tmp/cc52s0WD.o
 .debug_info    0x00001c16      0x152 /usr/lib/gcc/arm-none-eabi/13.2.1/../../../arm-none-eabi/lib/thumb/v6-m/nofp/libc_nano.a(libc_a-memcpy-stub.o)
 .debug_info    0x00001d68      0x420 /usr/lib/gcc/arm-none-eabi/13.2.1/thumb/v6-m/nofp/libgcc.a(_muldi3.o)

.debug_abbrev   0x00000000      0x908
 .debug_abbrev  0x00000000      0x20a /tmp/ccaQNO4P.o
 .debug_abbrev  0x0000020a      0x105 /tmp/ccssKwYI.o
 .debug_abbrev  0x0000030f      0x139 /tmp/cchiW0qF.o
 .debug_abbrev  0x00000448      0x117 /tmp/cct25zJZ.o
 .debug_abbrev  0x0000055f      0x18d /tmp/cc52s0WD.o
 .debug_abbrev  0x000006ec       0xca /usr/lib/gcc/arm-none-eabi/13.2.1/../../../arm-none-eabi/lib/thumb/v6-m/nofp/libc_nano.a(libc_a-memcpy-stub.o)
 .debug_abbrev  0x000007b6      0x152 /usr/lib/gcc/arm-none-eabi/13.2.1/thumb/v6-m/nofp/libgcc.a(_muldi3.o)

.debug_aranges  0x00000000      0x1c0
 .debug_aranges
                0x00000000       0x58 /tmp/ccaQNO4P.o
 .debug_aranges
                0x00000058       0x48 /tmp/ccssKwYI.o
 .debug_aranges
                0x000000a0       0x30 /tmp/cchiW0qF.o
 .debug_aranges
                0x000000d0       0x80 /tmp/cct25zJZ.o
 .debug_aranges
                0x00000150       0x30 /tmp/cc52s0WD.o
 .debug_aranges
                0x00000180       0x20 /usr/lib/gcc/arm-none-eabi/13.2.1/../../../arm-none-eabi/lib/thumb/v6-m/nofp/libc_nano.a(libc_a-memcpy-stub.o)
 .debug_aranges
                0x000001a0       0x20 /usr/lib/gcc/arm-none-eabi/13.2.1/thumb/v6-m/nofp/libgcc.a(_muldi3.o)

.debug_rnglists
                0x00000000      0x139
 .debug_rnglists
                0x00000000       0x41 /tmp/ccaQNO4P.o
 .debug_rnglists
                0x00000041       0x31 /tmp/ccssKwYI.o
 .debug_rnglists
                0x00000072       0x22 /tmp/cchiW0qF.o
 .debug_rnglists
                0x00000094       0x61 /tmp/cct25zJZ.o
 .debug_rnglists
                0x000000f5       0x22 /tmp/cc52s0WD.o
 .debug_rnglists
                0x00000117       0x22 /usr/lib/gcc/arm-none-eabi/13.2.1/thumb/v6-m/nofp/libgcc.a(_muldi3.o)

.debug_macro    0x00000000     0x29de
 .debug_macro   0x00000000      0x1a7 /tmp/ccaQNO4P.o
 .debug_macro   0x000001a7      0xa9c /tmp/ccaQNO4P.o
 .debug_macro   0x00000c43       0x22 /tmp/ccaQNO4P.o
 .debug_macro   0x00000c65       0x54 /tmp/ccaQNO4P.o
 .debug_macro   0x00000cb9       0x24 /tmp/ccaQNO4P.o
 .debug_macro   0x00000cdd       0x94 /tmp/ccaQNO4P.o
 .debug_macro   0x00000d71       0x43 /tmp/ccaQNO4P.o
 .debug_macro   0x00000db4      0x103 /tmp/ccaQNO4P.o
 .debug_macro   0x00000eb7       0x3a /tmp/ccaQNO4P.o
 .debug_macro   0x00000ef1      0x34e /tmp/ccaQNO4P.o
 .debug_macro   0x0000123f       0x89 /tmp/ccaQNO4P.o
 .debug_macro   0x000012c8      0x379 /tmp/ccaQNO4P.o
 .debug_macro   0x00001641       0x22 /tmp/ccaQNO4P.o
 .debug_macro   0x00001663       0x16 /tmp/ccaQNO4P.o
 .debug_macro   0x00001679       0xa5 /tmp/ccaQNO4P.o
 .debug_macro   0x0000171e       0x9b /tmp/ccaQNO4P.o
 .debug_macro   0x000017b9       0x57 /tmp/ccaQNO4P.o
 .debug_macro   0x00001810      0x370 /tmp/ccaQNO4P.o
 .debug_macro   0x00001b80       0x16 /tmp/ccaQNO4P.o
 .debug_macro   0x00001b96       0x4a /tmp/ccaQNO4P.o
 .debug_macro   0x00001be0       0x34 /tmp/ccaQNO4P.o
 .debug_macro   0x00001c14       0x10 /tmp/ccaQNO4P.o
 .debug_macro   0x00001c24       0x52 /tmp/ccaQNO4P.o
 .debug_macro   0x00001c76       0x8e /tmp/ccaQNO4P.o
 .debug_macro   0x00001d04       0x1c /tmp/ccaQNO4P.o
 .debug_macro   0x00001d20      0x177 /tmp/ccaQNO4P.o
 .debug_macro   0x00001e97       0x16 /tmp/ccaQNO4P.o
 .debug_macro   0x00001ead       0x29 /tmp/ccaQNO4P.o
 .debug_macro   0x00001ed6       0x16 /tmp/ccaQNO4P.o
 .debug_macro   0x00001eec       0x3c /tmp/ccaQNO4P.o
 .debug_macro   0x00001f28       0xee /tmp/ccaQNO4P.o
 .debug_macro   0x00002016       0x5e /tmp/ccaQNO4P.o
 .debug_macro   0x00002074       0x1a /tmp/ccssKwYI.o
 .debug_macro   0x0000208e      0x164 /tmp/cchiW0qF.o
 .debug_macro   0x000021f2       0x34 /tmp/cchiW0qF.o
 .debug_macro   0x00002226      0x11c /tmp/cchiW0qF.o
 .debug_macro   0x00002342      0x379 /tmp/cchiW0qF.o
 .debug_macro   0x000026bb       0x58 /tmp/cchiW0qF.o
 .debug_macro   0x00002713      0x168 /tmp/cct25zJZ.o
 .debug_macro   0x0000287b      0x163 /tmp/cc52s0WD.o

.debug_line     0x00000000     0x19a9
 .debug_line    0x00000000      0x68f /tmp/ccaQNO4P.o
 .debug_line    0x0000068f      0x126 /tmp/ccssKwYI.o
 .debug_line    0x000007b5      0x50c /tmp/cchiW0qF.o
 .debug_line    0x00000cc1      0x5f9 /tmp/cct25zJZ.o
 .debug_line    0x000012ba      0x3e9 /tmp/cc52s0WD.o
 .debug_line    0x000016a3      0x1e7 /usr/lib/gcc/arm-none-eabi/13.2.1/../../../arm-none-eabi/lib/thumb/v6-m/nofp/libc_nano.a(libc_a-memcpy-stub.o)
 .debug_line    0x0000188a      0x11f /usr/lib/gcc/arm-none-eabi/13.2.1/thumb/v6-m/nofp/libgcc.a(_muldi3.o)

.debug_str      0x00000000     0x959c
 .debug_str     0x00000000     0x959c /tmp/ccaQNO4P.o
                               0x8dce (size before relaxing)
 .debug_str     0x0000959c     0x3866 /tmp/ccssKwYI.o
 .debug_str     0x0000959c     0x8a09 /tmp/cchiW0qF.o
 .debug_str     0x0000959c     0x8b2e /tmp/cct25zJZ.o
 .debug_str     0x0000959c     0x89cb /tmp/cc52s0WD.o
 .debug_str     0x0000959c      0x1c3 /usr/lib/gcc/arm-none-eabi/13.2.1/../../../arm-none-eabi/lib/thumb/v6-m/nofp/libc_nano.a(libc_a-memcpy-stub.o)
 .debug_str     0x0000959c      0x66a /usr/lib/gcc/arm-none-eabi/13.2.1/thumb/v6-m/nofp/libgcc.a(_muldi3.o)

.comment        0x00000000       0x26
 .comment       0x00000000       0x26 /tmp/ccaQNO4P.o
                                 0x27 (size before relaxing)
 .comment       0x00000026       0x27 /tmp/ccssKwYI.o
 .comment       0x00000026       0x27 /tmp/cchiW0qF.o
 .comment       0x00000026       0x27 /tmp/cct25zJZ.o
 .comment       0x00000026       0x27 /tmp/cc52s0WD.o
 .comment       0x00000026       0x27 /usr/lib/gcc/arm-none-eabi/13.2.1/../../../arm-none-eabi/lib/thumb/v6-m/nofp/libc_nano.a(libc_a-memcpy-stub.o)
 .comment       0x00000026       0x27 /usr/lib/gcc/arm-none-eabi/13.2.1/thumb/v6-m/nofp/libgcc.a(_muldi3.o)

.ARM.attributes
                0x00000000       0x2c
 .ARM.attributes
                0x00000000       0x2c /tmp/ccaQNO4P.o
 .ARM.attributes
                0x0000002c       0x2c /tmp/ccssKwYI.o
 .ARM.attributes
                0x00000058       0x2c /tmp/cchiW0qF.o
 .ARM.attributes
                0x00000084       0x2c /tmp/cct25zJZ.o
 .ARM.attributes
                0x000000b0       0x2c /tmp/cc52s0WD.o
 .ARM.attributes
                0x000000dc       0x2c /usr/lib/gcc/arm-none-eabi/13.2.1/../../../arm-none-eabi/lib/thumb/v6-m/nofp/libc_nano.a(libc_a-memcpy-stub.o)
 .ARM.attributes
                0x00000108       0x2c /usr/lib/gcc/arm-none-eabi/13.2.1/thumb/v6-m/nofp/libgcc.a(_muldi3.o)

.debug_frame    0x00000000      0x4b0
 .debug_frame   0x00000000      0x104 /tmp/ccaQNO4P.o
 .debug_frame   0x00000104       0xac /tmp/ccssKwYI.o
 .debug_frame   0x000001b0       0x6c /tmp/cchiW0qF.o
 .debug_frame   0x0000021c      0x1c0 /tmp/cct25zJZ.o
 .debug_frame   0x000003dc       0x70 /tmp/cc52s0WD.o
 .debug_frame   0x0000044c       0x30 /usr/lib/gcc/arm-none-eabi/13.2.1/../../../arm-none-eabi/lib/thumb/v6-m/nofp/libc_nano.a(libc_a-memcpy-stub.o)
 .debug_frame   0x0000047c       0x34 /usr/lib/gcc/arm-none-eabi/13.2.1/thumb/v6-m/nofp/libgcc.a(_muldi3.o)

.debug_loclists
                0x00000000      0x403
 .debug_loclists
                0x00000000      0x2c7 /usr/lib/gcc/arm-none-eabi/13.2.1/../../../arm-none-eabi/lib/thumb/v6-m/nofp/libc_nano.a(libc_a-memcpy-stub.o)
 .debug_loclists
                0x000002c7      0x13c /usr/lib/gcc/arm-none-eabi/13.2.1/thumb/v6-m/nofp/libgcc.a(_muldi3.o)
